Key:        LU-18225
Summary:    LDISKFS-fs: initial error at time 1724092382: ldiskfs_generic_delete_entry
Link:       https://jira.whamcloud.com/browse/LU-18225
Type:       Bug
Priority:   Minor
Status:     Reopened
Resolution: Unresolved
Assignee:   Dongyang Li
Reporter:   Sarah Liu
Created:    Mon, 16 Sep 2024 17:21:51 +0000
Updated:    Thu, 12 Jun 2025 10:07:36 +0000
Labels:     HWC
Links:      Related: is related to  LU-17711; Related: is related to LU-18487
Attachments: debugfs-Rbd, debugfs-bd, debugfs-c-R-1014, debugfs-stat, e2fsck-fn-1015, e2fsck-output, messages-20240923.gz, sdao-dump

--- Description ---
loading build from https://build.whamcloud.com/job/lustre-reviews/107525/ on both server and clients of WR-SOAK,  with no HA enabled, soak hit following issue

[63239.265986] Lustre: Lustre: Build Version: 2.15.90_24_ge863f95f

both VMs from the 2nd controller rebooted, see following errors in console log

vcontroller vm0

[63664.348413] Lustre: sfa18k03-OST0025: new connection from sfa18k03-MDT0003-mdtlov (cleaning up unused objects from 0x340000401:20963886 to 0x340000401:20968833)
[63664.813575] Lustre: sfa18k03-OST0026: new connection from sfa18k03-MDT0003-mdtlov (cleaning up unused objects from 0xc40000400:20942873 to 0xc40000400:20948833)
[63664.817519] Lustre: sfa18k03-OST0024: new connection from sfa18k03-MDT0003-mdtlov (cleaning up unused objects from 0x5c0000400:20671906 to 0x5c0000400:20675073)
[63670.858601] Lustre: sfa18k03-OST0024: new connection from sfa18k03-MDT0001-mdtlov (cleaning up unused objects from 0x5c0000401:19996851 to 0x5c0000401:19999185)
[63670.878393] Lustre: sfa18k03-OST001c: new connection from sfa18k03-MDT0001-mdtlov (cleaning up unused objects from 0x780000400:19109574 to 0x780000400:19111665)
[63705.015859] Lustre: sfa18k03-OST0029-osc-MDT0001: Connection restored to 172.25.80.53@tcp (at 172.25.80.53@tcp)
[63705.019483] Lustre: Skipped 14 previous similar messages
[63711.321154] LustreError: sfa18k03-OST0031-osc-MDT0001: operation ost_connect to node 172.25.80.53@tcp failed: rc = -19
[63711.323272] LustreError: Skipped 10 previous similar messages
[63936.604947] LDISKFS-fs (sdao): error count since last fsck: 38
[63936.604946] LDISKFS-fs (sdap): error count since last fsck: 2
[63936.604966] LDISKFS-fs (sdap): initial error at time 1723874458: ldiskfs_find_dest_de:2297
[63936.609560] LDISKFS-fs (sdao): initial error at time 1723660739: ldiskfs_find_dest_de:2297
[63936.610905] : inode 182190082
[63936.612597] : inode 73138214
[63936.614252] : block 5830242584
[63936.615147] : block 60217102
[63936.615989] 
[63936.616849] 
[63936.617671] LDISKFS-fs (sdap): last error at time 1723874458: ldiskfs_evict_inode:257
[63936.618286] LDISKFS-fs (sdao): last error at time 1723878231: ldiskfs_evict_inode:257
[63936.618893] 
[63936.620394] 
[75516.204047] LustreError: sfa18k03-OST002c: not available for connect from 172.25.80.50@tcp (no target). If you are running an HA pair check that the target is mounted on the other server.
[75516.206751] LustreError: sfa18k03-OST002b-osc-MDT0001: operation ost_statfs to node 172.25.80.53@tcp failed: rc = -107
[75516.206773] Lustre: sfa18k03-MDT0003-osp-MDT0001: Connection to sfa18k03-MDT0003 (at 172.25.80.53@tcp) was lost; in progress operations using this service will wait for recovery to complete
[75516.206775] Lustre: Skipped 1 previous similar message
[75516.209189] LustreError: Skipped 238 previous similar messages
[75516.211099] LustreError: Skipped 10 previous similar messages
[ESC[0;32m  OK  ESC[0m] Stopped target resource-agents dependencies.
         Stopping Restore /run/initramfs on shutdown...
         Stopping LVM event activation on device 8:0...
         Stopping LVM event activation on device 8:48...
         Stopping LVM event activation on device 252:3...
[ESC[0;32m  OK  ESC[0m] Stopped target rpc_pipefs.target.
         Unmounting RPC Pipe File System...
         Stopping LVM event activation on device 8:32...
         Stopping LVM event activation on device 252:2...
         Stopping LVM event activation on device 8:64...
         Stopping Hostname Service...
[ESC[0;32m  OK  ESC[0m] Stopped t[ESC[0;32m  OK  ESC[0m] Stopped irqbalance daemon.
[ESC[0;32m  OK  ESC[0m] Stopped Self Monitoring and Reporting Technology (SMART) Daemon.
[ESC[0;32m  OK  ESC[0m] Stopped Prometheus exporter for Lustre filesystem.
[ESC[0;32m  OK  ESC[0m] Stopped Hostname Service.

--- Comment (gerrit, Mon, 6 Jan 2025 21:22:33 +0000) ---
"Andreas Dilger " uploaded a new patch: https://review.whamcloud.com/c/fs/lustre-release/+/57661

Subject: LU-18225 build: remove virtio patch from el9.3

Project: fs/lustre-release

Branch: master

Current Patch Set: 1

Commit: a234d1f243dd1b9561bfb3b6358154a8bff3043a

--- Comment (gerrit, Mon, 6 Jan 2025 17:19:42 +0000) ---
"Andreas Dilger " uploaded a new patch: https://review.whamcloud.com/c/fs/lustre-release/+/57657

Subject: LU-18225 build: remove virtio patch from el9.3

Project: fs/lustre-release

Branch: master

Current Patch Set: 1

Commit: 71d13b4292ecceb68728c11f1fe89b86f506f7a7

--- Comment (gerrit, Thu, 2 Jan 2025 20:49:17 +0000) ---
"Oleg Drokin " merged in patch https://review.whamcloud.com/c/fs/lustre-release/+/56644/

Subject: LU-18225 kernel: silent page allocation failure in virtio_scsi

Project: fs/lustre-release

Branch: master

Current Patch Set: 

Commit: 80a9e94df1865287dc67676528d3141a020288be

--- Comment (sarah, Wed, 16 Oct 2024 16:26:46 +0000) ---
sure, I will load the patch and update the ticket if it happens again

--- Comment (dongyang, Wed, 16 Oct 2024 03:51:03 +0000) ---
Looks like the block content has already been changed since Sep 24, the new name len is now 6:

4120  1ef4 7401 1000 0601 6631 6239 6630 0000  ..t.....f1b9f0..

I guess after the e2fsck the corrupted data is all gone.

I just made a debug patch, which should give us more info when the error is triggered again. could you give that a try? Thanks

--- Comment (gerrit, Wed, 16 Oct 2024 03:28:01 +0000) ---
"Li Dongyang " uploaded a new patch: https://review.whamcloud.com/c/fs/lustre-release/+/56706

Subject: LU-18225 ldiskfs: add ext4-de-debug.patch

Project: fs/lustre-release

Branch: master

Current Patch Set: 1

Commit: 738d9c83967e75370ae333a1b43cac5d7536f74f

--- Comment (sarah, Tue, 15 Oct 2024 15:49:20 +0000) ---
I can collect the info. the server vm is 10.25.80.52

please check debugfs-Rbd and e2fsck-fn-1015

--- Comment (dongyang, Tue, 15 Oct 2024 00:03:15 +0000) ---
And this the same inode with the same block 2349208195, with the same offset 2128.

could we dump the block with

debugfs -R "bd 2349208195" /dev/sdao

and the output of read-only e2fsck, need to umount sdao first

e2fsck -fn -m [num of cpus] /dev/sdao

And if it's easier, could you point me to the server and I can login and collect/debug there?

--- Comment (sarah, Mon, 14 Oct 2024 17:28:16 +0000) ---
I have the same ldiskfs error on same node, same sdao and inode on Sep 24

[root@snp-18k-03-v3 log]# less messages|grep "LDISKFS-fs er"
Sep 24 13:30:57 snp-18k-03-v3 kernel: LDISKFS-fs error (device sdao): ldiskfs_find_dest_de:2295: inode #73400343: block 2349208195: comm ll_ost03_040: bad entry in directory: rec_len is too small for name_len - offset=2128, inode=24441886, rec_len=16, name_len=3, size=4096

upload the output of "debugfs -c -R 'stat ' /dev/sdao", I have not run e2fsck, please let me know any other information is needed.

--- Comment (gerrit, Thu, 10 Oct 2024 10:04:56 +0000) ---
"Li Dongyang " uploaded a new patch: https://review.whamcloud.com/c/fs/lustre-release/+/56644

Subject: LU-18225 kernel: silent page allocation failure in virtio_scsi

Project: fs/lustre-release

Branch: master

Current Patch Set: 1

Commit: 01cfbb23defae93dbdeef344ce6d9687410d8b4c

--- Comment (adilger, Thu, 10 Oct 2024 07:24:46 +0000) ---
If the allocation failure is handled transparently at a higher level, then using __GFP_NOWARN to quiet this failure is fine.  Possibly that should also go upstream, or is there already a patch fixing this code that could be backported?

It looks like the GFP flag is passed down from the caller through a few layers, so it is a bit tricky to know where is the right place to add __GFP_NOWARN.  Ideally, this would be done at the same layer that is doing the allocation fallback, since it knows that the allocation failure is not harmful.

--- Comment (dongyang, Wed, 9 Oct 2024 22:40:46 +0000) ---
Yes the allocation failure is a separate problem that needs looking into.

--- Comment (sarah, Wed, 9 Oct 2024 16:53:26 +0000) ---
hi dongyang, no, there was no ldiskfs error on vm1. After I ran e2fsck and restarted the test, there was no ldiskfs error on any server vm when it was timeout. sorry I didn't recall the output of e2fsck. 

I rebooted all the server vms since the fs was no response(ls hung). it ran overnight, testing seems ongoing but I found on all server vms, there are page allocation error, dmesg like

should I open new ticket for this?

[16247.823902] Lustre: 68562:0:(mdt_recovery.c:148:mdt_req_from_lrd()) @@@ restoring transno  req@000000001dd58399 x1811746499175296/t523986305680(0) o101->7ec4b321-fc8d-49b2-9fc1-4ae12b6cd4c0@172.25.80.33@tcp:657/0 lens 376/1784 e 0 to 0 dl 1728427442 ref 1 fl Interpret:H/202/0 rc 0/0 job:'' uid:0 gid:0
[22473.618001] Lustre: 127072:0:(mdt_recovery.c:148:mdt_req_from_lrd()) @@@ restoring transno  req@00000000abb6e3d3 x1811759166812672/t523989095606(0) o101->ce0abb5d-3cd7-43eb-bb94-be1985fd7ad4@172.25.80.22@tcp:63/0 lens 376/1864 e 0 to 0 dl 1728433643 ref 1 fl Interpret:H/202/0 rc 0/0 job:'' uid:0 gid:0
[22474.401775] Lustre: 129905:0:(mdt_recovery.c:148:mdt_req_from_lrd()) @@@ restoring transno  req@000000007252b13d x1811759170103296/t523989095619(0) o101->ce0abb5d-3cd7-43eb-bb94-be1985fd7ad4@172.25.80.22@tcp:64/0 lens 376/1864 e 0 to 0 dl 1728433644 ref 1 fl Interpret:H/202/0 rc 0/0 job:'' uid:0 gid:0
[22581.834967] ll_ost_io02_039: page allocation failure: order:3, mode:0x484020(GFP_ATOMIC|__GFP_COMP), nodemask=(null),cpuset=/,mems_allowed=0
[22581.838485] CPU: 8 PID: 127347 Comm: ll_ost_io02_039 Kdump: loaded Tainted: G           OE     -------- -  - 4.18.0-553.16.1.el8_lustre.x86_64 #1
[22581.841877] Hardware name: DDN SFA18KXE, BIOS rel-1.16.2-0-gea1b7a073390-prebuilt.qemu.org 04/01/2014
[22581.844339] Call Trace:
[22581.845495]  dump_stack+0x41/0x60
[22581.846780]  warn_alloc.cold.127+0x7b/0x108
[22581.848191]  __alloc_pages_slowpath+0xcb2/0xcd0
[22581.849511]  __alloc_pages_nodemask+0x2e2/0x330
[22581.850575]  kmalloc_order+0x28/0x90
[22581.851486]  kmalloc_order_trace+0x1d/0xb0
[22581.852635]  __kmalloc+0x25c/0x2d0
[22581.853670]  virtqueue_add+0x493/0xc70
[22581.854731]  ? finish_wait+0x80/0x80
[22581.855904]  virtqueue_add_sgs+0x80/0xa0
[22581.857186]  __virtscsi_add_cmd+0x148/0x270 [virtio_scsi]
[22581.858910]  ? scsi_alloc_sgtables+0x84/0x1c0
[22581.860249]  virtscsi_add_cmd+0x38/0xa0 [virtio_scsi]
[22581.861689]  virtscsi_queuecommand+0x186/0x2d0 [virtio_scsi]
[22581.863242]  scsi_queue_rq+0x512/0xb10
[22581.864494]  __blk_mq_try_issue_directly+0x163/0x200
[22581.866006]  blk_mq_request_issue_directly+0x4e/0xb0
[22581.867558]  blk_mq_try_issue_list_directly+0x62/0x100
[22581.869078]  blk_mq_sched_insert_requests+0xa4/0xf0
[22581.870562]  blk_mq_flush_plug_list+0x135/0x220
[22581.871979]  blk_flush_plug_list+0xd7/0x100
[22581.873287]  blk_finish_plug+0x25/0x36
[22581.874491]  osd_do_bio+0x7f1/0xc70 [osd_ldiskfs]
[22581.876012]  ? ldiskfs_map_blocks+0x607/0x610 [ldiskfs]
[22581.877596]  ? osd_ldiskfs_map_inode_pages+0x2c2/0xb20 [osd_ldiskfs]
[22581.879360]  osd_ldiskfs_map_inode_pages+0x2c2/0xb20 [osd_ldiskfs]
[22581.881043]  osd_write_commit+0x4c6/0x990 [osd_ldiskfs]
[22581.882571]  ofd_commitrw_write+0x9df/0x1b00 [ofd]
[22581.884021]  ofd_commitrw+0x5dc/0xd80 [ofd]
[22581.885272]  ? obd_commitrw+0x1b6/0x370 [ptlrpc]
[22581.887103]  obd_commitrw+0x1b6/0x370 [ptlrpc]
[22581.888655]  tgt_brw_write+0xf54/0x1f90 [ptlrpc]
[22581.890213]  ? _cond_resched+0x15/0x30
[22581.891400]  ? flush_work+0x42/0x1d0
[22581.892500]  ? internal_add_timer+0x42/0x70
[22581.893720]  ? _cond_resched+0x15/0x30
[22581.894884]  ? mutex_lock+0xe/0x30
[22581.895949]  tgt_request_handle+0x3f4/0x1a30 [ptlrpc]
[22581.897495]  ? ptlrpc_update_export_timer+0x3d/0x500 [ptlrpc]
[22581.899225]  ptlrpc_server_handle_request+0x2aa/0xcf0 [ptlrpc]
[22581.900939]  ? lprocfs_counter_add+0x10e/0x180 [obdclass]
[22581.902509]  ptlrpc_main+0xc9e/0x15c0 [ptlrpc]
[22581.903979]  ? ptlrpc_wait_event+0x5b0/0x5b0 [ptlrpc]
[22581.904744] ll_ost_io01_034: page allocation failure: order:3, mode:0x484020(GFP_ATOMIC|__GFP_COMP), nodemask=(null),cpuset=/,mems_allowed=0
[22581.905528]  kthread+0x134/0x150
[22581.907356] ll_ost_io03_029: page allocation failure: order:3, mode:0x484020(GFP_ATOMIC|__GFP_COMP), nodemask=(null),cpuset=/,mems_allowed=0
[22581.909345] ll_ost_io01_064: page allocation failure: order:3, mode:0x484020(GFP_ATOMIC|__GFP_COMP), nodemask=(null),cpuset=/,mems_allowed=0
[22581.911672]  ? set_kthread_struct+0x50/0x50
[22581.912135] ll_ost_io02_073: page allocation failure: order:3, mode:0x484020(GFP_ATOMIC|__GFP_COMP), nodemask=(null),cpuset=/,mems_allowed=0
[22581.917402]  ret_from_fork+0x1f/0x40
[22581.918250] Mem-Info:
[22581.918251] CPU: 12 PID: 127683 Comm: ll_ost_io03_029 Kdump: loaded Tainted: G           OE     -------- -  - 4.18.0-553.16.1.el8_lustre.x86_64 #1
[22581.918886] active_anon:9586 inactive_anon:235852 isolated_anon:0
                active_file:26214948 inactive_file:9997372 isolated_file:34
                unevictable:0 dirty:172 writeback:0
                slab_reclaimable:462546 slab_unreclaimable:544066
                mapped:29737 shmem:197 pagetables:3250 bounce:0
                free:558197 free_pcp:4297 free_cma:0
[22581.921880] Hardware name: DDN SFA18KXE, BIOS rel-1.16.2-0-gea1b7a073390-prebuilt.qemu.org 04/01/2014
[22581.928597] Node 0 active_anon:38344kB inactive_anon:943408kB active_file:104869260kB inactive_file:39989456kB unevictable:0kB isolated(anon):0kB isolated(file):620kB mapped:118948kB dirty:688kB writeback:0kB shmem:788kB shmem_thp: 0kB shmem_pmdmapped: 0kB anon_thp: 0kB writeback_tmp:0kB kernel_stack:34656kB pagetables:13000kB all_unreclaimable? no
[22581.930768] Call Trace:
[22581.936536] Node 0 DMA free:11264kB min:4kB low:16kB high:28kB active_anon:0kB inactive_anon:0kB active_file:0kB inactive_file:0kB unevictable:0kB writepending:0kB present:15992kB managed:15360kB mlocked:0kB bounce:0kB free_pcp:0kB local_pcp:0kB free_cma:0kB
[22581.937430]  dump_stack+0x41/0x60
[22581.941697] lowmem_reserve[]: 0 913 150007 150007 150007
[22581.942766]  warn_alloc.cold.127+0x7b/0x108
[22581.943921] Node 0 DMA32 free:596536kB min:300kB low:1232kB high:2164kB active_anon:0kB inactive_anon:83612kB active_file:176000kB inactive_file:60624kB unevictable:0kB writepending:0kB present:2080608kB managed:966496kB mlocked:0kB bounce:0kB free_pcp:15096kB local_pcp:372kB free_cma:0kB
[22581.946334]  __alloc_pages_slowpath+0xcb2/0xcd0
[22581.951399] lowmem_reserve[]: 0 0 149093 149093 149093
[22581.952769]  __alloc_pages_nodemask+0x2e2/0x330
[22581.954004] Node 0 Normal free:1694996kB min:49268kB low:201940kB high:354612kB active_anon:38344kB inactive_anon:859796kB active_file:104623944kB inactive_file:39919140kB unevictable:0kB writepending:688kB present:155189248kB managed:152680592kB mlocked:0kB bounce:0kB free_pcp:2208kB local_pcp:24kB free_cma:0kB
[22581.955501]  kmalloc_order+0x28/0x90
[22581.961168] lowmem_reserve[]: 0 0 0 0 0
[22581.962424]  kmalloc_order_trace+0x1d/0xb0
[22581.963433] Node 0 DMA: 0*4kB 0*8kB 0*16kB 0*32kB 0*64kB 0*128kB 0*256kB 
[22581.964729]  __kmalloc+0x25c/0x2d0
[22581.964734] 0*512kB 1*1024kB (U) 1*2048kB (M) 2*4096kB (M) = 11264kB
[22581.967434]  virtqueue_add+0x493/0xc70
[22581.968864] Node 0 DMA32: 8556*4kB (UME) 4961*8kB (UME) 2066*16kB (ME) 
[22581.970182]  virtqueue_add_sgs+0x80/0xa0
[22581.970186] 725*32kB (UME) 311*64kB (UMEH) 122*128kB (UME) 73*256kB (UM) 51*512kB (UM) 17*1024kB (ME) 18*2048kB 
[22581.973014]  __virtscsi_add_cmd+0x148/0x270 [virtio_scsi]
[22581.973019] (UM) 81*4096kB (UM) = 596536kB
[22581.976714]  ? scsi_alloc_sgtables+0x84/0x1c0
[22581.977790] Node 0 Normal: 279769*4kB (UMEH) 108102*8kB (UMEH) 9366*16kB (UMH) 12*32kB 
[22581.979216]  virtscsi_add_cmd+0x38/0xa0 [virtio_scsi]
[22581.980930] (UMEH) 6*64kB (EH) 4*128kB (E) 2*256kB (E) 1*512kB (E) 0*1024kB 0*2048kB 0*4096kB = 2136052kB
[22581.982477]  virtscsi_queuecommand+0x186/0x2d0 [virtio_scsi]
[22581.984429] Node 0 hugepages_total=0 hugepages_free=0 hugepages_surp=0 hugepages_size=1048576kB
[22581.986082]  scsi_queue_rq+0x512/0xb10
[22581.987909] Node 0 hugepages_total=0 hugepages_free=0 hugepages_surp=0 hugepages_size=2048kB
[22581.989257]  __blk_mq_try_issue_directly+0x163/0x200
[22581.991057] 36019216 total pagecache pages
[22581.992606]  blk_mq_request_issue_directly+0x4e/0xb0
[22581.993679] 4589 pages in swap cache
[22581.995184]  blk_mq_try_issue_list_directly+0x62/0x100
[22581.996150] Swap cache stats: add 236588, delete 231998, find 24220/31008
[22581.997572]  blk_mq_sched_insert_requests+0xa4/0xf0
[22581.999028] Free swap  = 10341124kB
[22582.000489]  blk_mq_flush_plug_list+0x135/0x220
[22582.001436] Total swap = 11075580kB
[22582.002794]  blk_flush_plug_list+0xd7/0x100
[22582.003723] 39321462 pages RAM
[22582.005003]  blk_finish_plug+0x25/0x36
[22582.005933] 0 pages HighMem/MovableOnly
[22582.007125]  osd_do_bio+0x7f1/0xc70 [osd_ldiskfs]
[22582.008103] 905850 pages reserved
[22582.009447]  ? ldiskfs_map_blocks+0x607/0x610 [ldiskfs]
[22582.010354] 0 pages hwpoisoned
[22582.011810]  ? osd_ldiskfs_map_inode_pages+0x2c2/0xb20 [osd_ldiskfs]
[22582.014521]  osd_ldiskfs_map_inode_pages+0x2c2/0xb20 [osd_ldiskfs]
[22582.016448]  osd_write_commit+0x4c6/0x990 [osd_ldiskfs]
[22582.017985]  ofd_commitrw_write+0x9df/0x1b00 [ofd]
[22582.019536]  ofd_commitrw+0x5dc/0xd80 [ofd]
[22582.020816]  ? obd_commitrw+0x1b6/0x370 [ptlrpc]
[22582.022466]  obd_commitrw+0x1b6/0x370 [ptlrpc]
[22582.023992]  tgt_brw_write+0xf54/0x1f90 [ptlrpc]
[22582.025495]  ? _cond_resched+0x15/0x30
[22582.026671]  ? flush_work+0x42/0x1d0
[22582.027752]  ? internal_add_timer+0x42/0x70
[22582.028976]  ? _cond_resched+0x15/0x30
[22582.030064]  ? mutex_lock+0xe/0x30
[22582.031072]  tgt_request_handle+0x3f4/0x1a30 [ptlrpc]
[22582.032636]  ? ptlrpc_update_export_timer+0x3d/0x500 [ptlrpc]
[22582.034103]  ptlrpc_server_handle_request+0x2aa/0xcf0 [ptlrpc]
[22582.035813]  ? lprocfs_counter_add+0x10e/0x180 [obdclass]
[22582.037335]  ptlrpc_main+0xc9e/0x15c0 [ptlrpc]
[22582.038763]  ? ptlrpc_wait_event+0x5b0/0x5b0 [ptlrpc]
[22582.040292]  kthread+0x134/0x150
[22582.041227]  ? set_kthread_struct+0x50/0x50
[22582.042376]  ret_from_fork+0x1f/0x40
[22582.043397] CPU: 9 PID: 127537 Comm: ll_ost_io02_073 Kdump: loaded Tainted: G           OE     -------- -  - 4.18.0-553.16.1.el8_lustre.x86_64 #1
[22582.045848] Hardware name: DDN SFA18KXE, BIOS rel-1.16.2-0-gea1b7a073390-prebuilt.qemu.org 04/01/2014
[22582.047678] Call Trace:

--- Comment (dongyang, Wed, 9 Oct 2024 01:58:31 +0000) ---
Do we see the same ldiskfs error on vm1 for the timeout? If so it would be great to dump the debugfs output and the e2fsck log.

Back to sdao, dumpe2fs confirms dirdata is not enabled, and the directory inode is large with many entries. looks like one of the d[0-31] directories?

The dump of block 2349208195 does look like a directory block, with the entry in question:

4120  1ef4 7401 1000 0601 6631 6239 6630 0000  ..t.....f1b9f0..

So it looks like ofd was precreating the objects and the entries were adding to d[0-31],

as ldiskfs goes through the dir block trying to find the space for the new entry, it checks on all the entries it walk past, in this case the entry at offset 2128 fails the sanity check.

given e2fsck has been done and the entry looks ok, the only thing I can think of is the file_type flag somehow got flipped in the upper 4 bits, makes ldiskfs think that there are dirdata after the name, so the rec_len was off.

The dir block bh was from disk, so the flipper either happened on disk or in memory? Just in case there are no hardware errors like MCE events on the hypervisor?

and sarah do you recall anything related to the dir block during the e2fsck?

--- Comment (sarah, Tue, 8 Oct 2024 18:09:46 +0000) ---
after running e2fsck, restart testing and most tests timeout, on a different vm, vm1, saw following msg

601690.231799] LustreError: sfa18k03-OST0033: not available for connect from 172.25.80.23@tcp (no target). If you are running an HA pair check that the target is
 mounted on the other server.
[601690.236440] LustreError: Skipped 1006 previous similar messages
[601898.752259] Lustre: sfa18k03-MDT0000: Client 91df9630-8a7a-4a80-b14a-b37c8c409da5 (at 172.25.80.28@tcp) reconnecting
[601898.754816] Lustre: Skipped 18 previous similar messages
[601902.383926] Lustre: 'mdt_readpage' is processing requests too slowly, client may timeout. Late by 22s, missed 0 early replies (reqs waiting=0 active=16, at_es
timate=600, delay=0ms)
[601902.387660] Lustre: Skipped 6 previous similar messages
[602033.459104] ptlrpc_watchdog_fire: 2 callbacks suppressed
[602033.459117] Lustre: mdt03_010: service thread pid 575590 was inactive for 203.278 seconds. The thread might be hung, or it might only be slow and will resume 
later. Dumping the stack trace for debugging purposes:
[602033.465201] Pid: 575590, comm: mdt03_010 4.18.0-553.16.1.el8_lustre.x86_64 #1 SMP Mon Sep 30 16:10:44 UTC 2024
[602033.466983] Call Trace TBD:
[602033.467816] [] ldlm_completion_ast+0x99b/0xc00 [ptlrpc]
[602033.469339] [] ldlm_cli_enqueue_local+0x302/0x890 [ptlrpc]
[602033.470645] [] mdt_object_lock_internal+0x1db/0x450 [mdt]
[602033.471924] [] mdt_object_lock+0x83/0x1d0 [mdt]
[602033.472989] [] mdt_getattr_name_lock+0x165f/0x2530 [mdt]
[602033.474150] [] mdt_intent_getattr+0x28d/0x490 [mdt]
[602033.475246] [] mdt_intent_opc.constprop.80+0x125/0xc40 [mdt]
[602033.476463] [] mdt_intent_policy+0xfb/0x470 [mdt]
[602033.477520] [] ldlm_lock_enqueue+0x39d/0x890 [ptlrpc]
[602033.478709] [] ldlm_handle_enqueue+0x422/0x1920 [ptlrpc]
[602033.479950] [] tgt_enqueue+0xa8/0x230 [ptlrpc]
[602033.481061] [] tgt_request_handle+0x3f4/0x1a30 [ptlrpc]
[602033.482294] [] ptlrpc_server_handle_request+0x2aa/0xcf0 [ptlrpc]
[602033.483611] [] ptlrpc_main+0xc9e/0x15c0 [ptlrpc]
[602033.484710] [] kthread+0x134/0x150
[602033.485547] [] ret_from_fork+0x1f/0x40
[602071.348420] LustreError: sfa18k03-OST0033-osc-MDT0000: operation ost_connect to node 172.25.80.53@tcp failed: rc = -19
[602071.350475] LustreError: Skipped 4 previous similar messages
[602107.186030] Lustre: sfa18k03-MDT0000: Received new MDS connection from 172.25.80.51@tcp, keep former export from same NID
[602131.765563] LustreError: 575590:0:(ldlm_request.c:104:ldlm_expired_completion_wait()) ### lock timed out (enqueued at 1728404097, 302s ago); not entering reco
very in server code, just going back to sleep ns: mdt-sfa18k03-MDT0000_UUID lock: 0000000097574038/0x5d10e3b566abbfb3 lrc: 3/1,0 mode: --/PR res: [0x200000bdb:0x2
:0x0].0x0 bits 0x13/0x0 rrc: 5 type: IBT flags: 0x40210000000000 pid: 575590 initiator: MDT0
[602290.489992] LustreError: sfa18k03-OST0033: not available for connect from 0@lo (no target). If you are running an HA pair check that the target is mounted on 
the other server.
[602290.494221] LustreError: Skipped 994 previous similar messages

--- Comment (sarah, Tue, 8 Oct 2024 17:02:08 +0000) ---
sorry, there is no e2fsck output, I have attached the other 3 files, please check

--- Comment (dongyang, Tue, 8 Oct 2024 03:14:03 +0000) ---
I'm also confused, the error message is "ren_len is too small for name_len"

from __ext4_check_dir_entry()

	else if (unlikely(rlen for name

So the rec_len from disk is 16, and the required rec_len for name_len=3 is 12, which is 3 + 8 and around up with EXT4_DIR_PAD(4), unless we have extra dirdata for the entry. BUT the target is sdao is an OST, which should not have dirdata?

sarah Do we have the e2fsck output for the latest ldiskfs error?

Can we also have the output of

dumpe2fs -h /dev/sdao

debugfs -R "stat " /dev/sdao

debugfs -R "bd 2349208195" /dev/sdao

--- Comment (adilger, Fri, 4 Oct 2024 21:11:26 +0000) ---
The memory usage looks like it is almost entirely in page cache for the files "active_file:75988892kB inactive_file:66227428kB" is virtually all of the RAM of the server, so possibly 

Looking at the e2fsck output it seems there is similar directory entry corruption on many of the OSTs.  The "references inode 212941290 in group 207950 where _INODE_UNINIT is set" error is seen on several OSTs and could relate to the group descriptor block not being written?  However, the other directory entry errors "Entry 'dbd2' in /O/8c0000400/d0 (176947238) dirdata length set incorrectly" are errors within a directory block.  

What is strange is that the dir_data feature should not be enabled on OST filesystems, and even if it was enabled it should not be affecting the directory entries?  Possibly this is an error in e2fsck when it sees the dirdata bit randomly set and there is garbage in the dirent?

--- Comment (adilger, Fri, 4 Oct 2024 20:47:15 +0000) ---
It isn't clear if the ldiskfs errors are related to the memory allocation errors, since I don't see any reports of LDISKFS-fs or block layer IO errors right after the virtio allocation failures.  It may be that the SCSI layer is retrying these allocations after some time, or fragmenting the IO into smaller chunks that need less memory?

The ldiskfs_find_dest_de() errors look like a directory entry was found that was "kind of" bad, but not total garbage.  Could this relate to the the ldiskfs ext4-hash-indexed-dir-dotdot-update.patch from patch https://review.whamcloud.com/54723 "LU-17711 osd-ldiskfs: do not delete dotdot during rename" or possibly a bug in the port to el8.10 in patch https://review.whamcloud.com/55381 "LU-17402 kernel: update dotdot patch path for RHEL 8.10"?

--- Comment (sarah, Fri, 4 Oct 2024 17:41:05 +0000) ---
I also attached the log of that period of time, please check

--- Comment (sarah, Fri, 4 Oct 2024 17:36:23 +0000) ---
Thank you Andreas, here is what I found

Since build 2.15.90_24_ge863f95f, there are page allocation errors

Sep 16 20:19:57 snp-18k-03-v3 kernel: alg: No test for adler32 (adler32-zlib)
Sep 16 20:19:58 snp-18k-03-v3 kernel: Lustre: Lustre: Build Version: 2.15.90_24_ge863f95f
Sep 16 20:19:58 snp-18k-03-v3 kernel: LNet: Added LNI 172.25.80.52@tcp [8/320/0/180]
......
Sep 18 23:20:02 snp-18k-03-v3 systemd[1]: Started system activity accounting tool.
Sep 18 23:23:07 snp-18k-03-v3 kernel: Lustre: 3850138:0:(osd_io.c:1943:osd_ldiskfs_write()) sfa18k03-MDT0001/: adding bh without locking off 129421312 (block 31597, size 600, offs 129420584)
Sep 18 23:23:07 snp-18k-03-v3 kernel: Lustre: 3850138:0:(osd_io.c:1943:osd_ldiskfs_write()) Skipped 1 previous similar message
Sep 18 23:24:22 snp-18k-03-v3 kernel: ll_ost_io02_067: page allocation failure: order:3, mode:0x484020(GFP_ATOMIC|__GFP_COMP), nodemask=(null),cpuset=/,mems_allowed=0
Sep 18 23:24:22 snp-18k-03-v3 kernel: ll_ost_io04_054: page allocation failure: order:3, mode:0x484020(GFP_ATOMIC|__GFP_COMP), nodemask=(null)
Sep 18 23:24:22 snp-18k-03-v3 kernel: ll_ost_io02_030: page allocation failure: order:3, mode:0x484020(GFP_ATOMIC|__GFP_COMP), nodemask=(null),cpuset=/,mems_allowed=0
Sep 18 23:24:22 snp-18k-03-v3 kernel: ll_ost_io04_023: page allocation failure: order:3, mode:0x484020(GFP_ATOMIC|__GFP_COMP), nodemask=(null),cpuset=/,mems_allowed=0
Sep 18 23:24:22 snp-18k-03-v3 kernel: CPU: 8 PID: 3839859 Comm: ll_ost_io02_030 Kdump: loaded Tainted: G           OE     -------- -  - 4.18.0-553.16.1.el8_lustre.x86_64 #1

And for the ldiskfs error, I found same page allocation error about 1 hour ago and tag had moved to 2.15.91

Sep 20 18:18:09 snp-18k-03-v3 systemd[1]: emf-network-agent.service: Failed with result 'exit-code'.
Sep 20 18:18:09 snp-18k-03-v3 kernel: Lustre: Lustre: Build Version: 2.15.91
Sep 20 18:18:09 snp-18k-03-v3 kernel: LNet: Added LNI 172.25.80.52@tcp [8/320/0/180]

Sep 22 15:27:36 snp-18k-03-v3 systemd[1]: Stopped EMF agent sidecar.
Sep 22 15:27:36 snp-18k-03-v3 systemd[1]: Starting EMF agent sidecar...
Sep 22 15:27:36 snp-18k-03-v3 systemd[1]: Started EMF agent sidecar.
Sep 22 15:28:24 snp-18k-03-v3 kernel: warn_alloc: 46 callbacks suppressed
Sep 22 15:28:24 snp-18k-03-v3 kernel: ll_ost_io03_076: page allocation failure: order:3, mode:0x484020(GFP_ATOMIC|__GFP_COMP), nodemask=(null),cpuset=/,mems_allowed=0
Sep 22 15:28:24 snp-18k-03-v3 kernel: CPU: 14 PID: 118468 Comm: ll_ost_io03_076 Kdump: loaded Tainted: G           OE     -------- -  - 4.18.0-553.16.1.el8_lustre.x86_64 #1
Sep 22 15:28:24 snp-18k-03-v3 kernel: Hardware name: DDN SFA18KXE, BIOS rel-1.16.2-0-gea1b7a073390-prebuilt.qemu.org 04/01/2014
Sep 22 15:28:24 snp-18k-03-v3 kernel: Call Trace:
Sep 22 15:28:24 snp-18k-03-v3 kernel: dump_stack+0x41/0x60
Sep 22 15:28:24 snp-18k-03-v3 kernel: warn_alloc.cold.127+0x7b/0x108
Sep 22 15:28:24 snp-18k-03-v3 kernel: __alloc_pages_slowpath+0xcb2/0xcd0
Sep 22 15:28:24 snp-18k-03-v3 kernel: __alloc_pages_nodemask+0x2e2/0x330
Sep 22 15:28:24 snp-18k-03-v3 kernel: kmalloc_order+0x28/0x90
Sep 22 15:28:24 snp-18k-03-v3 kernel: kmalloc_order_trace+0x1d/0xb0
Sep 22 15:28:24 snp-18k-03-v3 kernel: __kmalloc+0x25c/0x2d0
Sep 22 15:28:24 snp-18k-03-v3 kernel: virtqueue_add+0x493/0xc70
Sep 22 15:28:24 snp-18k-03-v3 kernel: virtqueue_add_sgs+0x80/0xa0
Sep 22 15:28:24 snp-18k-03-v3 kernel: __virtscsi_add_cmd+0x148/0x270 [virtio_scsi]
Sep 22 15:28:24 snp-18k-03-v3 kernel: ? scsi_alloc_sgtables+0x84/0x1c0
Sep 22 15:28:24 snp-18k-03-v3 kernel: virtscsi_add_cmd+0x38/0xa0 [virtio_scsi]
Sep 22 15:28:24 snp-18k-03-v3 kernel: virtscsi_queuecommand+0x186/0x2d0 [virtio_scsi]
Sep 22 15:28:24 snp-18k-03-v3 kernel: ll_ost_io03_034: page allocation failure: order:3, mode:0x484020(GFP_ATOMIC|__GFP_COMP), nodemask=(null),cpuset=/,mems_allowed=0
Sep 22 15:28:24 snp-18k-03-v3 kernel: scsi_queue_rq+0x512/0xb10
Sep 22 15:28:24 snp-18k-03-v3 kernel: __blk_mq_try_issue_directly+0x163/0x200
Sep 22 15:28:24 snp-18k-03-v3 kernel: blk_mq_request_issue_directly+0x4e/0xb0
Sep 22 15:28:24 snp-18k-03-v3 kernel: blk_mq_try_issue_list_directly+0x62/0x100
Sep 22 15:28:24 snp-18k-03-v3 kernel: blk_mq_sched_insert_requests+0xa4/0xf0
Sep 22 15:28:24 snp-18k-03-v3 kernel: blk_mq_flush_plug_list+0x135/0x220
Sep 22 15:28:24 snp-18k-03-v3 kernel: blk_flush_plug_list+0xd7/0x100
Sep 22 15:28:24 snp-18k-03-v3 kernel: blk_finish_plug+0x25/0x36
Sep 22 15:28:24 snp-18k-03-v3 kernel: osd_do_bio+0x7f1/0xc70 [osd_ldiskfs]
Sep 22 15:28:24 snp-18k-03-v3 kernel: ? ldiskfs_map_blocks+0x607/0x610 [ldiskfs]
Sep 22 15:28:24 snp-18k-03-v3 kernel: ? osd_ldiskfs_map_inode_pages+0x2c2/0xb20 [osd_ldiskfs]
Sep 22 15:28:24 snp-18k-03-v3 kernel: osd_ldiskfs_map_inode_pages+0x2c2/0xb20 [osd_ldiskfs]
Sep 22 15:28:24 snp-18k-03-v3 kernel: osd_write_commit+0x4c6/0x990 [osd_ldiskfs]
Sep 22 15:28:24 snp-18k-03-v3 kernel: ofd_commitrw_write+0x9df/0x1b00 [ofd]
Sep 22 15:28:24 snp-18k-03-v3 kernel: ofd_commitrw+0x5dc/0xd80 [ofd]
Sep 22 15:28:24 snp-18k-03-v3 kernel: ? obd_commitrw+0x1b6/0x370 [ptlrpc]
Sep 22 15:28:24 snp-18k-03-v3 kernel: obd_commitrw+0x1b6/0x370 [ptlrpc]
Sep 22 15:28:24 snp-18k-03-v3 kernel: tgt_brw_write+0xf54/0x1f90 [ptlrpc]
Sep 22 15:28:24 snp-18k-03-v3 kernel: ? _cond_resched+0x15/0x30
Sep 22 15:28:24 snp-18k-03-v3 kernel: ? flush_work+0x42/0x1d0
Sep 22 15:28:24 snp-18k-03-v3 kernel: ? internal_add_timer+0x42/0x70
Sep 22 15:28:24 snp-18k-03-v3 kernel: ? _cond_resched+0x15/0x30
Sep 22 15:28:24 snp-18k-03-v3 kernel: ? mutex_lock+0xe/0x30
Sep 22 15:28:24 snp-18k-03-v3 kernel: tgt_request_handle+0x3f4/0x1a30 [ptlrpc]
Sep 22 15:28:24 snp-18k-03-v3 kernel: ? ptlrpc_update_export_timer+0x3d/0x500 [ptlrpc]
Sep 22 15:28:24 snp-18k-03-v3 kernel: ptlrpc_server_handle_request+0x2aa/0xcf0 [ptlrpc]
Sep 22 15:28:24 snp-18k-03-v3 kernel: ? lprocfs_counter_add+0x10e/0x180 [obdclass]
Sep 22 15:28:24 snp-18k-03-v3 kernel: ptlrpc_main+0xc9e/0x15c0 [ptlrpc]
Sep 22 15:28:24 snp-18k-03-v3 kernel: ? ptlrpc_wait_event+0x5b0/0x5b0 [ptlrpc]
Sep 22 15:28:24 snp-18k-03-v3 kernel: kthread+0x134/0x150
Sep 22 15:28:24 snp-18k-03-v3 kernel: ? set_kthread_struct+0x50/0x50
Sep 22 15:28:24 snp-18k-03-v3 kernel: ret_from_fork+0x1f/0x40
Sep 22 15:28:24 snp-18k-03-v3 kernel: warn_alloc_show_mem: 9 callbacks suppressed
Sep 22 15:28:24 snp-18k-03-v3 kernel: Mem-Info:
Sep 22 15:28:24 snp-18k-03-v3 kernel: CPU: 13 PID: 118291 Comm: ll_ost_io03_034 Kdump: loaded Tainted: G           OE     -------- -  - 4.18.0-553.16.1.el8_lustre.x86_64 #1
Sep 22 15:28:24 snp-18k-03-v3 kernel: active_anon:14901 inactive_anon:33920 isolated_anon:0#012 active_file:19050615 inactive_file:16553561 isolated_file:11#012 unevictable:0 dirty:4242 writeback:112#012 slab_reclaimable:1273474 slab_unreclaimable:699397#012 mapped:19207 shmem:131 pagetables:7812 bounce:0#012 free:367406 free_pcp:929 free_cma:0
Sep 22 15:28:24 snp-18k-03-v3 kernel: Hardware name: DDN SFA18KXE, BIOS rel-1.16.2-0-gea1b7a073390-prebuilt.qemu.org 04/01/2014
Sep 22 15:28:24 snp-18k-03-v3 kernel: Node 0 active_anon:59604kB inactive_anon:135680kB active_file:76202460kB inactive_file:66214244kB unevictable:0kB isolated(anon):0kB isolated(file):44kB mapped:76828kB dirty:16968kB writeback:432kB shmem:524kB shmem_thp: 0kB shmem_pmdmapped: 0kB anon_thp: 0kB writeback_tmp:0kB kernel_stack:40016kB pagetables:31248kB all_unreclaimable? no
Sep 22 15:28:24 snp-18k-03-v3 kernel: Call Trace:
Sep 22 15:28:24 snp-18k-03-v3 kernel: Node 0
Sep 22 15:28:24 snp-18k-03-v3 kernel: dump_stack+0x41/0x60
Sep 22 15:28:24 snp-18k-03-v3 kernel: DMA free:11264kB min:4kB low:16kB high:28kB active_anon:0kB inactive_anon:0kB active_file:0kB inactive_file:0kB unevictable:0kB writepending:0kB present:15992kB managed:15360kB mlocked:0kB bounce:0kB free_pcp:0kB local_pcp:0kB free_cma:0kB
Sep 22 15:28:24 snp-18k-03-v3 kernel: warn_alloc.cold.127+0x7b/0x108
Sep 22 15:28:24 snp-18k-03-v3 kernel: lowmem_reserve[]:
Sep 22 15:28:24 snp-18k-03-v3 kernel: __alloc_pages_slowpath+0xcb2/0xcd0
Sep 22 15:28:24 snp-18k-03-v3 kernel: 0
Sep 22 15:28:24 snp-18k-03-v3 kernel: __alloc_pages_nodemask+0x2e2/0x330
Sep 22 15:28:24 snp-18k-03-v3 kernel: 913
Sep 22 15:28:24 snp-18k-03-v3 kernel: kmalloc_order+0x28/0x90
Sep 22 15:28:24 snp-18k-03-v3 kernel: 150007
Sep 22 15:28:24 snp-18k-03-v3 kernel: kmalloc_order_trace+0x1d/0xb0
Sep 22 15:28:24 snp-18k-03-v3 kernel: 150007
Sep 22 15:28:24 snp-18k-03-v3 kernel: __kmalloc+0x25c/0x2d0
Sep 22 15:28:24 snp-18k-03-v3 kernel: 150007
Sep 22 15:28:24 snp-18k-03-v3 kernel: virtqueue_add+0x493/0xc70
Sep 22 15:28:24 snp-18k-03-v3 kernel:
Sep 22 15:28:24 snp-18k-03-v3 kernel: ? finish_wait+0x80/0x80
Sep 22 15:28:24 snp-18k-03-v3 kernel: Node 0
Sep 22 15:28:24 snp-18k-03-v3 kernel: virtqueue_add_sgs+0x80/0xa0
Sep 22 15:28:24 snp-18k-03-v3 kernel: DMA32 free:596488kB min:300kB low:1232kB high:2164kB active_anon:172kB inactive_anon:56kB active_file:108548kB inactive_file:34644kB unevictable:0kB writepending:0kB present:2080608kB managed:966496kB mlocked:0kB bounce:0kB free_pcp:1436kB local_pcp:4kB free_cma:0kB
Sep 22 15:28:24 snp-18k-03-v3 kernel: __virtscsi_add_cmd+0x148/0x270 [virtio_scsi]
Sep 22 15:28:24 snp-18k-03-v3 kernel: lowmem_reserve[]: 0
Sep 22 15:28:24 snp-18k-03-v3 kernel: ? scsi_alloc_sgtables+0x84/0x1c0
Sep 22 15:28:24 snp-18k-03-v3 kernel: 0
Sep 22 15:28:24 snp-18k-03-v3 kernel: virtscsi_add_cmd+0x38/0xa0 [virtio_scsi]
Sep 22 15:28:24 snp-18k-03-v3 kernel: 149093
Sep 22 15:28:24 snp-18k-03-v3 kernel: virtscsi_queuecommand+0x186/0x2d0 [virtio_scsi]
Sep 22 15:28:24 snp-18k-03-v3 kernel: 149093
Sep 22 15:28:24 snp-18k-03-v3 kernel: scsi_queue_rq+0x512/0xb10
Sep 22 15:28:24 snp-18k-03-v3 kernel: 149093
Sep 22 15:28:24 snp-18k-03-v3 kernel: __blk_mq_try_issue_directly+0x163/0x200
Sep 22 15:28:24 snp-18k-03-v3 kernel:
Sep 22 15:28:24 snp-18k-03-v3 kernel: blk_mq_request_issue_directly+0x4e/0xb0
Sep 22 15:28:24 snp-18k-03-v3 kernel: Node 0
Sep 22 15:28:24 snp-18k-03-v3 kernel: blk_mq_try_issue_list_directly+0x62/0x100
Sep 22 15:28:24 snp-18k-03-v3 kernel: Normal free:873904kB min:49268kB low:201940kB high:354612kB active_anon:59432kB inactive_anon:135624kB active_file:76095652kB inactive_file:66167696kB unevictable:0kB writepending:17376kB present:155189248kB managed:152680596kB mlocked:0kB bounce:0kB free_pcp:1644kB local_pcp:0kB free_cma:0kB
Sep 22 15:28:24 snp-18k-03-v3 kernel: blk_mq_sched_insert_requests+0xa4/0xf0
Sep 22 15:28:24 snp-18k-03-v3 kernel: lowmem_reserve[]:
Sep 22 15:28:24 snp-18k-03-v3 kernel: blk_mq_flush_plug_list+0x135/0x220
Sep 22 15:28:24 snp-18k-03-v3 kernel: 0
Sep 22 15:28:24 snp-18k-03-v3 kernel: blk_flush_plug_list+0xd7/0x100
Sep 22 15:28:24 snp-18k-03-v3 kernel: 0
Sep 22 15:28:24 snp-18k-03-v3 kernel: blk_finish_plug+0x25/0x36
Sep 22 15:28:24 snp-18k-03-v3 kernel: 0
Sep 22 15:28:24 snp-18k-03-v3 kernel: osd_do_bio+0x7f1/0xc70 [osd_ldiskfs]
Sep 22 15:28:24 snp-18k-03-v3 kernel: 0
Sep 22 15:28:24 snp-18k-03-v3 kernel: ? ldiskfs_map_blocks+0x607/0x610 [ldiskfs]
Sep 22 15:28:24 snp-18k-03-v3 kernel: 0
Sep 22 15:28:24 snp-18k-03-v3 kernel: ? osd_ldiskfs_map_inode_pages+0x2c2/0xb20 [osd_ldiskfs]
Sep 22 15:28:24 snp-18k-03-v3 kernel:
Sep 22 15:28:24 snp-18k-03-v3 kernel: osd_ldiskfs_map_inode_pages+0x2c2/0xb20 [osd_ldiskfs]
Sep 22 15:28:24 snp-18k-03-v3 kernel: Node 0
Sep 22 15:28:24 snp-18k-03-v3 kernel: osd_write_commit+0x4c6/0x990 [osd_ldiskfs]
Sep 22 15:28:24 snp-18k-03-v3 kernel: DMA:
Sep 22 15:28:24 snp-18k-03-v3 kernel: ofd_commitrw_write+0x9df/0x1b00 [ofd]
Sep 22 15:28:24 snp-18k-03-v3 kernel: 0*4kB
Sep 22 15:28:24 snp-18k-03-v3 kernel: ofd_commitrw+0x5dc/0xd80 [ofd]
Sep 22 15:28:24 snp-18k-03-v3 kernel: 0*8kB
Sep 22 15:28:24 snp-18k-03-v3 kernel: ? obd_commitrw+0x1b6/0x370 [ptlrpc]
Sep 22 15:28:24 snp-18k-03-v3 kernel: 0*16kB
Sep 22 15:28:24 snp-18k-03-v3 kernel: obd_commitrw+0x1b6/0x370 [ptlrpc]
Sep 22 15:28:24 snp-18k-03-v3 kernel: 0*32kB
Sep 22 15:28:24 snp-18k-03-v3 kernel: tgt_brw_write+0xf54/0x1f90 [ptlrpc]
Sep 22 15:28:24 snp-18k-03-v3 kernel: 0*64kB
Sep 22 15:28:24 snp-18k-03-v3 kernel: ? internal_add_timer+0x42/0x70
Sep 22 15:28:24 snp-18k-03-v3 kernel: 0*128kB
Sep 22 15:28:24 snp-18k-03-v3 kernel: ? _cond_resched+0x15/0x30
Sep 22 15:28:24 snp-18k-03-v3 kernel: 0*256kB
Sep 22 15:28:24 snp-18k-03-v3 kernel: ? mutex_lock+0xe/0x30
Sep 22 15:28:24 snp-18k-03-v3 kernel: 0*512kB
Sep 22 15:28:24 snp-18k-03-v3 kernel: tgt_request_handle+0x3f4/0x1a30 [ptlrpc]
Sep 22 15:28:24 snp-18k-03-v3 kernel: 1*1024kB
Sep 22 15:28:24 snp-18k-03-v3 kernel: ? ptlrpc_update_export_timer+0x3d/0x500 [ptlrpc]
Sep 22 15:28:24 snp-18k-03-v3 kernel: (U)
Sep 22 15:28:24 snp-18k-03-v3 kernel: ptlrpc_server_handle_request+0x2aa/0xcf0 [ptlrpc]
Sep 22 15:28:24 snp-18k-03-v3 kernel: 1*2048kB
Sep 22 15:28:24 snp-18k-03-v3 kernel: ? lprocfs_counter_add+0x10e/0x180 [obdclass]
Sep 22 15:28:24 snp-18k-03-v3 kernel: (M)
Sep 22 15:28:24 snp-18k-03-v3 kernel: ptlrpc_main+0xc9e/0x15c0 [ptlrpc]
Sep 22 15:28:24 snp-18k-03-v3 kernel: 2*4096kB
Sep 22 15:28:24 snp-18k-03-v3 kernel: ? ptlrpc_wait_event+0x5b0/0x5b0 [ptlrpc]
Sep 22 15:28:24 snp-18k-03-v3 kernel: (M)
Sep 22 15:28:24 snp-18k-03-v3 kernel: kthread+0x134/0x150
Sep 22 15:28:24 snp-18k-03-v3 kernel: = 11264kB
Sep 22 15:28:24 snp-18k-03-v3 kernel: ? set_kthread_struct+0x50/0x50
Sep 22 15:28:24 snp-18k-03-v3 kernel: Node 0
Sep 22 15:28:24 snp-18k-03-v3 kernel: ret_from_fork+0x1f/0x40
Sep 22 15:28:24 snp-18k-03-v3 kernel: DMA32: 118*4kB (UME) 102*8kB (ME) 1090*16kB (UMEH) 755*32kB (UMEH) 616*64kB (UMEH) 246*128kB (UME) 190*256kB (UME) 184*512kB (UMEH) 68*1024kB (UME) 24*2048kB (UME) 54*4096kB (UM) = 596616kB
Sep 22 15:28:24 snp-18k-03-v3 kernel: Node 0 Normal: 33730*4kB (UME) 86641*8kB (UME) 1308*16kB (UME) 6*32kB (UH) 3*64kB (H) 0*128kB 0*256kB 0*512kB 0*1024kB 0*2048kB 0*4096kB = 849360kB
Sep 22 15:28:24 snp-18k-03-v3 kernel: Node 0 hugepages_total=0 hugepages_free=0 hugepages_surp=0 hugepages_size=1048576kB
Sep 22 15:28:24 snp-18k-03-v3 kernel: Node 0 hugepages_total=0 hugepages_free=0 hugepages_surp=0 hugepages_size=2048kB
Sep 22 15:28:24 snp-18k-03-v3 kernel: 35607319 total pagecache pages
Sep 22 15:28:24 snp-18k-03-v3 kernel: 3562 pages in swap cache
Sep 22 15:28:24 snp-18k-03-v3 kernel: Swap cache stats: add 4571353, delete 4567806, find 763370/1088759
Sep 22 15:28:24 snp-18k-03-v3 kernel: Free swap  = 225124kB
Sep 22 15:28:24 snp-18k-03-v3 kernel: Total swap = 11075580kB
Sep 22 15:28:24 snp-18k-03-v3 kernel: 39321462 pages RAM
Sep 22 15:28:24 snp-18k-03-v3 kernel: 0 pages HighMem/MovableOnly
Sep 22 15:28:24 snp-18k-03-v3 kernel: 905849 pages reserved
Sep 22 15:28:24 snp-18k-03-v3 kernel: 0 pages hwpoisoned

Before the LDISKFS-fs error

Sep 22 21:14:08 snp-18k-03-v3 kernel: ll_ost_io04_027: page allocation failure: order:3, mode:0x484020(GFP_ATOMIC|__GFP_COMP), nodemask=(null),cpuset=/,mems_allowed=0
Sep 22 21:14:08 snp-18k-03-v3 kernel: CPU: 19 PID: 118187 Comm: ll_ost_io04_027 Kdump: loaded Tainted: G           OE     -------- -  - 4.18.0-553.16.1.el8_lustre.x86_64 #1
Sep 22 21:14:08 snp-18k-03-v3 kernel: Hardware name: DDN SFA18KXE, BIOS rel-1.16.2-0-gea1b7a073390-prebuilt.qemu.org 04/01/2014
Sep 22 21:14:08 snp-18k-03-v3 kernel: Call Trace:
Sep 22 21:14:08 snp-18k-03-v3 kernel: dump_stack+0x41/0x60
Sep 22 21:14:08 snp-18k-03-v3 kernel: warn_alloc.cold.127+0x7b/0x108

LDISKFS-fs error

Sep 22 22:03:09 snp-18k-03-v3 systemd[1]: Started EMF agent sidecar.
Sep 22 22:06:12 snp-18k-03-v3 kernel: LDISKFS-fs error (device sdao): ldiskfs_find_dest_de:2295: inode #73400343: block 2349208195: comm ll_ost00_029: bad entry in directory: rec_len is too small for name_len - offset=2128, inode=24441886, rec_len=16, name_len=3, size=4096
Sep 22 22:06:18 snp-18k-03-v3 kernel: LDISKFS-fs error (device sdao): ldiskfs_find_dest_de:2295: inode #73400343: block 2349208195: comm ll_ost00_029: bad entry in directory: rec_len is too small for name_len - offset=2128, inode=24441886, rec_len=16, name_len=3, size=4096
Sep 22 22:06:53 snp-18k-03-v3 kernel: LDISKFS-fs error (device sdao): ldiskfs_find_dest_de:2295: inode #73400343: block 2349208195: comm ll_ost04_012: bad entry in directory: rec_len is too small for name_len - offset=2128, inode=24441886, rec_len=16, name_len=3, size=4096
Sep 22 22:06:53 snp-18k-03-v3 kernel: LustreError: 54335:0:(ofd_dev.c:1686:ofd_create_hdl()) sfa18k03-OST0023: unable to precreate: rc = -117
Sep 22 22:06:53 snp-18k-03-v3 kernel: LustreError: 52936:0:(osp_precreate.c:674:osp_precreate_send()) sfa18k03-OST0023-osc-MDT0001: can't precreate: rc = -117
Sep 22 22:06:53 snp-18k-03-v3 kernel: LustreError: 52936:0:(osp_precreate.c:1378:osp_precreate_thread()) sfa18k03-OST0023-osc-MDT0001: cannot precreate objects: rc = -117
Sep 22 22:06:59 snp-18k-03-v3 kernel: LDISKFS-fs error (device sdao): ldiskfs_find_dest_de:2295: inode #73400343: block 2349208195: comm ll_ost00_079: bad entry in directory: rec_len is too small for name_len - offset=2128, inode=24441886, rec_len=16, name_len=3, size=4096
Sep 22 22:06:59 snp-18k-03-v3 kernel: LustreError: 123524:0:(ofd_dev.c:1686:ofd_create_hdl()) sfa18k03-OST0023: unable to precreate: rc = -117
Sep 22 22:06:59 snp-18k-03-v3 kernel: LustreError: 52936:0:(osp_precreate.c:674:osp_precreate_send()) sfa18k03-OST0023-osc-MDT0001: can't precreate: rc = -117
Sep 22 22:06:59 snp-18k-03-v3 kernel: LustreError: 52936:0:(osp_precreate.c:1378:osp_precreate_thread()) sfa18k03-OST0023-osc-MDT0001: cannot precreate objects: rc = -117
Sep 22 22:06:59 snp-18k-03-v3 kernel: LustreError: 117775:0:(osp_precreate.c:1415:osp_precreate_ready_condition()) sfa18k03-OST0023-osc-MDT0001: precreate failed opd_pre_status -117
Sep 22 22:07:04 snp-18k-03-v3 kernel: LDISKFS-fs error (device sdao): ldiskfs_find_dest_de:2295: inode #73400343: block 2349208195: comm ll_ost04_015: bad entry in directory: rec_len is too small for name_len - offset=2128, inode=24441886, rec_len=16, name_len=3, size=4096
Sep 22 22:07:04 snp-18k-03-v3 kernel: LustreError: 117595:0:(ofd_dev.c:1686:ofd_create_hdl()) sfa18k03-OST0023: unable to precreate: rc = -117
Sep 22 22:07:04 snp-18k-03-v3 kernel: LustreError: 52936:0:(osp_precreate.c:674:osp_precreate_send()) sfa18k03-OST0023-osc-MDT0001: can't precreate: rc = -117
Sep 22 22:07:04 snp-18k-03-v3 kernel: LustreError: 52936:0:(osp_precreate.c:1378:osp_precreate_thread()) sfa18k03-OST0023-osc-MDT0001: cannot precreate objects: rc = -117
Sep 22 22:07:04 snp-18k-03-v3 kernel: LustreError: 364848:0:(osp_precreate.c:1415:osp_precreate_ready_condition()) sfa18k03-OST0023-osc-MDT0001: precreate failed opd_pre_status -117
Sep 22 22:07:06 snp-18k-03-v3 kernel: LDISKFS-fs error (device sdao): ldiskfs_find_dest_de:2295: inode #73400343: block 2349208195: comm ll_ost04_049: bad entry in directory: rec_len is too small for name_len - offset=2128, inode=24441886, rec_len=16, name_len=3, size=4096
Sep 22 22:07:07 snp-18k-03-v3 kernel: LustreError: 119639:0:(ofd_dev.c:1686:ofd_create_hdl()) sfa18k03-OST0023: unable to precreate: rc = -117
Sep 22 22:07:07 snp-18k-03-v3 kernel: LustreError: 52936:0:(osp_precreate.c:674:osp_precreate_send()) sfa18k03-OST0023-osc-MDT0001: can't precreate: rc = -117
Sep 22 22:07:07 snp-18k-03-v3 kernel: LustreError: 52936:0:(osp_precreate.c:1378:osp_precreate_thread()) sfa18k03-OST0023-osc-MDT0001: cannot precreate objects: rc = -117
Sep 22 22:07:07 snp-18k-03-v3 kernel: LustreError: 52824:0:(osp_precreate.c:1415:osp_precreate_ready_condition()) sfa18k03-OST0023-osc-MDT0001: precreate failed opd_pre_status -117
Sep 22 22:07:12 snp-18k-03-v3 kernel: LDISKFS-fs error (device sdao): ldiskfs_find_dest_de:2295: inode #73400343: block 2349208195: comm ll_ost04_041: bad entry in directory: rec_len is too small for name_len - offset=2128, inode=24441886, rec_len=16, name_len=3, size=4096

--- Comment (adilger, Thu, 3 Oct 2024 23:48:42 +0000) ---
Sarah, for the error messages:

LDISKFS-fs (sdao): error count since last fsck: 388
[ 2921.491878] LDISKFS-fs (sdao): initial error at time 1727042772: ldiskfs_find_dest_de:2295: inode 73400343: block 2349208195
[ 2921.493946] LDISKFS-fs (sdao): last error at time 1727185903: ldiskfs_find_dest_de:2295: inode 73400343: block 2349208195

this means the first error was hit at time 1727042772 (Sun Sep 22 16:06:12 MDT 2024), and the most recent error was 1727185903 (Tue Sep 24 07:51:43 MDT 2024) and no reformat or e2fsck was done since that time.  The time conversion is done with "date --date=@1727042772".

Could you please collect the console logs for the server(s) hosting the OST at those times (maybe 1h before and after) to see what errors were reported.  That should be something like "LDISKFS-fs error (device sdao): ...", but having some of the surrounding messages is useful.

It appears that both of these errors relate to the same directory inode 73400343, so if this happens again, can you collect "debugfs -c -R 'stat ' /dev/sdao" (with the inode number and disk device matching the actual error message).

NB: the Lustre version should also be in the syslogs from the last time the modules were loaded, if you search for "Lustre: Build Version:" backward in the syslog.

--- Comment (sarah, Thu, 3 Oct 2024 22:52:26 +0000) ---
cfaber, the system was reformatted with 2.15.91 and ran for several days. Before that it was running 2.15.90.xxx, I forgot the exact tag number.

I just cleared the error with e2fsck, will start soak again and see if it happens again

--- Comment (sarah, Thu, 3 Oct 2024 21:34:07 +0000) ---
on another server vm, I see following message

snp-18k-03-v4

[73998.798207] LustreError: Skipped 683 previous similar messages
[74599.451648] LustreError: sfa18k03-OST0033: not available for connect from 172.25.80.29@tcp (no target). If you are running an HA pair check that the target is mounted on the other server.
[74599.458006] LustreError: Skipped 650 previous similar messages
[74618.667625] LustreError: sfa18k03-OST0033-osc-MDT0003: operation ost_connect to node 172.25.80.50@tcp failed: rc = -19
[74618.670648] LustreError: Skipped 5 previous similar messages
[74803.308797] ll_ost_io01_026: page allocation failure: order:3, mode:0x484020(GFP_ATOMIC|__GFP_COMP), nodemask=(null),cpuset=/,mems_allowed=0
[74803.313131] CPU: 4 PID: 485183 Comm: ll_ost_io01_026 Kdump: loaded Tainted: G           OE     -------- -  - 4.18.0-553.16.1.el8_lustre.x86_64 #1
[74803.315568] Hardware name: DDN SFA18KXE, BIOS rel-1.16.2-0-gea1b7a073390-prebuilt.qemu.org 04/01/2014
[74803.317249] Call Trace:
[74803.317987]  dump_stack+0x41/0x60
[74803.318815]  warn_alloc.cold.127+0x7b/0x108
[74803.319732]  __alloc_pages_slowpath+0xcb2/0xcd0
[74803.320744]  __alloc_pages_nodemask+0x2e2/0x330
[74803.321700]  kmalloc_order+0x28/0x90
[74803.322720]  kmalloc_order_trace+0x1d/0xb0
[74803.323796]  __kmalloc+0x25c/0x2d0
[74803.324672]  virtqueue_add+0x493/0xc70
[74803.325581]  ? finish_wait+0x80/0x80
[74803.326428]  virtqueue_add_sgs+0x80/0xa0
[74803.327332]  __virtscsi_add_cmd+0x148/0x270 [virtio_scsi]
[74803.328473]  ? scsi_alloc_sgtables+0x84/0x1c0
[74803.329462]  virtscsi_add_cmd+0x38/0xa0 [virtio_scsi]
[74803.330483]  virtscsi_queuecommand+0x186/0x2d0 [virtio_scsi]
[74803.331611]  scsi_queue_rq+0x512/0xb10
[74803.332493]  __blk_mq_try_issue_directly+0x163/0x200
[74803.333497]  blk_mq_request_issue_directly+0x4e/0xb0
[74803.334513]  blk_mq_try_issue_list_directly+0x62/0x100
[74803.335535]  blk_mq_sched_insert_requests+0xa4/0xf0
[74803.336516]  blk_mq_flush_plug_list+0x135/0x220
[74803.337448]  blk_flush_plug_list+0xd7/0x100
[74803.338342]  blk_finish_plug+0x25/0x36
[74803.339183]  osd_do_bio+0x7f1/0xc70 [osd_ldiskfs]
[74803.340250]  ? __ldiskfs_journal_stop+0x36/0xb0 [ldiskfs]
[74803.341355]  ? osd_ldiskfs_map_inode_pages+0x2c2/0xb20 [osd_ldiskfs]
[74803.342552]  osd_ldiskfs_map_inode_pages+0x2c2/0xb20 [osd_ldiskfs]
[74803.343691]  osd_write_commit+0x4c6/0x990 [osd_ldiskfs]
[74803.344721]  ofd_commitrw_write+0x9df/0x1b00 [ofd]
[74803.345702]  ofd_commitrw+0x5dc/0xd80 [ofd]
[74803.346564]  ? obd_commitrw+0x1b6/0x370 [ptlrpc]
[74803.347598]  obd_commitrw+0x1b6/0x370 [ptlrpc]
[74803.348650]  tgt_brw_write+0xf54/0x1f90 [ptlrpc]
[74803.349709]  ? _cond_resched+0x15/0x30
[74803.350471]  ? flush_work+0x42/0x1d0
[74803.351199]  ? internal_add_timer+0x42/0x70
[74803.352007]  ? _cond_resched+0x15/0x30
[74803.352825]  ? mutex_lock+0xe/0x30
[74803.353558]  tgt_request_handle+0x3f4/0x1a30 [ptlrpc]
[74803.354614]  ? ptlrpc_update_export_timer+0x3d/0x500 [ptlrpc]
[74803.355783]  ptlrpc_server_handle_request+0x2aa/0xcf0 [ptlrpc]
[74803.357094]  ? lprocfs_counter_add+0x10e/0x180 [obdclass]
[74803.358147]  ptlrpc_main+0xc9e/0x15c0 [ptlrpc]
[74803.359097]  ? ptlrpc_wait_event+0x5b0/0x5b0 [ptlrpc]
[74803.360141]  kthread+0x134/0x150
[74803.360807]  ? set_kthread_struct+0x50/0x50
[74803.361682]  ret_from_fork+0x1f/0x40
[74803.362418] Mem-Info:
[74803.362942] active_anon:165304 inactive_anon:1075275 isolated_anon:0
                active_file:25351326 inactive_file:10061842 isolated_file:2
                unevictable:0 dirty:9777 writeback:21
                slab_reclaimable:502752 slab_unreclaimable:518849
                mapped:36569 shmem:228 pagetables:4920 bounce:0
                free:339058 free_pcp:1193 free_cma:0
[74803.368698] Node 0 active_anon:661216kB inactive_anon:4301100kB active_file:101397636kB inactive_file:40249304kB unevictable:0kB isolated(anon):0kB isolated(file):8kB mapped:146276kB dirty:39108kB writeback:84kB shmem:912kB shmem_thp: 0kB shmem_pmdmapped: 0kB anon_thp: 0kB writeback_tmp:0kB kernel_stack:33888kB pagetables:19680kB all_unreclaimable? no
[74803.373728] Node 0 DMA free:11264kB min:4kB low:16kB high:28kB active_anon:0kB inactive_anon:0kB active_file:0kB inactive_file:0kB unevictable:0kB writepending:0kB present:15992kB managed:15360kB mlocked:0kB bounce:0kB free_pcp:0kB local_pcp:0kB free_cma:0kB
[74803.377479] lowmem_reserve[]: 0 913 150007 150007 150007
[74803.378463] Node 0 DMA32 free:596188kB min:300kB low:1232kB high:2164kB active_anon:0kB inactive_anon:1116kB active_file:43528kB inactive_file:290248kB unevictable:0kB writepending:0kB present:2080608kB managed:966496kB mlocked:0kB bounce:0kB free_pcp:2516kB local_pcp:0kB free_cma:0kB
[74803.382428] lowmem_reserve[]: 0 0 149093 149093 149093
[74803.383346] Node 0 Normal free:750352kB min:51316kB low:203988kB high:356660kB active_anon:661216kB inactive_anon:4299984kB active_file:101353712kB inactive_file:39964496kB unevictable:0kB writepending:39192kB present:155189248kB managed:152680596kB mlocked:0kB bounce:0kB free_pcp:1968kB local_pcp:104kB free_cma:0kB
[74803.387924] lowmem_reserve[]: 0 0 0 0 0
[74803.388695] Node 0 DMA: 0*4kB 0*8kB 0*16kB 0*32kB 0*64kB 0*128kB 0*256kB 0*512kB 1*1024kB (U) 1*2048kB (M) 2*4096kB (M) = 11264kB
[74803.390572] Node 0 DMA32: 59*4kB (UME) 68*8kB (UME) 97*16kB (UME) 92*32kB (ME) 91*64kB (ME) 87*128kB (UME) 76*256kB (UME) 21*512kB (UME) 13*1024kB (UME) 5*2048kB (ME) 127*4096kB (M) = 596188kB
[74803.393378] Node 0 Normal: 142263*4kB (UMEH) 13977*8kB (UME) 3302*16kB (UMH) 1*32kB (H) 0*64kB 0*128kB 0*256kB 0*512kB 0*1024kB 0*2048kB 0*4096kB = 733732kB
[74803.395578] Node 0 hugepages_total=0 hugepages_free=0 hugepages_surp=0 hugepages_size=1048576kB
[74803.397049] Node 0 hugepages_total=0 hugepages_free=0 hugepages_surp=0 hugepages_size=2048kB
[74803.398507] 35416409 total pagecache pages
[74803.399324] 409 pages in swap cache
[74803.400047] Swap cache stats: add 37430, delete 37021, find 96/135
[74803.401137] Free swap  = 10924432kB
[74803.401862] Total swap = 11075580kB
[74803.402597] 39321462 pages RAM
[74803.403268] 0 pages HighMem/MovableOnly
[74803.404080] 905849 pages reserved
[74803.404834] 0 pages hwpoisoned
[75200.078933] LustreError: sfa18k03-OST0033: not available for connect from 172.25.80.27@tcp (no target). If you are running an HA pair check that the target is mounted on the other server.

--- Comment (JIRAUSER17312, Thu, 3 Oct 2024 21:05:25 +0000) ---
Was this system running 2.15.91 for some time? Was it running anything before that? Had the targets been reformatted?

--- Comment (sarah, Thu, 3 Oct 2024 20:57:19 +0000) ---
I hit similar ldsikfs error again on the system that after upgrading from 2.15.91 to 2.16.0-rc1 and ran soak for about 2 days

the system was formatted with 2.15.91

[ 2692.174876] Lustre: sfa18k03-OST0025: new connection from sfa18k03-MDT0003-mdtlov (cleaning up unused objects from 0x340000401:30284870 to 0x340000401:30287489)
[ 2692.280404] Lustre: sfa18k03-OST0023: new connection from sfa18k03-MDT0003-mdtlov (cleaning up unused objects from 0x640000400:30287059 to 0x640000400:30288763)
[ 2693.808605] LustreError: sfa18k03-OST002d: not available for connect from 172.25.80.51@tcp (no target). If you are running an HA pair check that the target is mounted on the other server.
[ 2693.812015] LustreError: Skipped 185 previous similar messages
[ 2694.938566] Lustre: sfa18k03-OST0024: new connection from sfa18k03-MDT0003-mdtlov (cleaning up unused objects from 0x5c0000400:29990752 to 0x5c0000400:29993489)
[ 2695.236733] Lustre: sfa18k03-OST0026: new connection from sfa18k03-MDT0003-mdtlov (cleaning up unused objects from 0xc40000400:30263436 to 0xc40000400:30264833)
[ 2716.435137] Lustre: sfa18k03-OST002d-osc-MDT0001: Connection restored to 172.25.80.53@tcp (at 172.25.80.53@tcp)
[ 2716.437227] Lustre: Skipped 5 previous similar messages
[ 2724.367260] LustreError: sfa18k03-OST0033-osc-MDT0001: operation ost_connect to node 172.25.80.53@tcp failed: rc = -19
[ 2724.370562] LustreError: Skipped 7 previous similar messages
[ 2769.436813] LustreError: sfa18k03-OST0033-osc-MDT0001: operation ost_connect to node 172.25.80.51@tcp failed: rc = -19
[ 2769.438905] LustreError: Skipped 2 previous similar messages
[ 2819.600800] LustreError: sfa18k03-OST0033-osc-MDT0001: operation ost_connect to node 172.25.80.53@tcp failed: rc = -19
[ 2822.849642] LustreError: sfa18k03-OST0033: not available for connect from 172.25.80.50@tcp (no target). If you are running an HA pair check that the target is mounted on the other server.
[ 2822.852998] LustreError: Skipped 129 previous similar messages
[ 2875.922239] LustreError: sfa18k03-OST0033-osc-MDT0001: operation ost_connect to node 172.25.80.51@tcp failed: rc = -19
[ 2921.490313] LDISKFS-fs (sdao): error count since last fsck: 388
[ 2921.491878] LDISKFS-fs (sdao): initial error at time 1727042772: ldiskfs_find_dest_de:2295: inode 73400343: block 2349208195
[ 2921.493946] LDISKFS-fs (sdao): last error at time 1727185903: ldiskfs_find_dest_de:2295: inode 73400343: block 2349208195
[ 2951.699280] LustreError: sfa18k03-OST0033-osc-MDT0001: operation ost_connect to node 172.25.80.53@tcp failed: rc = -19
[ 3043.861303] LustreError: sfa18k03-OST0033-osc-MDT0001: operation ost_connect to node 172.25.80.51@tcp failed: rc = -19
[ 3080.902092] LustreError: sfa18k03-OST0033: not available for connect from 172.25.80.50@tcp (no target). If you are running an HA pair check that the target is mounted on the other server.

--- Comment (pjones, Thu, 19 Sep 2024 14:20:36 +0000) ---
Closing as e2sck seems to have cleared this

--- Comment (dongyang, Thu, 19 Sep 2024 12:42:16 +0000) ---
The e2fsck log shows some inconsistencies, like some directory entries referring wrong inode and some inodes got no refs etc. but that looks like all been fixed by the e2fsck and I guess those are the previous errors when the system was running ddn167.

Please let us know if you run into ldiskfs errors again with the soak.

--- Comment (sarah, Wed, 18 Sep 2024 21:59:00 +0000) ---
After running e2fsck and restart soak, so far it is running fine. I will attach the e2fsck output.

--- Comment (dongyang, Tue, 17 Sep 2024 23:42:04 +0000) ---
cfaberNo I don't think it's related with LU-17711, which is specific to dx_root. Looks like here we are looking at previous old errors recorded in superblock when the system was running exa ddn167.

Please save and share the e2fsck output, which could help us understand what went wrong.

--- Comment (sarah, Tue, 17 Sep 2024 21:33:11 +0000) ---
I try to get another system and reformat it and run the same test but it has hardware issue and not usable for now.  I will run e2fsck to clear/fix the existing problems and restart soak and see how it goes.

--- Comment (sarah, Tue, 17 Sep 2024 15:48:55 +0000) ---
Does it reboot every time after loading the build? Was there any crash dump captured?
The error in the dmesg is the daily ext4 error report, if the superblock indicates there are errors in the fileystem,
I guess the pre-existing fs had errors in it, but that should not make the vm reboot.

No, it was fine after loading build and mount lustre, there is no crash dump, these vm just umounted all MDT/OST on them and rebooted.

The reboot seemed happened after I kicked off soak testing and with some applications running

--- Comment (JIRAUSER17312, Tue, 17 Sep 2024 14:31:39 +0000) ---
Hi dongyang does this relate to work that was done in LU-17711?

--- Comment (adilger, Tue, 17 Sep 2024 05:50:34 +0000) ---
LDISKFS-fs (sdao): error count since last fsck: 38

This is not really an error itself, but rather an indication that there previously an error that previously caused the filesystem to be remounted read-only. 

So the previous console logs need to be checked to see if there are LDISKFS-fs: error messages that caused the filesystem to be mounted read-only. 

To clear these messages, e2fsck needs to be run on the OSTs reporting the problem.

--- Comment (dongyang, Tue, 17 Sep 2024 05:42:18 +0000) ---
Does it reboot every time after loading the build? Was there any crash dump captured?

The error in the dmesg is the daily ext4 error report, if the superblock indicates there are errors in the fileystem,

I guess the pre-existing fs had errors in it, but that should not make the vm reboot.

--- Comment (sarah, Mon, 16 Sep 2024 19:11:46 +0000) ---
There is 1 thing I need to mention, the system was originally formatted with exa6.3.1 version ddn167,  and then switched kernel and lustre rpms with lustre master build without reformatted.

--- Comment (pjones, Mon, 16 Sep 2024 17:39:23 +0000) ---
Dongyang

Could you please investigate?

Thanks

Peter

--- Comment (sarah, Mon, 16 Sep 2024 17:22:49 +0000) ---
vm1 console

[63352.418379] Lustre: sfa18k03-OST0033: Recovery over after 0:05, of 4 clients 4 recovered and 0 were evicted.
[63352.418417] Lustre: sfa18k03-OST0033-osc-MDT0003: Connection restored to 172.25.80.53@tcp (at 0@lo)
[63352.420946] Lustre: Skipped 1 previous similar message
[63352.422753] Lustre: Skipped 4 previous similar messages
[63352.450713] Lustre: sfa18k03-OST0033: new connection from sfa18k03-MDT0003-mdtlov (cleaning up unused objects from 0x880000402:17983514 to 0x880000402:17985145)
[63352.472261] Lustre: sfa18k03-OST0033: new connection from sfa18k03-MDT0002-mdtlov (cleaning up unused objects from 0x880000401:17631962 to 0x880000401:17633496)
[63352.490876] Lustre: sfa18k03-OST0033: new connection from sfa18k03-MDT0000-mdtlov (cleaning up unused objects from 0x880000bd0:17530800 to 0x880000bd0:17532673)
[63352.501566] Lustre: sfa18k03-OST0033: new connection from sfa18k03-MDT0001-mdtlov (cleaning up unused objects from 0x880000400:17333998 to 0x880000400:17336002)
[63576.147937] LDISKFS-fs (sdaw): error count since last fsck: 3
[63576.147938] LDISKFS-fs (sdav): error count since last fsck: 239
[63576.147957] LDISKFS-fs (sdaw): initial error at time 1724092382: ldiskfs_generic_delete_entry:3037
[63576.150273] LDISKFS-fs (sdav): initial error at time 1723870968: ldiskfs_find_extent:938
[63576.151606] : inode 101974072
[63576.153345] : inode 232521733
[63576.154942] : block 58667355
[63576.155728] 
[63576.156505] 
[63576.157252] LDISKFS-fs (sdav): last error at time 1723871311: ldiskfs_find_extent:938
[63576.157806] LDISKFS-fs (sdaw): last error at time 1724092382: ldiskfs_delete_entry:3096
[63576.158339] : inode 232521733
[63576.159796] 
[63576.161240] 
[63641.685107] LDISKFS-fs (sdbd): error count since last fsck: 10
[63641.687379] LDISKFS-fs (sdbd): initial error at time 1723644538: ldiskfs_find_dest_de:2297: inode 177471539: block 35907476
[63641.689399] LDISKFS-fs (sdbd): last error at time 1723849469: ldiskfs_evict_inode:257
[63674.453680] LDISKFS-fs (sdbe): error count since last fsck: 4
[63674.455524] LDISKFS-fs (sdbe): initial error at time 1723693989: ldiskfs_find_dest_de:2297: inode 154402851: block 4941116119
[63674.457594] LDISKFS-fs (sdbe): last error at time 1723693989: ldiskfs_evict_inode:257
[ESC[0;32m  OK  ESC[0m] Stopped target Timers.
         Stopping Journal Gateway Service...
         Stopping LVM event activation on device 8:64...
         Stopping LVM event activation on device 8:16...
         Stopping LVM event activation on device 8:48...
[ESC[0;32m  OK  ESC[0m] Stopped Daily Cleanup of Temporary Directories.
