Key:        LU-10297
Summary:    parallel-scale-nfsv4 test_metabench: ASSERTION( nfound <= inuse->op_count ) failed
Link:       https://jira.whamcloud.com/browse/LU-10297
Type:       Bug
Priority:   Minor
Status:     Resolved
Resolution: Fixed
Assignee:   Zhenyu Xu
Reporter:   Maloo
Created:    Wed, 29 Nov 2017 23:27:26 +0000
Updated:    Fri, 2 Feb 2018 19:40:42 +0000
Resolved:   Mon, 11 Dec 2017 13:43:56 +0000

--- Description ---
This issue was created by maloo for sarah_lw 

This issue relates to the following test suite run: https://testing.hpdd.intel.com/test_sets/bbaab274-d4fa-11e7-9c63-52540065bddc.

The sub-test test_metabench failed with the following error:

Timeout occurred after 347 mins, last suite running was parallel-scale-nfsv4, restarting cluster to continue tests

2.10.2 RC1 EL7.4 zfs

MDS crash

[13488.166260] Lustre: DEBUG MARKER: dmesg
[13488.563678] Lustre: DEBUG MARKER: /usr/sbin/lctl mark == parallel-scale-nfsv4 test metabench: metabench ==================================================== 09:11:38 \(1511946698\)
[13488.724793] Lustre: DEBUG MARKER: == parallel-scale-nfsv4 test metabench: metabench ==================================================== 09:11:38 (1511946698)
[13641.720773] LustreError: 1187:0:(lod_qos.c:1624:lod_alloc_qos()) ASSERTION( nfound op_count ) failed: nfound:3, op_count:0
[13641.721991] LustreError: 1187:0:(lod_qos.c:1624:lod_alloc_qos()) LBUG
[13641.722604] Pid: 1187, comm: mdt00_011
[13641.722980] 
[13641.722980] Call Trace:
[13641.723386]  [] libcfs_call_trace+0x4e/0x60 [libcfs]
[13641.724029]  [] lbug_with_loc+0x4c/0xb0 [libcfs]
[13641.724636]  [] lod_alloc_qos.constprop.17+0x1582/0x1590 [lod]
[13641.725507]  [] lod_qos_prep_create+0x1291/0x17f0 [lod]
[13641.726161]  [] ? nvlist_lookup_byte_array+0x26/0x30 [znvpair]
[13641.726921]  [] ? __osd_xattr_get+0xa9/0x210 [osd_zfs]
[13641.727558]  [] ? osd_fid_lookup+0x47/0x3a0 [osd_zfs]
[13641.728196]  [] lod_prepare_create+0x298/0x3f0 [lod]
[13641.728900]  [] lod_declare_striped_create+0x1ee/0x970 [lod]
[13641.729620]  [] ? sa_object_size+0x15/0x20 [zfs]
[13641.730220]  [] lod_declare_xattr_set+0x221/0xe40 [lod]
[13641.730953]  [] mdd_create_data+0x487/0x720 [mdd]
[13641.731568]  [] mdt_mfd_open+0xc5a/0xe70 [mdt]
[13641.732152]  [] mdt_finish_open+0x57b/0x690 [mdt]
[13641.732832]  [] mdt_reint_open+0x179c/0x31a0 [mdt]
[13641.733464]  [] ? upcall_cache_get_entry+0x3f7/0x8f0 [obdclass]
[13641.734187]  [] ? lu_ucred+0x1e/0x30 [obdclass]
[13641.734853]  [] ? mdt_ucred+0x15/0x20 [mdt]
[13641.735398]  [] ? mdt_root_squash+0x21/0x430 [mdt]
[13641.736035]  [] mdt_reint_rec+0x80/0x210 [mdt]
[13641.736676]  [] mdt_reint_internal+0x5fb/0x9c0 [mdt]
[13641.737313]  [] mdt_intent_reint+0x162/0x430 [mdt]
[13641.737993]  [] mdt_intent_policy+0x43e/0xc70 [mdt]
[13641.738644]  [] ldlm_lock_enqueue+0x387/0x970 [ptlrpc]
[13641.739318]  [] ldlm_handle_enqueue0+0x9c3/0x1680 [ptlrpc]
[13641.740102]  [] ? lustre_swab_ldlm_request+0x0/0x30 [ptlrpc]
[13641.740847]  [] tgt_enqueue+0x62/0x210 [ptlrpc]
[13641.741488]  [] tgt_request_handle+0x925/0x1370 [ptlrpc]
[13641.742174]  [] ptlrpc_server_handle_request+0x236/0xa90 [ptlrpc]
[13641.742975]  [] ? __wake_up_common+0x58/0x90
[13641.743565]  [] ptlrpc_main+0xa92/0x1e40 [ptlrpc]
[13641.744168]  [] ? __switch_to+0xd7/0x510
[13641.744770]  [] ? __schedule+0x370/0x8b0
[13641.745310]  [] ? ptlrpc_main+0x0/0x1e40 [ptlrpc]
[13641.745927]  [] kthread+0xcf/0xe0
[13641.746448]  [] ? kthread+0x0/0xe0
[13641.746936]  [] ret_from_fork+0x58/0x90
[13641.747498]  [] ? kthread+0x0/0xe0
[13641.747980] 
[13641.748184] Kernel panic - not syncing: LBUG
[13641.748599] CPU: 0 PID: 1187 Comm: mdt00_011 Tainted: P           OE  ------------   3.10.0-693.5.2.el7_lustre.x86_64 #1
[13641.749598] Hardware name: Red Hat KVM, BIOS 0.5.1 01/01/2011
[13641.750132]  ffff88005a2f2f00 00000000d5284124 ffff88004dbbf558 ffffffff816a3e2d
[13641.750897]  ffff88004dbbf5d8 ffffffff8169dd14 ffffffff00000008 ffff88004dbbf5e8
[13641.751664]  ffff88004dbbf588 00000000d5284124 00000000d5284124 0000000000000246
[13641.752429] Call Trace:
[13641.752678]  [] dump_stack+0x19/0x1b
[13641.753161]  [] panic+0xe8/0x20d
[13641.753619]  [] lbug_with_loc+0x64/0xb0 [libcfs]
[13641.754206]  [] lod_alloc_qos.constprop.17+0x1582/0x1590 [lod]
[13641.754914]  [] lod_qos_prep_create+0x1291/0x17f0 [lod]
[13641.755559]  [] ? nvlist_lookup_byte_array+0x26/0x30 [znvpair]
[13641.756260]  [] ? __osd_xattr_get+0xa9/0x210 [osd_zfs]
[13641.756892]  [] ? osd_fid_lookup+0x47/0x3a0 [osd_zfs]
[13641.757517]  [] lod_prepare_create+0x298/0x3f0 [lod]
[13641.758127]  [] lod_declare_striped_create+0x1ee/0x970 [lod]
[13641.758822]  [] ? sa_object_size+0x15/0x20 [zfs]
[13641.759407]  [] lod_declare_xattr_set+0x221/0xe40 [lod]
[13641.760048]  [] mdd_create_data+0x487/0x720 [mdd]
[13641.760650]  [] mdt_mfd_open+0xc5a/0xe70 [mdt]
[13641.761217]  [] mdt_finish_open+0x57b/0x690 [mdt]
[13641.761818]  [] mdt_reint_open+0x179c/0x31a0 [mdt]
[13641.762425]  [] ? upcall_cache_get_entry+0x3f7/0x8f0 [obdclass]
[13641.763143]  [] ? lu_ucred+0x1e/0x30 [obdclass]
[13641.763723]  [] ? mdt_ucred+0x15/0x20 [mdt]
[13641.764266]  [] ? mdt_root_squash+0x21/0x430 [mdt]
[13641.764879]  [] mdt_reint_rec+0x80/0x210 [mdt]
[13641.765448]  [] mdt_reint_internal+0x5fb/0x9c0 [mdt]
[13641.766062]  [] mdt_intent_reint+0x162/0x430 [mdt]
[13641.766662]  [] mdt_intent_policy+0x43e/0xc70 [mdt]
[13641.767285]  [] ldlm_lock_enqueue+0x387/0x970 [ptlrpc]
[13641.767938]  [] ldlm_handle_enqueue0+0x9c3/0x1680 [ptlrpc]
[13641.768628]  [] ? lustre_swab_ldlm_lock_desc+0x30/0x30 [ptlrpc]
[13641.769359]  [] tgt_enqueue+0x62/0x210 [ptlrpc]
[13641.769961]  [] tgt_request_handle+0x925/0x1370 [ptlrpc]
[13641.770634]  [] ptlrpc_server_handle_request+0x236/0xa90 [ptlrpc]
[13641.771346]  [] ? __wake_up_common+0x58/0x90
[13641.771925]  [] ptlrpc_main+0xa92/0x1e40 [ptlrpc]
[13641.772515]  [] ? __switch_to+0xd7/0x510
[13641.773028]  [] ? __schedule+0x370/0x8b0
[13641.773567]  [] ? ptlrpc_register_service+0xe30/0xe30 [ptlrpc]
[13641.774255]  [] kthread+0xcf/0xe0
[13641.774718]  [] ? insert_kthread_work+0x40/0x40
[13641.775281]  [] ret_from_fork+0x58/0x90
[13641.775790]  [] ? insert_kthread_work+0x40/0x40
[    0.000000] Initializing cgroup subsys cpuset
[    0.000000] Initializing cgroup subsys cpu
[    0.000000] Initializing cgroup subsys cpuacct
[    0.000000] Linux version 3.10.0-693.5.2.el7_lustre.x86_64 (jenkins@trevis-310-el7-x8664-2.trevis.hpdd.intel.com) (gcc version 4.8.5 20150623 (Red Hat 4.8.5-4) (GCC) ) #1 SMP Mon Nov 27 15:30:51 UTC 2017
[    0.000000] Command line: BOOT_IMAGE=/boot/vmlinuz-3.10.0-693.5.2.el7_lustre.x86_64 root=UUID=d6ed6b92-d297-4df2-adc0-6d2fa1ffd5ed ro console=tty0 LANG=en_US.UTF-8 console=ttyS0,115200 net.ifnames=0 irqpoll nr_cpus=1 reset_devices cgroup_disable=memory mce=off numa=off udev.children-max=2 panic=10 rootflags=nofail acpi_no_memhotplug transparent_hugepage=never disable_cpu_apicid=0 elfcorehdr=867700K
[    0.000000] e820: BIOS-provided physical RAM map:
[    0.000000] BIOS-e820: [mem 0x0000000000000000-0x0000000000000fff] reserved
[    0.000000] BIOS-e820: [mem 0x0000000000001000-0x000000000009f7ff] usable
[    0.000000] BIOS-e820: [mem 0x000000000009f800-0x000000000009ffff] reserved
[    0.000000] BIOS-e820: [mem 0x00000000000f0000-0x00000000000fffff] reserved
[    0.000000] BIOS-e820: [mem 0x0000000021000000-0x0000000034f5cfff] usable
[    0.000000] BIOS-e820: [mem 0x0000000034fff800-0x0000000034ffffff] usable
[    0.000000] BIOS-e820: [mem 0x000000007fffa000-0x000000007fffffff] reserved
[    0.000000] BIOS-e820: [mem 0x00000000feffc000-0x00000000feffffff] reserved
[    0.000000] BIOS-e820: [mem 0x00000000fffc0000-0x00000000ffffffff] reserved
[    0.000000] NX (Execute Disable) protection: active
[    0.000000] SMBIOS 2.4 present.
[    0.000000] Hypervisor detected: KVM

--- Comment (gerrit, Fri, 2 Feb 2018 19:19:25 +0000) ---
John L. Hammond (john.hammond@intel.com) merged in patch https://review.whamcloud.com/30486/

Subject: op_count ) failed" class="issue-link" data-issue-key="LU-10297">LU-10297 lod: prepare inuse array always

Project: fs/lustre-release

Branch: b2_10

Current Patch Set: 

Commit: aaa6b54a34da23ea27154aba69f8c90210ae7784

--- Comment (gerrit, Tue, 12 Dec 2017 02:45:31 +0000) ---
Minh Diep (minh.diep@intel.com) uploaded a new patch: https://review.whamcloud.com/30486

Subject: op_count ) failed" class="issue-link" data-issue-key="LU-10297">LU-10297 lod: prepare inuse array always

Project: fs/lustre-release

Branch: b2_10

Current Patch Set: 1

Commit: 7585ab8889202aa1f7c81f6bb83b4d8c734b121a

--- Comment (pjones, Mon, 11 Dec 2017 13:43:56 +0000) ---
Landed for 2.11

--- Comment (gerrit, Mon, 11 Dec 2017 03:46:07 +0000) ---
Oleg Drokin (oleg.drokin@intel.com) merged in patch https://review.whamcloud.com/30334/

Subject: op_count ) failed" class="issue-link" data-issue-key="LU-10297">LU-10297 lod: prepare inuse array always

Project: fs/lustre-release

Branch: master

Current Patch Set: 

Commit: 2cca16ba7da4070c319cc6230b7dbb3e7a91e323

--- Comment (gerrit, Fri, 1 Dec 2017 02:01:14 +0000) ---
Bobi Jam (bobijam@hotmail.com) uploaded a new patch: https://review.whamcloud.com/30334

Subject: op_count ) failed" class="issue-link" data-issue-key="LU-10297">LU-10297 lod: prepare inuse array always

Project: fs/lustre-release

Branch: master

Current Patch Set: 1

Commit: bb2ac352282ff26ca13b4daa88b16aa4a8c1310b

--- Comment (pjones, Thu, 30 Nov 2017 18:57:35 +0000) ---
Bobijam

Can you please advise on this one?

Thanks

Peter
