Key:        LU-2818
Summary:    Failure on test suite parallel-scale-nfsv4 test_compilebench: (mdt_lvb.c:126:mdt_lvbo_fill()) ASSERTION( rc == 0 ) failed
Link:       https://jira.whamcloud.com/browse/LU-2818
Type:       Bug
Priority:   Major
Status:     Resolved
Resolution: Fixed
Assignee:   Hongchao Zhang
Reporter:   Maloo
Created:    Fri, 15 Feb 2013 03:22:53 +0000
Updated:    Wed, 17 Mar 2021 03:48:16 +0000
Resolved:   Tue, 11 Feb 2014 20:46:56 +0000
Links:      Duplicate: is duplicated by LU-6472; Related: is related to  LU-2748

--- Description ---
This issue was created by maloo for sarah 

This issue relates to the following test suite run: https://maloo.whamcloud.com/test_sets/25d39028-755e-11e2-bf59-52540035b04c.

The sub-test test_compilebench failed with the following error:

compilebench failed: 1

MDS console:

12:44:26:Lustre: DEBUG MARKER: == parallel-scale-nfsv4 test compilebench: compilebench ============================================== 12:44:25 (1360701865)
12:44:27:Lustre: DEBUG MARKER: /usr/sbin/lctl mark .\/compilebench -D \/mnt\/lustre\/d0.compilebench -i 2         -r 2 --makej
12:44:27:Lustre: DEBUG MARKER: ./compilebench -D /mnt/lustre/d0.compilebench -i 2 -r 2 --makej
13:06:42:mdt00_003: page allocation failure. order:5, mode:0x50
13:06:42:Pid: 22716, comm: mdt00_003 Not tainted 2.6.32-279.19.1.el6_lustre.x86_64 #1
13:06:42:Call Trace:
13:06:42: [] ? __alloc_pages_nodemask+0x77f/0x940
13:06:42: [] ? kmem_getpages+0x62/0x170
13:06:42: [] ? fallback_alloc+0x1ba/0x270
13:06:42: [] ? cache_grow+0x2cf/0x320
13:06:42: [] ? ____cache_alloc_node+0x99/0x160
13:06:42: [] ? cfs_alloc+0x30/0x60 [libcfs]
13:06:42: [] ? __kmalloc+0x189/0x220
13:06:42: [] ? cfs_alloc+0x30/0x60 [libcfs]
13:06:42: [] ? osd_key_init+0x1e/0x670 [osd_ldiskfs]
13:06:42: [] ? keys_fill+0x6f/0x190 [obdclass]
13:06:42: [] ? lu_context_init+0xab/0x260 [obdclass]
13:06:42: [] ? lu_env_init+0x1e/0x30 [obdclass]
13:06:42: [] ? mdt_lvbo_fill+0x1af/0x800 [mdt]
13:06:42: [] ? mdt_lvbo_fill+0x0/0x800 [mdt]
13:06:42: [] ? ldlm_handle_enqueue0+0x641/0x1080 [ptlrpc]
13:06:42: [] ? mdt_enqueue+0x46/0x110 [mdt]
13:06:42: [] ? mdt_handle_common+0x628/0x1620 [mdt]
13:06:42: [] ? mds_regular_handle+0x15/0x20 [mdt]
13:06:42: [] ? ptlrpc_server_handle_request+0x41c/0xdf0 [ptlrpc]
13:06:42: [] ? cfs_timer_arm+0xe/0x10 [libcfs]
13:06:42: [] ? ptlrpc_wait_event+0xa9/0x290 [ptlrpc]
13:06:42: [] ? __wake_up+0x53/0x70
13:06:42: [] ? ptlrpc_main+0xb76/0x1870 [ptlrpc]
13:06:42: [] ? ptlrpc_main+0x0/0x1870 [ptlrpc]
13:06:42: [] ? child_rip+0xa/0x20
13:06:42: [] ? ptlrpc_main+0x0/0x1870 [ptlrpc]
13:06:42: [] ? ptlrpc_main+0x0/0x1870 [ptlrpc]
13:06:42: [] ? child_rip+0x0/0x20
13:06:42:Mem-Info:
13:06:42:Node 0 DMA per-cpu:
13:06:42:CPU    0: hi:    0, btch:   1 usd:   0
13:06:42:Node 0 DMA32 per-cpu:
13:06:42:CPU    0: hi:  186, btch:  31 usd: 152
13:06:42:active_anon:4078 inactive_anon:1377 isolated_anon:0
13:06:42: active_file:109040 inactive_file:162532 isolated_file:0
13:06:42: unevictable:0 dirty:14064 writeback:512 unstable:0
13:06:42: free:14243 slab_reclaimable:32585 slab_unreclaimable:116609
13:06:42: mapped:3106 shmem:41 pagetables:752 bounce:0
13:06:42:Node 0 DMA free:8348kB min:332kB low:412kB high:496kB active_anon:0kB inactive_anon:0kB active_file:184kB inactive_file:3376kB unevictable:0kB isolated(anon):0kB isolated(file):0kB present:15324kB mlocked:0kB dirty:0kB writeback:0kB mapped:0kB shmem:0kB slab_reclaimable:556kB slab_unreclaimable:3268kB kernel_stack:0kB pagetables:0kB unstable:0kB bounce:0kB writeback_tmp:0kB pages_scanned:0 all_unreclaimable? no
13:06:42:lowmem_reserve[]: 0 2003 2003 2003
13:06:42:Node 0 DMA32 free:48624kB min:44720kB low:55900kB high:67080kB active_anon:16312kB inactive_anon:5508kB active_file:435976kB inactive_file:646752kB unevictable:0kB isolated(anon):0kB isolated(file):0kB present:2052064kB mlocked:0kB dirty:56256kB writeback:2048kB mapped:12424kB shmem:164kB slab_reclaimable:129784kB slab_unreclaimable:463168kB kernel_stack:1960kB pagetables:3008kB unstable:0kB bounce:0kB writeback_tmp:0kB pages_scanned:0 all_unreclaimable? no
13:06:42:lowmem_reserve[]: 0 0 0 0
13:06:42:Node 0 DMA: 33*4kB 5*8kB 3*16kB 0*32kB 1*64kB 1*128kB 1*256kB 1*512kB 1*1024kB 3*2048kB 0*4096kB = 8348kB
13:06:42:Node 0 DMA32: 5780*4kB 2228*8kB 4*16kB 28*32kB 3*64kB 3*128kB 2*256kB 1*512kB 1*1024kB 0*2048kB 1*4096kB = 48624kB
13:06:42:195649 total pagecache pages
13:06:42:0 pages in swap cache
13:06:42:Swap cache stats: add 0, delete 0, find 0/0
13:06:42:Free swap  = 4128760kB
13:06:42:Total swap = 4128760kB
13:06:42:524284 pages RAM
13:06:42:43608 pages reserved
13:06:42:207968 pages shared
13:06:42:267301 pages non-shared
13:06:42:LustreError: 22716:0:(mdt_lvb.c:126:mdt_lvbo_fill()) ASSERTION( rc == 0 ) failed: 
13:06:42:LustreError: 22716:0:(mdt_lvb.c:126:mdt_lvbo_fill()) LBUG
13:06:42:Pid: 22716, comm: mdt00_003
13:06:42:
13:06:42:Call Trace:
13:06:42: [] libcfs_debug_dumpstack+0x55/0x80 [libcfs]
13:06:42: [] lbug_with_loc+0x47/0xb0 [libcfs]
13:06:42: [] mdt_lvbo_fill+0x785/0x800 [mdt]
13:06:42: [] ? mdt_lvbo_fill+0x0/0x800 [mdt]
13:06:42: [] ldlm_handle_enqueue0+0x641/0x1080 [ptlrpc]
13:06:42: [] mdt_enqueue+0x46/0x110 [mdt]
13:06:43: [] mdt_handle_common+0x628/0x1620 [mdt]
13:06:43: [] mds_regular_handle+0x15/0x20 [mdt]
13:06:43: [] ptlrpc_server_handle_request+0x41c/0xdf0 [ptlrpc]
13:06:43: [] ? cfs_timer_arm+0xe/0x10 [libcfs]
13:06:43: [] ? ptlrpc_wait_event+0xa9/0x290 [ptlrpc]
13:06:43: [] ? __wake_up+0x53/0x70
13:06:43: [] ptlrpc_main+0xb76/0x1870 [ptlrpc]
13:06:43: [] ? ptlrpc_main+0x0/0x1870 [ptlrpc]
13:06:43: [] child_rip+0xa/0x20
13:06:43: [] ? ptlrpc_main+0x0/0x1870 [ptlrpc]
13:06:43: [] ? ptlrpc_main+0x0/0x1870 [ptlrpc]
13:06:43: [] ? child_rip+0x0/0x20
13:06:43:
13:06:43:Kernel panic - not syncing: LBUG

--- Comment (pjones, Tue, 11 Feb 2014 20:46:56 +0000) ---
Landed for 2.6

--- Comment (green, Tue, 21 Jan 2014 18:55:28 +0000) ---
Because I am really tired of hittign this issue, here's a patch to at least making mdt not crash when it happens:

http://review.whamcloud.com/8947

--- Comment (bzzz, Tue, 23 Jul 2013 07:19:55 +0000) ---
I think this can stop to happen once we start to fetch the layouts with explicit getxattr..

--- Comment (green, Tue, 23 Jul 2013 05:09:30 +0000) ---
I am now frequently hitting this again while running sanity in a loop, this didi not happen bfore in this sort of a test on same config node, so we probably need to take another look at this?

[13497.371686] mdt00_004: page allocation failure. order:1, mode:0x40
[13497.372009] Pid: 11831, comm: mdt00_004 Not tainted 2.6.32-rhe6.4-debug #2
[13497.372016] Call Trace:
[13497.372016]  [] ? __alloc_pages_nodemask+0x7c6/0x980
[13497.372016]  [] ? _spin_unlock+0xe/0x10
[13497.372016]  [] ? kmem_getpages+0x62/0x170
[13497.372016]  [] ? fallback_alloc+0x1ba/0x270
[13497.372016]  [] ? cache_grow+0x4d7/0x520
[13497.372016]  [] ? ____cache_alloc_node+0xa8/0x200
[13497.372016]  [] ? kmem_cache_alloc_trace+0x1c3/0x250
[13497.372016]  [] ? osd_key_init+0x25/0x4e0 [osd_ldiskfs]
[13497.372016]  [] ? osd_key_init+0x25/0x4e0 [osd_ldiskfs]
[13497.372016]  [] ? keys_fill+0x6f/0x190 [obdclass]
[13497.372016]  [] ? lu_context_init+0x4e/0x240 [obdclass]
[13497.372016]  [] ? lu_context_init+0xa3/0x240 [obdclass]
[13497.372016]  [] ? lu_env_init+0x1e/0x30 [obdclass]
[13497.372016]  [] ? mdt_lvbo_fill+0x1ab/0x840 [mdt]
[13497.372016]  [] ? mdt_lvbo_fill+0x0/0x840 [mdt]
[13497.372016]  [] ? ldlm_handle_enqueue0+0x623/0x10c0 [ptlrpc]
[13497.372016]  [] ? mdt_enqueue+0x46/0xe0 [mdt]
[13497.372016]  [] ? mdt_handle_common+0x647/0x16d0 [mdt]
[13497.372016]  [] ? mds_regular_handle+0x15/0x20 [mdt]
[13497.372016]  [] ? ptlrpc_server_handle_request+0x3a8/0xc70 [ptlrpc]
[13497.372016]  [] ? cfs_timer_arm+0xe/0x10 [libcfs]
[13497.372016]  [] ? lc_watchdog_touch+0x6f/0x170 [libcfs]
[13497.372016]  [] ? ptlrpc_wait_event+0xb1/0x2a0 [ptlrpc]
[13497.372016]  [] ? __wake_up+0x53/0x70
[13497.372016]  [] ? ptlrpc_main+0xa22/0x1650 [ptlrpc]
[13497.372016]  [] ? ptlrpc_main+0x0/0x1650 [ptlrpc]
[13497.372016]  [] ? kthread+0x96/0xa0
[13497.372016]  [] ? child_rip+0xa/0x20
[13497.372016]  [] ? kthread+0x0/0xa0
[13497.372016]  [] ? child_rip+0x0/0x20
[13497.372016] Mem-Info:
[13497.372016] Node 0 DMA per-cpu:
[13497.372016] CPU    0: hi:    0, btch:   1 usd:   0
[13497.385289] CPU    1: hi:    0, btch:   1 usd:   0
[13497.385289] CPU    2: hi:    0, btch:   1 usd:   0
[13497.385289] CPU    3: hi:    0, btch:   1 usd:   0
[13497.385289] Node 0 DMA32 per-cpu:
[13497.385289] CPU    0: hi:  186, btch:  31 usd:  26
[13497.385289] CPU    1: hi:  186, btch:  31 usd:  75
[13497.385289] CPU    2: hi:  186, btch:  31 usd: 177
[13497.385289] CPU    3: hi:  186, btch:  31 usd: 170
[13497.385289] active_anon:83027 inactive_anon:83006 isolated_anon:0
[13497.385289]  active_file:31104 inactive_file:29174 isolated_file:0
[13497.385289]  unevictable:0 dirty:59 writeback:55 unstable:0
[13497.385289]  free:13805 slab_reclaimable:79792 slab_unreclaimable:363470
[13497.385289]  mapped:669 shmem:163871 pagetables:341 bounce:0
[13497.388538] Node 0 DMA free:9700kB min:136kB low:168kB high:204kB active_anon:0kB inactive_anon:0kB active_file:0kB inactive_file:0kB unevictable:0kB isolated(anon):0kB isolated(file):0kB present:9312kB mlocked:0kB dirty:0kB writeback:0kB mapped:0kB shmem:0kB slab_reclaimable:0kB slab_unreclaimable:0kB kernel_stack:0kB pagetables:0kB unstable:0kB bounce:0kB writeback_tmp:0kB pages_scanned:0 all_unreclaimable? yes
[13497.389526] lowmem_reserve[]: 0 2967 2967 2967
[13497.389526] Node 0 DMA32 free:45520kB min:44916kB low:56144kB high:67372kB active_anon:332000kB inactive_anon:332388kB active_file:124252kB inactive_file:116696kB unevictable:0kB isolated(anon):0kB isolated(file):0kB present:3039080kB mlocked:0kB dirty:236kB writeback:220kB mapped:2676kB shmem:655484kB slab_reclaimable:319168kB slab_unreclaimable:1453880kB kernel_stack:2640kB pagetables:1364kB unstable:0kB bounce:0kB writeback_tmp:0kB pages_scanned:861 all_unreclaimable? no
[13497.389526] lowmem_reserve[]: 0 0 0 0
[13497.389526] Node 0 DMA: 3*4kB 1*8kB 3*16kB 1*32kB 2*64kB 0*128kB 1*256kB 0*512kB 1*1024kB 0*2048kB 2*4096kB = 9700kB
[13497.389526] Node 0 DMA32: 10258*4kB 18*8kB 0*16kB 0*32kB 0*64kB 0*128kB 0*256kB 0*512kB 0*1024kB 0*2048kB 1*4096kB = 45272kB
[13497.389526] 194553 total pagecache pages
[13497.389526] 0 pages in swap cache
[13497.389526] Swap cache stats: add 1550, delete 1550, find 434/448
[13497.389526] Free swap  = 2091392kB
[13497.389526] Total swap = 2097144kB
[13497.389526] 774397 pages RAM
[13497.389526] 38457 pages reserved
[13497.389526] 19663 pages shared
[13497.389526] 697781 pages non-shared
[13497.402539] LustreError: 11831:0:(mdt_lvb.c:125:mdt_lvbo_fill()) ASSERTION( rc == 0 ) failed: 
[13497.403365] LustreError: 11831:0:(mdt_lvb.c:125:mdt_lvbo_fill()) LBUG
[13497.403820] Pid: 11831, comm: mdt00_004
[13497.404356] 
[13497.404356] Call Trace:
[13497.405032]  [] libcfs_debug_dumpstack+0x55/0x80 [libcfs]
[13497.405510]  [] lbug_with_loc+0x47/0xb0 [libcfs]
[13497.405979]  [] mdt_lvbo_fill+0x764/0x840 [mdt]
[13497.406426]  [] ? mdt_lvbo_fill+0x0/0x840 [mdt]
[13497.406735]  [] ldlm_handle_enqueue0+0x623/0x10c0 [ptlrpc]
[13497.407043]  [] mdt_enqueue+0x46/0xe0 [mdt]
[13497.407317]  [] mdt_handle_common+0x647/0x16d0 [mdt]
[13497.407604]  [] mds_regular_handle+0x15/0x20 [mdt]
[13497.407908]  [] ptlrpc_server_handle_request+0x3a8/0xc70 [ptlrpc]
[13497.408502]  [] ? cfs_timer_arm+0xe/0x10 [libcfs]
[13497.408814]  [] ? lc_watchdog_touch+0x6f/0x170 [libcfs]
[13497.409138]  [] ? ptlrpc_wait_event+0xb1/0x2a0 [ptlrpc]
[13497.409425]  [] ? __wake_up+0x53/0x70
[13497.409706]  [] ptlrpc_main+0xa22/0x1650 [ptlrpc]
[13497.410010]  [] ? ptlrpc_main+0x0/0x1650 [ptlrpc]
[13497.410288]  [] kthread+0x96/0xa0
[13497.410537]  [] child_rip+0xa/0x20
[13497.410790]  [] ? kthread+0x0/0xa0
[13497.411045]  [] ? child_rip+0x0/0x20
[13497.411299] 
[13497.681303] Kernel panic - not syncing: LBUG

--- Comment (hongchao.zhang, Wed, 27 Mar 2013 11:04:18 +0000) ---
the patch passing the "env" into ldlm module has been pushed to Gerrit.

--- Comment (bzzz, Mon, 18 Mar 2013 13:27:25 +0000) ---
we're not allocating large chunks for osd_thread_info anymore, so this isn't a blocker already.

--- Comment (hongchao.zhang, Mon, 18 Mar 2013 10:35:40 +0000) ---
status update:

the patch which adding "lu_env" to "LDLM" modules is not ready yet for its complexity, and it affects lots of funtions.

it's better to test&merge the patches in LU-2748, then this ticket can be dropped as a blocker.

--- Comment (hongchao.zhang, Thu, 21 Feb 2013 06:21:39 +0000) ---
the additional patch is tracked at http://review.whamcloud.com/#change,5497

--- Comment (hongchao.zhang, Mon, 18 Feb 2013 09:36:03 +0000) ---
this bug can be mitigated greatly by the patches(http://review.whamcloud.com/#change,5323, http://review.whamcloud.com/#change,5444) in LU-2748.

and I am also creating a patch to let "mdt_lvbo_fill" to find the corresponding "lu_env" in the current ptlrpc_thread to eliminate the need to

allocate a new "lu_env".
