Key:        LU-3680
Summary:    OOM crash: null_alloc_rs()) ASSERTION( rs->rs_size >= rs_size ) failed
Link:       https://jira.whamcloud.com/browse/LU-3680
Type:       Bug
Priority:   Major
Status:     Resolved
Resolution: Fixed
Assignee:   Oleg Drokin
Reporter:   Oleg Drokin
Created:    Thu, 1 Aug 2013 01:25:57 +0000
Updated:    Wed, 16 Mar 2016 05:22:47 +0000
Resolved:   Sun, 19 Jan 2014 04:09:44 +0000
Links:      Duplicate: duplicates LU-4357; Duplicate: is duplicated by LU-6472; Related: is related to LU-6324
Attachments: lu3680.txt.gz

--- Description ---
Hit this running sanity in a loop:

[80900.195000] ldlm_cn01_000: page allocation failure. order:1, mode:0x40
[80900.195002] Pid: 17587, comm: ldlm_cn01_000 Not tainted 2.6.32-rhe6.4-debug #2
[80900.195003] Call Trace:
[80900.195008]  [] ? __alloc_pages_nodemask+0x7c6/0x980
[80900.195011]  [] ? kmem_getpages+0x62/0x170
[80900.195013]  [] ? fallback_alloc+0x1ba/0x270
[80900.195015]  [] ? cache_grow+0x4d7/0x520
[80900.195017]  [] ? ____cache_alloc_node+0xa8/0x200
[80900.195018]  [] ? kmem_cache_alloc_trace+0x1c3/0x250
[80900.195029]  [] ? osd_key_init+0x25/0x4e0 [osd_ldiskfs]
[80900.195035]  [] ? osd_key_init+0x25/0x4e0 [osd_ldiskfs]
[80900.195060]  [] ? keys_fill+0x6f/0x190 [obdclass]
[80900.195090]  [] ? lu_context_init+0x4e/0x240 [obdclass]
[80900.195109]  [] ? lu_context_init+0xa3/0x240 [obdclass]
[80900.195111]  [] ? cache_free_debugcheck+0x2ae/0x360
[80900.195130]  [] ? lu_env_init+0x1e/0x30 [obdclass]
[80900.195140]  [] ? ofd_lvbo_update+0x7a/0xea8 [ofd]
[80900.195164]  [] ? ldlm_resource_putref+0x1d4/0x280 [ptlrpc]
[80900.195186]  [] ? ldlm_request_cancel+0x247/0x410 [ptlrpc]
[80900.195206]  [] ? ldlm_handle_cancel+0x13d/0x240 [ptlrpc]
[80900.195226]  [] ? ldlm_cancel_handler+0x1e9/0x500 [ptlrpc]
[80900.195250]  [] ? ptlrpc_server_handle_request+0x3b1/0xc70 [ptlrpc]
[80900.195260]  [] ? cfs_timer_arm+0xe/0x10 [libcfs]
[80900.195270]  [] ? lc_watchdog_touch+0x6f/0x170 [libcfs]
[80900.195340]  [] ? ptlrpc_wait_event+0xb1/0x2a0 [ptlrpc]
[80900.195345]  [] ? __wake_up+0x53/0x70
[80900.195367]  [] ? ptlrpc_main+0xa22/0x1650 [ptlrpc]
[80900.195437]  [] ? ptlrpc_main+0x0/0x1650 [ptlrpc]
[80900.195441]  [] ? kthread+0x96/0xa0
[80900.195444]  [] ? child_rip+0xa/0x20
[80900.195447]  [] ? kthread+0x0/0xa0
[80900.195448]  [] ? child_rip+0x0/0x20
[80900.195449] Mem-Info:
[80900.195450] Node 0 DMA per-cpu:
[80900.195451] CPU    0: hi:    0, btch:   1 usd:   0
[80900.195452] CPU    1: hi:    0, btch:   1 usd:   0
[80900.195453] CPU    2: hi:    0, btch:   1 usd:   0
[80900.195454] CPU    3: hi:    0, btch:   1 usd:   0
[80900.195455] CPU    4: hi:    0, btch:   1 usd:   0
[80900.195456] CPU    5: hi:    0, btch:   1 usd:   0
[80900.195458] CPU    6: hi:    0, btch:   1 usd:   0
[80900.195459] CPU    7: hi:    0, btch:   1 usd:   0
[80900.195459] Node 0 DMA32 per-cpu:
[80900.195460] CPU    0: hi:  186, btch:  31 usd:  51
[80900.195461] CPU    1: hi:  186, btch:  31 usd:  26
[80900.195462] CPU    2: hi:  186, btch:  31 usd:   0
[80900.195463] CPU    3: hi:  186, btch:  31 usd:   0
[80900.195464] CPU    4: hi:  186, btch:  31 usd:  57
[80900.195465] CPU    5: hi:  186, btch:  31 usd: 174
[80900.195466] CPU    6: hi:  186, btch:  31 usd: 162
[80900.195467] CPU    7: hi:  186, btch:  31 usd:  32
[80900.195470] active_anon:61548 inactive_anon:61459 isolated_anon:0
[80900.195470]  active_file:94797 inactive_file:74222 isolated_file:0
[80900.195471]  unevictable:0 dirty:20 writeback:0 unstable:0
[80900.195471]  free:43025 slab_reclaimable:75111 slab_unreclaimable:271092
[80900.195472]  mapped:577 shmem:119300 pagetables:383 bounce:0
[80900.195473] Node 0 DMA free:9692kB min:136kB low:168kB high:204kB active_anon:0kB inactive_anon:0kB active_file:0kB inactive_file:0kB unevictable:0kB isolated(anon):0kB isolated(file):0kB present:9296kB mlocked:0kB dirty:0kB writeback:0kB mapped:0kB shmem:0kB slab_reclaimable:0kB slab_unreclaimable:0kB kernel_stack:0kB pagetables:0kB unstable:0kB bounce:0kB writeback_tmp:0kB pages_scanned:0 all_unreclaimable? yes
[80900.195478] lowmem_reserve[]: 0 2967 2967 2967
[80900.195479] Node 0 DMA32 free:162408kB min:44916kB low:56144kB high:67372kB active_anon:246192kB inactive_anon:245836kB active_file:379188kB inactive_file:296888kB unevictable:0kB isolated(anon):0kB isolated(file):0kB present:3039076kB mlocked:0kB dirty:80kB writeback:0kB mapped:2308kB shmem:477200kB slab_reclaimable:300444kB slab_unreclaimable:1084368kB kernel_stack:3296kB pagetables:1532kB unstable:0kB bounce:0kB writeback_tmp:0kB pages_scanned:0 all_unreclaimable? no
[80900.195485] lowmem_reserve[]: 0 0 0 0
[80900.195486] Node 0 DMA: 3*4kB 0*8kB 3*16kB 1*32kB 2*64kB 0*128kB 1*256kB 0*512kB 1*1024kB 0*2048kB 2*4096kB = 9692kB
[80900.195490] Node 0 DMA32: 37378*4kB 1032*8kB 32*16kB 1*32kB 0*64kB 0*128kB 0*256kB 0*512kB 0*1024kB 0*2048kB 1*4096kB = 162408kB
[80900.195495] 129723 total pagecache pages
[80900.195496] 925 pages in swap cache
[80900.195497] Swap cache stats: add 376365, delete 375440, find 1323456/1328202
[80900.195498] Free swap  = 1869104kB
[80900.195499] Total swap = 2097144kB
[80900.198861] 774396 pages RAM
[80900.198861] 38583 pages reserved
[80900.198861] 11942 pages shared
[80900.198861] 675636 pages non-shared
[80900.226747] 129650 total pagecache pages
[80900.226747] 1136 pages in swap cache
[80900.226747] Swap cache stats: add 376650, delete 375514, find 1323456/1328202
[80900.226747] Free swap  = 1867964kB
[80900.226747] Total swap = 2097144kB
[80900.226747] 774396 pages RAM
[80900.226747] 38583 pages reserved
[80900.226747] 11963 pages shared
[80900.226747] 668761 pages non-shared
[80900.502883] LustreError: 17604:0:(sec_null.c:318:null_alloc_rs()) ASSERTION( rs->rs_size >= rs_size ) failed: 
[80900.504111] LustreError: 17604:0:(sec_null.c:318:null_alloc_rs()) LBUG
[80900.504782] Pid: 17604, comm: mdt01_002
[80900.505352] 
[80900.505353] Call Trace:
[80900.506312]  [] libcfs_debug_dumpstack+0x55/0x80 [libcfs]
[80900.507011]  [] lbug_with_loc+0x47/0xb0 [libcfs]
[80900.507716]  [] null_alloc_rs+0x272/0x390 [ptlrpc]
[80900.508419]  [] sptlrpc_svc_alloc_rs+0x1d9/0x2a0 [ptlrpc]
[80900.509166]  [] lustre_pack_reply_v2+0x98/0x2a0 [ptlrpc]
[80900.509906]  [] lustre_pack_reply_flags+0xae/0x1f0 [ptlrpc]
[80900.510935]  [] lustre_pack_reply+0x11/0x20 [ptlrpc]
[80900.511642]  [] req_capsule_server_pack+0x53/0x100 [ptlrpc]
[80900.513248]  [] mdt_getxattr+0x585/0x13c0 [mdt]
[80900.514017]  [] mdt_intent_getxattr+0x9e/0x160 [mdt]
[80900.514572]  [] mdt_intent_policy+0x3ae/0x770 [mdt]
[80900.515391]  [] ldlm_lock_enqueue+0x2ea/0x860 [ptlrpc]
[80900.516099]  [] ldlm_handle_enqueue0+0x4ef/0x10c0 [ptlrpc]
[80900.518542]  [] mdt_enqueue+0x46/0xe0 [mdt]
[80900.519098]  [] mdt_handle_common+0x647/0x16d0 [mdt]
[80900.519529]  [] mds_regular_handle+0x15/0x20 [mdt]
[80900.519959]  [] ptlrpc_server_handle_request+0x3b1/0xc70 [ptlrpc]
[80900.520740]  [] ? cfs_timer_arm+0xe/0x10 [libcfs]
[80900.521190]  [] ? lc_watchdog_touch+0x6f/0x170 [libcfs]
[80900.521644]  [] ? ptlrpc_wait_event+0xb1/0x2a0 [ptlrpc]
[80900.522146]  [] ? __wake_up+0x53/0x70
[80900.522670]  [] ptlrpc_main+0xa22/0x1650 [ptlrpc]
[80900.523097]  [] ? ptlrpc_main+0x0/0x1650 [ptlrpc]
[80900.523532]  [] kthread+0x96/0xa0
[80900.526690]  [] child_rip+0xa/0x20
[80900.527224]  [] ? kthread+0x0/0xa0
[80900.527603]  [] ? child_rip+0x0/0x20
[80900.528010] 
[80900.528950] Kernel panic - not syncing: LBUG

--- Comment (gerrit, Tue, 3 Mar 2015 02:17:14 +0000) ---
Oleg Drokin (oleg.drokin@intel.com) merged in patch http://review.whamcloud.com/9726/

Subject: rs_size >= rs_size ) failed" class="issue-link" data-issue-key="LU-3680">LU-3680 osd: reduce osd_thread_info in ldiskfs osd

Project: fs/lustre-release

Branch: master

Current Patch Set: 

Commit: 56875fde8c66a4a937b173ccb065a9a6a3c67419

--- Comment (bzzz, Wed, 19 Mar 2014 17:09:09 +0000) ---
http://review.whamcloud.com/#/c/9726/ - osd_thread_info fits 4K

--- Comment (adilger, Thu, 13 Feb 2014 22:06:35 +0000) ---
Shows mode:0x40 == __GFP_IO, but missing __GFP_WAIT from LU-4357.

--- Comment (green, Sun, 19 Jan 2014 04:08:25 +0000) ---
Patch landed to master for 2.6.0, and to b2_4 for 2.4.3 (should it ever happen) and b2_5 for 2.5.1.

--- Comment (paf, Fri, 22 Nov 2013 16:49:09 +0000) ---
Re-pushed patch to get Maloo to test again.  If tests pass, I'm planning to invite Oleg to review.

--- Comment (lixi, Fri, 15 Nov 2013 02:04:00 +0000) ---
Patrick,

Thank you very much for confirming this! I am glad that we've made some progress finally.

Li Xi

--- Comment (paf, Thu, 14 Nov 2013 20:55:52 +0000) ---
Li,

It looks like you're right - I must have made a mistake in my build/install process before.  With your patch, I am no longer able to hit this bug.

	Patrick

--- Comment (paf, Thu, 14 Nov 2013 03:56:12 +0000) ---
Li,

I'm sorry, you're right - I misread my own dump.  I'm fairly sure I had the patch in place, but I'm happy to try again.  It's always possible I made a mistake in setting things up.

I should be able to test that tomorrow.

By the way, if you're interested in trying to reproduce this, I'm just running this script from a client to generate activity:

for idx in $(seq 0 10000); do
    time ls -laR > /dev/null
    touch somefile
    rm -f somefiles
    echo $idx: $(date +%T) $(grep MemFree /proc/meminfo)
done

Then running this code on the MDS to create memory pressure (you have to hold down enter, it consumes real memory much more slowly than the rate at which it's allocating memory).  Once memory gets low, just keep running this code and you should see the bug within a minute or so:

#include 
#include 

int main()
{
    int i;
    char* junk;

start: i = 0;

    while(i "Malloc!\n"); 
        junk = malloc(1024*1024*1024); 
        junk[0] = i; 
        i++; 
    }

    printf("Mallocced 50 GB. Press enter to malloc another 50.\n");
    printf("Note: This seems to use roughly 10 MB of real memory each time.\n");
    getchar();
    goto start;
}

--- Comment (lixi, Thu, 14 Nov 2013 03:42:50 +0000) ---
Patrick,

Thanks for you test. I am sorry that this LBUG happended again. You said that this is a different LBUG, but the trace looks the same to me. Is there anything I missed?

It surprises me that the patch does not help at all. I though it fixes a problem and might eliminate the LBUG. Would you please doule check that the patch is applied properly?

Since the problem happens when the memory is under heavy pressure, I think the buffer is likely to be allocaed by lustre_get_emerg_rs(). And that's why I am surpised that the patch didn't help...

Thanks!

--- Comment (paf, Fri, 8 Nov 2013 05:30:13 +0000) ---
Li,

Different LBUG, same function:

LustreError: 12155:0:(sec_null.c:318:null_alloc_rs()) ASSERTION( rs->rs_size >= rs_size ) failed:

LustreError: 12155:0:(sec_null.c:318:null_alloc_rs()) LBUG

Pid: 12155, comm: mdt00_000

Call Trace:

 [] libcfs_debug_dumpstack+0x55/0x80 [libcfs]

 [] lbug_with_loc+0x47/0xb0 [libcfs]

 [] null_alloc_rs+0x272/0x390 [ptlrpc]

 [] sptlrpc_svc_alloc_rs+0x1e7/0x350 [ptlrpc]

 [] lustre_pack_reply_v2+0x93/0x280 [ptlrpc]

 [] lustre_pack_reply_flags+0xae/0x1f0 [ptlrpc]

 [] lustre_pack_reply+0x11/0x20 [ptlrpc]

 [] req_capsule_server_pack+0x53/0x100 [ptlrpc]

 [] mdt_getxattr+0x545/0x1490 [mdt]

 [] mdt_intent_getxattr+0x9e/0x160 [mdt]

 [] ? lu_object_find+0x16/0x20 [obdclass]

 [] mdt_intent_policy+0x499/0xca0 [mdt]

 [] ldlm_lock_enqueue+0x361/0x8c0 [ptlrpc]

 [] ldlm_handle_enqueue0+0x4ef/0x10a0 [ptlrpc]

 [] tgt_enqueue+0x62/0x1d0 [ptlrpc]

 [] tgt_request_handle+0x5ff/0x1200 [ptlrpc]

 [] ? lustre_msg_get_transno+0x8c/0x100 [ptlrpc]

 [] ptlrpc_server_handle_request+0x385/0xc00 [ptlrpc]

 [] ? cfs_timer_arm+0xe/0x10 [libcfs]

 [] ? lc_watchdog_touch+0x6f/0x170 [libcfs]

 [] ? ptlrpc_wait_event+0xa9/0x2d0 [ptlrpc]

 [] ? __wake_up_common+0x59/0x90

 [] ptlrpc_main+0xaed/0x1740 [ptlrpc]

 [] ? ptlrpc_main+0x0/0x1740 [ptlrpc]

 [] kthread+0x96/0xa0

 [] child_rip+0xa/0x20

 [] ? kthread+0x0/0xa0

 [] ? child_rip+0x0/0x20

Dump is going up on the WC FTP site momentarily.

Dump is in /rs_size >= rs_size ) failed" class="issue-link" data-issue-key="LU-3680">LU-3680, file is named:

lu-3680-mds-dump 2.tar.gz

--- Comment (paf, Fri, 8 Nov 2013 03:20:00 +0000) ---
Li,

You're right - I was using a Windows FTP command line client, and now that I've switched to a Unix one, everything is fine.

Thanks!

--- Comment (lixi, Fri, 8 Nov 2013 03:00:18 +0000) ---
Hi Patrick,

I've just test the FTP. It works well. Following are the commands.

lixitekiMacBook-Pro:~ lixi$ ftp ftp.whamcloud.com

Connected to eric.whamcloud.com.

220 (vsFTPd 2.2.2)

Name (ftp.whamcloud.com:lixi): anonymous

331 Please specify the password.

Password: 

230 Login successful.

Remote system type is UNIX.

Using binary mode to transfer files.

ftp> ls

229 Entering Extended Passive Mode (|||38409|).

150 Here comes the directory listing.

d-wxrwx---   68 123      840000001     4096 Nov 05 08:12 uploads

226 Directory send OK.

ftp> cd uploads

250 Directory successfully changed.

ftp> mkdir rs_size >= rs_size ) failed" class="issue-link" data-issue-key="LU-3680">LU-3680

257 "/uploads/rs_size >= rs_size ) failed" class="issue-link" data-issue-key="LU-3680">LU-3680" created

ftp> cd rs_size >= rs_size ) failed" class="issue-link" data-issue-key="LU-3680">LU-3680

250 Directory successfully changed.

ftp> lpwd

Local directory: /Users/lixi

ftp> put test.rtf 

local: test.rtf remote: test.rtf

229 Entering Extended Passive Mode (|||53942|).

150 Ok to send data.

100% |***********************************|   315      397.43 KiB/s    00:00 ETA

226 Transfer complete.

315 bytes sent in 00:00 (0.49 KiB/s)

ftp> ls

229 Entering Extended Passive Mode (|||40673|).

150 Here comes the directory listing.

rw-rr-    1 123      114           315 Nov 07 18:57 test.rtf

226 Directory send OK.

--- Comment (paf, Fri, 8 Nov 2013 02:37:35 +0000) ---
Li,

Just testing the FTP site...

I'm connected to ftp.whamcloud.com as anonymous, but I can't create files in /upload, and I can't seem to cd to any LU directories.  I tried rs_size >= rs_size ) failed" class="issue-link" data-issue-key="LU-3680">LU-3680, LU-3027, LU-4152 and a few others.  Also can't make a new directory.

Is there something I've missed here?

	Patrick

--- Comment (paf, Fri, 8 Nov 2013 02:27:23 +0000) ---
Li,

Sure.  I'll probably be testing this tomorrow.  I expect you've noticed this, but you've got a small mistake in the current patch that's causing it not to build on RHEL6:

/* Just return failure if the size is too big */
CERROR("size of message is too big (%lu), %d allowed",
msglen + sizeof(struct ptlrpc_reply_state),

You're printing %lu, but msglen + sizeof([...]) is an int.  I'd just do a cast to a long unsigned int, I suppose.

(unsigned long) (msglen + sizeof(struct ptlrpc_reply_state)),

Should do it.

	Patrick

--- Comment (lixi, Fri, 8 Nov 2013 00:58:05 +0000) ---
Hi Patrick,

It seems that there is a problem in lustre_get_emerg_rs(). The size of the buffer is set to zero, which will cause this LBUG when the memeory is under high pressure. I've updated the patch. Would you please test whether it works? Thank you very much!

--- Comment (lixi, Fri, 8 Nov 2013 00:23:50 +0000) ---
Hi Patrick,

Thank you very much for your test. It seems that the problem is complexer than I thought. I will investigate more.

We can share the debug files by uploading it to ftp://ftp.whamcloud.com/uploads/LU-*.

--- Comment (paf, Thu, 7 Nov 2013 16:56:35 +0000) ---
Li,

Still hit the same crash with that patch in place.  Stack trace is the same as before.  I can make the dump available if you'd like.  (Does Intel have an FTP site I could use?  Otherwise I can find another way to make it available)

[Edit]

It occurred to me it's past midnight in China, so I've uploaded the dump rather than potentially making you wait another day if you do need it.

It's at:

ftp.us.cray.com

Username:

anonymous

Password:

anonymous

The file is at:

outbound/rs_size >= rs_size ) failed" class="issue-link" data-issue-key="LU-3680">LU-3680/rs_size >= rs_size ) failed" class="issue-link" data-issue-key="LU-3680">LU-3680-mds-dump.tar.gz

You cannot ls in outbound or rs_size >= rs_size ) failed" class="issue-link" data-issue-key="LU-3680">LU-3680, but you should be able to grab the dump.

--- Comment (paf, Thu, 7 Nov 2013 16:21:03 +0000) ---
Li,

Sure.  I'm doing that now - I've just tested to confirm I can still hit the problem, now I'm going to test the patch in the same situation.

--- Comment (lixi, Thu, 7 Nov 2013 01:14:45 +0000) ---
Hi Patrick,

Would you please apply following patch and try to reproduce the problem again? I am not able to reproduce this consistently.

http://review.whamcloud.com/#/c/8200/

Thank you very much!

--- Comment (paf, Thu, 7 Nov 2013 00:02:20 +0000) ---
This is the only one I've seen on the MDS.  However, I've seen this one at least three times, and can reproduce it readily, so it may be obscuring others.

On the client, we're chasing a recurrence of LU-3027/cll_state >= CLS_QUEUING ) " class="issue-link" data-issue-key="LU-3889">LU-3889, in which low memory can also play a role, but that's the client, not the MDS.  (Oddly, the client testing for THAT was what led to our low memory issues on the MDS, but that's mostly due to an underspecced MDS in the testing system.)

--- Comment (keith, Wed, 6 Nov 2013 23:32:35 +0000) ---
Low memory is a tricky space in Lustre. Are you seeing other errors or just this one?

--- Comment (paf, Wed, 6 Nov 2013 23:22:58 +0000) ---
Keith,

Very high - Memory pressure, definitely.  Not actually OOM, but as low as it can go (At the point where the kernel starts freeing memory and I see memory usage bounce around in the tens of MB free.).

I've been working around it (still testing my other, unrelated bug) by adding more RAM to the virtual machine running the MDS and also dumping caches periodically to keep from going OOM.  That's worked for me.

--- Comment (keith, Wed, 6 Nov 2013 23:18:10 +0000) ---
Patrick.  

  What is the memory usage like when you hit this error?

--- Comment (paf, Wed, 6 Nov 2013 20:10:08 +0000) ---
Just occurred to me I should mention:  I can reproduce this fairly consistently.  If requested, I can try to do this with debugging turned up.

--- Comment (paf, Tue, 5 Nov 2013 16:44:15 +0000) ---
Hit this twice in the last few days on an MDS running master from Nov. 1st during testing for another bug.  I've got dumps of both events if they'd be of any use.  (Logging was set to default levels)

The stack traces look the same for both of them, here's one:

LustreError: 2252:0:(sec_null.c:318:null_alloc_rs()) ASSERTION( rs->rs_size >= rs_size ) failed:

LustreError: 2252:0:(sec_null.c:318:null_alloc_rs()) LBUG

Pid: 2252, comm: mdt00_001

Call Trace:

 [] libcfs_debug_dumpstack+0x55/0x80 [libcfs]

 [] lbug_with_loc+0x47/0xb0 [libcfs]

 [] null_alloc_rs+0x272/0x390 [ptlrpc]

 [] sptlrpc_svc_alloc_rs+0x1d9/0x2a0 [ptlrpc]

 [] lustre_pack_reply_v2+0x93/0x280 [ptlrpc]

 [] lustre_pack_reply_flags+0xae/0x1f0 [ptlrpc]

 [] lustre_pack_reply+0x11/0x20 [ptlrpc]

 [] req_capsule_server_pack+0x53/0x100 [ptlrpc]

 [] mdt_getxattr+0x545/0x1490 [mdt]

 [] mdt_intent_getxattr+0x9e/0x160 [mdt]

 [] mdt_intent_policy+0x3ae/0x770 [mdt]

 [] ldlm_lock_enqueue+0x361/0x8c0 [ptlrpc]

 [] ldlm_handle_enqueue0+0x4ef/0x10a0 [ptlrpc]

 [] mdt_enqueue+0x46/0xe0 [mdt]

 [] mdt_handle_common+0x52a/0x1470 [mdt]

 [] mds_regular_handle+0x15/0x20 [mdt]

 [] ptlrpc_server_handle_request+0x385/0xc00 [ptlrpc]

 [] ? cfs_timer_arm+0xe/0x10 [libcfs]

 [] ? lc_watchdog_touch+0x6f/0x170 [libcfs]

 [] ? ptlrpc_wait_event+0xa9/0x2d0 [ptlrpc]

 [] ? __wake_up_common+0x59/0x90

 [] ptlrpc_main+0xaed/0x1740 [ptlrpc]

 [] ? ptlrpc_main+0x0/0x1740 [ptlrpc]

 [] kthread+0x96/0xa0

 [] child_rip+0xa/0x20

 [] ? kthread+0x0/0xa0

 [] ? child_rip+0x0/0x20

--- Comment (green, Sat, 5 Oct 2013 01:26:43 +0000) ---
here's a debug log from recent instance.

The crash info is:

[19273.725502] mdt01_000: page allocation failure. order:2, mode:0x40
[19273.726180] Pid: 14141, comm: mdt01_000 Not tainted 2.6.32-rhe6.4-debug #2
[19273.726873] Call Trace:
[19273.727380]  [] ? __alloc_pages_nodemask+0x7c6/0x980
[19273.728063]  [] ? vsnprintf+0x336/0x5e0
[19273.728697]  [] ? kmem_getpages+0x62/0x170
[19273.729334]  [] ? fallback_alloc+0x1ba/0x270
[19273.729334]  [] ? cache_grow+0x4d7/0x520
[19273.729334]  [] ? ____cache_alloc_node+0xa8/0x200
[19273.729334]  [] ? __kmalloc+0x208/0x2a0
[19273.729334]  [] ? null_alloc_rs+0xc5/0x390 [ptlrpc]
[19273.729334]  [] ? null_alloc_rs+0xc5/0x390 [ptlrpc]
[19273.729334]  [] ? sptlrpc_svc_alloc_rs+0x74/0x2a0 [ptlrpc]
[19273.729334]  [] ? lustre_pack_reply_v2+0x98/0x2a0 [ptlrpc]
[19273.729334]  [] ? lustre_pack_reply_flags+0xae/0x1f0 [ptlrpc]
[19273.738776]  [] ? lustre_pack_reply+0x11/0x20 [ptlrpc]
[19273.738776]  [] ? req_capsule_server_pack+0x53/0x100 [ptlrpc]
[19273.738776]  [] ? mdt_getxattr+0x545/0x1490 [mdt]
[19273.738776]  [] ? mdt_intent_getxattr+0x9e/0x160 [mdt]
[19273.738776]  [] ? mdt_intent_policy+0x3ae/0x770 [mdt]
[19273.738776]  [] ? ldlm_lock_enqueue+0x2ea/0x860 [ptlrpc]
[19273.738776]  [] ? ldlm_handle_enqueue0+0x4ef/0x10b0 [ptlrpc]
[19273.738776]  [] ? mdt_enqueue+0x46/0xe0 [mdt]
[19273.738776]  [] ? mdt_handle_common+0x52a/0x1470 [mdt]
[19273.738776]  [] ? mds_regular_handle+0x15/0x20 [mdt]
[19273.738776]  [] ? ptlrpc_server_handle_request+0x395/0xc20 [ptlrpc]
[19273.738776]  [] ? lc_watchdog_touch+0x6f/0x170 [libcfs]
[19273.738776]  [] ? ptlrpc_wait_event+0xc1/0x2e0 [ptlrpc]
[19273.738776]  [] ? ptlrpc_main+0xa5a/0x1690 [ptlrpc]
[19273.738776]  [] ? ptlrpc_main+0x0/0x1690 [ptlrpc]
[19273.738776]  [] ? kthread+0x96/0xa0
[19273.738776]  [] ? child_rip+0xa/0x20
[19273.738776]  [] ? kthread+0x0/0xa0
[19273.738776]  [] ? child_rip+0x0/0x20
[19273.738776] Mem-Info:
[19273.738776] Node 0 DMA per-cpu:
[19273.738776] CPU    0: hi:    0, btch:   1 usd:   0
[19273.738776] CPU    1: hi:    0, btch:   1 usd:   0
[19273.738776] CPU    2: hi:    0, btch:   1 usd:   0
[19273.738776] CPU    3: hi:    0, btch:   1 usd:   0
[19273.738776] CPU    4: hi:    0, btch:   1 usd:   0
[19273.738776] CPU    5: hi:    0, btch:   1 usd:   0
[19273.738776] CPU    6: hi:    0, btch:   1 usd:   0
[19273.738776] CPU    7: hi:    0, btch:   1 usd:   0
[19273.738776] Node 0 DMA32 per-cpu:
[19273.738776] CPU    0: hi:  186, btch:  31 usd:  33
[19273.738776] CPU    1: hi:  186, btch:  31 usd: 172
[19273.738776] CPU    2: hi:  186, btch:  31 usd: 147
[19273.738776] CPU    3: hi:  186, btch:  31 usd: 154
[19273.738776] CPU    4: hi:  186, btch:  31 usd: 126
[19273.738776] CPU    5: hi:  186, btch:  31 usd:  33
[19273.738776] CPU    6: hi:  186, btch:  31 usd: 155
[19273.738776] CPU    7: hi:  186, btch:  31 usd: 123
[19273.738776] active_anon:96976 inactive_anon:80133 isolated_anon:0
[19273.738776]  active_file:49462 inactive_file:38723 isolated_file:0
[19273.738776]  unevictable:0 dirty:1065 writeback:0 unstable:0
[19273.738776]  free:25017 slab_reclaimable:77546 slab_unreclaimable:312838
[19273.738776]  mapped:625 shmem:174432 pagetables:389 bounce:0
[19273.738776] Node 0 DMA free:9692kB min:136kB low:168kB high:204kB active_anon:0kB inactive_anon:0kB active_file:0kB inactive_file:0kB unevictable:0kB isolated(anon):0kB isolated(file):0kB present:9296kB mlocked:0kB dirty:0kB writeback:0kB mapped:0kB shmem:0kB slab_reclaimable:0kB slab_unreclaimable:0kB kernel_stack:0kB pagetables:0kB unstable:0kB bounce:0kB writeback_tmp:0kB pages_scanned:0 all_unreclaimable? yes
[19273.738776] lowmem_reserve[]: 0 2967 2967 2967
[19273.738776] Node 0 DMA32 free:91616kB min:44916kB low:56144kB high:67372kB active_anon:387904kB inactive_anon:320532kB active_file:196476kB inactive_file:154892kB unevictable:0kB isolated(anon):0kB isolated(file):0kB present:3039076kB mlocked:0kB dirty:4260kB writeback:0kB mapped:2500kB shmem:697728kB slab_reclaimable:310184kB slab_unreclaimable:1251744kB kernel_stack:3304kB pagetables:1556kB unstable:0kB bounce:0kB writeback_tmp:0kB pages_scanned:0 all_unreclaimable? no
[19273.738776] lowmem_reserve[]: 0 0 0 0
[19273.738776] Node 0 DMA: 3*4kB 0*8kB 3*16kB 1*32kB 2*64kB 0*128kB 1*256kB 0*512kB 1*1024kB 0*2048kB 2*4096kB = 9692kB
[19273.738776] Node 0 DMA32: 10341*4kB 4432*8kB 23*16kB 19*32kB 10*64kB 2*128kB 6*256kB 2*512kB 2*1024kB 2*2048kB 1*4096kB = 91492kB
[19273.738776] 232691 total pagecache pages
[19273.738776] 53 pages in swap cache
[19273.738776] Swap cache stats: add 1502, delete 1449, find 18/20
[19273.738776] Free swap  = 2091200kB
[19273.738776] Total swap = 2097144kB
[19273.738776] 774396 pages RAM
[19273.738776] 38583 pages reserved
[19273.738776] 15526 pages shared
[19273.738776] 689850 pages non-shared
[19273.940246] LustreError: 14141:0:(sec_null.c:318:null_alloc_rs()) ASSERTION( rs->rs_size >= rs_size ) failed: 
[19273.941315] LustreError: 14141:0:(sec_null.c:318:null_alloc_rs()) LBUG
[19273.941915] Pid: 14141, comm: mdt01_000
[19273.942396] 
[19273.942396] Call Trace:
[19273.945170]  [] libcfs_debug_dumpstack+0x55/0x80 [libcfs]
[19273.945793]  [] lbug_with_loc+0x47/0xb0 [libcfs]
[19273.950476]  [] null_alloc_rs+0x272/0x390 [ptlrpc]
[19273.951103]  [] sptlrpc_svc_alloc_rs+0x1d9/0x2a0 [ptlrpc]
[19273.955634]  [] lustre_pack_reply_v2+0x98/0x2a0 [ptlrpc]
[19273.956346]  [] lustre_pack_reply_flags+0xae/0x1f0 [ptlrpc]
[19273.957072]  [] lustre_pack_reply+0x11/0x20 [ptlrpc]
[19273.957780]  [] req_capsule_server_pack+0x53/0x100 [ptlrpc]
[19273.958495]  [] mdt_getxattr+0x545/0x1490 [mdt]
[19273.970919]  [] mdt_intent_getxattr+0x9e/0x160 [mdt]
[19273.971619]  [] mdt_intent_policy+0x3ae/0x770 [mdt]
[19273.972322]  [] ldlm_lock_enqueue+0x2ea/0x860 [ptlrpc]
[19273.973035]  [] ldlm_handle_enqueue0+0x4ef/0x10b0 [ptlrpc]
[19273.973881]  [] mdt_enqueue+0x46/0xe0 [mdt]
[19273.995450]  [] mdt_handle_common+0x52a/0x1470 [mdt]
[19273.996181]  [] mds_regular_handle+0x15/0x20 [mdt]
[19274.008857]  [] ptlrpc_server_handle_request+0x395/0xc20 [ptlrpc]
[19274.011971]  [] ? lc_watchdog_touch+0x6f/0x170 [libcfs]
[19274.012692]  [] ? ptlrpc_wait_event+0xc1/0x2e0 [ptlrpc]
[19274.018425]  [] ptlrpc_main+0xa5a/0x1690 [ptlrpc]
[19274.019129]  [] ? ptlrpc_main+0x0/0x1690 [ptlrpc]
[19274.019808]  [] kthread+0x96/0xa0
[19274.020415]  [] child_rip+0xa/0x20
[19274.021025]  [] ? kthread+0x0/0xa0
[19274.021639]  [] ? child_rip+0x0/0x20
[19274.022265] 
[19274.095286] Kernel panic - not syncing: LBUG

I also have a crashdump.

--- Comment (lixi, Sun, 29 Sep 2013 15:46:04 +0000) ---
We hit the same LBUG on MDS too. Maybe service->srv_max_reply_size is not big enough to hold the reply message? When memory is under pressure and the buffer is returned by lustre_get_emerg_rs, this LBUG happens.

--- Comment (adilger, Fri, 20 Sep 2013 16:43:47 +0000) ---
I'm more concerned about why running sanity.sh in a loop is running out of memory?

--- Comment (keith, Mon, 12 Aug 2013 22:39:51 +0000) ---
Hmm I am not sure these are 2 backtraces are 100% related as they are from different threads but there is an odd things I see on the lbug error call chain that confuses me a bit. 

In: 

int lustre_pack_reply_v2(struct ptlrpc_request *req, int count,
                         __u32 *lens, char **bufs, int flags)
{   
        struct ptlrpc_reply_state *rs;
        int                        msg_len, rc; 
        ENTRY;
    
        LASSERT(req->rq_reply_state == NULL);   rq_lock);
                req->rq_packed_final = 1;
                spin_unlock(&req->rq_lock);
        }

        msg_len = lustre_msg_size_v2(count, lens);
        rc = sptlrpc_svc_alloc_rs(req, msg_len);    

sptlrpc_svc_alloc_rs does a little safety check and calls this:

static
int null_alloc_rs(struct ptlrpc_request *req, int msgsize)
{
        struct ptlrpc_reply_state *rs;
        int rs_size = sizeof(*rs) + msgsize;

        LASSERT(msgsize % 8 == 0);

        rs = req->rq_reply_state;     rs_size >= rs_size);   

Is some separate thread acting on this request at the same time? 

You don't happen to have the a Lustre Debug log hanging around do you Oleg?

--- Comment (keith, Mon, 12 Aug 2013 19:20:50 +0000) ---
Part of the issue is we never check the return state of the call and seem to just pass it along. 

This svc->srv_ops.so_req_handler(request) should be failing with ENOMEM, but we don't check and just call ptlrpc_rqphase_move like everything is fine. 

from ptlrpc_server_handle_request

        rc = svc->srv_ops.so_req_handler(request);

        ptlrpc_rqphase_move(request, RQ_PHASE_COMPLETE);

put_conn:

The only mention of rc to the end of the function is an log message. I will make a patch to spurn conversation it seems we only return 0 or 1 out of this function.

--- Comment (green, Thu, 8 Aug 2013 17:16:34 +0000) ---
At the very minimum we need to fix the error handling for this allocation.
