Key:        LU-5288
Summary:    RPCs returning -ENOMEM may trigger OOM killer on clients
Link:       https://jira.whamcloud.com/browse/LU-5288
Type:       Bug
Priority:   Minor
Status:     Resolved
Resolution: Cannot Reproduce
Assignee:   WC Triage
Reporter:   John Hammond
Created:    Wed, 2 Jul 2014 19:39:50 +0000
Updated:    Mon, 31 Jan 2022 16:07:00 +0000
Resolved:   Mon, 31 Jan 2022 16:07:00 +0000
Labels:     malloc, osc

--- Description ---
Here's a good one. I have a client with plenty of free memory but an OST that is under memory pressure. In this case some RPCs will return -ENOMEM. From the right context this will trick the client kernel into thinking the client is OOM and invoke the OOM killer. Thereby killing syslogd and destroying the evidence of this bug.

Copied from the console:

[ 6098.064184] LustreError: 2011:0:(osc_request.c:1643:osc_brw_redo_request()) @@@ redo for recoverable error -12  req@ffff8801eeaf7a88 x1472537312230332/t0(0) o4->lustre-OST0001-osc-ffff8801fea98e60@192.168.122.107@tcp:6/4 lens 488/416 e 0 to 0 dl 1404327022 ref 2 fl Interpret:RM/0/0 rc -12/-12
[ 6102.783479] 19 invoked oom-killer: gfp_mask=0x0, order=0, oom_adj=0, oom_score_adj=0
[ 6102.786064] 19 cpuset=/ mems_allowed=0
[ 6102.787435] Pid: 21314, comm: 19 Not tainted 2.6.32-431.5.1.el6.lustre.x86_64 #1
[ 6102.789907] Call Trace:
[ 6102.790607]  [] ? _spin_unlock+0x2b/0x40
[ 6102.791759]  [] ? dump_header+0x83/0x210
[ 6102.792913]  [] ? trace_hardirqs_on+0xd/0x10
[ 6102.794126]  [] ? oom_kill_process+0x82/0x2f0
[ 6102.795324]  [] ? out_of_memory+0x2e0/0x400
[ 6102.796506]  [] ? pagefault_out_of_memory+0x88/0xf0
[ 6102.797830]  [] ? mm_fault_error+0xb2/0x1a0
[ 6102.799027]  [] ? __do_page_fault+0x361/0x4b0
[ 6102.800229]  [] ? hrtimer_try_to_cancel+0x3f/0xd0
[ 6102.801506]  [] ? hrtimer_cancel+0x22/0x30
[ 6102.802690]  [] ? do_nanosleep+0x93/0xc0
[ 6102.803826]  [] ? hrtimer_nanosleep+0xc4/0x180
[ 6102.805046]  [] ? hrtimer_wakeup+0x0/0x30
[ 6102.806203]  [] ? do_page_fault+0x3e/0xa0
[ 6102.807377]  [] ? page_fault+0x25/0x30
[ 6102.808437] Mem-Info:
[ 6102.808940] Node 0 DMA per-cpu:
[ 6102.809658] CPU    0: hi:    0, btch:   1 usd:   0
[ 6102.810604] CPU    1: hi:    0, btch:   1 usd:   0
[ 6102.811622] CPU    2: hi:    0, btch:   1 usd:   0
[ 6102.812623] CPU    3: hi:    0, btch:   1 usd:   0
[ 6102.813618] CPU    4: hi:    0, btch:   1 usd:   0
[ 6102.814639] CPU    5: hi:    0, btch:   1 usd:   0
[ 6102.815648] CPU    6: hi:    0, btch:   1 usd:   0
[ 6102.816636] CPU    7: hi:    0, btch:   1 usd:   0
[ 6102.817630] Node 0 DMA32 per-cpu:
[ 6102.818371] CPU    0: hi:  186, btch:  31 usd:   0
[ 6102.819377] CPU    1: hi:  186, btch:  31 usd:   0
[ 6102.820362] CPU    2: hi:  186, btch:  31 usd:   0
[ 6102.821358] CPU    3: hi:  186, btch:  31 usd:  29
[ 6102.822380] CPU    4: hi:  186, btch:  31 usd: 183
[ 6102.823409] CPU    5: hi:  186, btch:  31 usd: 185
[ 6102.824399] CPU    6: hi:  186, btch:  31 usd:   0
[ 6102.825436] CPU    7: hi:  186, btch:  31 usd:  29
[ 6102.826450] Node 0 Normal per-cpu:
[ 6102.827215] CPU    0: hi:  186, btch:  31 usd:  42
[ 6102.828215] CPU    1: hi:  186, btch:  31 usd: 111
[ 6102.829214] CPU    2: hi:  186, btch:  31 usd: 119
[ 6102.830214] CPU    3: hi:  186, btch:  31 usd:  85
[ 6102.831220] CPU    4: hi:  186, btch:  31 usd: 123
[ 6102.832180] CPU    5: hi:  186, btch:  31 usd: 101
[ 6102.833195] CPU    6: hi:  186, btch:  31 usd:  92
[ 6102.834199] CPU    7: hi:  186, btch:  31 usd:  62
[ 6102.835218] active_anon:11528 inactive_anon:2 isolated_anon:0
[ 6102.835220]  active_file:30547 inactive_file:67676 isolated_file:0
[ 6102.835222]  unevictable:0 dirty:66 writeback:0 unstable:0
[ 6102.835223]  free:1778602 slab_reclaimable:11524 slab_unreclaimable:52625
[ 6102.835225]  mapped:2670 shmem:97 pagetables:4576 bounce:0
[ 6102.840842] Node 0 DMA free:15712kB min:124kB low:152kB high:184kB active_anon:0kB inactive_anon:0kB active_file:0kB inactive_file:0kB unevictable:0kB isolated(anon):0kB isolated(file):0kB present:15320kB mlocked:0kB dirty:0kB writeback:0kB mapped:0kB shmem:0kB slab_reclaimable:0kB slab_unreclaimable:0kB kernel_stack:0kB pagetables:0kB unstable:0kB bounce:0kB writeback_tmp:0kB pages_scanned:0 all_unreclaimable? no
[ 6102.847936] lowmem_reserve[]: 0 3512 8057 8057
[ 6102.849007] Node 0 DMA32 free:3294500kB min:29404kB low:36752kB high:44104kB active_anon:0kB inactive_anon:0kB active_file:0kB inactive_file:0kB unevictable:0kB isolated(anon):0kB isolated(file):0kB present:3596500kB mlocked:0kB dirty:0kB writeback:0kB mapped:0kB shmem:0kB slab_reclaimable:0kB slab_unreclaimable:0kB kernel_stack:0kB pagetables:0kB unstable:0kB bounce:0kB writeback_tmp:0kB pages_scanned:0 all_unreclaimable? no
[ 6102.856173] lowmem_reserve[]: 0 0 4545 4545
[ 6102.857095] Node 0 Normal free:3804196kB min:38052kB low:47564kB high:57076kB active_anon:46112kB inactive_anon:8kB active_file:122188kB inactive_file:270704kB unevictable:0kB isolated(anon):0kB isolated(file):0kB present:4654080kB mlocked:0kB dirty:264kB writeback:0kB mapped:10680kB shmem:388kB slab_reclaimable:46096kB slab_unreclaimable:210500kB kernel_stack:4008kB pagetables:18304kB unstable:0kB bounce:0kB writeback_tmp:0kB pages_scanned:0 all_unreclaimable? no
[ 6102.864902] lowmem_reserve[]: 0 0 0 0
[ 6102.865818] Node 0 DMA: 2*4kB 1*8kB 1*16kB 2*32kB 2*64kB 1*128kB 0*256kB 0*512kB 1*1024kB 1*2048kB 3*4096kB = 15712kB
[ 6102.868334] Node 0 DMA32: 17*4kB 6*8kB 7*16kB 8*32kB 9*64kB 14*128kB 6*256kB 6*512kB 10*1024kB 6*2048kB 797*4096kB = 3294500kB
[ 6102.871010] Node 0 Normal: 543*4kB 248*8kB 1599*16kB 1004*32kB 308*64kB 41*128kB 20*256kB 2*512kB 0*1024kB 2*2048kB 905*4096kB = 3803948kB
[ 6102.873830] 98288 total pagecache pages
[ 6102.874639] 0 pages in swap cache
[ 6102.875328] Swap cache stats: add 0, delete 0, find 0/0
[ 6102.876360] Free swap  = 0kB
[ 6102.876926] Total swap = 0kB
[ 6102.911942] 2097151 pages RAM
[ 6102.912569] 89517 pages reserved
[ 6102.913241] 77093 pages shared
[ 6102.913876] 179862 pages non-shared
[ 6102.914612] [ pid ]   uid  tgid total_vm      rss cpu oom_adj oom_score_adj name
[ 6102.916160] [  570]     0   570     2728      242   2     -17         -1000 udevd
[ 6102.917621] [ 1062]     0  1062     2727      248   2     -17         -1000 udevd
[ 6102.919108] [ 1350]     0  1350     6910      200   0     -17         -1000 auditd
[ 6102.920590] [ 1366]     0  1366    62799      888   6       0             0 rsyslogd
[ 6102.922145] [ 1395]     0  1395     2705      148   5       0             0 irqbalance
...
[ 6103.308181] Out of memory: Kill process 1366 (rsyslogd) score 1 or sacrifice child
[ 6103.309573] Killed process 1366, UID 0, (rsyslogd) total-vm:251196kB, anon-rss:2528kB, file-rss:1028kB

--- Comment (paf0186, Mon, 31 Jan 2022 16:07:00 +0000) ---
Hasn't been seen in some years - I suspect this went away with a rework of the LDLM error codes, as we were at one point getting spurious ENOMEMs.

--- Comment (paf0186, Mon, 31 Jan 2022 16:06:25 +0000) ---
FWIW the testing ENOMEM seems to have been all me leaving that debug_mb=10000 in place.

--- Comment (paf0186, Mon, 31 Jan 2022 16:05:53 +0000) ---
We cleaned things up a while back, which I think is why we haven't seen this in a few years - ENOMEM was coming up in some weird situations where it shouldn't be in the error paths, I believe.

So, I don't think so?  And I haven't seen any particular evidence of this specific issue.  I'll bear it in mind but I think I'm going to close it.

--- Comment (adilger, Sun, 30 Jan 2022 10:51:03 +0000) ---
Patrick, could this potentially be the cause of some OOM issues we are seeing?
