Key:        LU-514
Summary:    irqbalance invoked oom-killer: gfp_mask=0xd0, order=0, oom_adj=0
Link:       https://jira.whamcloud.com/browse/LU-514
Type:       Bug
Priority:   Minor
Status:     Resolved
Resolution: Cannot Reproduce
Assignee:   WC Triage
Reporter:   Maloo
Created:    Tue, 19 Jul 2011 23:40:57 +0000
Updated:    Sun, 28 May 2017 06:58:44 +0000
Resolved:   Sun, 28 May 2017 06:58:44 +0000

--- Description ---
This issue was created by maloo for sarah 

This issue relates to the following test suite run: https://maloo.whamcloud.com/test_sets/66cc6868-b26c-11e0-b33f-52540025f9af.

ENV: RHEL6-x86_64 server with i686 client, quota enabled.

--- Comment (adilger, Sun, 28 May 2017 06:58:44 +0000) ---
Close old issue.

--- Comment (yujian, Wed, 24 Aug 2011 08:01:44 +0000) ---
Lustre Tag: v2_1_0_0_RC1

Lustre Build: http://newbuild.whamcloud.com/job/lustre-master/271/

Distro/Arch: RHEL6/x86_64(server), RHEL6/i686(client)

While running sanity-benchmark iozone test, the same issue occurred:

Lustre: DEBUG MARKER: == sanity-benchmark test iozone: iozone == 23:27:27 (1314167247)
Lustre: DEBUG MARKER: min OST has 1765892kB available, using 7946514kB file size
irqbalance invoked oom-killer: gfp_mask=0xd0, order=0, oom_adj=0
irqbalance cpuset=/ mems_allowed=0
Pid: 1518, comm: irqbalance Tainted: G           ---------------- T 2.6.32-131.6.1.el6.i686 #1
Call Trace:
 [] ? oom_kill_process+0xb0/0x2d0
 [] ? __out_of_memory+0x4a/0x90
 [] ? out_of_memory+0x55/0xb0
 [] ? __alloc_pages_nodemask+0x7fb/0x810
 [] ? cache_alloc_refill+0x2bc/0x510
 [] ? kmem_cache_alloc+0xa4/0x110
 [] ? getname+0x28/0xe0
 [] ? do_sys_open+0x1e/0x130
 [] ? audit_syscall_entry+0x21c/0x240
 [] ? sys_open+0x2c/0x40
 [] ? sysenter_do_call+0x12/0x28
Mem-Info:
DMA per-cpu:
CPU    0: hi:    0, btch:   1 usd:   0
CPU    1: hi:    0, btch:   1 usd:   0
CPU    2: hi:    0, btch:   1 usd:   0
CPU    3: hi:    0, btch:   1 usd:   0
Normal per-cpu:
CPU    0: hi:  186, btch:  31 usd:  23
CPU    1: hi:  186, btch:  31 usd:  61
CPU    2: hi:  186, btch:  31 usd:  12
CPU    3: hi:  186, btch:  31 usd:  98
HighMem per-cpu:
CPU    0: hi:  186, btch:  31 usd:   0
CPU    1: hi:  186, btch:  31 usd:   5
CPU    2: hi:  186, btch:  31 usd:   0
CPU    3: hi:  186, btch:  31 usd:  30
active_anon:7375 inactive_anon:768 isolated_anon:0
 active_file:2703 inactive_file:812642 isolated_file:0
 unevictable:0 dirty:1 writeback:0 unstable:0
 free:2085189 slab_reclaimable:4050 slab_unreclaimable:128176
 mapped:3276 shmem:46 pagetables:478 bounce:0
DMA free:3500kB min:64kB low:80kB high:96kB active_anon:0kB inactive_anon:0kB active_file:0kB inactive_file:0kB unevictable:0kB isolated(anon):0kB isolated(file):0kB present:15792kB mlocked:0kB dirty:0kB writeback:0kB mapped:0kB shmem:0kB slab_reclaimable:140kB slab_unreclaimable:4536kB kernel_stack:0kB pagetables:0kB unstable:0kB bounce:0kB writeback_tmp:0kB pages_scanned:0 all_unreclaimable? yes
lowmem_reserve[]: 0 863 12159 12159
Normal free:3664kB min:3724kB low:4652kB high:5584kB active_anon:0kB inactive_anon:0kB active_file:12kB inactive_file:72kB unevictable:0kB isolated(anon):0kB isolated(file):0kB present:883912kB mlocked:0kB dirty:0kB writeback:0kB mapped:4kB shmem:0kB slab_reclaimable:16060kB slab_unreclaimable:508132kB kernel_stack:1648kB pagetables:0kB unstable:0kB bounce:0kB writeback_tmp:0kB pages_scanned:178041 all_unreclaimable? yes
lowmem_reserve[]: 0 0 90370 90370
HighMem free:8333468kB min:512kB low:12700kB high:24888kB active_anon:29500kB inactive_anon:3072kB active_file:10728kB inactive_file:3250568kB unevictable:0kB isolated(anon):0kB isolated(file):0kB present:11567412kB mlocked:0kB dirty:4kB writeback:0kB mapped:13100kB shmem:184kB slab_reclaimable:0kB slab_unreclaimable:0kB kernel_stack:0kB pagetables:1912kB unstable:0kB bounce:0kB writeback_tmp:0kB pages_scanned:0 all_unreclaimable? no
lowmem_reserve[]: 0 0 0 0
DMA: 1*4kB 1*8kB 2*16kB 2*32kB 1*64kB 10*128kB 0*256kB 0*512kB 0*1024kB 1*2048kB 0*4096kB = 3500kB
Normal: 402*4kB 1*8kB 0*16kB 0*32kB 0*64kB 0*128kB 0*256kB 0*512kB 0*1024kB 1*2048kB 0*4096kB = 3664kB
HighMem: 61*4kB 29*8kB 12*16kB 4*32kB 8*64kB 13*128kB 7*256kB 5*512kB 3*1024kB 2*2048kB 2031*4096kB = 8333468kB
815399 total pagecache pages
0 pages in swap cache
Swap cache stats: add 0, delete 0, find 0/0
Free swap  = 14565368kB
Total swap = 14565368kB
3145712 pages RAM
2918914 pages HighMem
62162 pages reserved
819682 pages shared
156112 pages non-shared
Out of memory: kill process 23877 (iozone) score 10248 or a child
Killed process 23877 (iozone) vsz:40992kB, anon-rss:17040kB, file-rss:676kB
iozone: page allocation failure. order:0, mode:0x50
Pid: 23877, comm: iozone Tainted: G           ---------------- T 2.6.32-131.6.1.el6.i686 #1
Call Trace:
 [] ? __alloc_pages_nodemask+0x696/0x810
 [] ? cache_alloc_refill+0x2bc/0x510
 [] ? kmem_cache_alloc+0xa4/0x110
 [] ? cl_page_find0+0x102/0xd60 [obdclass]
 [] ? cl_object_attr_unlock+0x5/0x10 [obdclass]
 [] ? osc_io_commit_write+0x1b2/0x2b0 [osc]
 [] ? lov_page_stripe+0x53/0x240 [lov]
 [] ? cl_page_cache_add+0x27a/0x3b0 [obdclass]
 [] ? cl_env_get+0x16/0x480 [obdclass]
 [] ? cl_page_find+0x20/0x30 [obdclass]
 [] ? ll_cl_init+0x10b/0x480 [lustre]
 [] ? __alloc_pages_nodemask+0xf4/0x810
 [] ? __mem_cgroup_commit_charge.clone.4+0x33/0x80
 [] ? mem_cgroup_charge_common+0x61/0x80
 [] ? ll_prepare_write+0x52/0x2e0 [lustre]
 [] ? add_to_page_cache_locked+0xa4/0x110
 [] ? add_to_page_cache_lru+0x54/0x70
 [] ? grab_cache_page_write_begin+0x8e/0xc0
 [] ? ll_write_begin+0x83/0x370 [lustre]
 [] ? ll_write_end+0x3e/0x60 [lustre]
 [] ? generic_file_buffered_write+0xef/0x270
 [] ? __generic_file_aio_write+0x200/0x4e0
 [] ? cl_wait_try+0xa5/0x390 [obdclass]
 [] ? generic_file_aio_write+0x5e/0xc0
 [] ? cl_lock_mutex_put+0x3e/0x80 [obdclass]
 [] ? vvp_io_write_start+0xd6/0x420 [lustre]
 [] ? vvp_io_write_lock+0x70/0x80 [lustre]
 [] ? cl_io_start+0x82/0x270 [obdclass]
 [] ? cfs_hash_bd_lookup_intent+0xa2/0xf0 [libcfs]
 [] ? cfs_hash_bd_from_key+0x2e/0xa0 [libcfs]
 [] ? cl_io_loop+0x135/0x2a0 [obdclass]
 [] ? cl_io_fini+0x9a/0x260 [obdclass]
 [] ? cl_env_peek+0x2e/0x180 [obdclass]
 [] ? ll_file_io_generic+0x541/0x6c0 [lustre]
 [] ? cl_env_get+0x16/0x480 [obdclass]
 [] ? cfs_hash_dual_bd_unlock+0x22/0x50 [libcfs]
 [] ? cfs_hash_find_or_add+0x7e/0x160 [libcfs]
 [] ? ll_file_aio_write+0x121/0x4d0 [lustre]
 [] ? cl_env_put+0x134/0x300 [obdclass]
 [] ? lapic_next_event+0x13/0x20
 [] ? clockevents_program_event+0x8c/0x120
 [] ? ll_file_write+0x165/0x440 [lustre]
 [] ? __rcu_process_callbacks+0x1fa/0x2d0
 [] ? security_file_permission+0xc/0x10
 [] ? rw_verify_area+0x66/0xe0
 [] ? ll_file_write+0x0/0x440 [lustre]
 [] ? vfs_write+0xa0/0x190
 [] ? audit_syscall_entry+0x21c/0x240
 [] ? sys_write+0x41/0x70
 [] ? sysenter_do_call+0x12/0x28
Mem-Info:
DMA per-cpu:
CPU    0: hi:    0, btch:   1 usd:   0
CPU    1: hi:    0, btch:   1 usd:   0
CPU    2: hi:    0, btch:   1 usd:   0
CPU    3: hi:    0, btch:   1 usd:   0
Normal per-cpu:
CPU    0: hi:  186, btch:  31 usd:  23
CPU    1: hi:  186, btch:  31 usd:  61
CPU    2: hi:  186, btch:  31 usd:  12
CPU    3: hi:  186, btch:  31 usd:  98
HighMem per-cpu:
CPU    0: hi:  186, btch:  31 usd:   0
CPU    1: hi:  186, btch:  31 usd:   5
CPU    2: hi:  186, btch:  31 usd:   0
CPU    3: hi:  186, btch:  31 usd:  30
active_anon:7375 inactive_anon:768 isolated_anon:0
 active_file:2683 inactive_file:812670 isolated_file:0
 unevictable:0 dirty:1 writeback:0 unstable:0
 free:2085158 slab_reclaimable:4050 slab_unreclaimable:128167
 mapped:3276 shmem:46 pagetables:478 bounce:0
DMA free:3500kB min:64kB low:80kB high:96kB active_anon:0kB inactive_anon:0kB active_file:0kB inactive_file:0kB unevictable:0kB isolated(anon):0kB isolated(file):0kB present:15792kB mlocked:0kB dirty:0kB writeback:0kB mapped:0kB shmem:0kB slab_reclaimable:140kB slab_unreclaimable:4536kB kernel_stack:0kB pagetables:0kB unstable:0kB bounce:0kB writeback_tmp:0kB pages_scanned:0 all_unreclaimable? yes
lowmem_reserve[]: 0 863 12159 12159
Normal free:3664kB min:3724kB low:4652kB high:5584kB active_anon:0kB inactive_anon:0kB active_file:4kB inactive_file:112kB unevictable:0kB isolated(anon):0kB isolated(file):0kB present:883912kB mlocked:0kB dirty:0kB writeback:0kB mapped:4kB shmem:0kB slab_reclaimable:16060kB slab_unreclaimable:508132kB kernel_stack:1648kB pagetables:0kB unstable:0kB bounce:0kB writeback_tmp:0kB pages_scanned:178041 all_unreclaimable? yes
lowmem_reserve[]: 0 0 90370 90370
HighMem free:8333468kB min:512kB low:12700kB high:24888kB active_anon:29500kB inactive_anon:3072kB active_file:10728kB inactive_file:3250568kB unevictable:0kB isolated(anon):0kB isolated(file):0kB present:11567412kB mlocked:0kB dirty:4kB writeback:0kB mapped:13100kB shmem:184kB slab_reclaimable:0kB slab_unreclaimable:0kB kernel_stack:0kB pagetables:1912kB unstable:0kB bounce:0kB writeback_tmp:0kB pages_scanned:0 all_unreclaimable? no
lowmem_reserve[]: 0 0 0 0
DMA: 1*4kB 1*8kB 2*16kB 2*32kB 1*64kB 10*128kB 0*256kB 0*512kB 0*1024kB 1*2048kB 0*4096kB = 3500kB
Normal: 402*4kB 1*8kB 0*16kB 0*32kB 0*64kB 0*128kB 0*256kB 0*512kB 0*1024kB 1*2048kB 0*4096kB = 3664kB
HighMem: 61*4kB 29*8kB 12*16kB 4*32kB 8*64kB 13*128kB 7*256kB 5*512kB 3*1024kB 2*2048kB 2031*4096kB = 8333468kB
815399 total pagecache pages
0 pages in swap cache
Swap cache stats: add 0, delete 0, find 0/0
Free swap  = 14565368kB
Total swap = 14565368kB
3145712 pages RAM
2918914 pages HighMem
62162 pages reserved
819682 pages shared
156112 pages non-shared

Maloo report: https://maloo.whamcloud.com/test_sets/b4d6442e-ce1a-11e0-8d02-52540025f9af

ost-pools test 23 also hit the same issue: https://maloo.whamcloud.com/test_sets/7ad68e6e-cec9-11e0-8d02-52540025f9af

--- Comment (green, Sun, 24 Jul 2011 14:33:37 +0000) ---
btw, I think it would be great idea to grab slab statistics for a case like this

--- Comment (green, Sun, 24 Jul 2011 14:33:14 +0000) ---
wow, 12G RAM and it went oom anyway.

--- Comment (sarah, Wed, 20 Jul 2011 01:38:01 +0000) ---
sanity-quota also got oom, not sure if it's the same one, if not, I will open a new ticket for tracking.

https://maloo.whamcloud.com/test_sets/376d7774-b258-11e0-b33f-52540025f9af
