Key:        LU-851
Summary:    Test failure on test suite parallel-scale, subtest test_iorssf
Link:       https://jira.whamcloud.com/browse/LU-851
Type:       Bug
Priority:   Minor
Status:     Resolved
Resolution: Cannot Reproduce
Assignee:   WC Triage
Reporter:   Maloo
Created:    Tue, 15 Nov 2011 23:11:24 +0000
Updated:    Mon, 29 May 2017 02:46:30 +0000
Resolved:   Mon, 29 May 2017 02:46:30 +0000
Links:      Duplicate: is duplicated by LU-1567

--- Description ---
This issue was created by maloo for sarah 

This issue relates to the following test suite run: https://maloo.whamcloud.com/test_sets/08d44894-1008-11e1-8338-52540025f9af.

The sub-test test_iorssf failed with the following error:

ior failed! 1

Info required for matching: parallel-scale iorssf

--- Comment (adilger, Mon, 29 May 2017 02:46:30 +0000) ---
Close old ticket.

--- Comment (green, Tue, 3 Jan 2012 07:39:55 +0000) ---
Is this another "async journal OOM" issue I wonder?

--- Comment (pjones, Thu, 24 Nov 2011 20:46:13 +0000) ---
We are deprecating i686 clients for 2.2 so if this problem is limited to i686 then we should not worry about it

--- Comment (johann, Thu, 24 Nov 2011 16:27:22 +0000) ---
I wonder if this bug is due to the combination of 32-bit clients with bugzilla 23529.

Sarah, could you please try to reproduce this issue? If it can be reproduced reliably, then it is worth trying to disable async journal commit to see if the problem goes away.

Also, have we ever hit this OOM issue with x86_64 client?

--- Comment (johann, Thu, 24 Nov 2011 12:25:30 +0000) ---
OOM issue, ouch 

Lustre: DEBUG MARKER: == parallel-scale test iorssf: iorssf == 19:33:32 (1321414412)
automount invoked oom-killer: gfp_mask=0xd0, order=0, oom_adj=0
automount cpuset=/ mems_allowed=0
Pid: 1617, comm: automount Not tainted 2.6.32-131.6.1.el6.i686 #1
Call Trace:
 [] ? oom_kill_process+0xb0/0x2d0
 [] ? __out_of_memory+0x4a/0x90
 [] ? out_of_memory+0x55/0xb0
 [] ? __alloc_pages_nodemask+0x7fb/0x810
 [] ? cache_alloc_refill+0x2bc/0x510
 [] ? kmem_cache_alloc+0xa4/0x110
 [] ? proc_self_follow_link+0x5f/0x90
 [] ? touch_atime+0xf2/0x140
 [] ? do_follow_link+0xe2/0x3d0
 [] ? __d_instantiate+0x38/0xd0
 [] ? __link_path_walk+0x1b0/0x6b0
 [] ? do_follow_link+0x14e/0x3d0
 [] ? __link_path_walk+0x637/0x6b0
 [] ? path_walk+0x51/0xc0
 [] ? do_path_lookup+0x59/0x90
 [] ? do_filp_open+0xc4/0xb30
 [] ? cache_alloc_refill+0x1e2/0x510
 [] ? do_sys_open+0x58/0x130
 [] ? audit_syscall_entry+0x21c/0x240
 [] ? __audit_syscall_exit+0x220/0x250
 [] ? sys_open+0x2c/0x40
 [] ? sysenter_do_call+0x12/0x28
Mem-Info:
DMA per-cpu:
CPU    0: hi:    0, btch:   1 usd:   0
CPU    1: hi:    0, btch:   1 usd:   0
CPU    2: hi:    0, btch:   1 usd:   0
CPU    3: hi:    0, btch:   1 usd:   0
Normal per-cpu:
CPU    0: hi:  186, btch:  31 usd:   0
CPU    1: hi:  186, btch:  31 usd:   0
CPU    2: hi:  186, btch:  31 usd:   0
CPU    3: hi:  186, btch:  31 usd:   0
HighMem per-cpu:
CPU    0: hi:  186, btch:  31 usd:   0
CPU    1: hi:  186, btch:  31 usd:   0
CPU    2: hi:  186, btch:  31 usd:   0
CPU    3: hi:  186, btch:  31 usd:   0
active_anon:15644 inactive_anon:1589 isolated_anon:0
 active_file:3561 inactive_file:934696 isolated_file:0
 unevictable:0 dirty:0 writeback:0 unstable:0
 free:1953182 slab_reclaimable:4012 slab_unreclaimable:127469
 mapped:4625 shmem:46 pagetables:569 bounce:0
DMA free:3464kB min:64kB low:80kB high:96kB active_anon:0kB inactive_anon:0kB active_file:0kB inactive_file:0kB unevictable:0kB isolated(anon):0kB isolated(file):0kB present:15792kB mlocked:0kB dirty:0kB writeback:0kB mapped:0kB shmem:0kB slab_reclaimable:148kB slab_unreclaimable:4560kB kernel_stack:0kB pagetables:0kB unstable:0kB bounce:0kB writeback_tmp:0kB pages_scanned:0 all_unreclaimable? yes
lowmem_reserve[]: 0 863 12159 12159
Normal free:3808kB min:3724kB low:4652kB high:5584kB active_anon:0kB inactive_anon:0kB active_file:64kB inactive_file:0kB unevictable:0kB isolated(anon):0kB isolated(file):0kB present:883912kB mlocked:0kB dirty:0kB writeback:0kB mapped:4kB shmem:0kB slab_reclaimable:15900kB slab_unreclaimable:505316kB kernel_stack:2256kB pagetables:0kB unstable:0kB bounce:0kB writeback_tmp:0kB pages_scanned:168 all_unreclaimable? yes
lowmem_reserve[]: 0 0 90370 90370
HighMem free:7805456kB min:512kB low:12700kB high:24888kB active_anon:62576kB inactive_anon:6356kB active_file:14180kB inactive_file:3738784kB unevictable:0kB isolated(anon):0kB isolated(file):0kB present:11567412kB mlocked:0kB dirty:0kB writeback:0kB mapped:18496kB shmem:184kB slab_reclaimable:0kB slab_unreclaimable:0kB kernel_stack:0kB pagetables:2276kB unstable:0kB bounce:0kB writeback_tmp:0kB pages_scanned:0 all_unreclaimable? no
lowmem_reserve[]: 0 0 0 0
DMA: 2*4kB 0*8kB 2*16kB 3*32kB 2*64kB 9*128kB 0*256kB 0*512kB 0*1024kB 1*2048kB 0*4096kB = 3464kB
Normal: 69*4kB 0*8kB 1*16kB 1*32kB 1*64kB 1*128kB 1*256kB 0*512kB 1*1024kB 1*2048kB 0*4096kB = 3844kB
HighMem: 45*4kB 27*8kB 4*16kB 10*32kB 14*64kB 4*128kB 6*256kB 6*512kB 2*1024kB 3*2048kB 1902*4096kB = 7805580kB
803188 total pagecache pages
0 pages in swap cache
Swap cache stats: add 0, delete 0, find 0/0
Free swap  = 14565368kB
Total swap = 14565368kB
3145712 pages RAM
2918914 pages HighMem
62162 pages reserved
823317 pages shared
285915 pages non-shared
Out of memory: kill process 1536 (mpirun) score 5602 or a child
Killed process 1540 (IOR) vsz:118652kB, anon-rss:26332kB, file-rss:2704kB
IOR: page allocation failure. order:0, mode:0x50
Pid: 1540, comm: IOR Not tainted 2.6.32-131.6.1.el6.i686 #1
Call Trace:
 [] ? __alloc_pages_nodemask+0x696/0x810
 [] ? cache_alloc_refill+0x2bc/0x510
 [] ? kmem_cache_alloc+0xa4/0x110
 [] ? osc_page_init+0x3a/0x3f0 [osc]
 [] ? lovsub_page_init+0x183/0x4e0 [lov]
 [] ? osc_page_init+0x0/0x3f0 [osc]
 [] ? cl_page_find0+0x251/0xd60 [obdclass]
 [] ? lov_sub_get+0xf6/0x900 [lov]
 [] ? cl_page_find_sub+0x1f/0x30 [obdclass]
 [] ? lov_page_init_raid0+0x218/0xb30 [lov]
 [] ? vvp_page_init+0x187/0x380 [lustre]
 [] ? lov_page_init+0x4f/0xa0 [lov]
 [] ? lov_page_init+0x0/0xa0 [lov]
 [] ? cl_page_find0+0x251/0xd60 [obdclass]
 [] ? add_to_page_cache_locked+0xa4/0x110
 [] ? cl_page_find+0x20/0x30 [obdclass]
 [] ? ll_readahead+0x10ec/0x1c10 [lustre]
 [] ? vvp_io_read_page+0x40d/0x5b0 [lustre]
 [] ? cl_io_read_page+0xa6/0x2b0 [obdclass]
 [] ? ll_readpage+0x99/0x2c0 [lustre]
 [] ? find_get_page+0x1d/0x90
 [] ? generic_file_aio_read+0x1e6/0x780
 [] ? vsnprintf+0x2ea/0x3f0
 [] ? vvp_io_read_start+0x1cb/0x5a0 [lustre]
 [] ? cl_io_start+0x82/0x270 [obdclass]
 [] ? cl_io_loop+0x135/0x2a0 [obdclass]
 [] ? ll_file_io_generic+0x41a/0x6c0 [lustre]
 [] ? ll_file_aio_read+0x121/0x4d0 [lustre]
 [] ? ll_file_read+0x165/0x440 [lustre]
 [] ? security_file_permission+0xc/0x10
 [] ? rw_verify_area+0x66/0xe0
 [] ? ll_file_read+0x0/0x440 [lustre]
 [] ? vfs_read+0x9d/0x190
 [] ? audit_syscall_entry+0x21c/0x240
 [] ? sys_read+0x41/0x70
 [] ? sysenter_do_call+0x12/0x28
