Change:     480
Subject:    LU-255: enable ext4 features by default
Link:       https://review.whamcloud.com/c/fs/lustre-release/+/480
Change-Id:  I519bffaad5e97ee68c189efb00e07ebc0b1600f5
Project:    fs/lustre-release
Branch:     master
Status:     MERGED
Owner:      Andreas Dilger
Created:    2011-04-29 22:02:40.000000000
Updated:    2013-12-21 01:06:01.000000000
Patch Set:  8
Insertions: +152
Deletions:  -124
Comments:   11 (0 unresolved)

--- Labels ---
  Code-Review: Andreas Dilger: +1; Johann Lombardi: +2; Jian Yu: +1
  Verified: Jenkins: +1; Maloo: +1

--- Reviewers ---
  REVIEWER: Jenkins, Johann Lombardi, Oleg Drokin, Andreas Dilger, Commit Reviewer, Jian Yu

--- Commit Message ---
LU-255: enable ext4 features by default

Enable the flex_bg, huge_file, and dir_nlink features from ext4 by
default for ext4-based ldiskfs filesystems.  The flex_bg feature
can significantly reduce e2fsck time as well as time-to-first-write
on newly mounted OSTs.

Reduce the number of inodes created on larger OST filesystems, since
there are far too many inodes created by default, which wastes space
and slows down e2fsck.

Increase the number of inodes on MDT filesystems, subject to
constraints from the default number of stripes being stored for
each inode, which may increase the inode size being used.  Remove
changes to the statfs() results on the MDT to limit inode count to
the returned block count since increased MDT inodes will always
exceed free blocks, and it was confusing.

Skip zeroing the journal at format time.  It will be overwritten
at first use, and avoids writing 400MB of zeroes to the filesystem
needlessly.  We can't skip zering the inode table by default, but
newer mke2fs will check if the kernel handles this itself, and
request it internally.

Cleanups to remove support for 2.4 kernels and reiserfs filesystem.

Change-Id: I519bffaad5e97ee68c189efb00e07ebc0b1600f5
Signed-off-by: Andreas Dilger <adilger@whamcloud.com>

--- Review History ---

--- Message (Jenkins, 2011-04-29 22:02:46.000000000) ---
Patch Set 1:

Build Started http://newbuild.whamcloud.com/job/lustre-reviews/296/

--- Message (Jenkins, 2011-04-29 23:12:55.000000000) ---
Patch Set 1: Verified

Build Successful 
 
http://newbuild.whamcloud.com/job/lustre-reviews/296/ : SUCCESS

--- Message (Maloo, 2011-05-01 14:31:33.000000000) ---
Patch Set 1: Verified

Tests received by maloo, run on centos5/x86_64: (https://maloo.whamcloud.com/test_sessions/9b028d48-73ff-11e0-80b5-52540025f9af).  Ran 1 tests.  No failures.

--- Message (Johann Lombardi, 2011-05-02 21:05:57.000000000) ---
Patch Set 1: Looks good to me, approved

(2 inline comments)

--- Message (Andreas Dilger, 2011-05-02 22:14:28.000000000) ---
Patch Set 1: (2 inline comments)

--- Message (Jian Yu, 2011-05-03 06:34:57.000000000) ---
Patch Set 1: Looks good to me, but someone else must approve

(1 inline comment)

--- Message (Andreas Dilger, 2011-05-03 07:58:12.000000000) ---
Uploaded patch set 2.

--- Message (Johann Lombardi, 2011-05-03 08:54:40.000000000) ---
Patch Set 2: I would prefer that you didn't submit this

(2 inline comments)

Just 2 minor issues which need to be addressed before landing IMO.

--- Message (Jian Yu, 2011-05-03 09:10:51.000000000) ---
Patch Set 2: I would prefer that you didn't submit this

(1 inline comment)

--- Message (Jenkins, 2011-05-03 13:36:51.000000000) ---
Patch Set 2:

Build Started http://newbuild.whamcloud.com/job/lustre-reviews/306/

--- Message (Jenkins, 2011-05-03 14:19:36.000000000) ---
Patch Set 2: Verified

Build Successful 
 
http://newbuild.whamcloud.com/job/lustre-reviews/306/ : SUCCESS

--- Message (Andreas Dilger, 2011-05-03 23:03:38.000000000) ---
Uploaded patch set 3.

--- Message (Jenkins, 2011-05-03 23:03:41.000000000) ---
Patch Set 3:

Build Started http://newbuild.whamcloud.com/job/lustre-reviews/316/

--- Message (Andreas Dilger, 2011-05-03 23:05:38.000000000) ---
Patch Set 3:

Fixed problem pointed out by Johann, and hopefully addressed comments raised by Yu Jian.

--- Message (Jenkins, 2011-05-03 23:38:53.000000000) ---
Patch Set 3: Fails

Build Failed 
 
http://newbuild.whamcloud.com/job/lustre-reviews/316/ : FAILURE

--- Message (Andreas Dilger, 2011-05-04 00:25:15.000000000) ---
Uploaded patch set 4.

--- Message (Jenkins, 2011-05-04 00:25:19.000000000) ---
Patch Set 4:

Build Started http://newbuild.whamcloud.com/job/lustre-reviews/317/

--- Message (Jenkins, 2011-05-04 01:08:00.000000000) ---
Patch Set 4: Verified

Build Successful 
 
http://newbuild.whamcloud.com/job/lustre-reviews/317/ : SUCCESS

--- Message (Jian Yu, 2011-05-04 01:49:20.000000000) ---
Patch Set 4:

Hi Andreas,
The issue still exists:

[root@fat-intel-4 ~]# mkfs.lustre --mgs --mdt --backfstype=ext3 --device-size=2000000 --reformat --verbose /dev/sdb

   Permanent disk data:
Target:     lustre-MDTffff
Index:      unassigned
Lustre FS:  lustre
Mount type: ext3
Flags:      0x75
              (MDT MGS needs_index first_time update )
Persistent mount opts: user_xattr,errors=remount-ro
Parameters:

device size = 239429MB
formatting backing filesystem ext3 on /dev/sdb
        target name  lustre-MDTffff
        4k blocks     500000
        options        -J size=76 -I 512 -i 2048 -O dirdata,uninit_bg,dir_nlink,huge_file,flex_bg -E lazy_journal_init, -F
mkfs_cmd = mke2fs -j -b 4096 -L lustre-MDTffff  -J size=76 -I 512 -i 2048 -O dirdata,uninit_bg,dir_nlink,huge_file,flex_bg -E lazy_journal_init, -F /dev/sdb 500000
cmd: mke2fs -j -b 4096 -L lustre-MDTffff  -J size=76 -I 512 -i 2048 -O dirdata,uninit_bg,dir_nlink,huge_file,flex_bg -E lazy_journal_init, -F /dev/sdb 500000
mke2fs 1.41.14.wc1 (20-Jan-2011)
Filesystem label=lustre-MDTffff
OS type: Linux
Block size=4096 (log=2)
Fragment size=4096 (log=2)
Stride=0 blocks, Stripe width=0 blocks
1000184 inodes, 500000 blocks
25000 blocks (5.00%) reserved for the super user
First data block=0
Maximum filesystem blocks=514086912
31 block groups
16528 blocks per group, 16528 fragments per group
32264 inodes per group
Superblock backups stored on blocks:
        16528, 49584, 82640, 115696, 148752, 413200, 446256

Writing inode tables: done
Creating journal (19456 blocks): done
Writing superblocks and filesystem accounting information: done

This filesystem will be automatically checked every 36 mounts or
180 days, whichever comes first.  Use tune2fs -c or -i to override.
mkfs.lustre: Unable to mount /dev/sdb: Invalid argument

mkfs.lustre FATAL: failed to write local files
mkfs.lustre: exiting with 22 (Invalid argument)

[root@fat-intel-4 ~]# dmesg
EXT3-fs: sdb: couldn't mount because of unsupported optional features (1200).

--- Message (Maloo, 2011-05-04 06:18:01.000000000) ---
Patch Set 4: Fails

Tests received by maloo, run on centos5/x86_64: (https://maloo.whamcloud.com/test_sessions/fbe3d7a4-7614-11e0-80b5-52540025f9af).  Ran 8 tests.  1 tests failed: ost-pools.

--- Message (Johann Lombardi, 2011-05-04 09:06:25.000000000) ---
Patch Set 4: (1 inline comment)

--- Message (Andreas Dilger, 2011-05-04 22:33:47.000000000) ---
Uploaded patch set 5.

--- Message (Andreas Dilger, 2011-05-05 02:12:12.000000000) ---
Patch Set 5:

The test failure for patchset #4 is unrelated to this patch - LU-276.

The latest patch addresses Yu Jian's concern about --backfstype=ext3 - the default ext4 features are not enabled in this case.  It should be noted that "--backfstype" is only used for 2.4 kernels, all 2.6 kernels are using ldiskfs.

--- Message (Jian Yu, 2011-05-05 03:09:58.000000000) ---
Patch Set 5: Looks good to me, but someone else must approve

--- Message (Andreas Dilger, 2011-05-05 03:58:59.000000000) ---
Uploaded patch set 6.

--- Message (Jian Yu, 2011-05-05 04:02:03.000000000) ---
Patch Set 6: Looks good to me, but someone else must approve

--- Message (Jenkins, 2011-05-05 07:07:56.000000000) ---
Patch Set 6:

Build Started http://newbuild.whamcloud.com/job/lustre-reviews/334/

--- Message (Jenkins, 2011-05-05 07:50:24.000000000) ---
Patch Set 6: Verified

Build Successful 
 
http://newbuild.whamcloud.com/job/lustre-reviews/334/ : SUCCESS

--- Message (Johann Lombardi, 2011-05-06 09:12:44.000000000) ---
Patch Set 6: (1 inline comment)

--- Message (Andreas Dilger, 2011-05-06 15:03:45.000000000) ---
Uploaded patch set 7.

--- Message (Andreas Dilger, 2011-05-06 15:05:12.000000000) ---
Uploaded patch set 8.

--- Message (Andreas Dilger, 2011-05-06 15:06:32.000000000) ---
Patch Set 8: Looks good to me, but someone else must approve

--- Message (Andreas Dilger, 2011-05-06 15:06:58.000000000) ---
Patch Set 6: (1 inline comment)

--- Message (Jian Yu, 2011-05-06 15:09:02.000000000) ---
Patch Set 8: Looks good to me, but someone else must approve

--- Message (Jenkins, 2011-05-06 15:13:37.000000000) ---
Patch Set 7:

Build Started http://newbuild.whamcloud.com/job/lustre-reviews/364/

--- Message (Jenkins, 2011-05-06 15:56:28.000000000) ---
Patch Set 7:

Build Successful 
 
http://newbuild.whamcloud.com/job/lustre-reviews/364/ : SUCCESS

--- Message (Jenkins, 2011-05-06 15:56:33.000000000) ---
Patch Set 8:

Build Started http://newbuild.whamcloud.com/job/lustre-reviews/365/

--- Message (Jenkins, 2011-05-06 16:37:20.000000000) ---
Patch Set 8: Verified

Build Successful 
 
http://newbuild.whamcloud.com/job/lustre-reviews/365/ : SUCCESS

--- Message (Maloo, 2011-05-07 06:06:15.000000000) ---
Patch Set 6:

Tests received by maloo, run on el5/x86_64: (https://maloo.whamcloud.com/test_sessions/1f5fa5d4-7870-11e0-9b1b-52540025f9af).  Ran 1 tests.  1 tests failed: Provision Failure.

--- Message (Maloo, 2011-05-07 11:56:02.000000000) ---
Patch Set 7:

Tests received by maloo, run on el5/x86_64: (https://maloo.whamcloud.com/test_sessions/fd697884-78a0-11e0-9b1b-52540025f9af).  Ran 1 tests.  1 tests failed: Provision Failure.

--- Message (Maloo, 2011-05-09 12:55:16.000000000) ---
Patch Set 8: Verified

Tests received by maloo, run on CentOS release 5.6/x86_64: https://maloo.whamcloud.com/test_sessions/3d4ab922-7a3b-11e0-a1b3-52540025f9afRan 1 tests.No failures

--- Message (Maloo, 2011-05-10 05:21:11.000000000) ---
Patch Set 7:

Tests received by maloo, run on CentOS release 5.6/x86_64: (https://maloo.whamcloud.com/test_sessions/f19dfa68-7ac4-11e0-b5bf-52540025f9af).  Ran 1 tests.  No failures.

--- Message (Maloo, 2011-05-10 13:35:42.000000000) ---
Patch Set 8:

Tests received by maloo, run on CentOS release 5.6/x86_64: (https://maloo.whamcloud.com/test_sessions/027cbc26-7b0a-11e0-b5bf-52540025f9af).  Ran 1 tests.  No failures.

--- Message (Johann Lombardi, 2011-05-13 04:00:04.000000000) ---
Patch Set 8: Looks good to me, approved

--- Message (Maloo, 2011-05-17 22:29:13.000000000) ---
Patch Set 6:

Tests received by maloo, run on CentOS release 5.6/x86_64: (https://maloo.whamcloud.com/test_sessions/ebc64d28-80d4-11e0-b4df-52540025f9af).  Ran 2 tests.  No failures.

--- Message (Maloo, 2011-05-18 05:08:06.000000000) ---
Patch Set 7:

Tests received by maloo, run on CentOS release 5.6/x86_64: (https://maloo.whamcloud.com/test_sessions/cec6175c-810c-11e0-b4df-52540025f9af).  Ran 1 tests.  No failures.

--- Message (Oleg Drokin, 2011-05-18 23:02:27.000000000) ---
Change has been successfully cherry-picked as eb012d4a10208b26c2d3e795a90f1bb07dde6d91.
