<!-- 
RSS generated by JIRA (9.4.29#940029-sha1:4daa0635650e368c1b281e719d2298e7d3994659) at Wed Mar 04 20:06:24 UTC 2026

It is possible to restrict the fields that are returned in this document by specifying the 'field' parameter in your request.
For example, to request only the issue key and summary append 'field=key&field=summary' to the URL of your request.
-->
<rss version="0.92" >
<channel>
    <title>Whamcloud Community JIRA</title>
    <link>https://jira.whamcloud.com</link>
    <description>This file is an XML representation of an issue</description>
    <language>en-us</language>    <build-info>
        <version>9.4.29</version>
        <build-number>940029</build-number>
        <build-date>03-12-2024</build-date>
    </build-info>


<item>
            <title>[LU-10133] Multi-page allocation failures in mlx4/mlx5</title>
                <link>https://jira.whamcloud.com/browse/LU-10133</link>
                <project id="10000" key="LU">Lustre</project>
                    <description>&lt;p&gt;I am seeing multiple page allocation failures from soak-clients. Failures seem to be semi-random. &lt;br/&gt;
Example:&lt;/p&gt;
&lt;div class=&quot;code panel&quot; style=&quot;border-width: 1px;&quot;&gt;&lt;div class=&quot;codeContent panelContent&quot;&gt;
&lt;pre class=&quot;code-java&quot;&gt;Oct 17 02:20:07 soak-17 kernel: kworker/u480:1: page allocation failure: order:8, mode:0x80d0
Oct 17 02:20:07 soak-17 kernel: CPU: 9 PID: 58714 Comm: kworker/u480:1 Tainted: G           OE  ------------   3.10.0-693.2.2.el7.x86_64 #1
Oct 17 02:20:07 soak-17 kernel: Hardware name: Intel Corporation S2600GZ ........../S2600GZ, BIOS SE5C600.86B.01.08.0003.022620131521 02/26/2013
Oct 17 02:20:08 soak-17 kernel: Workqueue: rdma_cm cma_work_handler [rdma_cm]
Oct 17 02:20:08 soak-17 kernel: 00000000000080d0 00000000a9e78c95 ffff8803ee9bf848 ffffffff816a3db1
Oct 17 02:20:08 soak-17 kernel: ffff8803ee9bf8d8 ffffffff81188810 0000000000000000 ffff88043ffdb000
Oct 17 02:20:08 soak-17 kernel: 0000000000000008 00000000000080d0 ffff8803ee9bf8d8 00000000a9e78c95
Oct 17 02:20:08 soak-17 kernel: Call Trace:
Oct 17 02:20:08 soak-17 kernel: [&amp;lt;ffffffff816a3db1&amp;gt;] dump_stack+0x19/0x1b
Oct 17 02:20:08 soak-17 kernel: [&amp;lt;ffffffff81188810&amp;gt;] warn_alloc_failed+0x110/0x180
Oct 17 02:20:08 soak-17 kernel: [&amp;lt;ffffffff8169fd8a&amp;gt;] __alloc_pages_slowpath+0x6b6/0x724
Oct 17 02:20:08 soak-17 kernel: [&amp;lt;ffffffff8118cd85&amp;gt;] __alloc_pages_nodemask+0x405/0x420
Oct 17 02:20:08 soak-17 kernel: [&amp;lt;ffffffff81030f8f&amp;gt;] dma_generic_alloc_coherent+0x8f/0x140
Oct 17 02:20:08 soak-17 kernel: [&amp;lt;ffffffff81064341&amp;gt;] x86_swiotlb_alloc_coherent+0x21/0x50
Oct 17 02:20:08 soak-17 kernel: [&amp;lt;ffffffffc02914d3&amp;gt;] mlx4_buf_direct_alloc.isra.6+0xd3/0x1a0 [mlx4_core]
Oct 17 02:20:09 soak-17 kernel: [&amp;lt;ffffffffc029176b&amp;gt;] mlx4_buf_alloc+0x1cb/0x240 [mlx4_core]
Oct 17 02:20:09 soak-17 kernel: [&amp;lt;ffffffffc02940d0&amp;gt;] ? __mlx4_cmd+0x560/0x920 [mlx4_core]
Oct 17 02:20:09 soak-17 kernel: [&amp;lt;ffffffffc061085e&amp;gt;] create_qp_common.isra.31+0x62e/0x10d0 [mlx4_ib]
Oct 17 02:20:09 soak-17 kernel: [&amp;lt;ffffffffc061144e&amp;gt;] mlx4_ib_create_qp+0x14e/0x480 [mlx4_ib]
Oct 17 02:20:09 soak-17 kernel: [&amp;lt;ffffffffc03c9c3a&amp;gt;] ib_create_qp+0x7a/0x2f0 [ib_core]
Oct 17 02:20:09 soak-17 kernel: [&amp;lt;ffffffffc04f66d4&amp;gt;] rdma_create_qp+0x34/0xb0 [rdma_cm]
Oct 17 02:20:09 soak-17 kernel: [&amp;lt;ffffffffc0bd8539&amp;gt;] kiblnd_create_conn+0xbf9/0x1960 [ko2iblnd]
Oct 17 02:20:09 soak-17 kernel: [&amp;lt;ffffffffc0be8649&amp;gt;] kiblnd_cm_callback+0x1429/0x2300 [ko2iblnd]
Oct 17 02:20:09 soak-17 kernel: [&amp;lt;ffffffffc04fa57c&amp;gt;] cma_work_handler+0x6c/0xa0 [rdma_cm]
Oct 17 02:20:09 soak-17 kernel: [&amp;lt;ffffffff810a881a&amp;gt;] process_one_work+0x17a/0x440
Oct 17 02:20:09 soak-17 kernel: [&amp;lt;ffffffff810a94e6&amp;gt;] worker_thread+0x126/0x3c0
Oct 17 02:20:09 soak-17 kernel: [&amp;lt;ffffffff810a93c0&amp;gt;] ? manage_workers.isra.24+0x2a0/0x2a0
Oct 17 02:20:09 soak-17 kernel: [&amp;lt;ffffffff810b098f&amp;gt;] kthread+0xcf/0xe0
Oct 17 02:20:09 soak-17 kernel: [&amp;lt;ffffffff810b08c0&amp;gt;] ? insert_kthread_work+0x40/0x40
Oct 17 02:20:10 soak-17 kernel: [&amp;lt;ffffffff816b4f58&amp;gt;] ret_from_fork+0x58/0x90
Oct 17 02:20:10 soak-17 kernel: [&amp;lt;ffffffff810b08c0&amp;gt;] ? insert_kthread_work+0x40/0x40
Oct 17 02:20:10 soak-17 kernel: Mem-Info:
Oct 17 02:20:10 soak-17 kernel: active_anon:36658 inactive_anon:27590 isolated_anon:6#012 active_file:2710466 inactive_file:345768 isolated_file:10#012 unevictable:0 dirty:14 writeback:0 unstable:0#012 slab_reclaimable:30971 slab_unreclaimable:3983583#012 mapped:10108 shmem:6384 pagetables:3086 bounce:0#012 free:776253 free_pcp:359 free_cma:0
Oct 17 02:20:11 soak-17 kernel: Node 0 DMA free:15784kB min:40kB low:48kB high:60kB active_anon:0kB inactive_anon:0kB active_file:0kB inactive_file:0kB unevictable:0kB isolated(anon):0kB isolated(file):0kB present:15932kB managed:15848kB mlocked:0kB dirty:0kB writeback:0kB mapped:0kB shmem:0kB slab_reclaimable:0kB slab_unreclaimable:0kB kernel_stack:0kB pagetables:0kB unstable:0kB bounce:0kB free_pcp:0kB local_pcp:0kB free_cma:0kB writeback_tmp:0kB pages_scanned:0 all_unreclaimable? yes
Oct 17 02:20:11 soak-17 kernel: lowmem_reserve[]: 0 2580 15620 15620
Oct 17 02:20:11 soak-17 kernel: Node 0 DMA32 free:132736kB min:7320kB low:9148kB high:10980kB active_anon:6472kB inactive_anon:8768kB active_file:1063620kB inactive_file:27644kB unevictable:0kB isolated(anon):24kB isolated(file):40kB present:3051628kB managed:2643828kB mlocked:0kB dirty:8kB writeback:0kB mapped:2140kB shmem:116kB slab_reclaimable:9352kB slab_unreclaimable:1306892kB kernel_stack:1152kB pagetables:1196kB unstable:0kB bounce:0kB free_pcp:4kB local_pcp:0kB free_cma:0kB writeback_tmp:0kB pages_scanned:0 all_unreclaimable? no
Oct 17 02:20:11 soak-17 kernel: lowmem_reserve[]: 0 0 13040 13040
Oct 17 02:20:11 soak-17 kernel: Node 0 Normal free:1149812kB min:37012kB low:46264kB high:55516kB active_anon:69848kB inactive_anon:32420kB active_file:4495364kB inactive_file:737992kB unevictable:0kB isolated(anon):0kB isolated(file):0kB present:13631488kB managed:13353036kB mlocked:0kB dirty:24kB writeback:0kB mapped:9156kB shmem:248kB slab_reclaimable:54264kB slab_unreclaimable:6303688kB kernel_stack:7248kB pagetables:5096kB unstable:0kB bounce:0kB free_pcp:860kB local_pcp:0kB free_cma:0kB writeback_tmp:0kB pages_scanned:0 all_unreclaimable? no
Oct 17 02:20:12 soak-17 kernel: lowmem_reserve[]: 0 0 0 0
Oct 17 02:20:12 soak-17 kernel: Node 1 Normal free:1805688kB min:45728kB low:57160kB high:68592kB active_anon:70700kB inactive_anon:69172kB active_file:5282880kB inactive_file:617436kB unevictable:0kB isolated(anon):0kB isolated(file):0kB present:16777216kB managed:16498508kB mlocked:0kB dirty:24kB writeback:0kB mapped:29136kB shmem:25172kB slab_reclaimable:60268kB slab_unreclaimable:8323752kB kernel_stack:5568kB pagetables:6052kB unstable:0kB bounce:0kB free_pcp:1468kB local_pcp:0kB free_cma:0kB writeback_tmp:0kB pages_scanned:0 all_unreclaimable? no
Oct 17 02:20:13 soak-17 kernel: lowmem_reserve[]: 0 0 0 0
Oct 17 02:20:13 soak-17 kernel: Node 0 DMA: 0*4kB 1*8kB (U) 0*16kB 1*32kB (U) 0*64kB 1*128kB (U) 1*256kB (U) 0*512kB 1*1024kB (U) 1*2048kB (M) 3*4096kB (M) = 15784kB
Oct 17 02:20:13 soak-17 kernel: Node 0 DMA32: 2018*4kB (UEM) 1070*8kB (UEM) 670*16kB (UEM) 685*32kB (UEM) 594*64kB (UEM) 199*128kB (UEM) 80*256kB (M) 0*512kB 0*1024kB 0*2048kB 0*4096kB = 133240kB
Oct 17 02:20:13 soak-17 kernel: Node 0 Normal: 8492*4kB (UEM) 5207*8kB (UEM) 3978*16kB (UEM) 8657*32kB (UEM) 8319*64kB (EM) 1594*128kB (M) 0*256kB 0*512kB 0*1024kB 0*2048kB 0*4096kB = 1152744kB
Oct 17 02:20:13 soak-17 kernel: Node 1 Normal: 14583*4kB (UEM) 8566*8kB (UEM) 5482*16kB (UEM) 13112*32kB (UEM) 11765*64kB (UEM) 2443*128kB (UM) 418*256kB (UM) 5*512kB (M) 0*1024kB 0*2048kB 0*4096kB = 1809388kB
Oct 17 02:20:13 soak-17 kernel: Node 0 hugepages_total=0 hugepages_free=0 hugepages_surp=0 hugepages_size=1048576kB
Oct 17 02:20:13 soak-17 kernel: Node 0 hugepages_total=0 hugepages_free=0 hugepages_surp=0 hugepages_size=2048kB
Oct 17 02:20:13 soak-17 kernel: Node 1 hugepages_total=0 hugepages_free=0 hugepages_surp=0 hugepages_size=1048576kB
Oct 17 02:20:14 soak-17 kernel: Node 1 hugepages_total=0 hugepages_free=0 hugepages_surp=0 hugepages_size=2048kB
Oct 17 02:20:14 soak-17 kernel: 3062619 total pagecache pages
Oct 17 02:20:14 soak-17 kernel: 6 pages in swap cache
Oct 17 02:20:14 soak-17 kernel: Swap cache stats: add 13, delete 7, find 0/0
Oct 17 02:20:14 soak-17 kernel: Free swap  = 16319432kB
Oct 17 02:20:14 soak-17 kernel: Total swap = 16319484kB
Oct 17 02:20:14 soak-17 kernel: 8369066 pages RAM
Oct 17 02:20:14 soak-17 kernel: 0 pages HighMem/MovableOnly
Oct 17 02:20:14 soak-17 kernel: 241261 pages reserved
Oct 17 02:20:15 soak-17 kernel: kworker/u480:1: page allocation failure: order:8, mode:0x80d0
Oct 17 02:20:15 soak-17 kernel: CPU: 9 PID: 58714 Comm: kworker/u480:1 Tainted: G           OE  ------------   3.10.0-693.2.2.el7.x86_64 #1
Oct 17 02:20:15 soak-17 kernel: Hardware name: Intel Corporation S2600GZ ........../S2600GZ, BIOS SE5C600.86B.01.08.0003.022620131521 02/26/2013
Oct 17 02:20:15 soak-17 kernel: Workqueue: rdma_cm cma_work_handler [rdma_cm]
&lt;/pre&gt;
&lt;/div&gt;&lt;/div&gt;

&lt;p&gt;The systems appear to recover and continue. Lustre-log dump from soak-17 after the most recent failure attached.&lt;/p&gt;</description>
                <environment>Soak cluster - lustre-master build 3654 lustre version=2.10.54_13_g84f690e</environment>
        <key id="48794">LU-10133</key>
            <summary>Multi-page allocation failures in mlx4/mlx5</summary>
                <type id="1" iconUrl="https://jira.whamcloud.com/secure/viewavatar?size=xsmall&amp;avatarId=11303&amp;avatarType=issuetype">Bug</type>
                                            <priority id="3" iconUrl="https://jira.whamcloud.com/images/icons/priorities/major.svg">Major</priority>
                        <status id="5" iconUrl="https://jira.whamcloud.com/images/icons/statuses/resolved.png" description="A resolution has been taken, and it is awaiting verification by reporter. From here issues are either reopened, or are closed.">Resolved</status>
                    <statusCategory id="3" key="done" colorName="success"/>
                                    <resolution id="1">Fixed</resolution>
                                        <assignee username="ashehata">Amir Shehata</assignee>
                                    <reporter username="cliffw">Cliff White</reporter>
                        <labels>
                            <label>soak</label>
                    </labels>
                <created>Tue, 17 Oct 2017 22:04:25 +0000</created>
                <updated>Mon, 27 Apr 2020 08:05:10 +0000</updated>
                            <resolved>Fri, 23 Nov 2018 19:45:00 +0000</resolved>
                                    <version>Lustre 2.11.0</version>
                                                        <due></due>
                            <votes>0</votes>
                                    <watches>35</watches>
                                                                            <comments>
                            <comment id="237415" author="adilger" created="Fri, 23 Nov 2018 19:45:00 +0000"  >&lt;p&gt;This issue is fixed in the MOFED 4.4 release.&lt;/p&gt;</comment>
                            <comment id="221976" author="jaylan" created="Wed, 28 Feb 2018 20:55:37 +0000"  >&lt;p&gt;The patch &lt;a href=&quot;https://review.whamcloud.com/30164&quot; class=&quot;external-link&quot; target=&quot;_blank&quot; rel=&quot;nofollow noopener&quot;&gt;https://review.whamcloud.com/30164&lt;/a&gt; would change two kmalloc() calls in create_qp_common() so that a __vmalloc() call would be made in case kmalloc() fails.&lt;/p&gt;

&lt;p&gt;However, both Mahmoud and Cliff White reported a failure at difference locations: mlx4_buf_alloc() call inside the create_qp_common() routine. The fix from #30164 would have no effect on our problem.&lt;/p&gt;

&lt;p&gt;&lt;span class=&quot;error&quot;&gt;&amp;#91;558213.837942&amp;#93;&lt;/span&gt; &lt;span class=&quot;error&quot;&gt;&amp;#91;&amp;lt;ffffffff81686d81&amp;gt;&amp;#93;&lt;/span&gt; dump_stack+0x19/0x1b&lt;br/&gt;
&lt;span class=&quot;error&quot;&gt;&amp;#91;558213.837946&amp;#93;&lt;/span&gt; &lt;span class=&quot;error&quot;&gt;&amp;#91;&amp;lt;ffffffff81186160&amp;gt;&amp;#93;&lt;/span&gt; warn_alloc_failed+0x110/0x180&lt;br/&gt;
&lt;span class=&quot;error&quot;&gt;&amp;#91;558213.837949&amp;#93;&lt;/span&gt; &lt;span class=&quot;error&quot;&gt;&amp;#91;&amp;lt;ffffffff8118a954&amp;gt;&amp;#93;&lt;/span&gt; __alloc_pages_nodemask+0x9b4/0xba0&lt;br/&gt;
&lt;span class=&quot;error&quot;&gt;&amp;#91;558213.837951&amp;#93;&lt;/span&gt; &lt;span class=&quot;error&quot;&gt;&amp;#91;&amp;lt;ffffffff811ce868&amp;gt;&amp;#93;&lt;/span&gt; alloc_pages_current+0x98/0x110&lt;br/&gt;
&lt;span class=&quot;error&quot;&gt;&amp;#91;558213.837954&amp;#93;&lt;/span&gt; &lt;span class=&quot;error&quot;&gt;&amp;#91;&amp;lt;ffffffff81184fae&amp;gt;&amp;#93;&lt;/span&gt; __get_free_pages+0xe/0x50&lt;br/&gt;
&lt;span class=&quot;error&quot;&gt;&amp;#91;558213.837956&amp;#93;&lt;/span&gt; &lt;span class=&quot;error&quot;&gt;&amp;#91;&amp;lt;ffffffff8133f6fe&amp;gt;&amp;#93;&lt;/span&gt; swiotlb_alloc_coherent+0x5e/0x150&lt;br/&gt;
&lt;span class=&quot;error&quot;&gt;&amp;#91;558213.837959&amp;#93;&lt;/span&gt; &lt;span class=&quot;error&quot;&gt;&amp;#91;&amp;lt;ffffffff81062551&amp;gt;&amp;#93;&lt;/span&gt; x86_swiotlb_alloc_coherent+0x41/0x50&lt;br/&gt;
&lt;span class=&quot;error&quot;&gt;&amp;#91;558213.837968&amp;#93;&lt;/span&gt; &lt;span class=&quot;error&quot;&gt;&amp;#91;&amp;lt;ffffffffa04704c4&amp;gt;&amp;#93;&lt;/span&gt; mlx4_buf_direct_alloc.isra.7+0xc4/0x180 &lt;span class=&quot;error&quot;&gt;&amp;#91;mlx4_core&amp;#93;&lt;/span&gt;&lt;br/&gt;
&lt;span class=&quot;error&quot;&gt;&amp;#91;558213.837975&amp;#93;&lt;/span&gt; &lt;span class=&quot;error&quot;&gt;&amp;#91;&amp;lt;ffffffffa047073b&amp;gt;&amp;#93;&lt;/span&gt; mlx4_buf_alloc+0x1bb/0x260 &lt;span class=&quot;error&quot;&gt;&amp;#91;mlx4_core&amp;#93;&lt;/span&gt;&lt;br/&gt;
&lt;span class=&quot;error&quot;&gt;&amp;#91;558213.837980&amp;#93;&lt;/span&gt; &lt;span class=&quot;error&quot;&gt;&amp;#91;&amp;lt;ffffffffa05ff496&amp;gt;&amp;#93;&lt;/span&gt; create_qp_common+0x536/0x1000 &lt;span class=&quot;error&quot;&gt;&amp;#91;mlx4_ib&amp;#93;&lt;/span&gt;&lt;/p&gt;</comment>
                            <comment id="218439" author="cliffw" created="Wed, 17 Jan 2018 18:57:20 +0000"  >&lt;p&gt;We are seeing what may be this issue on the 2.10.3-RC1 tag&lt;br/&gt;
(code)&lt;br/&gt;
Jan 17 11:20:40 soak-17 kernel: kworker/u480:2: page allocation failure: order:8, mode:0x80d0&lt;br/&gt;
Jan 17 11:20:40 soak-17 kernel: CPU: 5 PID: 119497 Comm: kworker/u480:2 Tainted: G           OE  ------------   3.10.0-693.11.6.el7.x86_64 #1&lt;br/&gt;
Jan 17 11:20:40 soak-17 kernel: Hardware name: Intel Corporation S2600GZ ........../S2600GZ, BIOS SE5C600.86B.01.08.0003.022620131521 02/26/2013&lt;br/&gt;
Jan 17 11:20:40 soak-17 kernel: Workqueue: rdma_cm cma_work_handler &lt;span class=&quot;error&quot;&gt;&amp;#91;rdma_cm&amp;#93;&lt;/span&gt;&lt;br/&gt;
Jan 17 11:20:40 soak-17 kernel: Call Trace:&lt;br/&gt;
Jan 17 11:20:40 soak-17 kernel: &lt;span class=&quot;error&quot;&gt;&amp;#91;&amp;lt;ffffffff816a5ea1&amp;gt;&amp;#93;&lt;/span&gt; dump_stack+0x19/0x1b&lt;br/&gt;
Jan 17 11:20:40 soak-17 kernel: &lt;span class=&quot;error&quot;&gt;&amp;#91;&amp;lt;ffffffff8118a510&amp;gt;&amp;#93;&lt;/span&gt; warn_alloc_failed+0x110/0x180&lt;br/&gt;
Jan 17 11:20:40 soak-17 kernel: &lt;span class=&quot;error&quot;&gt;&amp;#91;&amp;lt;ffffffff816a1e7a&amp;gt;&amp;#93;&lt;/span&gt; __alloc_pages_slowpath+0x6b6/0x724&lt;br/&gt;
Jan 17 11:20:41 soak-17 kernel: &lt;span class=&quot;error&quot;&gt;&amp;#91;&amp;lt;ffffffff8118eaa5&amp;gt;&amp;#93;&lt;/span&gt; __alloc_pages_nodemask+0x405/0x420&lt;br/&gt;
Jan 17 11:20:41 soak-17 kernel: &lt;span class=&quot;error&quot;&gt;&amp;#91;&amp;lt;ffffffff81030e8f&amp;gt;&amp;#93;&lt;/span&gt; dma_generic_alloc_coherent+0x8f/0x140&lt;br/&gt;
Jan 17 11:20:41 soak-17 kernel: &lt;span class=&quot;error&quot;&gt;&amp;#91;&amp;lt;ffffffff810645d1&amp;gt;&amp;#93;&lt;/span&gt; x86_swiotlb_alloc_coherent+0x21/0x50&lt;br/&gt;
Jan 17 11:20:41 soak-17 kernel: &lt;span class=&quot;error&quot;&gt;&amp;#91;&amp;lt;ffffffffc02dd4c4&amp;gt;&amp;#93;&lt;/span&gt; mlx4_buf_direct_alloc.isra.7+0xc4/0x180 &lt;span class=&quot;error&quot;&gt;&amp;#91;mlx4_core&amp;#93;&lt;/span&gt;&lt;br/&gt;
Jan 17 11:20:41 soak-17 kernel: &lt;span class=&quot;error&quot;&gt;&amp;#91;&amp;lt;ffffffffc02dd73b&amp;gt;&amp;#93;&lt;/span&gt; mlx4_buf_alloc+0x1bb/0x260 &lt;span class=&quot;error&quot;&gt;&amp;#91;mlx4_core&amp;#93;&lt;/span&gt;&lt;br/&gt;
Jan 17 11:20:41 soak-17 kernel: &lt;span class=&quot;error&quot;&gt;&amp;#91;&amp;lt;ffffffffc01db4a6&amp;gt;&amp;#93;&lt;/span&gt; create_qp_common+0x536/0x1000 &lt;span class=&quot;error&quot;&gt;&amp;#91;mlx4_ib&amp;#93;&lt;/span&gt;&lt;br/&gt;
Jan 17 11:20:41 soak-17 kernel: &lt;span class=&quot;error&quot;&gt;&amp;#91;&amp;lt;ffffffffc01dc3d1&amp;gt;&amp;#93;&lt;/span&gt; mlx4_ib_create_qp+0x3b1/0xdc0 &lt;span class=&quot;error&quot;&gt;&amp;#91;mlx4_ib&amp;#93;&lt;/span&gt;&lt;br/&gt;
Jan 17 11:20:41 soak-17 kernel: &lt;span class=&quot;error&quot;&gt;&amp;#91;&amp;lt;ffffffffc01c7bc2&amp;gt;&amp;#93;&lt;/span&gt; ? mlx4_ib_create_cq+0x2d2/0x430 &lt;span class=&quot;error&quot;&gt;&amp;#91;mlx4_ib&amp;#93;&lt;/span&gt;&lt;br/&gt;
Jan 17 11:20:41 soak-17 kernel: &lt;span class=&quot;error&quot;&gt;&amp;#91;&amp;lt;ffffffffc01e7f30&amp;gt;&amp;#93;&lt;/span&gt; mlx4_ib_create_qp_wrp+0x10/0x20 &lt;span class=&quot;error&quot;&gt;&amp;#91;mlx4_ib&amp;#93;&lt;/span&gt;&lt;br/&gt;
Jan 17 11:20:41 soak-17 kernel: &lt;span class=&quot;error&quot;&gt;&amp;#91;&amp;lt;ffffffffc00d952a&amp;gt;&amp;#93;&lt;/span&gt; ib_create_qp+0x7a/0x2f0 &lt;span class=&quot;error&quot;&gt;&amp;#91;ib_core&amp;#93;&lt;/span&gt;&lt;br/&gt;
Jan 17 11:20:41 soak-17 kernel: &lt;span class=&quot;error&quot;&gt;&amp;#91;&amp;lt;ffffffffc05a65d4&amp;gt;&amp;#93;&lt;/span&gt; rdma_create_qp+0x34/0xb0 &lt;span class=&quot;error&quot;&gt;&amp;#91;rdma_cm&amp;#93;&lt;/span&gt;&lt;br/&gt;
Jan 17 11:20:41 soak-17 kernel: &lt;span class=&quot;error&quot;&gt;&amp;#91;&amp;lt;ffffffffc0bf45c9&amp;gt;&amp;#93;&lt;/span&gt; kiblnd_create_conn+0xbf9/0x1960 &lt;span class=&quot;error&quot;&gt;&amp;#91;ko2iblnd&amp;#93;&lt;/span&gt;&lt;br/&gt;
Jan 17 11:20:42 soak-17 kernel: &lt;span class=&quot;error&quot;&gt;&amp;#91;&amp;lt;ffffffff816af3c6&amp;gt;&amp;#93;&lt;/span&gt; ? common_interrupt+0x106/0x232&lt;br/&gt;
Jan 17 11:20:42 soak-17 kernel: &lt;span class=&quot;error&quot;&gt;&amp;#91;&amp;lt;ffffffffc0c047af&amp;gt;&amp;#93;&lt;/span&gt; kiblnd_cm_callback+0x145f/0x2380 &lt;span class=&quot;error&quot;&gt;&amp;#91;ko2iblnd&amp;#93;&lt;/span&gt;&lt;br/&gt;
Jan 17 11:20:42 soak-17 kernel: &lt;span class=&quot;error&quot;&gt;&amp;#91;&amp;lt;ffffffffc05aa11c&amp;gt;&amp;#93;&lt;/span&gt; cma_work_handler+0x6c/0xa0 &lt;span class=&quot;error&quot;&gt;&amp;#91;rdma_cm&amp;#93;&lt;/span&gt;&lt;br/&gt;
Jan 17 11:20:42 soak-17 kernel: &lt;span class=&quot;error&quot;&gt;&amp;#91;&amp;lt;ffffffff810aa3ba&amp;gt;&amp;#93;&lt;/span&gt; process_one_work+0x17a/0x440&lt;br/&gt;
Jan 17 11:20:42 soak-17 kernel: &lt;span class=&quot;error&quot;&gt;&amp;#91;&amp;lt;ffffffff810ab086&amp;gt;&amp;#93;&lt;/span&gt; worker_thread+0x126/0x3c0&lt;br/&gt;
Jan 17 11:20:42 soak-17 kernel: &lt;span class=&quot;error&quot;&gt;&amp;#91;&amp;lt;ffffffff810aaf60&amp;gt;&amp;#93;&lt;/span&gt; ? manage_workers.isra.24+0x2a0/0x2a0&lt;br/&gt;
Jan 17 11:20:42 soak-17 kernel: &lt;span class=&quot;error&quot;&gt;&amp;#91;&amp;lt;ffffffff810b252f&amp;gt;&amp;#93;&lt;/span&gt; kthread+0xcf/0xe0&lt;br/&gt;
Jan 17 11:20:42 soak-17 kernel: &lt;span class=&quot;error&quot;&gt;&amp;#91;&amp;lt;ffffffff810b2460&amp;gt;&amp;#93;&lt;/span&gt; ? insert_kthread_work+0x40/0x40&lt;br/&gt;
Jan 17 11:20:42 soak-17 kernel: &lt;span class=&quot;error&quot;&gt;&amp;#91;&amp;lt;ffffffff816b8798&amp;gt;&amp;#93;&lt;/span&gt; ret_from_fork+0x58/0x90&lt;br/&gt;
Jan 17 11:20:42 soak-17 kernel: &lt;span class=&quot;error&quot;&gt;&amp;#91;&amp;lt;ffffffff810b2460&amp;gt;&amp;#93;&lt;/span&gt; ? insert_kthread_work+0x40/0x40&lt;br/&gt;
Jan 17 11:20:42 soak-17 kernel: Mem-Info:&lt;br/&gt;
Jan 17 11:20:42 soak-17 kernel: active_anon:38088 inactive_anon:40507 isolated_anon:0#012 active_&lt;a href=&quot;file:2789491&quot; class=&quot;external-link&quot; target=&quot;_blank&quot; rel=&quot;nofollow noopener&quot;&gt;file:2789491&lt;/a&gt; inactive_&lt;a href=&quot;file:301913&quot; class=&quot;external-link&quot; target=&quot;_blank&quot; rel=&quot;nofollow noopener&quot;&gt;file:301913&lt;/a&gt; isolated_&lt;a href=&quot;file:10#012&quot; class=&quot;external-link&quot; target=&quot;_blank&quot; rel=&quot;nofollow noopener&quot;&gt;file:10#012&lt;/a&gt; unevictable:0 dirty:20 writeback:0 unstable:0#012 slab_reclaimable:31599 slab_unreclaimable:4366903#012 mapped:9817 shmem:26652 pagetables:2238 bounce:0#012 free:316930 free_pcp:3684 free_cma:0&lt;br/&gt;
Jan 17 11:20:43 soak-17 kernel: Node 0 DMA free:15848kB min:40kB low:48kB high:60kB active_anon:0kB inactive_anon:0kB active_&lt;a href=&quot;file:0kB&quot; class=&quot;external-link&quot; target=&quot;_blank&quot; rel=&quot;nofollow noopener&quot;&gt;file:0kB&lt;/a&gt; inactive_&lt;a href=&quot;file:0kB&quot; class=&quot;external-link&quot; target=&quot;_blank&quot; rel=&quot;nofollow noopener&quot;&gt;file:0kB&lt;/a&gt; unevictable:0kB isolated(anon):0kB isolated(file):0kB present:15932kB managed:15848kB mlocked:0kB dirty:0kB writeback:0kB mapped:0kB shmem:0kB slab_reclaimable:0kB slab_unreclaimable:0kB kernel_stack:0kB pagetables:0kB unstable:0kB bounce:0kB free_pcp:0kB local_pcp:0kB free_cma:0kB writeback_tmp:0kB pages_scanned:0 all_unreclaimable? yes&lt;br/&gt;
Jan 17 11:20:43 soak-17 kernel: lowmem_reserve[]: 0 2580 15619 15619&lt;br/&gt;
Jan 17 11:20:43 soak-17 kernel: Node 0 DMA32 free:111620kB min:7320kB low:9148kB high:10980kB active_anon:4340kB inactive_anon:16340kB active_&lt;a href=&quot;file:806572kB&quot; class=&quot;external-link&quot; target=&quot;_blank&quot; rel=&quot;nofollow noopener&quot;&gt;file:806572kB&lt;/a&gt; inactive_&lt;a href=&quot;file:91160kB&quot; class=&quot;external-link&quot; target=&quot;_blank&quot; rel=&quot;nofollow noopener&quot;&gt;file:91160kB&lt;/a&gt; unevictable:0kB isolated(anon):0kB isolated(file):40kB present:3051628kB managed:2643792kB mlocked:0kB dirty:4kB writeback:0kB mapped:4972kB shmem:10624kB slab_reclaimable:10900kB slab_unreclaimable:1503576kB kernel_stack:1680kB pagetables:836kB unstable:0kB bounce:0kB free_pcp:4204kB local_pcp:0kB free_cma:0kB writeback_tmp:0kB pages_scanned:0 all_unreclaimable? no&lt;br/&gt;
Jan 17 11:20:44 soak-17 kernel: lowmem_reserve[]: 0 0 13039 13039&lt;br/&gt;
Jan 17 11:20:44 soak-17 kernel: Node 0 Normal free:479720kB min:37012kB low:46264kB high:55516kB active_anon:80388kB inactive_anon:90464kB active_&lt;a href=&quot;file:4307316kB&quot; class=&quot;external-link&quot; target=&quot;_blank&quot; rel=&quot;nofollow noopener&quot;&gt;file:4307316kB&lt;/a&gt; inactive_&lt;a href=&quot;file:454368kB&quot; class=&quot;external-link&quot; target=&quot;_blank&quot; rel=&quot;nofollow noopener&quot;&gt;file:454368kB&lt;/a&gt; unevictable:0kB isolated(anon):0kB isolated(file):0kB present:13631488kB managed:13352076kB mlocked:0kB dirty:40kB writeback:0kB mapped:23080kB shmem:63164kB slab_reclaimable:59148kB slab_unreclaimable:7310632kB kernel_stack:7168kB pagetables:5300kB unstable:0kB bounce:0kB free_pcp:6380kB local_pcp:0kB free_cma:0kB writeback_tmp:0kB pages_scanned:0 all_unreclaimable? no&lt;br/&gt;
Jan 17 11:20:45 soak-17 kernel: lowmem_reserve[]: 0 0 0 0&lt;br/&gt;
Jan 17 11:20:45 soak-17 kernel: Node 1 Normal free:668892kB min:45728kB low:57160kB high:68592kB active_anon:67496kB inactive_anon:55352kB active_&lt;a href=&quot;file:6041560kB&quot; class=&quot;external-link&quot; target=&quot;_blank&quot; rel=&quot;nofollow noopener&quot;&gt;file:6041560kB&lt;/a&gt; inactive_&lt;a href=&quot;file:661408kB&quot; class=&quot;external-link&quot; target=&quot;_blank&quot; rel=&quot;nofollow noopener&quot;&gt;file:661408kB&lt;/a&gt; unevictable:0kB isolated(anon):0kB isolated(file):0kB present:16777216kB managed:16497548kB mlocked:0kB dirty:20kB writeback:0kB mapped:11260kB shmem:32820kB slab_reclaimable:56348kB slab_unreclaimable:8652444kB kernel_stack:4368kB pagetables:2820kB unstable:0kB bounce:0kB free_pcp:4820kB local_pcp:0kB free_cma:0kB writeback_tmp:0kB pages_scanned:0 all_unreclaimable? no&lt;br/&gt;
Jan 17 11:20:45 soak-17 kernel: lowmem_reserve[]: 0 0 0 0&lt;br/&gt;
(code)&lt;br/&gt;
We are running OFED 4.2, i believe. &lt;/p&gt;</comment>
                            <comment id="217833" author="mhanafi" created="Tue, 9 Jan 2018 17:42:19 +0000"  >&lt;p&gt;We are running with MOFED 4.1 and Cent7.4 servers.&lt;/p&gt;
&lt;div class=&quot;code panel&quot; style=&quot;border-width: 1px;&quot;&gt;&lt;div class=&quot;codeContent panelContent&quot;&gt;
&lt;pre class=&quot;code-java&quot;&gt;options ko2iblnd timeout=150 retry_count=7 peer_timeout=0 map_on_demand=32 peer_credits=63 concurrent_sends=63

&lt;/pre&gt;
&lt;/div&gt;&lt;/div&gt;
&lt;p&gt;Seeing this issue.&lt;/p&gt;
&lt;div class=&quot;code panel&quot; style=&quot;border-width: 1px;&quot;&gt;&lt;div class=&quot;codeContent panelContent&quot;&gt;
&lt;pre class=&quot;code-java&quot;&gt;n  9 08:37:52 nbp1-oss6 kernel: [1189787.313194] kworker/u48:3: page allocation failure: order:5, mode:0x8010
Jan  9 08:37:52 nbp1-oss6 kernel: [1189787.313196] CPU: 20 PID: 57793 Comm: kworker/u48:3 Tainted: G           OE  ------------   3.10.0-693.2.2.el7.20170918.x86_64.lustre2101 #1
Jan  9 08:37:52 nbp1-oss6 kernel: [1189787.313196] Hardware name: SGI.COM CH-C2112-GP2/X10DRU-i+, BIOS 1.0b 05/08/2015
Jan  9 08:37:52 nbp1-oss6 kernel: [1189787.313200] Workqueue: ipoib_wq ipoib_cm_tx_start [ib_ipoib]
Jan  9 08:37:52 nbp1-oss6 kernel: [1189787.313201]  0000000000008010 0000000022ff91e8 ffff8810a141f7e0 ffffffff81684ac1
Jan  9 08:37:52 nbp1-oss6 kernel: [1189787.313202]  ffff8810a141f870 ffffffff811841c0 0000000000000000 ffff88207ffd8000
Jan  9 08:37:52 nbp1-oss6 kernel: [1189787.313203]  0000000000000005 0000000000008010 ffff8810a141f870 0000000022ff91e8
Jan  9 08:37:52 nbp1-oss6 kernel: [1189787.313204] Call Trace:
Jan  9 08:37:52 nbp1-oss6 kernel: [1189787.313205]  [&amp;lt;ffffffff81684ac1&amp;gt;] dump_stack+0x19/0x1b
Jan  9 08:37:52 nbp1-oss6 kernel: [1189787.313207]  [&amp;lt;ffffffff811841c0&amp;gt;] warn_alloc_failed+0x110/0x180
Jan  9 08:37:52 nbp1-oss6 kernel: [1189787.313209]  [&amp;lt;ffffffff81188984&amp;gt;] __alloc_pages_nodemask+0x9b4/0xba0
Jan  9 08:37:52 nbp1-oss6 kernel: [1189787.313211]  [&amp;lt;ffffffff811cc688&amp;gt;] alloc_pages_current+0x98/0x110
Jan  9 08:37:52 nbp1-oss6 kernel: [1189787.313216]  [&amp;lt;ffffffff8118300e&amp;gt;] __get_free_pages+0xe/0x50
Jan  9 08:37:52 nbp1-oss6 kernel: [1189787.313217]  [&amp;lt;ffffffff8133d41e&amp;gt;] swiotlb_alloc_coherent+0x5e/0x150
Jan  9 08:37:52 nbp1-oss6 kernel: [1189787.313221]  [&amp;lt;ffffffff810622c1&amp;gt;] x86_swiotlb_alloc_coherent+0x41/0x50
Jan  9 08:37:52 nbp1-oss6 kernel: [1189787.313224]  [&amp;lt;ffffffffa05aa4c4&amp;gt;] mlx4_buf_direct_alloc.isra.7+0xc4/0x180 [mlx4_core]
Jan  9 08:37:52 nbp1-oss6 kernel: [1189787.313228]  [&amp;lt;ffffffffa05aa73b&amp;gt;] mlx4_buf_alloc+0x1bb/0x250 [mlx4_core]
Jan  9 08:37:52 nbp1-oss6 kernel: [1189787.313233]  [&amp;lt;ffffffffa07b8435&amp;gt;] create_qp_common+0x645/0x1090 [mlx4_ib]
Jan  9 08:37:52 nbp1-oss6 kernel: [1189787.313237]  [&amp;lt;ffffffffa07b9104&amp;gt;] ? mlx4_ib_create_qp+0x254/0x4d0 [mlx4_ib]
Jan  9 08:37:52 nbp1-oss6 kernel: [1189787.313240]  [&amp;lt;ffffffffa07b9157&amp;gt;] mlx4_ib_create_qp+0x2a7/0x4d0 [mlx4_ib]
Jan  9 08:37:52 nbp1-oss6 kernel: [1189787.313244]  [&amp;lt;ffffffffa07c3c40&amp;gt;] mlx4_ib_create_qp_wrp+0x10/0x20 [mlx4_ib]
Jan  9 08:37:52 nbp1-oss6 kernel: [1189787.313248]  [&amp;lt;ffffffffa04d02aa&amp;gt;] ib_create_qp+0x7a/0x2f0 [ib_core]
Jan  9 08:37:52 nbp1-oss6 kernel: [1189787.313253]  [&amp;lt;ffffffffa055b2fc&amp;gt;] ipoib_cm_create_tx_qp_rss+0xcc/0x110 [ib_ipoib]
Jan  9 08:37:52 nbp1-oss6 kernel: [1189787.313257]  [&amp;lt;ffffffffa055b9f9&amp;gt;] ipoib_cm_tx_init+0x89/0x2f0 [ib_ipoib]
Jan  9 08:37:52 nbp1-oss6 kernel: [1189787.313260]  [&amp;lt;ffffffffa055d6b8&amp;gt;] ipoib_cm_tx_start+0x248/0x3c0 [ib_ipoib]
Jan  9 08:37:52 nbp1-oss6 kernel: [1189787.313263]  [&amp;lt;ffffffff810a587a&amp;gt;] process_one_work+0x17a/0x440
Jan  9 08:37:52 nbp1-oss6 kernel: [1189787.313265]  [&amp;lt;ffffffff810a6546&amp;gt;] worker_thread+0x126/0x3c0
Jan  9 08:37:52 nbp1-oss6 kernel: [1189787.313266]  [&amp;lt;ffffffff810a6420&amp;gt;] ? manage_workers.isra.24+0x2a0/0x2a0
Jan  9 08:37:52 nbp1-oss6 kernel: [1189787.313268]  [&amp;lt;ffffffff810ad9ef&amp;gt;] kthread+0xcf/0xe0
Jan  9 08:37:52 nbp1-oss6 kernel: [1189787.313269]  [&amp;lt;ffffffff810ad920&amp;gt;] ? insert_kthread_work+0x40/0x40
Jan  9 08:37:52 nbp1-oss6 kernel: [1189787.313270]  [&amp;lt;ffffffff81695ad8&amp;gt;] ret_from_fork+0x58/0x90
Jan  9 08:37:52 nbp1-oss6 kernel: [1189787.313272]  [&amp;lt;ffffffff810ad920&amp;gt;] ? insert_kthread_work+0x40/0x40

&lt;/pre&gt;
&lt;/div&gt;&lt;/div&gt;
&lt;p&gt;So is this issue fixed in MOFED4.2?&lt;/p&gt;

&lt;p&gt;&#160;&lt;/p&gt;</comment>
                            <comment id="217525" author="simmonsja" created="Thu, 4 Jan 2018 19:33:53 +0000"  >&lt;p&gt;Which OFED/MOFED version does this fix appear in. For those who want to avoid patched kernels for server side at all cost &lt;img class=&quot;emoticon&quot; src=&quot;https://jira.whamcloud.com/images/icons/emoticons/smile.png&quot; height=&quot;16&quot; width=&quot;16&quot; align=&quot;absmiddle&quot; alt=&quot;&quot; border=&quot;0&quot;/&gt;&lt;/p&gt;</comment>
                            <comment id="216227" author="adilger" created="Wed, 13 Dec 2017 23:02:21 +0000"  >&lt;p&gt;Chris, I believe the problem has been fixed in the upstream kernel, the problem is that users are hitting this regularly on RHEL6/RHEL7 kernels (client and server) with the in-kernel OFED, so it would be good to get a fix for those systems as well.&lt;/p&gt;</comment>
                            <comment id="216226" author="adilger" created="Wed, 13 Dec 2017 23:00:52 +0000"  >&lt;p&gt;Alexey, did you run any tests with &quot;&lt;tt&gt;map_on_demand=32&lt;/tt&gt;&quot;?  I think the default value is 256, but reducing this is important for reducing memory usage.&lt;/p&gt;</comment>
                            <comment id="215923" author="chunteraa" created="Mon, 11 Dec 2017 14:17:57 +0000"  >&lt;p&gt;We were informed these patches are in mellanox ofed 4.2 GA.&lt;/p&gt;

&lt;p&gt;There are similar patches applied to kvzalloc for the mlx5 ethernet driver.&lt;/p&gt;

&lt;p&gt;1) mm: introduce kv&lt;span class=&quot;error&quot;&gt;&amp;#91;mz&amp;#93;&lt;/span&gt;alloc helpers &lt;br/&gt;
&lt;a href=&quot;https://lwn.net/Articles/708739/&quot; class=&quot;external-link&quot; target=&quot;_blank&quot; rel=&quot;nofollow noopener&quot;&gt;https://lwn.net/Articles/708739/&lt;/a&gt; &lt;br/&gt;
&lt;a href=&quot;https://patchwork.kernel.org/patch/9493657/&quot; class=&quot;external-link&quot; target=&quot;_blank&quot; rel=&quot;nofollow noopener&quot;&gt;https://patchwork.kernel.org/patch/9493657/&lt;/a&gt; &lt;/p&gt;

&lt;p&gt;upstream mlx5 patches were commited May 2017: &lt;br/&gt;
2) {net, IB}/mlx5: Replace mlx5_vzalloc with kvzalloc &lt;br/&gt;
&lt;a href=&quot;https://github.com/torvalds/linux/commit/1b9a07ee25049724ab7f7c32282fbf5452530cea#diff-3c967034ac4fb744a569c1a4d3a115d3&quot; class=&quot;external-link&quot; target=&quot;_blank&quot; rel=&quot;nofollow noopener&quot;&gt;https://github.com/torvalds/linux/commit/1b9a07ee25049724ab7f7c32282fbf5452530cea#diff-3c967034ac4fb744a569c1a4d3a115d3&lt;/a&gt; &lt;/p&gt;

&lt;p&gt;and Aug 2017: &lt;br/&gt;
3) IB/mlx5: use kvmalloc_array for mlx5_ib_wq &lt;br/&gt;
&lt;a href=&quot;https://github.com/torvalds/linux/commit/b588300801f3502a7de5ca897af68019fbb3bc79#diff-06ae82013eb36f3b0e0eeb9c37040f37&quot; class=&quot;external-link&quot; target=&quot;_blank&quot; rel=&quot;nofollow noopener&quot;&gt;https://github.com/torvalds/linux/commit/b588300801f3502a7de5ca897af68019fbb3bc79#diff-06ae82013eb36f3b0e0eeb9c37040f37&lt;/a&gt; &lt;br/&gt;
&lt;a href=&quot;https://www.spinics.net/lists/linux-rdma/msg53756.html&quot; class=&quot;external-link&quot; target=&quot;_blank&quot; rel=&quot;nofollow noopener&quot;&gt;https://www.spinics.net/lists/linux-rdma/msg53756.html&lt;/a&gt; &lt;/p&gt;

&lt;p&gt;also upstream patch for mlx4: &lt;br/&gt;
4) IB/mlx4: use kvmalloc_array to allocate wrid &lt;br/&gt;
&lt;a href=&quot;https://github.com/torvalds/linux/commit/e9105cdefbf64cd7aea300f934c92051e7cb7cff#diff-66b8f4939fabacf90437a794c44b9081&quot; class=&quot;external-link&quot; target=&quot;_blank&quot; rel=&quot;nofollow noopener&quot;&gt;https://github.com/torvalds/linux/commit/e9105cdefbf64cd7aea300f934c92051e7cb7cff#diff-66b8f4939fabacf90437a794c44b9081&lt;/a&gt; &lt;br/&gt;
&lt;a href=&quot;https://www.spinics.net/lists/linux-rdma/msg53441.html&quot; class=&quot;external-link&quot; target=&quot;_blank&quot; rel=&quot;nofollow noopener&quot;&gt;https://www.spinics.net/lists/linux-rdma/msg53441.html&lt;/a&gt;&lt;/p&gt;

&lt;p&gt;&#160;&lt;/p&gt;</comment>
                            <comment id="215867" author="shadow" created="Sat, 9 Dec 2017 07:12:35 +0000"  >&lt;p&gt;My tests with map_on_demand=256 say 1%-2% perf drop for this case. It&apos;s not a big changes i think.&lt;/p&gt;</comment>
                            <comment id="215420" author="ashehata" created="Wed, 6 Dec 2017 04:42:07 +0000"  >&lt;p&gt;One thing we should do before making this the default is some performance testing to see how setting map-on-demand to 32 will impact mlx4 and mlx5. It will reduce memory usage per qp, but we need to double check any performance impact.&lt;/p&gt;</comment>
                            <comment id="215413" author="adilger" created="Wed, 6 Dec 2017 02:54:52 +0000"  >&lt;p&gt;Cliff, the &lt;tt&gt;ko2iblnd-opa&lt;/tt&gt; options are applied for OPA cards only, but the problem affects mlx4 and mlx5 cards, so a separate &lt;tt&gt;options ko2iblnd map_on_demand=32&lt;/tt&gt; line needs to be added for Mellanox cards. Otherwise, the default is 256. &lt;/p&gt;</comment>
                            <comment id="215402" author="cliffw" created="Wed, 6 Dec 2017 00:19:07 +0000"  >&lt;p&gt;Unfortunately we have been running map_on_demand=32 for quite a while now. At least a year.&lt;br/&gt;
So, we can&apos;t try that, or maybe better to say we&apos;ve already tried it and it&apos;s not any help.  &lt;img class=&quot;emoticon&quot; src=&quot;https://jira.whamcloud.com/images/icons/emoticons/smile.png&quot; height=&quot;16&quot; width=&quot;16&quot; align=&quot;absmiddle&quot; alt=&quot;&quot; border=&quot;0&quot;/&gt;&lt;br/&gt;
Current options in ko2iblnd.cof:&lt;/p&gt;
&lt;div class=&quot;code panel&quot; style=&quot;border-width: 1px;&quot;&gt;&lt;div class=&quot;codeContent panelContent&quot;&gt;
&lt;pre class=&quot;code-java&quot;&gt;options ko2iblnd-opa peer_credits=128 peer_credits_hiw=64 credits=1024 concurrent_sends=256 ntx=2048 map_on_demand=32 fmr_pool_size=2048 fmr_flush_trigger=512 fmr_cache=1
&lt;/pre&gt;
&lt;/div&gt;&lt;/div&gt;</comment>
                            <comment id="215401" author="adilger" created="Wed, 6 Dec 2017 00:14:10 +0000"  >&lt;p&gt;Unfortunately, my patch &lt;a href=&quot;https://review.whamcloud.com/30164&quot; class=&quot;external-link&quot; target=&quot;_blank&quot; rel=&quot;nofollow noopener&quot;&gt;https://review.whamcloud.com/30164&lt;/a&gt; doesn&apos;t fix all of the allocation problems here.  It also seems that fixes that were added to &lt;tt&gt;mlx4_buf_alloc()&lt;/tt&gt; have not all been added to &lt;tt&gt;mlx5_buf_alloc()&lt;/tt&gt;, which means we may need several other commits to reduce allocation size for mlx5, and at least one small improvement for mlx4.&lt;/p&gt;

&lt;p&gt;&lt;b&gt;mlx4&lt;/b&gt;:&lt;/p&gt;
&lt;ul class=&quot;alternate&quot; type=&quot;square&quot;&gt;
	&lt;li&gt;add &quot;&lt;tt&gt;gfp | __GFP_NOWARN&lt;/tt&gt;&quot; to the first &lt;tt&gt;mlx4_buf_alloc()&lt;/tt&gt; call in &lt;tt&gt;mlx4/qp.c::create_qp_common()&lt;/tt&gt; so that it doesn&apos;t dump a stack on the large-order allocation failure, since there is the fallback to &lt;tt&gt;PAGE_SIZE &amp;#42; 2&lt;/tt&gt; allocations that should always succeed&lt;/li&gt;
&lt;/ul&gt;


&lt;p&gt;&lt;b&gt;mlx5&lt;/b&gt;:&lt;/p&gt;
&lt;ul class=&quot;alternate&quot; type=&quot;square&quot;&gt;
	&lt;li&gt;add &quot;&lt;tt&gt;max_direct&lt;/tt&gt;&quot; argument to &lt;tt&gt;mlx4_buf_alloc()&lt;/tt&gt; to allow specifying a chunk size of &lt;tt&gt;PAGE_SIZE &amp;#42; 2&lt;/tt&gt; and allocate an array of chunks&lt;/li&gt;
	&lt;li&gt;40f2287bd &quot;&lt;tt&gt;IB/mlx4: Implement IB_QP_CREATE_USE_GFP_NOIO&lt;/tt&gt;&quot; equivalent to add &lt;tt&gt;gfp&lt;/tt&gt; argument to &lt;tt&gt;mlx5_buf_alloc()&lt;/tt&gt;&lt;/li&gt;
	&lt;li&gt;73898db04 &quot;&lt;tt&gt;net/mlx4: Avoid wrong virtual mappings&lt;/tt&gt;&quot; equivalent to move &lt;tt&gt;mlx5_buf_alloc_node()&lt;/tt&gt; to &lt;tt&gt;mlx5_buf_direct_alloc_node()&lt;/tt&gt;, and then add the fall back to allocating an array of &lt;tt&gt;PAGE_SIZE &amp;#42; 2&lt;/tt&gt; pages in &lt;tt&gt;mlx5/qp.c::create_qp_common()&lt;/tt&gt; like mlx4 does&lt;/li&gt;
	&lt;li&gt;add &quot;&lt;tt&gt;gfp | __GFP_NOWARN&lt;/tt&gt;&quot; to the first &lt;tt&gt;mlx5_buf_alloc()&lt;/tt&gt; call so that it doesn&apos;t dump a stack on the large-order allocation failure&lt;/li&gt;
&lt;/ul&gt;


&lt;p&gt;As a workaround, Amir suggests that adding &lt;tt&gt;options ko2iblnd map_on_demand=32&lt;/tt&gt; in &lt;tt&gt;/etc/modprobe.d/ko2iblnd.conf&lt;/tt&gt; will reduce the size of the QP allocations and will reduce the frequency/severity of this problem.&lt;/p&gt;</comment>
                            <comment id="215088" author="adilger" created="Fri, 1 Dec 2017 02:48:54 +0000"  >&lt;p&gt;Rick, the &lt;a href=&quot;https://review.whamcloud.com/30164&quot; class=&quot;external-link&quot; target=&quot;_blank&quot; rel=&quot;nofollow noopener&quot;&gt;https://review.whamcloud.com/30164&lt;/a&gt; patch is definitely for you then. That fixes mlx5 in the same way as mlx4 was fixed for RHEL 7.0-7.4 and RHEL6.x. My original version of the patch also fixed mlx4 for RHEL6.8- but that is already fixed in RHEL 6.9. &lt;/p&gt;</comment>
                            <comment id="215055" author="rmohr" created="Thu, 30 Nov 2017 20:44:21 +0000"  >&lt;div class=&quot;preformatted panel&quot; style=&quot;border-width: 1px;&quot;&gt;&lt;div class=&quot;preformattedContent panelContent&quot;&gt;
&lt;pre&gt;Nov 13 04:23:19 haven-oss1 kernel: warn_alloc_failed: 240 callbacks suppressed
 Nov 13 04:23:19 haven-oss1 kernel: kworker/u32:1: page allocation failure: order:9, mode:0x80d0
 Nov 13 04:23:19 haven-oss1 kernel: CPU: 13 PID: 9120 Comm: kworker/u32:1 Tainted: G OE ------------ 3.10.0-514.el7_lustre.x86_64 #1
 Nov 13 04:23:19 haven-oss1 kernel: Hardware name: QEMU Standard PC (i440FX + PIIX, 1996), BIOS rel-1.8.2-0-g33fbe13 by qemu-project.org 04/01/2014
 Nov 13 04:23:19 haven-oss1 kernel: Workqueue: rdma_cm cma_work_handler [rdma_cm]
 Nov 13 04:23:19 haven-oss1 kernel: 00000000000080d0 0000000074e4e302 ffff881183c6b810 ffffffff816860f8
 Nov 13 04:23:19 haven-oss1 kernel: ffff881183c6b8a0 ffffffff811869a0 0000000000000000 ffff8816bebd9000
 Nov 13 04:23:19 haven-oss1 kernel: 0000000000000009 00000000000080d0 ffff881183c6b8a0 0000000074e4e302
 Nov 13 04:23:19 haven-oss1 kernel: Call Trace:
 Nov 13 04:23:19 haven-oss1 kernel: [&amp;lt;ffffffff816860f8&amp;gt;] dump_stack+0x19/0x1b
 Nov 13 04:23:19 haven-oss1 kernel: [&amp;lt;ffffffff811869a0&amp;gt;] warn_alloc_failed+0x110/0x180
 Nov 13 04:23:19 haven-oss1 kernel: [&amp;lt;ffffffff81681cb0&amp;gt;] __alloc_pages_slowpath+0x6b7/0x725
 Nov 13 04:23:19 haven-oss1 kernel: [&amp;lt;ffffffff8118af55&amp;gt;] __alloc_pages_nodemask+0x405/0x420
 Nov 13 04:23:19 haven-oss1 kernel: [&amp;lt;ffffffff81030fcf&amp;gt;] dma_generic_alloc_coherent+0x8f/0x140
 Nov 13 04:23:19 haven-oss1 kernel: [&amp;lt;ffffffff81061ed1&amp;gt;] x86_swiotlb_alloc_coherent+0x21/0x50
 Nov 13 04:23:19 haven-oss1 kernel: [&amp;lt;ffffffffa0214bfd&amp;gt;] mlx5_dma_zalloc_coherent_node+0xad/0x110 [mlx5_core]
 Nov 13 04:23:19 haven-oss1 kernel: [&amp;lt;ffffffffa0214f7d&amp;gt;] mlx5_buf_alloc_node+0x4d/0xc0 [mlx5_core]
 Nov 13 04:23:19 haven-oss1 kernel: [&amp;lt;ffffffffa0215004&amp;gt;] mlx5_buf_alloc+0x14/0x20 [mlx5_core]
 Nov 13 04:23:19 haven-oss1 kernel: [&amp;lt;ffffffffa044d062&amp;gt;] create_kernel_qp.isra.42+0x292/0x7d0 [mlx5_ib]
 Nov 13 04:23:19 haven-oss1 kernel: [&amp;lt;ffffffffa044e1ee&amp;gt;] create_qp_common+0xc4e/0xe00 [mlx5_ib]
 Nov 13 04:23:19 haven-oss1 kernel: [&amp;lt;ffffffff8119f25a&amp;gt;] ? kvfree+0x2a/0x40
 Nov 13 04:23:19 haven-oss1 kernel: [&amp;lt;ffffffff8119f25a&amp;gt;] ? kvfree+0x2a/0x40
 Nov 13 04:23:19 haven-oss1 kernel: [&amp;lt;ffffffff811de2f6&amp;gt;] ? kmem_cache_alloc_trace+0x1d6/0x200
 Nov 13 04:23:19 haven-oss1 kernel: [&amp;lt;ffffffffa044e68b&amp;gt;] mlx5_ib_create_qp+0x10b/0x4c0 [mlx5_ib]
 Nov 13 04:23:19 haven-oss1 kernel: [&amp;lt;ffffffffa0410a1f&amp;gt;] ib_create_qp+0x3f/0x250 [ib_core]
 Nov 13 04:23:19 haven-oss1 kernel: [&amp;lt;ffffffffa03aa584&amp;gt;] rdma_create_qp+0x34/0xb0 [rdma_cm]
 Nov 13 04:23:19 haven-oss1 kernel: [&amp;lt;ffffffffa05a3437&amp;gt;] kiblnd_create_conn+0xad7/0x1870 [ko2iblnd]
 Nov 13 04:23:19 haven-oss1 kernel: [&amp;lt;ffffffffa05b35f9&amp;gt;] kiblnd_cm_callback+0x1429/0x2290 [ko2iblnd]
 Nov 13 04:23:19 haven-oss1 kernel: [&amp;lt;ffffffffa03ae3ac&amp;gt;] cma_work_handler+0x6c/0xa0 [rdma_cm]
 Nov 13 04:23:19 haven-oss1 kernel: [&amp;lt;ffffffff810a7f3b&amp;gt;] process_one_work+0x17b/0x470
 Nov 13 04:23:19 haven-oss1 kernel: [&amp;lt;ffffffff810a8d76&amp;gt;] worker_thread+0x126/0x410
 Nov 13 04:23:19 haven-oss1 kernel: [&amp;lt;ffffffff810a8c50&amp;gt;] ? rescuer_thread+0x460/0x460
 Nov 13 04:23:19 haven-oss1 kernel: [&amp;lt;ffffffff810b052f&amp;gt;] kthread+0xcf/0xe0
 Nov 13 04:23:19 haven-oss1 kernel: [&amp;lt;ffffffff810bf8d6&amp;gt;] ? finish_task_switch+0x56/0x180
 Nov 13 04:23:19 haven-oss1 kernel: [&amp;lt;ffffffff810b0460&amp;gt;] ? kthread_create_on_node+0x140/0x140
 Nov 13 04:23:19 haven-oss1 kernel: [&amp;lt;ffffffff81696658&amp;gt;] ret_from_fork+0x58/0x90
 Nov 13 04:23:19 haven-oss1 kernel: [&amp;lt;ffffffff810b0460&amp;gt;] ? kthread_create_on_node+0x140/0x140
&lt;/pre&gt;
&lt;/div&gt;&lt;/div&gt;</comment>
                            <comment id="215054" author="rmohr" created="Thu, 30 Nov 2017 20:43:00 +0000"  >&lt;p&gt;Not sure if this is relevant, but I am seeing something very similar on my Lustre servers (Lustre 2.9, CentOS Linux release 7.3.1611, in-kernel IB support, mlx5 driver).&lt;/p&gt;</comment>
                            <comment id="214732" author="bogl" created="Mon, 27 Nov 2017 22:11:44 +0000"  >&lt;p&gt;patches refreshed for current supported versions.&lt;br/&gt;
the el6 version in particular could be shortened quite a bit since the mlx4 code in the current el6.9 kernel already has this fixed.&lt;/p&gt;</comment>
                            <comment id="214100" author="adilger" created="Sun, 19 Nov 2017 22:30:24 +0000"  >&lt;p&gt;Bob, I understand it isn&apos;t a solution for unpatxhed clients and servers, but for Lustre 2.7 and RHEL6 we don&apos;t have unpatched servers at all, and it is also possible for users to install the patched kernel and client if they&apos;re having this problem. &lt;/p&gt;</comment>
                            <comment id="214096" author="bogl" created="Sun, 19 Nov 2017 18:31:08 +0000"  >&lt;p&gt;Adding kernel patches as is done in &lt;a href=&quot;https://review.whamcloud.com/30164&quot; class=&quot;external-link&quot; target=&quot;_blank&quot; rel=&quot;nofollow noopener&quot;&gt;https://review.whamcloud.com/30164&lt;/a&gt; isn&apos;t a solution.  Client builds use unpatched kernels.  We now also have unpatched server builds offered as an option.  No fix in those cases from this mod.&lt;/p&gt;</comment>
                            <comment id="214088" author="adilger" created="Sat, 18 Nov 2017 22:32:28 +0000"  >&lt;p&gt;Bob, it seems I don&apos;t have the latest kernel sources on my dev system.&lt;/p&gt;

&lt;p&gt;Could you please update the patches as appropriate for the various kernels we are building. &lt;/p&gt;</comment>
                            <comment id="214086" author="gerrit" created="Sat, 18 Nov 2017 21:58:48 +0000"  >&lt;p&gt;Andreas Dilger (andreas.dilger@intel.com) uploaded a new patch: &lt;a href=&quot;https://review.whamcloud.com/30164&quot; class=&quot;external-link&quot; target=&quot;_blank&quot; rel=&quot;nofollow noopener&quot;&gt;https://review.whamcloud.com/30164&lt;/a&gt;&lt;br/&gt;
Subject: &lt;a href=&quot;https://jira.whamcloud.com/browse/LU-10133&quot; title=&quot;Multi-page allocation failures in mlx4/mlx5&quot; class=&quot;issue-link&quot; data-issue-key=&quot;LU-10133&quot;&gt;&lt;del&gt;LU-10133&lt;/del&gt;&lt;/a&gt; o2iblnd: fall back to vmalloc for mlx4/mlx5&lt;br/&gt;
Project: fs/lustre-release&lt;br/&gt;
Branch: master&lt;br/&gt;
Current Patch Set: 1&lt;br/&gt;
Commit: 4e066b940c61096c876e672d04434cf4a879f415&lt;/p&gt;</comment>
                            <comment id="213151" author="green" created="Wed, 8 Nov 2017 19:13:19 +0000"  >&lt;p&gt;I filed this in redhat bugzilla to be ported, so I guess all interested parties should ask for it too (I guess the ticket would be private for Intel at least for now): &lt;a href=&quot;https://bugzilla.redhat.com/show_bug.cgi?id=1511159&quot; class=&quot;external-link&quot; target=&quot;_blank&quot; rel=&quot;nofollow noopener&quot;&gt;https://bugzilla.redhat.com/show_bug.cgi?id=1511159&lt;/a&gt;&lt;/p&gt;</comment>
                            <comment id="211691" author="cliffw" created="Mon, 23 Oct 2017 15:32:24 +0000"  >&lt;p&gt;I will setup to do this. So far, we have a lot of allocation failures, but very few OOMs, so I may trigger a dump if we don&apos;t get one otherwise. &lt;/p&gt;</comment>
                            <comment id="211578" author="jhammond" created="Fri, 20 Oct 2017 13:43:25 +0000"  >&lt;p&gt;Can we set panic_on_oom and see if we can get a crash dump?&lt;/p&gt;</comment>
                            <comment id="211541" author="sarah" created="Thu, 19 Oct 2017 20:02:04 +0000"  >&lt;p&gt;Hi John,&lt;br/&gt;
Cannot find core dump, the following is from soak-17 syslog.  &lt;/p&gt;
&lt;div class=&quot;preformatted panel&quot; style=&quot;border-width: 1px;&quot;&gt;&lt;div class=&quot;preformattedContent panelContent&quot;&gt;
&lt;pre&gt;Oct 19 00:15:39 soak-17 systemd-logind: Removed session 246.
Oct 19 00:15:39 soak-17 systemd: Removed slice User Slice of root.
Oct 19 00:15:39 soak-17 systemd: Stopping User Slice of root.
Oct 19 00:15:54 soak-17 kernel: kworker/u480:3: page allocation failure: order:8, mode:0x80d0
Oct 19 00:15:54 soak-17 kernel: CPU: 5 PID: 19810 Comm: kworker/u480:3 Tainted: G           OE  ------------   3.10.0-693.2.2.el7.x86_64 #1
Oct 19 00:15:54 soak-17 kernel: Hardware name: Intel Corporation S2600GZ ........../S2600GZ, BIOS SE5C600.86B.01.08.0003.022620131521 02/26/2013
Oct 19 00:15:54 soak-17 kernel: Workqueue: rdma_cm cma_work_handler [rdma_cm]
Oct 19 00:15:54 soak-17 kernel: 00000000000080d0 0000000014a032b0 ffff8806ec793868 ffffffff816a3db1
Oct 19 00:15:54 soak-17 kernel: ffff8806ec7938f8 ffffffff81188810 0000000000000000 ffff88043ffdb000
Oct 19 00:15:54 soak-17 kernel: 0000000000000008 00000000000080d0 ffff8806ec7938f8 0000000014a032b0
Oct 19 00:15:54 soak-17 kernel: Call Trace:
Oct 19 00:15:54 soak-17 kernel: [&amp;lt;ffffffff816a3db1&amp;gt;] dump_stack+0x19/0x1b
Oct 19 00:15:54 soak-17 kernel: [&amp;lt;ffffffff81188810&amp;gt;] warn_alloc_failed+0x110/0x180
Oct 19 00:15:54 soak-17 kernel: [&amp;lt;ffffffff8169fd8a&amp;gt;] __alloc_pages_slowpath+0x6b6/0x724
Oct 19 00:15:54 soak-17 kernel: [&amp;lt;ffffffff8118cd85&amp;gt;] __alloc_pages_nodemask+0x405/0x420
Oct 19 00:15:54 soak-17 kernel: [&amp;lt;ffffffff81030f8f&amp;gt;] dma_generic_alloc_coherent+0x8f/0x140
Oct 19 00:15:54 soak-17 kernel: [&amp;lt;ffffffff81064341&amp;gt;] x86_swiotlb_alloc_coherent+0x21/0x50
Oct 19 00:15:54 soak-17 kernel: [&amp;lt;ffffffffc071b4c4&amp;gt;] mlx4_buf_direct_alloc.isra.7+0xc4/0x180 [mlx4_core]
Oct 19 00:15:54 soak-17 kernel: [&amp;lt;ffffffffc071b73b&amp;gt;] mlx4_buf_alloc+0x1bb/0x250 [mlx4_core]
Oct 19 00:15:54 soak-17 kernel: [&amp;lt;ffffffffc0552425&amp;gt;] create_qp_common+0x645/0x10a0 [mlx4_ib]
Oct 19 00:15:54 soak-17 kernel: [&amp;lt;ffffffffc0723c7b&amp;gt;] ? mlx4_cq_alloc+0x4ab/0x580 [mlx4_core]
Oct 19 00:15:54 soak-17 kernel: [&amp;lt;ffffffffc0553157&amp;gt;] mlx4_ib_create_qp+0x2a7/0x4d0 [mlx4_ib]
Oct 19 00:15:54 soak-17 kernel: [&amp;lt;ffffffffc055dc40&amp;gt;] mlx4_ib_create_qp_wrp+0x10/0x20 [mlx4_ib]
Oct 19 00:15:54 soak-17 kernel: [&amp;lt;ffffffffc04e42aa&amp;gt;] ib_create_qp+0x7a/0x2f0 [ib_core]
Oct 19 00:15:54 soak-17 kernel: [&amp;lt;ffffffffc05eb614&amp;gt;] rdma_create_qp+0x34/0xb0 [rdma_cm]
Oct 19 00:15:54 soak-17 kernel: [&amp;lt;ffffffffc0bcb5c9&amp;gt;] kiblnd_create_conn+0xbf9/0x1960 [ko2iblnd]
Oct 19 00:15:54 soak-17 kernel: [&amp;lt;ffffffffc0bdb8a9&amp;gt;] kiblnd_cm_callback+0x1429/0x22d0 [ko2iblnd]
Oct 19 00:15:54 soak-17 kernel: [&amp;lt;ffffffffc05ef22c&amp;gt;] cma_work_handler+0x6c/0xa0 [rdma_cm]
Oct 19 00:15:54 soak-17 kernel: [&amp;lt;ffffffff810a881a&amp;gt;] process_one_work+0x17a/0x440
Oct 19 00:15:54 soak-17 kernel: [&amp;lt;ffffffff810a94e6&amp;gt;] worker_thread+0x126/0x3c0
Oct 19 00:15:54 soak-17 kernel: [&amp;lt;ffffffff810a93c0&amp;gt;] ? manage_workers.isra.24+0x2a0/0x2a0
Oct 19 00:15:54 soak-17 kernel: [&amp;lt;ffffffff810b098f&amp;gt;] kthread+0xcf/0xe0
Oct 19 00:15:54 soak-17 kernel: [&amp;lt;ffffffff810b08c0&amp;gt;] ? insert_kthread_work+0x40/0x40
Oct 19 00:15:54 soak-17 kernel: [&amp;lt;ffffffff816b4f58&amp;gt;] ret_from_fork+0x58/0x90
Oct 19 00:15:54 soak-17 kernel: [&amp;lt;ffffffff810b08c0&amp;gt;] ? insert_kthread_work+0x40/0x40
Oct 19 00:15:54 soak-17 kernel: Mem-Info:
Oct 19 00:15:54 soak-17 kernel: active_anon:3001 inactive_anon:26225 isolated_anon:0#012 active_file:3506921 inactive_file:61152 isolated_file:10#012 unevictable:0 dirty:4 writeback:0 unstable:0#012 slab_reclaimable:30003 slab_unreclaimable:3610646#012 mapped:6288 shmem:4251 pagetables:2713 bounce:0#012 free:650891 free_pcp:3700 free_cma:0
Oct 19 00:15:54 soak-17 kernel: Node 0 DMA free:15848kB min:40kB low:48kB high:60kB active_anon:0kB inactive_anon:0kB active_file:0kB inactive_file:0kB unevictable:0kB isolated(anon):0kB isolated(file):0kB present:15932kB managed:15848kB mlocked:0kB dirty:0kB writeback:0kB mapped:0kB shmem:0kB slab_reclaimable:0kB slab_unreclaimable:0kB kernel_stack:0kB pagetables:0kB unstable:0kB bounce:0kB free_pcp:0kB local_pcp:0kB free_cma:0kB writeback_tmp:0kB pages_scanned:0 all_unreclaimable? yes
Oct 19 00:15:54 soak-17 kernel: lowmem_reserve[]: 0 2580 15620 15620
Oct 19 00:15:54 soak-17 kernel: Node 0 DMA32 free:147604kB min:7320kB low:9148kB high:10980kB active_anon:2004kB inactive_anon:5980kB active_file:980924kB inactive_file:28204kB unevictable:0kB isolated(anon):0kB isolated(file):40kB present:3051628kB managed:2643828kB mlocked:0kB dirty:0kB writeback:0kB mapped:364kB shmem:124kB slab_reclaimable:15856kB slab_unreclaimable:1360408kB kernel_stack:1440kB pagetables:1256kB unstable:0kB bounce:0kB free_pcp:4128kB local_pcp:0kB free_cma:0kB writeback_tmp:0kB pages_scanned:0 all_unreclaimable? no
Oct 19 00:15:54 soak-17 kernel: lowmem_reserve[]: 0 0 13040 13040
Oct 19 00:15:54 soak-17 kernel: Node 0 Normal free:699476kB min:37012kB low:46264kB high:55516kB active_anon:2092kB inactive_anon:38928kB active_file:5497500kB inactive_file:91372kB unevictable:0kB isolated(anon):0kB isolated(file):0kB present:13631488kB managed:13353036kB mlocked:0kB dirty:4kB writeback:0kB mapped:1296kB shmem:68kB slab_reclaimable:53260kB slab_unreclaimable:6393880kB kernel_stack:6560kB pagetables:5460kB unstable:0kB bounce:0kB free_pcp:4588kB local_pcp:0kB free_cma:0kB writeback_tmp:0kB pages_scanned:0 all_unreclaimable? no
Oct 19 00:15:54 soak-17 kernel: lowmem_reserve[]: 0 0 0 0
Oct 19 00:15:54 soak-17 kernel: Node 1 Normal free:1739896kB min:45728kB low:57160kB high:68592kB active_anon:7908kB inactive_anon:59992kB active_file:7549260kB inactive_file:125032kB unevictable:0kB isolated(anon):0kB isolated(file):0kB present:16777216kB managed:16498508kB mlocked:0kB dirty:12kB writeback:0kB mapped:23492kB shmem:16812kB slab_reclaimable:50896kB slab_unreclaimable:6688296kB kernel_stack:5632kB pagetables:4136kB unstable:0kB bounce:0kB free_pcp:6760kB local_pcp:0kB free_cma:0kB writeback_tmp:0kB pages_scanned:0 all_unreclaimable? no
Oct 19 00:15:54 soak-17 kernel: lowmem_reserve[]: 0 0 0 0
Oct 19 00:15:54 soak-17 kernel: Node 0 DMA: 0*4kB 1*8kB (U) 0*16kB 1*32kB (U) 1*64kB (U) 1*128kB (U) 1*256kB (U) 0*512kB 1*1024kB (U) 1*2048kB (M) 3*4096kB (M) = 15848kB
Oct 19 00:15:54 soak-17 kernel: Node 0 DMA32: 3105*4kB (UEM) 3479*8kB (UEM) 2316*16kB (UEM) 1767*32kB (UEM) 209*64kB (UM) 9*128kB (UM) 0*256kB 0*512kB 0*1024kB 0*2048kB 0*4096kB = 148380kB
Oct 19 00:15:54 soak-17 kernel: Node 0 Normal: 31182*4kB (UEM) 20577*8kB (UEM) 10519*16kB (UEM) 6073*32kB (UEM) 710*64kB (UEM) 18*128kB (UM) 0*256kB 0*512kB 1*1024kB (E) 0*2048kB 0*4096kB = 700752kB
Oct 19 00:15:54 soak-17 kernel: Node 1 Normal: 19696*4kB (UEM) 23200*8kB (UEM) 22433*16kB (UEM) 20069*32kB (UEM) 7102*64kB (UEM) 162*128kB (UEM) 1*256kB (M) 0*512kB 0*1024kB 0*2048kB 0*4096kB = 1741040kB
Oct 19 00:15:54 soak-17 kernel: Node 0 hugepages_total=0 hugepages_free=0 hugepages_surp=0 hugepages_size=1048576kB
Oct 19 00:15:54 soak-17 kernel: Node 0 hugepages_total=0 hugepages_free=0 hugepages_surp=0 hugepages_size=2048kB
Oct 19 00:15:54 soak-17 kernel: Node 1 hugepages_total=0 hugepages_free=0 hugepages_surp=0 hugepages_size=1048576kB
Oct 19 00:15:54 soak-17 kernel: Node 1 hugepages_total=0 hugepages_free=0 hugepages_surp=0 hugepages_size=2048kB
Oct 19 00:15:54 soak-17 kernel: 3571770 total pagecache pages
Oct 19 00:15:54 soak-17 kernel: 35 pages in swap cache
Oct 19 00:15:54 soak-17 kernel: Swap cache stats: add 1185, delete 1150, find 7/13
Oct 19 00:15:54 soak-17 kernel: Free swap  = 16314956kB
Oct 19 00:15:54 soak-17 kernel: Total swap = 16319484kB
Oct 19 00:15:54 soak-17 kernel: 8369066 pages RAM
Oct 19 00:15:54 soak-17 kernel: 0 pages HighMem/MovableOnly
Oct 19 00:15:54 soak-17 kernel: 241261 pages reserved
Oct 19 00:15:54 soak-17 kernel: kworker/u480:3: page allocation failure: order:8, mode:0x80d0
Oct 19 00:15:54 soak-17 kernel: CPU: 21 PID: 19810 Comm: kworker/u480:3 Tainted: G           OE  ------------   3.10.0-693.2.2.el7.x86_64 #1
Oct 19 00:15:54 soak-17 kernel: Hardware name: Intel Corporation S2600GZ ........../S2600GZ, BIOS SE5C600.86B.01.08.0003.022620131521 02/26/2013
&lt;/pre&gt;
&lt;/div&gt;&lt;/div&gt;

&lt;p&gt;and the ib module info&lt;/p&gt;
&lt;div class=&quot;preformatted panel&quot; style=&quot;border-width: 1px;&quot;&gt;&lt;div class=&quot;preformattedContent panelContent&quot;&gt;
&lt;pre&gt;[root@soak-17 syslog]# modinfo ib_core
filename:       /lib/modules/3.10.0-693.2.2.el7.x86_64/extra/mlnx-ofa_kernel/drivers/infiniband/core/ib_core.ko
license:        Dual BSD/GPL
description:    core kernel InfiniBand API
author:         Roland Dreier
rhelversion:    7.4
srcversion:     88498DC1AE00B29161E536C
depends:        mlx_compat
vermagic:       3.10.0-693.2.2.el7.x86_64 SMP mod_unload modversions 
parm:           send_queue_size:Size of send queue in number of work requests (int)
parm:           recv_queue_size:Size of receive queue in number of work requests (int)
parm:           roce_v1_noncompat_gid:Default GID auto configuration (Default: yes) (bool)
parm:           force_mr:Force usage of MRs for RDMA READ/WRITE operations (bool)
[root@soak-17 syslog]# 
&lt;/pre&gt;
&lt;/div&gt;&lt;/div&gt;</comment>
                            <comment id="211510" author="jhammond" created="Thu, 19 Oct 2017 17:14:35 +0000"  >&lt;p&gt;Hi Cliff, do you have a crash dump from a MOFED run?&lt;/p&gt;</comment>
                            <comment id="211447" author="cliffw" created="Thu, 19 Oct 2017 01:35:40 +0000"  >&lt;p&gt;Switched to lustre-master-ib build, using MOFED instead of in-kernel drivers. Still having multiple page allocation faults on multiple nodes.&lt;/p&gt;</comment>
                            <comment id="211416" author="adilger" created="Wed, 18 Oct 2017 19:23:33 +0000"  >&lt;p&gt;It looks like there is a fix for this problem in the upstream kernel, to use &lt;tt&gt;kvmalloc_array()&lt;/tt&gt; instead of &lt;tt&gt;kmalloc()&lt;/tt&gt; for the &lt;tt&gt;qp-&amp;gt;sq.wrid&lt;/tt&gt; and &lt;tt&gt;qp-&amp;gt;rq.wrid&lt;/tt&gt; allocations in &lt;tt&gt;create_qp_common()&lt;/tt&gt;.  The main fix is:&lt;/p&gt;
&lt;div class=&quot;preformatted panel&quot; style=&quot;border-width: 1px;&quot;&gt;&lt;div class=&quot;preformattedContent panelContent&quot;&gt;
&lt;pre&gt;commit e9105cdefbf64cd7aea300f934c92051e7cb7cff
Author:     Li Dongyang &amp;lt;dongyang.li@anu.edu.au&amp;gt;
AuthorDate: Wed Aug 16 23:31:23 2017 +1000
Commit:     Doug Ledford &amp;lt;dledford@redhat.com&amp;gt;
CommitDate: Tue Aug 22 16:48:35 2017 -0400

    IB/mlx4: use kvmalloc_array to allocate wrid
    
    We could use kvmalloc_array instead of the
    kmalloc and __vmalloc combination.
    After this we don&apos;t need to include linux/vmalloc.h
    
    Signed-off-by: Li Dongyang &amp;lt;dongyang.li@anu.edu.au&amp;gt;
    Reviewed-by: Leon Romanovsky &amp;lt;leonro@mellanox.com&amp;gt;
    Signed-off-by: Doug Ledford &amp;lt;dledford@redhat.com&amp;gt;
&lt;/pre&gt;
&lt;/div&gt;&lt;/div&gt;
&lt;p&gt;which itself depends on the &lt;tt&gt;kvmalloc_array()&lt;/tt&gt; and &lt;tt&gt;kvmalloc()&lt;/tt&gt; helper functions landed in the following (relatively large) patches.  For backporting, it makes sense to just land the subset of those patches that add the &lt;tt&gt;kvmalloc_&amp;#42;()&lt;/tt&gt; functions, rather than changing all of the callsites as well.  I don&apos;t see any of these helpers in the RHEL 7 kernel I have (linux-3.10.0-514.el6), though &lt;tt&gt;kvfree()&lt;/tt&gt; already exists.&lt;/p&gt;
&lt;div class=&quot;preformatted panel&quot; style=&quot;border-width: 1px;&quot;&gt;&lt;div class=&quot;preformattedContent panelContent&quot;&gt;
&lt;pre&gt;commit a7c3e901a46ff54c016d040847eda598a9e3e653
Author:     Michal Hocko &amp;lt;mhocko@suse.com&amp;gt;
AuthorDate: Mon May 8 15:57:09 2017 -0700
Commit:     Linus Torvalds &amp;lt;torvalds@linux-foundation.org&amp;gt;
CommitDate: Mon May 8 17:15:12 2017 -0700

    mm: introduce kv[mz]alloc helpers
    
    Patch series &quot;kvmalloc&quot;, v5.
    
    There are many open coded kmalloc with vmalloc fallback instances in the
    tree.  Most of them are not careful enough or simply do not care about
    the underlying semantic of the kmalloc/page allocator which means that
    a) some vmalloc fallbacks are basically unreachable because the kmalloc
    part will keep retrying until it succeeds b) the page allocator can
    invoke a really disruptive steps like the OOM killer to move forward
    which doesn&apos;t sound appropriate when we consider that the vmalloc
    fallback is available.
    
    As it can be seen implementing kvmalloc requires quite an intimate
    knowledge if the page allocator and the memory reclaim internals which
    strongly suggests that a helper should be implemented in the memory
    subsystem proper.
    
    Most callers, I could find, have been converted to use the helper
    instead.  This is patch 6.  There are some more relying on __GFP_REPEAT
    in the networking stack which I have converted as well and Eric Dumazet
    was not opposed [2] to convert them as well.
    
    [1] http://lkml.kernel.org/r/20170130094940.13546-1-mhocko@kernel.org
    [2] http://lkml.kernel.org/r/1485273626.16328.301.camel@edumazet-glaptop3.roam.corp.google.com
    
    This patch (of 9):
    
    Using kmalloc with the vmalloc fallback for larger allocations is a
    common pattern in the kernel code.  Yet we do not have any common helper
    for that and so users have invented their own helpers.  Some of them are
    really creative when doing so.  Let&apos;s just add kv[mz]alloc and make sure
    it is implemented properly.  This implementation makes sure to not make
    a large memory pressure for &amp;gt; PAGE_SZE requests (__GFP_NORETRY) and also
    to not warn about allocation failures.  This also rules out the OOM
    killer as the vmalloc is a more approapriate fallback than a disruptive
    user visible action.
    
    This patch also changes some existing users and removes helpers which
    are specific for them.  In some cases this is not possible (e.g.
    ext4_kvmalloc, libcfs_kvzalloc) because those seems to be broken and
    require GFP_NO{FS,IO} context which is not vmalloc compatible in general
    (note that the page table allocation is GFP_KERNEL).  Those need to be
    fixed separately.

    While we are at it, document that __vmalloc{_node} about unsupported gfp
    mask because there seems to be a lot of confusion out there.
    kvmalloc_node will warn about GFP_KERNEL incompatible (which are not
    superset) flags to catch new abusers.  Existing ones would have to die
    slowly.
    
    [sfr@canb.auug.org.au: f2fs fixup]
      Link: http://lkml.kernel.org/r/20170320163735.332e64b7@canb.auug.org.au
    Link: http://lkml.kernel.org/r/20170306103032.2540-2-mhocko@kernel.org
    Signed-off-by: Michal Hocko &amp;lt;mhocko@suse.com&amp;gt;
    Signed-off-by: Stephen Rothwell &amp;lt;sfr@canb.auug.org.au&amp;gt;
    Reviewed-by: Andreas Dilger &amp;lt;adilger@dilger.ca&amp;gt;     [ext4 part]
    Acked-by: Vlastimil Babka &amp;lt;vbabka@suse.cz&amp;gt;
    Cc: John Hubbard &amp;lt;jhubbard@nvidia.com&amp;gt;
    Cc: David Miller &amp;lt;davem@davemloft.net&amp;gt;
    Signed-off-by: Andrew Morton &amp;lt;akpm@linux-foundation.org&amp;gt;
    Signed-off-by: Linus Torvalds &amp;lt;torvalds@linux-foundation.org&amp;gt;
&lt;/pre&gt;
&lt;/div&gt;&lt;/div&gt;
&lt;div class=&quot;preformatted panel&quot; style=&quot;border-width: 1px;&quot;&gt;&lt;div class=&quot;preformattedContent panelContent&quot;&gt;
&lt;pre&gt;commit 752ade68cbd81d0321dfecc188f655a945551b25
Author:     Michal Hocko &amp;lt;mhocko@suse.com&amp;gt;
AuthorDate: Mon May 8 15:57:27 2017 -0700
Commit:     Linus Torvalds &amp;lt;torvalds@linux-foundation.org&amp;gt;
CommitDate: Mon May 8 17:15:13 2017 -0700

    treewide: use kv[mz]alloc* rather than opencoded variants
    
    There are many code paths opencoding kvmalloc.  Let&apos;s use the helper
    instead.  The main difference to kvmalloc is that those users are
    usually not considering all the aspects of the memory allocator.  E.g.
    allocation requests &amp;lt;= 32kB (with 4kB pages) are basically never failing
    and invoke OOM killer to satisfy the allocation.  This sounds too
    disruptive for something that has a reasonable fallback - the vmalloc.
    On the other hand those requests might fallback to vmalloc even when the
    memory allocator would succeed after several more reclaim/compaction
    attempts previously.  There is no guarantee something like that happens
    though.
    
    This patch converts many of those places to kv[mz]alloc* helpers because
    they are more conservative.

    Link: http://lkml.kernel.org/r/20170306103327.2766-2-mhocko@kernel.org
    Signed-off-by: Michal Hocko &amp;lt;mhocko@suse.com&amp;gt;
    Reviewed-by: Boris Ostrovsky &amp;lt;boris.ostrovsky@oracle.com&amp;gt; # Xen bits
    Acked-by: Kees Cook &amp;lt;keescook@chromium.org&amp;gt;
    Acked-by: Vlastimil Babka &amp;lt;vbabka@suse.cz&amp;gt;
    Acked-by: Andreas Dilger &amp;lt;andreas.dilger@intel.com&amp;gt; # Lustre
    Acked-by: Christian Borntraeger &amp;lt;borntraeger@de.ibm.com&amp;gt; # KVM/s390
    Acked-by: Dan Williams &amp;lt;dan.j.williams@intel.com&amp;gt; # nvdim
    Acked-by: David Sterba &amp;lt;dsterba@suse.com&amp;gt; # btrfs
    Acked-by: Ilya Dryomov &amp;lt;idryomov@gmail.com&amp;gt; # Ceph
    Acked-by: Tariq Toukan &amp;lt;tariqt@mellanox.com&amp;gt; # mlx4
    Acked-by: Leon Romanovsky &amp;lt;leonro@mellanox.com&amp;gt; # mlx5
    Cc: Martin Schwidefsky &amp;lt;schwidefsky@de.ibm.com&amp;gt;
    Cc: Heiko Carstens &amp;lt;heiko.carstens@de.ibm.com&amp;gt;
    Cc: Herbert Xu &amp;lt;herbert@gondor.apana.org.au&amp;gt;
    Cc: Anton Vorontsov &amp;lt;anton@enomsg.org&amp;gt;
    Cc: Colin Cross &amp;lt;ccross@android.com&amp;gt;
    Cc: Tony Luck &amp;lt;tony.luck@intel.com&amp;gt;
    Cc: &quot;Rafael J. Wysocki&quot; &amp;lt;rjw@rjwysocki.net&amp;gt;
    Cc: Ben Skeggs &amp;lt;bskeggs@redhat.com&amp;gt;
    Cc: Kent Overstreet &amp;lt;kent.overstreet@gmail.com&amp;gt;
    Cc: Santosh Raspatur &amp;lt;santosh@chelsio.com&amp;gt;
    Cc: Hariprasad S &amp;lt;hariprasad@chelsio.com&amp;gt;
    Cc: Yishai Hadas &amp;lt;yishaih@mellanox.com&amp;gt;
    Cc: Oleg Drokin &amp;lt;oleg.drokin@intel.com&amp;gt;
    Cc: &quot;Yan, Zheng&quot; &amp;lt;zyan@redhat.com&amp;gt;
    Cc: Alexander Viro &amp;lt;viro@zeniv.linux.org.uk&amp;gt;
    Cc: Alexei Starovoitov &amp;lt;ast@kernel.org&amp;gt;
    Cc: Eric Dumazet &amp;lt;eric.dumazet@gmail.com&amp;gt;
    Cc: David Miller &amp;lt;davem@davemloft.net&amp;gt;
    Signed-off-by: Andrew Morton &amp;lt;akpm@linux-foundation.org&amp;gt;
    Signed-off-by: Linus Torvalds &amp;lt;torvalds@linux-foundation.org&amp;gt;
&lt;/pre&gt;
&lt;/div&gt;&lt;/div&gt;</comment>
                    </comments>
                <issuelinks>
                            <issuelinktype id="10010">
                    <name>Duplicate</name>
                                                                <inwardlinks description="is duplicated by">
                                        <issuelink>
            <issuekey id="49543">LU-10322</issuekey>
        </issuelink>
                            </inwardlinks>
                                    </issuelinktype>
                            <issuelinktype id="10011">
                    <name>Related</name>
                                            <outwardlinks description="is related to ">
                                                        </outwardlinks>
                                                                <inwardlinks description="is related to">
                                        <issuelink>
            <issuekey id="51012">LU-10736</issuekey>
        </issuelink>
                            </inwardlinks>
                                    </issuelinktype>
                    </issuelinks>
                <attachments>
                            <attachment id="28484" name="soak-17-lustre.log.txt.gz" size="10521093" author="cliffw" created="Tue, 17 Oct 2017 22:04:19 +0000"/>
                    </attachments>
                <subtasks>
                    </subtasks>
                <customfields>
                                                                                                                                                                                            <customfield id="customfield_10890" key="com.atlassian.jira.plugins.jira-development-integration-plugin:devsummary">
                        <customfieldname>Development</customfieldname>
                        <customfieldvalues>
                            
                        </customfieldvalues>
                    </customfield>
                                                                                                                                                                                                                                                                                                                                                        <customfield id="customfield_10390" key="com.pyxis.greenhopper.jira:gh-lexo-rank">
                        <customfieldname>Rank</customfieldname>
                        <customfieldvalues>
                            <customfieldvalue>1|hzzm1r:</customfieldvalue>

                        </customfieldvalues>
                    </customfield>
                                                                <customfield id="customfield_10090" key="com.pyxis.greenhopper.jira:gh-global-rank">
                        <customfieldname>Rank (Obsolete)</customfieldname>
                        <customfieldvalues>
                            <customfieldvalue>9223372036854775807</customfieldvalue>
                        </customfieldvalues>
                    </customfield>
                                                                                            <customfield id="customfield_10060" key="com.atlassian.jira.plugin.system.customfieldtypes:select">
                        <customfieldname>Severity</customfieldname>
                        <customfieldvalues>
                                <customfieldvalue key="10022"><![CDATA[3]]></customfieldvalue>

                        </customfieldvalues>
                    </customfield>
                                                                                                                                                                                                                                                                                                                                                        </customfields>
    </item>
</channel>
</rss>