<!-- 
RSS generated by JIRA (9.4.29#940029-sha1:4daa0635650e368c1b281e719d2298e7d3994659) at Wed Mar 04 20:07:25 UTC 2026

It is possible to restrict the fields that are returned in this document by specifying the 'field' parameter in your request.
For example, to request only the issue key and summary append 'field=key&field=summary' to the URL of your request.
-->
<rss version="0.92" >
<channel>
    <title>Whamcloud Community JIRA</title>
    <link>https://jira.whamcloud.com</link>
    <description>This file is an XML representation of an issue</description>
    <language>en-us</language>    <build-info>
        <version>9.4.29</version>
        <build-number>940029</build-number>
        <build-date>03-12-2024</build-date>
    </build-info>


<item>
            <title>[LU-10736] page allocation failure: order:8, mode:0x80d0</title>
                <link>https://jira.whamcloud.com/browse/LU-10736</link>
                <project id="10000" key="LU">Lustre</project>
                    <description>&lt;p&gt;This may be a duplicate of &lt;a href=&quot;https://jira.whamcloud.com/browse/LU-10133&quot; title=&quot;Multi-page allocation failures in mlx4/mlx5&quot; class=&quot;issue-link&quot; data-issue-key=&quot;LU-10133&quot;&gt;&lt;del&gt;LU-10133&lt;/del&gt;&lt;/a&gt; but we wanted to open a new case for our tracking. &lt;a href=&quot;https://jira.whamcloud.com/browse/LU-10133&quot; title=&quot;Multi-page allocation failures in mlx4/mlx5&quot; class=&quot;issue-link&quot; data-issue-key=&quot;LU-10133&quot;&gt;&lt;del&gt;LU-10133&lt;/del&gt;&lt;/a&gt; hasn&apos;t been updated in sometime.&lt;/p&gt;

&lt;p&gt;We are seeing these page allocation failure since moving to lustre2.10.x, centos7.x and mofed 4.x&lt;/p&gt;
&lt;div class=&quot;code panel&quot; style=&quot;border-width: 1px;&quot;&gt;&lt;div class=&quot;codeContent panelContent&quot;&gt;
&lt;pre class=&quot;code-java&quot;&gt; 6174.345922] kworker/20:1: page allocation failure: order:8, mode:0x80d0
[ 6174.345924] CPU: 20 PID: 513 Comm: kworker/20:1 Tainted: G           OE  ------------   3.10.0-693.17.1.el7.20180206.x86_64.lustre2103 #1
[ 6174.345925] Hardware name: SGI.COM SUMMIT/S2600GZ, BIOS SE5C600.86B.02.03.0003.041920141333 04/19/2014
[ 6174.345932] Workqueue: ib_cm cm_work_handler [ib_cm]
[ 6174.345933] Call Trace:
[ 6174.345934]  [&amp;lt;ffffffff81686d81&amp;gt;] dump_stack+0x19/0x1b
[ 6174.345937]  [&amp;lt;ffffffff81186160&amp;gt;] warn_alloc_failed+0x110/0x180
[ 6174.345940]  [&amp;lt;ffffffff8118a954&amp;gt;] __alloc_pages_nodemask+0x9b4/0xba0
[ 6174.345942]  [&amp;lt;ffffffff811ce868&amp;gt;] alloc_pages_current+0x98/0x110
[ 6174.345945]  [&amp;lt;ffffffff81184fae&amp;gt;] __get_free_pages+0xe/0x50
[ 6174.345947]  [&amp;lt;ffffffff8133f6fe&amp;gt;] swiotlb_alloc_coherent+0x5e/0x150
[ 6174.345950]  [&amp;lt;ffffffff81062551&amp;gt;] x86_swiotlb_alloc_coherent+0x41/0x50
[ 6174.345959]  [&amp;lt;ffffffffa056b4c4&amp;gt;] mlx4_buf_direct_alloc.isra.7+0xc4/0x180 [mlx4_core]
[ 6174.345967]  [&amp;lt;ffffffffa056b73b&amp;gt;] mlx4_buf_alloc+0x1bb/0x260 [mlx4_core]
[ 6174.345971]  [&amp;lt;ffffffffa0b15496&amp;gt;] create_qp_common+0x536/0x1000 [mlx4_ib]
[ 6174.345976]  [&amp;lt;ffffffff811c6ef7&amp;gt;] ? dma_pool_free+0xa7/0xd0
[ 6174.345979]  [&amp;lt;ffffffffa0b163c1&amp;gt;] mlx4_ib_create_qp+0x3b1/0xdc0 [mlx4_ib]
[ 6174.345982]  [&amp;lt;ffffffffa0b01bc2&amp;gt;] ? mlx4_ib_create_cq+0x2d2/0x430 [mlx4_ib]
[ 6174.345985]  [&amp;lt;ffffffffa0b21f20&amp;gt;] mlx4_ib_create_qp_wrp+0x10/0x20 [mlx4_ib]
[ 6174.345989]  [&amp;lt;ffffffffa08f152a&amp;gt;] ib_create_qp+0x7a/0x2f0 [ib_core]
[ 6174.345995]  [&amp;lt;ffffffffa06205d4&amp;gt;] rdma_create_qp+0x34/0xb0 [rdma_cm]
[ 6174.345997]  [&amp;lt;ffffffffa08275c9&amp;gt;] kiblnd_create_conn+0xbf9/0x1950 [ko2iblnd]
[ 6174.346003]  [&amp;lt;ffffffffa074077a&amp;gt;] ? cfs_percpt_unlock+0x1a/0xb0 [libcfs]
[ 6174.346014]  [&amp;lt;ffffffffa0835519&amp;gt;] kiblnd_passive_connect+0xa99/0x18c0 [ko2iblnd]
[ 6174.346021]  [&amp;lt;ffffffffa061f58c&amp;gt;] ? _cma_attach_to_dev+0x5c/0x70 [rdma_cm]
[ 6174.346023]  [&amp;lt;ffffffffa0836a95&amp;gt;] kiblnd_cm_callback+0x755/0x2380 [ko2iblnd]
[ 6174.346028]  [&amp;lt;ffffffffa0624ce6&amp;gt;] cma_req_handler+0x1c6/0x490 [rdma_cm]
[ 6174.346030]  [&amp;lt;ffffffffa04f4327&amp;gt;] cm_process_work+0x27/0x120 [ib_cm]
[ 6174.346033]  [&amp;lt;ffffffffa04f516b&amp;gt;] cm_req_handler+0xb0b/0xe30 [ib_cm]
[ 6174.346035]  [&amp;lt;ffffffffa04f5e55&amp;gt;] cm_work_handler+0x395/0x1306 [ib_cm]
[ 6174.346036]  [&amp;lt;ffffffff8168beff&amp;gt;] ? __schedule+0x41f/0x9a0
[ 6174.346038]  [&amp;lt;ffffffff810a76ca&amp;gt;] process_one_work+0x17a/0x440
[ 6174.346040]  [&amp;lt;ffffffff810a8396&amp;gt;] worker_thread+0x126/0x3c0
[ 6174.346042]  [&amp;lt;ffffffff810a8270&amp;gt;] ? manage_workers.isra.24+0x2a0/0x2a0
[ 6174.346043]  [&amp;lt;ffffffff810af83f&amp;gt;] kthread+0xcf/0xe0
[ 6174.346044]  [&amp;lt;ffffffff810af770&amp;gt;] ? insert_kthread_work+0x40/0x40
[ 6174.346045]  [&amp;lt;ffffffff81699718&amp;gt;] ret_from_fork+0x58/0x90
[ 6174.346048]  [&amp;lt;ffffffff810af770&amp;gt;] ? insert_kthread_work+0x40/0x40
[ 6174.346049] Mem-Info:
[ 6174.346054] active_anon:11554 inactive_anon:6856 isolated_anon:0
[ 6174.346054]  active_file:565346 inactive_file:12784204 isolated_file:0
[ 6174.346054]  unevictable:4142 dirty:54 writeback:0 unstable:0
[ 6174.346054]  slab_reclaimable:259526 slab_unreclaimable:357063
[ 6174.346054]  mapped:8121 shmem:7283 pagetables:911 bounce:0
[ 6174.346054]  free:63457 free_pcp:746 free_cma:0
[ 6174.346055] Node 0 DMA free:15772kB min:12kB low:12kB high:16kB active_anon:0kB inactive_anon:0kB active_file:0kB inactive_file:0kB unevictable:0kB isolated(anon):0kB isolated(file):0kB present:15980kB managed:15804kB mlocked:0kB dirty:0kB writeback:0kB mapped:0kB shmem:0kB slab_reclaimable:0kB slab_unreclaimable:0kB kernel_stack:0kB pagetables:0kB unstable:0kB bounce:0kB free_pcp:0kB local_pcp:0kB free_cma:0kB writeback_tmp:0kB pages_scanned:0 all_unreclaimable? yes
[ 6174.346058] lowmem_reserve[]: 0 2641 31809 31809
[ 6174.346060] Node 0 DMA32 free:123636kB min:2704kB low:3380kB high:4056kB active_anon:2132kB inactive_anon:1916kB active_file:99500kB inactive_file:1867404kB unevictable:376kB isolated(anon):0kB isolated(file):0kB present:3049136kB managed:2707148kB mlocked:376kB dirty:4kB writeback:0kB mapped:3368kB shmem:2036kB slab_reclaimable:48796kB slab_unreclaimable:69468kB kernel_stack:192kB pagetables:248kB unstable:0kB bounce:0kB free_pcp:188kB local_pcp:0kB free_cma:0kB writeback_tmp:0kB pages_scanned:0 all_unreclaimable? no
[ 6174.346063] lowmem_reserve[]: 0 0 29167 29167
[ 6174.346064] Node 0 Normal free:54308kB min:29836kB low:37292kB high:44752kB active_anon:21816kB inactive_anon:19336kB active_file:971960kB inactive_file:23507144kB unevictable:7280kB isolated(anon):0kB isolated(file):0kB present:30408704kB managed:29867144kB mlocked:7280kB dirty:100kB writeback:0kB mapped:28800kB shmem:19912kB slab_reclaimable:503968kB slab_unreclaimable:637584kB kernel_stack:7136kB pagetables:1428kB unstable:0kB bounce:0kB free_pcp:1536kB local_pcp:0kB free_cma:0kB writeback_tmp:0kB pages_scanned:0 all_unreclaimable? no
[ 6174.346067] lowmem_reserve[]: 0 0 0 0
[ 6174.346069] Node 1 Normal free:60112kB min:32976kB low:41220kB high:49464kB active_anon:22268kB inactive_anon:6172kB active_file:1189924kB inactive_file:25762476kB unevictable:8912kB isolated(anon):0kB isolated(file):0kB present:33554432kB managed:33012624kB mlocked:8912kB dirty:112kB writeback:0kB mapped:316kB shmem:7184kB slab_reclaimable:485340kB slab_unreclaimable:721200kB kernel_stack:12208kB pagetables:1968kB unstable:0kB bounce:0kB free_pcp:1216kB local_pcp:0kB free_cma:0kB writeback_tmp:0kB pages_scanned:0 all_unreclaimable? no
[ 6174.346071] lowmem_reserve[]: 0 0 0 0
[ 6174.346073] Node 0 DMA: 1*4kB (U) 1*8kB (U) 1*16kB (U) 0*32kB 2*64kB (U) 2*128kB (U) 0*256kB 0*512kB 1*1024kB (U) 1*2048kB (M) 3*4096kB (M) = 15772kB
[ 6174.346078] Node 0 DMA32: 2456*4kB (UEM) 1686*8kB (UEM) 542*16kB (UEM) 82*32kB (UEM) 156*64kB (UEM) 227*128kB (UEM) 106*256kB (UE) 43*512kB (UE) 1*1024kB (U) 0*2048kB 0*4096kB = 123824kB
[ 6174.346084] Node 0 Normal: 262*4kB (EM) 876*8kB (UEM) 952*16kB (UEM) 296*32kB (UEM) 154*64kB (UM) 95*128kB (UM) 2*256kB (M) 1*512kB (M) 0*1024kB 0*2048kB 0*4096kB = 55800kB
[ 6174.346089] Node 1 Normal: 219*4kB (EM) 2848*8kB (UEM) 366*16kB (UEM) 46*32kB (UM) 474*64kB (UM) 2*128kB (UM) 0*256kB 0*512kB 0*1024kB 0*2048kB 0*4096kB = 61580kB
[ 6174.346100] 13359368 total pagecache pages
[ 6174.346100] 0 pages in swap cache
[ 6174.346101] Swap cache stats: add 0, delete 0, find 0/0
[ 6174.346101] Free swap  = 0kB
[ 6174.346101] Total swap = 0kB
[ 6174.346102] 16757063 pages RAM
[ 6174.346102] 0 pages HighMem/MovableOnly
[ 6174.346102] 356383 pages reserved



&lt;/pre&gt;
&lt;/div&gt;&lt;/div&gt;
&lt;p&gt;&#160;&lt;/p&gt;

&lt;p&gt;&#160;&lt;/p&gt;

&lt;p&gt;&#160;&lt;/p&gt;</description>
                <environment>mofed4.1 and mofed.4.2.1</environment>
        <key id="51012">LU-10736</key>
            <summary>page allocation failure: order:8, mode:0x80d0</summary>
                <type id="1" iconUrl="https://jira.whamcloud.com/secure/viewavatar?size=xsmall&amp;avatarId=11303&amp;avatarType=issuetype">Bug</type>
                                            <priority id="2" iconUrl="https://jira.whamcloud.com/images/icons/priorities/critical.svg">Critical</priority>
                        <status id="5" iconUrl="https://jira.whamcloud.com/images/icons/statuses/resolved.png" description="A resolution has been taken, and it is awaiting verification by reporter. From here issues are either reopened, or are closed.">Resolved</status>
                    <statusCategory id="3" key="done" colorName="success"/>
                                    <resolution id="1">Fixed</resolution>
                                        <assignee username="ashehata">Amir Shehata</assignee>
                                    <reporter username="mhanafi">Mahmoud Hanafi</reporter>
                        <labels>
                    </labels>
                <created>Tue, 27 Feb 2018 23:24:50 +0000</created>
                <updated>Tue, 25 Feb 2020 18:34:54 +0000</updated>
                            <resolved>Wed, 29 Aug 2018 18:29:38 +0000</resolved>
                                    <version>Lustre 2.10.1</version>
                    <version>Lustre 2.10.3</version>
                                                        <due></due>
                            <votes>0</votes>
                                    <watches>20</watches>
                                                                            <comments>
                            <comment id="252582" author="knweiss" created="Tue, 6 Aug 2019 11:44:34 +0000"  >&lt;p&gt;Does anyone maintain a collection of these IB memory fragmentation hotfixes (&lt;a href=&quot;https://jira.whamcloud.com/browse/LU-10133&quot; title=&quot;Multi-page allocation failures in mlx4/mlx5&quot; class=&quot;issue-link&quot; data-issue-key=&quot;LU-10133&quot;&gt;&lt;del&gt;LU-10133&lt;/del&gt;&lt;/a&gt; is another candidate) against the latest RHEL7 kernels for those who want to use Red Hat&apos;s IB stack?&lt;/p&gt;

&lt;p&gt;The patches attached to this LU do no longer apply cleanly against the latest RHEL 7.6 kernel 3.10.0-957.27.2.el7.x86_64. (Unfortunately, Red Hat still did not merge any of these fixes yet. Having such a collection may convince Red Hat to merge such fixes faster.)&lt;/p&gt;

&lt;p&gt;Also, I wonder why these IB memory fragmentation hotfixes are not also part of the official Lustre server kernel rpms? Doesn&apos;t this imply you assume the usage of mofed? Shouldn&apos;t then the required mofed release be mentioned as a requirement in lustre/ChangeLog and/or the Lustre Support Matrix?&lt;/p&gt;

&lt;p&gt;IMHO it&apos;s very easy to miss important IB fixes at the moment.&lt;/p&gt;</comment>
                            <comment id="252046" author="pjones" created="Thu, 25 Jul 2019 21:48:23 +0000"  >&lt;p&gt;&lt;a href=&quot;https://jira.whamcloud.com/secure/ViewProfile.jspa?name=mhanafi&quot; class=&quot;user-hover&quot; rel=&quot;mhanafi&quot;&gt;mhanafi&lt;/a&gt; what was the Mellanox reference for this issue?&lt;/p&gt;</comment>
                            <comment id="232761" author="pjones" created="Wed, 29 Aug 2018 18:29:38 +0000"  >&lt;p&gt;ok - thanks Mahmoud&lt;/p&gt;</comment>
                            <comment id="232758" author="mhanafi" created="Wed, 29 Aug 2018 18:16:40 +0000"  >&lt;p&gt;All fixes landed in mofed4.4.2 please close.&lt;/p&gt;</comment>
                            <comment id="229668" author="shadow" created="Thu, 21 Jun 2018 13:19:41 +0000"  >&lt;p&gt;mlx5 fixes pointed in linux-rdma list&lt;/p&gt;</comment>
                            <comment id="229654" author="shadow" created="Wed, 20 Jun 2018 18:28:45 +0000"  >&lt;p&gt; Mahmoud - thanks for info. They have no response on my ticket.&lt;br/&gt;
I need to have fixes in mofed 4.3, so will try to fix by self.&lt;br/&gt;
It looks we can able to use mlx5_frag_bug_alloc and function similar as removed by pointed patch.&lt;/p&gt;
&lt;div class=&quot;code panel&quot; style=&quot;border-width: 1px;&quot;&gt;&lt;div class=&quot;codeContent panelContent&quot;&gt;
&lt;pre class=&quot;code-java&quot;&gt;
 &lt;span class=&quot;code-keyword&quot;&gt;static&lt;/span&gt; inline void mlx4_buf_offset(struct mlx4_buf buf, &lt;span class=&quot;code-object&quot;&gt;int&lt;/span&gt; offset)
 {
-	&lt;span class=&quot;code-keyword&quot;&gt;if&lt;/span&gt; (BITS_PER_LONG == 64 || buf-&amp;gt;nbufs == 1)
-		&lt;span class=&quot;code-keyword&quot;&gt;return&lt;/span&gt; buf-&amp;gt;direct.buf + offset;
-	&lt;span class=&quot;code-keyword&quot;&gt;else&lt;/span&gt;
-		&lt;span class=&quot;code-keyword&quot;&gt;return&lt;/span&gt; buf-&amp;gt;page_list[offset &amp;gt;&amp;gt; PAGE_SHIFT].buf +
-			(offset &amp;amp; (PAGE_SIZE - 1));
+	&lt;span class=&quot;code-keyword&quot;&gt;return&lt;/span&gt; buf-&amp;gt;direct.buf + offset;
 }
&lt;/pre&gt;
&lt;/div&gt;&lt;/div&gt;
&lt;p&gt;it&apos;s introduce a some memory overhead but looks minimal solution.&lt;/p&gt;</comment>
                            <comment id="229651" author="mhanafi" created="Wed, 20 Jun 2018 17:26:20 +0000"  >&lt;p&gt;Mellanox is working a patch for mlx5. Should be avail on mofed4.4+&lt;/p&gt;</comment>
                            <comment id="229648" author="shadow" created="Wed, 20 Jun 2018 07:45:04 +0000"  >&lt;p&gt;Same/similar bug hit for mlx5 card.&lt;/p&gt;</comment>
                            <comment id="224817" author="bruno.travouillon" created="Thu, 29 Mar 2018 17:21:07 +0000"  >&lt;p&gt;Thank you for the feedback Mahmoud. I will share with the site and ask for some tests.&lt;/p&gt;

&lt;p&gt;&#160;&lt;/p&gt;</comment>
                            <comment id="224804" author="mhanafi" created="Thu, 29 Mar 2018 16:11:34 +0000"  >&lt;p&gt;I have attached a patch we received from Mellanox that resolved our allocation failures in mlx4. They will be pushing the patch upstream. &lt;br/&gt;
We are following up with mlnx about a patch to the mlx5 driver as well.&lt;/p&gt;

&lt;p&gt;Our tests showed no performance impact but we would like for other to test it as well.&lt;/p&gt;
</comment>
                            <comment id="222972" author="bruno.travouillon" created="Fri, 9 Mar 2018 15:55:16 +0000"  >&lt;p&gt;We hit the same page allocation failures with mlx5_buf_alloc() for order 8 and order 10. This may be related to this kernel upstream change (also applied to MOFED 4.2.1):&lt;/p&gt;
&lt;div class=&quot;preformatted panel&quot; style=&quot;border-width: 1px;&quot;&gt;&lt;div class=&quot;preformattedContent panelContent&quot;&gt;
&lt;pre&gt;commit 64ffaa2159b752e6c263dc57eaaaed7367d37493
Author: Amir Vadai &amp;lt;amirv@mellanox.com&amp;gt;
Date:   Thu May 28 22:28:38 2015 +0300

    net/mlx5_core,mlx5_ib: Do not use vmap() on coherent memory

    As David Daney pointed in mlx4_core driver [1], mlx5_core is also
    misusing the DMA-API.

    This patch is removing the code that vmap() memory allocated by
    dma_alloc_coherent().

    After this patch, users of this drivers might fail allocating resources
    on memory fragmeneted systems.  This will be fixed later on.

    [1] - https://patchwork.ozlabs.org/patch/458531/

    CC: David Daney &amp;lt;david.daney@cavium.com&amp;gt;
    Signed-off-by: Amir Vadai &amp;lt;amirv@mellanox.com&amp;gt;
    Signed-off-by: David S. Miller &amp;lt;davem@davemloft.net&amp;gt;


&lt;/pre&gt;
&lt;/div&gt;&lt;/div&gt;
&lt;p&gt;With previous code, the allocation might be split into multiple pages when the requested size was &amp;gt; PAGE_SIZE * 2. Now, we absolutely need contiguous pages. The commit message is clear about this.&lt;/p&gt;</comment>
                            <comment id="221978" author="jaylan" created="Wed, 28 Feb 2018 21:51:17 +0000"  >&lt;p&gt;This patch &lt;a href=&quot;https://review.whamcloud.com/30164&quot; class=&quot;external-link&quot; target=&quot;_blank&quot; rel=&quot;nofollow noopener&quot;&gt;https://review.whamcloud.com/30164&lt;/a&gt; would address kmalloc failure issue when there is still memory. The patch changed two kmalloc() calls inside create_qp_common() to create sq.wrid and rq.wrid. This patch was applied to mlx4 but not to mlx5 in mofed-4.1.2; on the other hand, this patch was applied to both mlx4 and mlx5 in mofed-4.2.1.&lt;/p&gt;

&lt;p&gt;However, the allocation failure reported in this ticket was at mlx4_buf_alloc(), called inside create_qp_common(), a few lines ahead of the kmalloc() call to create sq.wrid. This is a different problem.&lt;/p&gt;</comment>
                            <comment id="221972" author="mhanafi" created="Wed, 28 Feb 2018 20:13:13 +0000"  >&lt;p&gt;Can we reopen this for tracking.&lt;/p&gt;

&lt;p&gt;We have see this error on servers running MOFED4.2.1. Like this:&lt;/p&gt;
&lt;div class=&quot;code panel&quot; style=&quot;border-width: 1px;&quot;&gt;&lt;div class=&quot;codeContent panelContent&quot;&gt;
&lt;pre class=&quot;code-java&quot;&gt;[558213.837927] kworker/20:9: page allocation failure: order:8, mode:0x80d0
[558213.837929] CPU: 20 PID: 87721 Comm: kworker/20:9 Tainted: G OE ------------ 3.10.0-693.17.1.el7.20180206.x86_64.lustre2103 #1
[558213.837930] Hardware name: SGI.COM SUMMIT/S2600GZ, BIOS SE5C600.86B.02.03.0003.041920141333 04/19/2014
[558213.837939] Workqueue: ib_cm cm_work_handler [ib_cm]
[558213.837940] Call Trace:
[558213.837942] [&amp;lt;ffffffff81686d81&amp;gt;] dump_stack+0x19/0x1b
[558213.837946] [&amp;lt;ffffffff81186160&amp;gt;] warn_alloc_failed+0x110/0x180
[558213.837949] [&amp;lt;ffffffff8118a954&amp;gt;] __alloc_pages_nodemask+0x9b4/0xba0
[558213.837951] [&amp;lt;ffffffff811ce868&amp;gt;] alloc_pages_current+0x98/0x110
[558213.837954] [&amp;lt;ffffffff81184fae&amp;gt;] __get_free_pages+0xe/0x50
[558213.837956] [&amp;lt;ffffffff8133f6fe&amp;gt;] swiotlb_alloc_coherent+0x5e/0x150
[558213.837959] [&amp;lt;ffffffff81062551&amp;gt;] x86_swiotlb_alloc_coherent+0x41/0x50
[558213.837968] [&amp;lt;ffffffffa04704c4&amp;gt;] mlx4_buf_direct_alloc.isra.7+0xc4/0x180 [mlx4_core]
[558213.837975] [&amp;lt;ffffffffa047073b&amp;gt;] mlx4_buf_alloc+0x1bb/0x260 [mlx4_core]
[558213.837980] [&amp;lt;ffffffffa05ff496&amp;gt;] create_qp_common+0x536/0x1000 [mlx4_ib]
[558213.837984] [&amp;lt;ffffffff811c6ef7&amp;gt;] ? dma_pool_free+0xa7/0xd0
[558213.837986] [&amp;lt;ffffffffa06003c1&amp;gt;] mlx4_ib_create_qp+0x3b1/0xdc0 [mlx4_ib]
[558213.837990] [&amp;lt;ffffffffa05ebbc2&amp;gt;] ? mlx4_ib_create_cq+0x2d2/0x430 [mlx4_ib]
[558213.837993] [&amp;lt;ffffffffa060bf20&amp;gt;] mlx4_ib_create_qp_wrp+0x10/0x20 [mlx4_ib]
[558213.837996] [&amp;lt;ffffffffa09e852a&amp;gt;] ib_create_qp+0x7a/0x2f0 [ib_core]
[558213.838003] [&amp;lt;ffffffffa06215d4&amp;gt;] rdma_create_qp+0x34/0xb0 [rdma_cm]
[558213.838005] [&amp;lt;ffffffffa08aa5c9&amp;gt;] kiblnd_create_conn+0xbf9/0x1950 [ko2iblnd]
[558213.838012] [&amp;lt;ffffffffa07c377a&amp;gt;] ? cfs_percpt_unlock+0x1a/0xb0 [libcfs]
[558213.838023] [&amp;lt;ffffffffa08b8519&amp;gt;] kiblnd_passive_connect+0xa99/0x18c0 [ko2iblnd]
[558213.838029] [&amp;lt;ffffffffa062058c&amp;gt;] ? _cma_attach_to_dev+0x5c/0x70 [rdma_cm]
[558213.838031] [&amp;lt;ffffffffa08b9a95&amp;gt;] kiblnd_cm_callback+0x755/0x2380 [ko2iblnd]
[558213.838035] [&amp;lt;ffffffffa0625ce6&amp;gt;] cma_req_handler+0x1c6/0x490 [rdma_cm]
[558213.838037] [&amp;lt;ffffffffa050d327&amp;gt;] cm_process_work+0x27/0x120 [ib_cm]
[558213.838039] [&amp;lt;ffffffffa050e16b&amp;gt;] cm_req_handler+0xb0b/0xe30 [ib_cm]
[558213.838041] [&amp;lt;ffffffffa050ee55&amp;gt;] cm_work_handler+0x395/0x1306 [ib_cm]
[558213.838043] [&amp;lt;ffffffff8168beff&amp;gt;] ? __schedule+0x41f/0x9a0
[558213.838045] [&amp;lt;ffffffff810a76ca&amp;gt;] process_one_work+0x17a/0x440
[558213.838047] [&amp;lt;ffffffff810a8396&amp;gt;] worker_thread+0x126/0x3c0
[558213.838048] [&amp;lt;ffffffff810a8270&amp;gt;] ? manage_workers.isra.24+0x2a0/0x2a0
[558213.838049] [&amp;lt;ffffffff810af83f&amp;gt;] kthread+0xcf/0xe0
[558213.838051] [&amp;lt;ffffffff810af770&amp;gt;] ? insert_kthread_work+0x40/0x40
[558213.838052] [&amp;lt;ffffffff81699718&amp;gt;] ret_from_fork+0x58/0x90
[558213.838054] [&amp;lt;ffffffff810af770&amp;gt;] ? insert_kthread_work+0x40/0x40
&lt;/pre&gt;
&lt;/div&gt;&lt;/div&gt;</comment>
                            <comment id="221887" author="pjones" created="Wed, 28 Feb 2018 03:52:19 +0000"  >&lt;p&gt;ok so presumably ok to close as a duplicate then&lt;/p&gt;</comment>
                            <comment id="221883" author="jaylan" created="Wed, 28 Feb 2018 01:09:42 +0000"  >&lt;p&gt;Mahmoud, just checked the source code again.&lt;br/&gt;
The problem is fixed in mofed-4.2.1.&lt;/p&gt;

&lt;p&gt;Somehow I thought the fix went into mofed-4.1.2 as well, but not there. We would be good after upgrading to 4.2.1. &lt;/p&gt;</comment>
                            <comment id="221881" author="adilger" created="Wed, 28 Feb 2018 01:02:02 +0000"  >&lt;p&gt;Yes, this definitely looks like a duplicate of &lt;a href=&quot;https://jira.whamcloud.com/browse/LU-10133&quot; title=&quot;Multi-page allocation failures in mlx4/mlx5&quot; class=&quot;issue-link&quot; data-issue-key=&quot;LU-10133&quot;&gt;&lt;del&gt;LU-10133&lt;/del&gt;&lt;/a&gt;, with the high-order allocation failure in create_qp_common().&lt;/p&gt;

&lt;p&gt;Amir was looking at what could be changed to reduce the allocation order here.  Also, newer kernels have fixes for this, as does newer MOFED.&lt;/p&gt;</comment>
                            <comment id="221867" author="pjones" created="Wed, 28 Feb 2018 00:04:56 +0000"  >&lt;p&gt;Amir&lt;/p&gt;

&lt;p&gt;Can you please advise?&lt;/p&gt;

&lt;p&gt;Thanks&lt;/p&gt;

&lt;p&gt;Peter&lt;/p&gt;</comment>
                            <comment id="221866" author="ndauchy" created="Wed, 28 Feb 2018 00:02:28 +0000"  >&lt;p&gt;&lt;a href=&quot;https://jira.whamcloud.com/browse/LU-10133&quot; title=&quot;Multi-page allocation failures in mlx4/mlx5&quot; class=&quot;issue-link&quot; data-issue-key=&quot;LU-10133&quot;&gt;&lt;del&gt;LU-10133&lt;/del&gt;&lt;/a&gt; would be the possible dupe, extra &quot;3&quot; in there.&lt;/p&gt;</comment>
                    </comments>
                <issuelinks>
                            <issuelinktype id="10010">
                    <name>Duplicate</name>
                                                                <inwardlinks description="is duplicated by">
                                                        </inwardlinks>
                                    </issuelinktype>
                            <issuelinktype id="10011">
                    <name>Related</name>
                                            <outwardlinks description="is related to ">
                                        <issuelink>
            <issuekey id="48794">LU-10133</issuekey>
        </issuelink>
                            </outwardlinks>
                                                                <inwardlinks description="is related to">
                                                        </inwardlinks>
                                    </issuelinktype>
                    </issuelinks>
                <attachments>
                            <attachment id="29916" name="0001-IB-mlx4-Use-order-1-for-QP-buffers.zip" size="820" author="mhanafi" created="Thu, 29 Mar 2018 16:04:59 +0000"/>
                            <attachment id="30419" name="0001-IB-mlx5-Implement-fragmented-completion-queue-CQ.patch" size="20194" author="shadow" created="Thu, 21 Jun 2018 13:19:16 +0000"/>
                    </attachments>
                <subtasks>
                    </subtasks>
                <customfields>
                                                                                                                                                                                            <customfield id="customfield_10890" key="com.atlassian.jira.plugins.jira-development-integration-plugin:devsummary">
                        <customfieldname>Development</customfieldname>
                        <customfieldvalues>
                            
                        </customfieldvalues>
                    </customfield>
                                                                                                                                                                                                                                                                                                                                                        <customfield id="customfield_10390" key="com.pyxis.greenhopper.jira:gh-lexo-rank">
                        <customfieldname>Rank</customfieldname>
                        <customfieldvalues>
                            <customfieldvalue>1|hzztgn:</customfieldvalue>

                        </customfieldvalues>
                    </customfield>
                                                                <customfield id="customfield_10090" key="com.pyxis.greenhopper.jira:gh-global-rank">
                        <customfieldname>Rank (Obsolete)</customfieldname>
                        <customfieldvalues>
                            <customfieldvalue>9223372036854775807</customfieldvalue>
                        </customfieldvalues>
                    </customfield>
                                                                                            <customfield id="customfield_10060" key="com.atlassian.jira.plugin.system.customfieldtypes:select">
                        <customfieldname>Severity</customfieldname>
                        <customfieldvalues>
                                <customfieldvalue key="10021"><![CDATA[2]]></customfieldvalue>

                        </customfieldvalues>
                    </customfield>
                                                                                                                                                                                                                                                                                                                                                        </customfields>
    </item>
</channel>
</rss>