<!-- 
RSS generated by JIRA (9.4.29#940029-sha1:4daa0635650e368c1b281e719d2298e7d3994659) at Wed Mar 04 20:10:45 UTC 2026

It is possible to restrict the fields that are returned in this document by specifying the 'field' parameter in your request.
For example, to request only the issue key and summary append 'field=key&field=summary' to the URL of your request.
-->
<rss version="0.92" >
<channel>
    <title>Whamcloud Community JIRA</title>
    <link>https://jira.whamcloud.com</link>
    <description>This file is an XML representation of an issue</description>
    <language>en-us</language>    <build-info>
        <version>9.4.29</version>
        <build-number>940029</build-number>
        <build-date>03-12-2024</build-date>
    </build-info>


<item>
            <title>[LU-12727] OSS OOM during failover</title>
                <link>https://jira.whamcloud.com/browse/LU-12727</link>
                <project id="10000" key="LU">Lustre</project>
                    <description>&lt;p&gt;soak-&lt;/p&gt;

&lt;div class=&quot;preformatted panel&quot; style=&quot;border-width: 1px;&quot;&gt;&lt;div class=&quot;preformattedContent panelContent&quot;&gt;
&lt;pre&gt;[  540.771758] ^A4Lustre: soaked-OST000d: Will be in recovery for at least 2:30, or until 28 clients reconnect
[  557.249150] ^A6Lustre: soaked-OST000d: Recovery over after 0:16, of 28 clients 28 recovered and 0 were evicted.
[  557.377573] ^A6Lustre: soaked-OST000d: deleting orphan objects from 0x680000400:163752940 to 0x680000400:163755413
[  557.449951] ^A6Lustre: soaked-OST000d: deleting orphan objects from 0x680000402:140748232 to 0x680000402:140758690
[  557.508161] ^A6Lustre: soaked-OST000d: deleting orphan objects from 0x680000401:211295588 to 0x680000401:211298918
[  557.519664] ^A6Lustre: soaked-OST000d: deleting orphan objects from 0x0:215937270 to 0x0:215938124
[  568.981469] ^A4Lustre: Failing over soaked-OST0009
[  570.884990] ^A4Lustre: server umount soaked-OST0009 complete
[  585.668199] in:imjournal invoked oom-killer: gfp_mask=0x200da, order=0, oom_score_adj=0
[  585.677142] in:imjournal cpuset=/ mems_allowed=0-1
[  585.682498] CPU: 24 PID: 24262 Comm: in:imjournal Kdump: loaded Tainted: P           OE  ------------   3.10.0-957.21.3.el7_lustre.x86_64 #1
[  585.696573] Hardware name: Intel Corporation S2600GZ ........../S2600GZ, BIOS SE5C600.86B.01.08.0003.022620131521 02/26/2013
[  585.709100] Call Trace:
[  585.711837]  [&amp;lt;ffffffff83363107&amp;gt;] dump_stack+0x19/0x1b
[  585.717576]  [&amp;lt;ffffffff8335db2a&amp;gt;] dump_header+0x90/0x229
[  585.723510]  [&amp;lt;ffffffff82d01292&amp;gt;] ? ktime_get_ts64+0x52/0xf0
[  585.729836]  [&amp;lt;ffffffff82d584df&amp;gt;] ? delayacct_end+0x8f/0xb0
[  585.736060]  [&amp;lt;ffffffff82dba834&amp;gt;] oom_kill_process+0x254/0x3d0
[  585.742576]  [&amp;lt;ffffffff82dba2dd&amp;gt;] ? oom_unkillable_task+0xcd/0x120
[  585.749478]  [&amp;lt;ffffffff82dba386&amp;gt;] ? find_lock_task_mm+0x56/0xc0
[  585.756107]  [&amp;lt;ffffffff82dbb076&amp;gt;] out_of_memory+0x4b6/0x4f0
[  585.762335]  [&amp;lt;ffffffff8335e62e&amp;gt;] __alloc_pages_slowpath+0x5d6/0x724
[  585.769458]  [&amp;lt;ffffffff82dc1454&amp;gt;] __alloc_pages_nodemask+0x404/0x420
[  585.776594]  [&amp;lt;ffffffff82e11795&amp;gt;] alloc_pages_vma+0xb5/0x200
[  585.782921]  [&amp;lt;ffffffff82dff9e5&amp;gt;] __read_swap_cache_async+0x115/0x190
[  585.790133]  [&amp;lt;ffffffff82dffa86&amp;gt;] read_swap_cache_async+0x26/0x60
[  585.796946]  [&amp;lt;ffffffff82dffb6c&amp;gt;] swapin_readahead+0xac/0x110
[  585.803365]  [&amp;lt;ffffffff82de9c62&amp;gt;] handle_pte_fault+0x812/0xd10
[  585.809881]  [&amp;lt;ffffffff82ce035c&amp;gt;] ? update_curr+0x14c/0x1e0
[  585.816106]  [&amp;lt;ffffffff82cdccbe&amp;gt;] ? account_entity_dequeue+0xae/0xd0
[  585.823203]  [&amp;lt;ffffffff82ce084c&amp;gt;] ? dequeue_entity+0x11c/0x5e0
[  585.829715]  [&amp;lt;ffffffff82dec27d&amp;gt;] handle_mm_fault+0x39d/0x9b0
[  585.836131]  [&amp;lt;ffffffff82ce112e&amp;gt;] ? dequeue_task_fair+0x41e/0x660
[  585.842928]  [&amp;lt;ffffffff83370603&amp;gt;] __do_page_fault+0x203/0x4f0
[  585.849344]  [&amp;lt;ffffffff83370925&amp;gt;] do_page_fault+0x35/0x90
[  585.855374]  [&amp;lt;ffffffff833680ce&amp;gt;] ? schedule_hrtimeout_range_clock+0xbe/0x150
[  585.863348]  [&amp;lt;ffffffff8336c768&amp;gt;] page_fault+0x28/0x30
[  585.869093]  [&amp;lt;ffffffff82e58e0e&amp;gt;] ? do_sys_poll+0x4fe/0x590
[  585.875320]  [&amp;lt;ffffffff82e58de6&amp;gt;] ? do_sys_poll+0x4d6/0x590
[  585.881546]  [&amp;lt;ffffffff82dd1a5f&amp;gt;] ? shmem_fault+0xdf/0x1f0
[  585.887673]  [&amp;lt;ffffffff82e57530&amp;gt;] ? __pollwait+0xf0/0xf0
[  585.893610]  [&amp;lt;ffffffff82df755c&amp;gt;] ? page_add_file_rmap+0x8c/0xc0
[  585.900311]  [&amp;lt;ffffffff82db6abb&amp;gt;] ? unlock_page+0x2b/0x30
[  585.906341]  [&amp;lt;ffffffff82de4e89&amp;gt;] ? do_read_fault.isra.61+0x139/0x1b0
[  585.913539]  [&amp;lt;ffffffff82de9744&amp;gt;] ? handle_pte_fault+0x2f4/0xd10
[  585.920248]  [&amp;lt;ffffffff82e54492&amp;gt;] ? user_path_at_empty+0x72/0xc0
[  585.926957]  [&amp;lt;ffffffff82e3e82a&amp;gt;] ? __check_object_size+0x1ca/0x250
[  585.933958]  [&amp;lt;ffffffff82f9572d&amp;gt;] ? list_del+0xd/0x30
[  585.939600]  [&amp;lt;ffffffff82cc2a61&amp;gt;] ? remove_wait_queue+0x31/0x40
[  585.946211]  [&amp;lt;ffffffff82e8c22f&amp;gt;] ? inotify_read+0x2ef/0x420
[  585.952532]  [&amp;lt;ffffffff82d01292&amp;gt;] ? ktime_get_ts64+0x52/0xf0
[  585.958854]  [&amp;lt;ffffffff82e59213&amp;gt;] SyS_ppoll+0x1d3/0x1f0
[  585.964688]  [&amp;lt;ffffffff83375d15&amp;gt;] ? system_call_after_swapgs+0xa2/0x146
[  585.972074]  [&amp;lt;ffffffff83375d21&amp;gt;] ? system_call_after_swapgs+0xae/0x146
[  585.979462]  [&amp;lt;ffffffff83375ddb&amp;gt;] system_call_fastpath+0x22/0x27
[  585.986171]  [&amp;lt;ffffffff83375d21&amp;gt;] ? system_call_after_swapgs+0xae/0x146
[  585.993556] Mem-Info:
[  585.996086] active_anon:271 inactive_anon:404 isolated_anon:0
[  585.996086]  active_file:149 inactive_file:0 isolated_file:0
[  585.996086]  unevictable:6763 dirty:0 writeback:0 unstable:0
[  585.996086]  slab_reclaimable:10724 slab_unreclaimable:174704
[  585.996086]  mapped:1588 shmem:22 pagetables:1820 bounce:0
[  585.996086]  free:34101 free_pcp:0 free_cma:0
[  586.032467] Node 0 DMA free:15324kB min:40kB low:48kB high:60kB active_anon:0kB inactive_anon:0kB active_file:0kB inactive_file:0kB unevictable:0kB isolated(anon):0kB isolated(file):0kB present:15920kB managed:15836kB mlocked:0kB dirty:0kB writeback:0kB mapped:0kB shmem:0kB slab_reclaimable:0kB slab_unreclaimable:0kB kernel_stack:0kB pagetables:0kB unstable:0kB bounce:0kB free_pcp:0kB local_pcp:0kB free_cma:0kB writeback_tmp:0kB pages_scanned:0 all_unreclaimable? yes
[  586.078658] lowmem_reserve[]: 0 2754 15791 15791
[  586.083859] Node 0 DMA32 free:59904kB min:7780kB low:9724kB high:11668kB active_anon:824kB inactive_anon:1244kB active_file:0kB inactive_file:0kB unevictable:4076kB isolated(anon):0kB isolated(file):0kB present:3051628kB managed:2820172kB mlocked:4076kB dirty:0kB writeback:0kB mapped:408kB shmem:84kB slab_reclaimable:2692kB slab_unreclaimable:71512kB kernel_stack:1792kB pagetables:764kB unstable:0kB bounce:0kB free_pcp:0kB local_pcp:0kB free_cma:0kB writeback_tmp:0kB pages_scanned:49514 all_unreclaimable? yes
[  586.134218] lowmem_reserve[]: 0 0 13037 13037
[  586.139149] Node 0 Normal free:27284kB min:36828kB low:46032kB high:55240kB active_anon:0kB inactive_anon:4kB active_file:172kB inactive_file:0kB unevictable:21484kB isolated(anon):0kB isolated(file):128kB present:13631488kB managed:13350636kB mlocked:21484kB dirty:0kB writeback:0kB mapped:4456kB shmem:0kB slab_reclaimable:19596kB slab_unreclaimable:342544kB kernel_stack:22144kB pagetables:3948kB unstable:0kB bounce:0kB free_pcp:0kB local_pcp:0kB free_cma:0kB writeback_tmp:0kB pages_scanned:20401 all_unreclaimable? yes
[  586.190481] lowmem_reserve[]: 0 0 0 0
[  586.194625] Node 1 Normal free:34292kB min:45456kB low:56820kB high:68184kB active_anon:0kB inactive_anon:0kB active_file:384kB inactive_file:0kB unevictable:1492kB isolated(anon):0kB isolated(file):0kB present:16777216kB managed:16480320kB mlocked:1492kB dirty:0kB writeback:0kB mapped:1488kB shmem:0kB slab_reclaimable:20608kB slab_unreclaimable:284740kB kernel_stack:15616kB pagetables:2568kB unstable:0kB bounce:0kB free_pcp:0kB local_pcp:0kB free_cma:0kB writeback_tmp:0kB pages_scanned:13718 all_unreclaimable? no
[  586.245470] lowmem_reserve[]: 0 0 0 0
[  586.249615] Node 0 DMA: 1*4kB (U) 1*8kB (U) 1*16kB (U) 0*32kB 1*64kB (U) 1*128kB (U) 1*256kB (U) 1*512kB (U) 0*1024kB 1*2048kB (M) 3*4096kB (M) = 15324kB
[  586.265227] Node 0 DMA32: 696*4kB (UEM) 639*8kB (UEM) 370*16kB (UEM) 269*32kB (UEM) 90*64kB (UEM) 31*128kB (UM) 24*256kB (UM) 15*512kB (UM) 2*1024kB (UM) 2*2048kB (UM) 2*4096kB (U) = 60312kB
[  586.284458] Node 0 Normal: 2214*4kB (UEM) 1463*8kB (UEM) 313*16kB (UM) 12*32kB (M) 0*64kB 0*128kB 0*256kB 0*512kB 0*1024kB 0*2048kB 0*4096kB = 25952kB
[  586.299720] Node 1 Normal: 931*4kB (UEM) 1127*8kB (UEM) 611*16kB (UEM) 100*32kB (UEM) 36*64kB (UM) 8*128kB (UM) 12*256kB (UM) 3*512kB (UM) 0*1024kB 0*2048kB 0*4096kB = 33652kB
[  586.317475] Node 0 hugepages_total=0 hugepages_free=0 hugepages_surp=0 hugepages_size=1048576kB
[  586.327186] Node 0 hugepages_total=0 hugepages_free=0 hugepages_surp=0 hugepages_size=2048kB
[  586.336607] Node 1 hugepages_total=0 hugepages_free=0 hugepages_surp=0 hugepages_size=1048576kB
[  586.346321] Node 1 hugepages_total=0 hugepages_free=0 hugepages_surp=0 hugepages_size=2048kB
[  586.355742] 1829 total pagecache pages
[  586.359930] 0 pages in swap cache
[  586.363631] Swap cache stats: add 16693, delete 16693, find 46/62
[  586.370434] Free swap  = 16183796kB
[  586.374330] Total swap = 16253948kB
[  586.378225] 8369063 pages RAM
[  586.381536] 0 pages HighMem/MovableOnly
[  586.385818] 202322 pages reserved
[  586.389518] [ pid ]   uid  tgid total_vm      rss nr_ptes swapents oom_score_adj name
[  586.398294] [ 7134]     0  7134     9769      222      25       83             0 systemd-journal
[  586.408106] [ 7164]     0  7164    29157      231      27       80             0 lvmetad
[  586.417142] [ 7195]     0  7195    11230      232      24      212         -1000 systemd-udevd
[  586.426759] [ 7206]     0  7206  1572958     3672     133        0         -1000 multipathd
[  586.436129] [23295]     0 23295    15511       88      31      155         -1000 auditd
[  586.445065] [23324]     0 23324     5475      190      16      144             0 irqbalance
[  586.454381] [23325]   999 23325   156119      270      64     1900             0 polkitd
[  586.463418] [23327]    32 23327    18412      164      40      190             0 rpcbind
[  586.472453] [23330]     0 23330    64337      330      79      333             0 sssd
[  586.481198] [23335]    81 23335    17628      274      36      171          -900 dbus-daemon
[  586.490621] [23345]     0 23345    69399      176      48      214             0 gssproxy
[  586.499753] [23373]     0 23373   136908      304      87     1138             0 NetworkManager
[  586.509466] [23374]     0 23374    41019      263      44      207             0 zed
[  586.518113] [23382]     0 23382     1781       30       8       38             0 mcelog
[  586.527053] [23383]   997 23383    29446      248      30      113             0 chronyd
[  586.536089] [23385]     0 23385    32230      209      33      271             0 rpc.gssd
[  586.545220] [23402]     0 23402    98257      333     135      642             0 sssd_be
[  586.554262] [23438]     0 23438    66241      296      85      235             0 sssd_nss
[  586.563394] [23439]     0 23439    61158      288      74      229             0 sssd_pam
[  586.572525] [23440]     0 23440    58985      273      71      213             0 sssd_ssh
[  586.581660] [23441]     0 23441    69110      279      87      318             0 sssd_pac
[  586.590794] [23455]     0 23455     6594      230      19       83             0 systemd-logind
[  586.600507] [23590]     0 23590    26839      264      55      501             0 dhclient
[  586.609639] [24250]     0 24250   143518      314      98     2832             0 tuned
[  586.618480] [24253]     0 24253    54103      275      40      617             0 rsyslogd
[  586.627616] [24254]     0 24254    28189      287      56      258         -1000 sshd
[  586.636358] [24256]   998 24256    24222      182      22      129             0 munged
[  586.645289] [24257]    29 24257    12760      174      28      256             0 rpc.statd
[  586.654517] [24271]     0 24271     6791      150      18       64             0 xinetd
[  586.663459] [24554]     0 24554    22907      175      44      262             0 master
[  586.672399] [24560]    89 24560    25474      215      45      255             0 pickup
[  586.681337] [24561]    89 24561    25491      211      45      256             0 qmgr
[  586.690082] [24590]     0 24590   157973      273      81      424             0 automount
[  586.699311] [24593]     0 24593     6476      168      18       52             0 atd
[  586.707960] [24596]     0 24596    31571      205      20      154             0 crond
[  586.716804] [24653]     0 24653    27523      167      11       32             0 agetty
[  586.725743] [24654]     0 24654    27523      161      12       32             0 agetty
[  586.734851] Out of memory: Kill process 24250 (tuned) score 0 or sacrifice child
&lt;/pre&gt;
&lt;/div&gt;&lt;/div&gt;</description>
                <environment>lustre-master-ib #286</environment>
        <key id="56824">LU-12727</key>
            <summary>OSS OOM during failover</summary>
                <type id="1" iconUrl="https://jira.whamcloud.com/secure/viewavatar?size=xsmall&amp;avatarId=11303&amp;avatarType=issuetype">Bug</type>
                                            <priority id="4" iconUrl="https://jira.whamcloud.com/images/icons/priorities/minor.svg">Minor</priority>
                        <status id="1" iconUrl="https://jira.whamcloud.com/images/icons/statuses/open.png" description="The issue is open and ready for the assignee to start work on it.">Open</status>
                    <statusCategory id="2" key="new" colorName="default"/>
                                    <resolution id="-1">Unresolved</resolution>
                                        <assignee username="wc-triage">WC Triage</assignee>
                                    <reporter username="sarah">Sarah Liu</reporter>
                        <labels>
                            <label>soak</label>
                    </labels>
                <created>Wed, 4 Sep 2019 22:26:16 +0000</created>
                <updated>Thu, 5 Sep 2019 23:12:38 +0000</updated>
                                            <version>Lustre 2.13.0</version>
                                                        <due></due>
                            <votes>0</votes>
                                    <watches>3</watches>
                                                                            <comments>
                            <comment id="254224" author="sarah" created="Thu, 5 Sep 2019 23:12:38 +0000"  >&lt;p&gt;Since MOFED hasn&apos;t released on el7.7, we don&apos;t have ib el7.7 build. will move soak to tip master el7.6&lt;/p&gt;</comment>
                            <comment id="254174" author="pfarrell" created="Thu, 5 Sep 2019 14:32:19 +0000"  >&lt;p&gt;Discussed this with &lt;a href=&quot;https://jira.whamcloud.com/secure/ViewProfile.jspa?name=jamesanunez&quot; class=&quot;user-hover&quot; rel=&quot;jamesanunez&quot;&gt;jamesanunez&lt;/a&gt;&#160;&amp;amp;&#160;&lt;a href=&quot;https://jira.whamcloud.com/secure/ViewProfile.jspa?name=green&quot; class=&quot;user-hover&quot; rel=&quot;green&quot;&gt;green&lt;/a&gt; on the triage call today.&#160; This is a bit of a weird failure - It&apos;s trying to allocate a single page (order 0) and there&apos;s a &lt;b&gt;lot&lt;/b&gt; of free memory, seemingly in every node &amp;amp; zone, per the info dumped.&#160; The GFP flags (gfp_mask=0x200da)&#160; look relatively permissive - If I unpacked them correctly, they are (___&lt;em&gt;GFP&lt;/em&gt;):&lt;br/&gt;
memalloc&lt;br/&gt;
highmem&lt;br/&gt;
movable&lt;br/&gt;
wait&lt;br/&gt;
high&lt;br/&gt;
FS&lt;/p&gt;

&lt;p&gt;Which I think should be easy to satisfy?&lt;/p&gt;

&lt;p&gt;Oleg and I don&apos;t see any clear link from this to Lustre, so we&apos;re just going to recommend upgrading SOAK to 7.7 and going ahead with testing, to see if this happens again.&lt;/p&gt;</comment>
                    </comments>
                    <attachments>
                            <attachment id="33452" name="soak-4.log-20190901.gz" size="596514" author="sarah" created="Wed, 4 Sep 2019 22:35:59 +0000"/>
                    </attachments>
                <subtasks>
                    </subtasks>
                <customfields>
                                                                                                                                                                                            <customfield id="customfield_10890" key="com.atlassian.jira.plugins.jira-development-integration-plugin:devsummary">
                        <customfieldname>Development</customfieldname>
                        <customfieldvalues>
                            
                        </customfieldvalues>
                    </customfield>
                                                                                                                                                                                                                                                                                                                                                        <customfield id="customfield_10390" key="com.pyxis.greenhopper.jira:gh-lexo-rank">
                        <customfieldname>Rank</customfieldname>
                        <customfieldvalues>
                            <customfieldvalue>1|i00m87:</customfieldvalue>

                        </customfieldvalues>
                    </customfield>
                                                                <customfield id="customfield_10090" key="com.pyxis.greenhopper.jira:gh-global-rank">
                        <customfieldname>Rank (Obsolete)</customfieldname>
                        <customfieldvalues>
                            <customfieldvalue>9223372036854775807</customfieldvalue>
                        </customfieldvalues>
                    </customfield>
                                                                                            <customfield id="customfield_10060" key="com.atlassian.jira.plugin.system.customfieldtypes:select">
                        <customfieldname>Severity</customfieldname>
                        <customfieldvalues>
                                <customfieldvalue key="10022"><![CDATA[3]]></customfieldvalue>

                        </customfieldvalues>
                    </customfield>
                                                                                                                                                                                                                                                                                                                                                        </customfields>
    </item>
</channel>
</rss>