<!-- 
RSS generated by JIRA (9.4.29#940029-sha1:4daa0635650e368c1b281e719d2298e7d3994659) at Wed Mar 04 20:10:59 UTC 2026

It is possible to restrict the fields that are returned in this document by specifying the 'field' parameter in your request.
For example, to request only the issue key and summary append 'field=key&field=summary' to the URL of your request.
-->
<rss version="0.92" >
<channel>
    <title>Whamcloud Community JIRA</title>
    <link>https://jira.whamcloud.com</link>
    <description>This file is an XML representation of an issue</description>
    <language>en-us</language>    <build-info>
        <version>9.4.29</version>
        <build-number>940029</build-number>
        <build-date>03-12-2024</build-date>
    </build-info>


<item>
            <title>[LU-12864] sanity-benchmark test_iozone crashes with OOM on clients</title>
                <link>https://jira.whamcloud.com/browse/LU-12864</link>
                <project id="10000" key="LU">Lustre</project>
                    <description>&lt;p&gt;sanity-benchmark test_iozone crashes with OOM. This crash has been seen in ARM and x86_64 client testing a total of eight times. The first occurrence was 30 JULY 2019 for Lustre 2.12.2.101 and 09 AUG 2019 for Lustre 2.12.56.87.&lt;/p&gt;


&lt;p&gt;Looking at the kernel crash for &lt;a href=&quot;https://testing.whamcloud.com/test_sets/93a9c704-eb70-11e9-b62b-52540065bddc&quot; class=&quot;external-link&quot; target=&quot;_blank&quot; rel=&quot;nofollow noopener&quot;&gt;https://testing.whamcloud.com/test_sets/93a9c704-eb70-11e9-b62b-52540065bddc&lt;/a&gt;, we see ext4_filemap_fault in the call stack which seems unique to other OOM crashes we&#8217;ve seen&lt;/p&gt;
&lt;div class=&quot;preformatted panel&quot; style=&quot;border-width: 1px;&quot;&gt;&lt;div class=&quot;preformattedContent panelContent&quot;&gt;
&lt;pre&gt;[23529.881894] Lustre: DEBUG MARKER: == sanity-benchmark test iozone: iozone ============================================================== 22:48:27 (1570574907)
[23532.537981] Lustre: DEBUG MARKER: /usr/sbin/lctl mark min OST has 1785584kB available, using 3074176kB file size
[23533.130811] Lustre: DEBUG MARKER: min OST has 1785584kB available, using 3074176kB file size
[23702.824787] in:imjournal invoked oom-killer: gfp_mask=0x14201ca(GFP_HIGHUSER_MOVABLE|__GFP_COLD), nodemask=(null),  order=0, oom_score_adj=0
[23702.841803] in:imjournal cpuset=/ mems_allowed=0
[23702.844436] CPU: 0 PID: 937 Comm: in:imjournal Kdump: loaded Tainted: G           OE  ------------   4.14.0-115.2.2.el7a.aarch64 #1
[23702.851192] Hardware name: QEMU KVM Virtual Machine, BIOS 0.0.0 02/06/2015
[23702.855331] Call trace:
[23702.856924] [&amp;lt;ffff000008089e14&amp;gt;] dump_backtrace+0x0/0x23c
[23702.860189] [&amp;lt;ffff00000808a074&amp;gt;] show_stack+0x24/0x2c
[23702.863232] [&amp;lt;ffff000008855c28&amp;gt;] dump_stack+0x84/0xa8
[23702.866282] [&amp;lt;ffff000008211fc0&amp;gt;] dump_header+0x94/0x1ec
[23702.869476] [&amp;lt;ffff000008211e4c&amp;gt;] out_of_memory+0x430/0x484
[23702.872747] [&amp;lt;ffff0000082179c4&amp;gt;] __alloc_pages_nodemask+0xa78/0xec0
[23702.876522] [&amp;lt;ffff00000827a89c&amp;gt;] alloc_pages_current+0x8c/0xd8
[23702.880039] [&amp;lt;ffff000008209eb8&amp;gt;] __page_cache_alloc+0x9c/0xd8
[23702.883499] [&amp;lt;ffff00000820dc40&amp;gt;] filemap_fault+0x340/0x550
[23702.887580] [&amp;lt;ffff000001405608&amp;gt;] ext4_filemap_fault+0x38/0x54 [ext4]
[23702.891420] [&amp;lt;ffff00000824b364&amp;gt;] __do_fault+0x30/0xf4
[23702.894459] [&amp;lt;ffff000008250130&amp;gt;] do_fault+0x3ec/0x4b8
[23702.897517] [&amp;lt;ffff00000825178c&amp;gt;] __handle_mm_fault+0x3f4/0x560
[23702.900998] [&amp;lt;ffff0000082519d8&amp;gt;] handle_mm_fault+0xe0/0x178
[23702.904324] [&amp;lt;ffff000008872dc4&amp;gt;] do_page_fault+0x1c4/0x3cc
[23702.907608] [&amp;lt;ffff00000887301c&amp;gt;] do_translation_fault+0x50/0x5c
[23702.911152] [&amp;lt;ffff0000080813e8&amp;gt;] do_mem_abort+0x64/0xe4
[23702.914390] [&amp;lt;ffff000008081568&amp;gt;] do_el0_ia_bp_hardening+0x94/0xb4
[23702.918206] Exception stack(0xffff00000be2fec0 to 0xffff00000be30000)
[23702.922205] fec0: 0000000000000000 0000000000000000 0000000000000000 0000ffff9768e6a0
[23702.927072] fee0: 0000000000000002 0000000000000000 00000000ffffffbb 0000000000000000
[23702.931975] ff00: 0000000000000049 003b9aca00000000 0000000000005c93 0000000028da3176
[23702.936883] ff20: 0000000000000018 000000005d9d12e6 001d34ce80000000 0000a26c46000000
[23702.941748] ff40: 0000ffff987ffae0 0000ffff98974ef0 0000000000000012 0000ffff987ff000
[23702.946622] ff60: 00000000000dbba0 0000ffff987ff000 0000ffff900be4d0 0000ffff98830000
[23702.951483] ff80: 000000000000b712 0000ffff900acef0 0000ffff9768e8a0 0000ffff98830000
[23702.956372] ffa0: 0000000000000000 0000ffff9768e700 0000ffff987ca4e0 0000ffff9768e700
[23702.961255] ffc0: 0000ffff987ca4e0 0000000080000000 0000ffff9768e720 00000000ffffffff
[23702.966136] ffe0: 0000000000000000 0000000000000000 0000000000000000 0000000000000000
[23702.971019] [&amp;lt;ffff0000080832a4&amp;gt;] el0_ia+0x1c/0x20
[23702.974052] Mem-Info:
[23702.975375] active_anon:0 inactive_anon:0 isolated_anon:0
 active_file:3693 inactive_file:15860 isolated_file:64
 unevictable:0 dirty:256 writeback:3416 unstable:0
 slab_reclaimable:351 slab_unreclaimable:1716
 mapped:4 shmem:0 pagetables:145 bounce:0
 free:1170 free_pcp:4 free_cma:0
[23702.994215] Node 0 active_anon:0kB inactive_anon:0kB active_file:236352kB inactive_file:1014336kB unevictable:0kB isolated(anon):0kB isolated(file):4096kB mapped:256kB dirty:16384kB writeback:218624kB shmem:0kB shmem_thp: 0kB shmem_pmdmapped: 0kB anon_thp: 0kB writeback_tmp:0kB unstable:0kB all_unreclaimable? yes
[23703.010485] Node 0 DMA free:74880kB min:75328kB low:94144kB high:112960kB active_anon:0kB inactive_anon:0kB active_file:236352kB inactive_file:1012992kB unevictable:0kB writepending:235008kB present:2097152kB managed:1537088kB mlocked:0kB kernel_stack:10624kB pagetables:9280kB bounce:0kB free_pcp:256kB local_pcp:128kB free_cma:0kB
[23703.028015] lowmem_reserve[]: 0 0 0
[23703.030000] Node 0 DMA: 92*64kB (U) 5*128kB (U) 1*256kB (U) 3*512kB (U) 1*1024kB (U) 0*2048kB 0*4096kB 2*8192kB (U) 1*16384kB (U) 1*32768kB (U) 0*65536kB 0*131072kB 0*262144kB 0*524288kB = 74880kB
[23703.040433] Node 0 hugepages_total=0 hugepages_free=0 hugepages_surp=0 hugepages_size=2048kB
[23703.045443] Node 0 hugepages_total=0 hugepages_free=0 hugepages_surp=0 hugepages_size=524288kB
[23703.050373] 3700 total pagecache pages
[23703.052649] 0 pages in swap cache
[23703.054534] Swap cache stats: add 4640, delete 4640, find 319/523
[23703.057997] Free swap  = 1826560kB
[23703.059928] Total swap = 2098112kB
[23703.061952] 32768 pages RAM
[23703.063537] 0 pages HighMem/MovableOnly
[23703.065741] 8751 pages reserved
[23703.067542] 0 pages hwpoisoned
[23703.069277] [ pid ]   uid  tgid total_vm      rss nr_ptes nr_pmds swapents oom_score_adj name
[23703.074369] [  417]     0   417      237        0       3       2       39             0 systemd-journal
[23703.079784] [  439]     0   439     1282        0       4       2       43             0 lvmetad
[23703.085004] [  453]     0   453      243        2       4       2       41         -1000 systemd-udevd
[23703.090284] [  541]     0   541      267        0       4       2       48         -1000 auditd
[23703.095514] [  588]    81   588      160        2       3       2       59          -900 dbus-daemon
[23703.100750] [  589]    32   589      185        0       4       2       75             0 rpcbind
[23703.105767] [  592]     0   592     2458        0       4       2       55             0 gssproxy
[23703.110859] [  600]     0   600     6767        0       5       2      172             0 NetworkManager
[23703.116188] [  601]   999   601     8492        0       6       3      145             0 polkitd
[23703.121264] [  602]     0   602       88        0       3       2       31             0 systemd-logind
[23703.126603] [  603]     0   603       92        2       3       2       24             0 irqbalance
[23703.131843] [  610]    38   610      160        2       4       2       47             0 ntpd
[23703.136684] [  683]     0   683      359        2       3       2      113             0 dhclient
[23703.141833] [  917]     0   917      323        2       4       2      104         -1000 sshd
[23703.146688] [  921]     0   921     6888        1       5       2      318             0 tuned
[23703.151673] [  923]     0   923       91        2       3       2       29             0 xinetd
[23703.156625] [  924]     0   924     3762        1       4       2       99             0 rsyslogd
[23703.161769] [  930]   997   930     3200        0       3       2       51             0 munged
[23703.166723] [  938]    29   938      130        2       3       2       51             0 rpc.statd
[23703.171907] [  980]     0   980     9711        0       5       2      156             0 automount
[23703.177064] [  986]     0   986     1756        0       4       2       39             0 crond
[23703.182076] [  988]     0   988       78        0       4       2       29             0 atd
[23703.186875] [ 1003]     0  1003     1718        2       3       2       10             0 agetty
[23703.191913] [ 1005]     0  1005     1718        2       3       2       10             0 agetty
[23703.196881] [ 1521]     0  1521      344        0       4       2       85             0 master
[23703.201935] [ 1565]    89  1565      347        2       4       2       81             0 qmgr
[23703.206802] [ 9394]     0  9394      392        0       4       2      149             0 sshd
[23703.211760] [ 9396]     0  9396     1739        0       3       2       14             0 run_test.sh
[23703.216936] [ 9702]     0  9702     1788        2       3       2       63             0 bash
[23703.221846] [22149]    89 22149      346        0       4       2       81             0 pickup
[23703.226825] [26394]     0 26394     1788        1       3       2       63             0 bash
[23703.231749] [26395]     0 26395     1715        1       4       2        8             0 tee
[23703.236525] [26592]     0 26592     1785        2       3       2       61             0 bash
[23703.241464] [31996]     0 31996     1788        1       3       2       63             0 bash
[23703.246327] [31997]     0 31997     1715        1       4       2        9             0 tee
[23703.251181] [32459]   500 32459      685        0       4       2      284             0 iozone
[23703.256109] [32460]     0 32460     1715        1       4       2        8             0 tee
[23703.260934] Kernel panic - not syncing: Out of memory: system-wide panic_on_oom is enabled

[23703.266467] CPU: 0 PID: 937 Comm: in:imjournal Kdump: loaded Tainted: G           OE  ------------   4.14.0-115.2.2.el7a.aarch64 #1
[23703.273347] Hardware name: QEMU KVM Virtual Machine, BIOS 0.0.0 02/06/2015
[23703.277474] Call trace:
[23703.278946] [&amp;lt;ffff000008089e14&amp;gt;] dump_backtrace+0x0/0x23c
[23703.282220] [&amp;lt;ffff00000808a074&amp;gt;] show_stack+0x24/0x2c
[23703.285224] [&amp;lt;ffff000008855c28&amp;gt;] dump_stack+0x84/0xa8
[23703.288434] [&amp;lt;ffff0000080d4e5c&amp;gt;] panic+0x138/0x2a0
[23703.291316] [&amp;lt;ffff000008211e70&amp;gt;] out_of_memory+0x454/0x484
[23703.294619] [&amp;lt;ffff0000082179c4&amp;gt;] __alloc_pages_nodemask+0xa78/0xec0
[23703.298371] [&amp;lt;ffff00000827a89c&amp;gt;] alloc_pages_current+0x8c/0xd8
[23703.301874] [&amp;lt;ffff000008209eb8&amp;gt;] __page_cache_alloc+0x9c/0xd8
[23703.305324] [&amp;lt;ffff00000820dc40&amp;gt;] filemap_fault+0x340/0x550
[23703.308897] [&amp;lt;ffff000001405608&amp;gt;] ext4_filemap_fault+0x38/0x54 [ext4]
[23703.312710] [&amp;lt;ffff00000824b364&amp;gt;] __do_fault+0x30/0xf4
[23703.315715] [&amp;lt;ffff000008250130&amp;gt;] do_fault+0x3ec/0x4b8
[23703.318783] [&amp;lt;ffff00000825178c&amp;gt;] __handle_mm_fault+0x3f4/0x560
[23703.322271] [&amp;lt;ffff0000082519d8&amp;gt;] handle_mm_fault+0xe0/0x178
[23703.325625] [&amp;lt;ffff000008872dc4&amp;gt;] do_page_fault+0x1c4/0x3cc
[23703.328906] [&amp;lt;ffff00000887301c&amp;gt;] do_translation_fault+0x50/0x5c
[23703.332421] [&amp;lt;ffff0000080813e8&amp;gt;] do_mem_abort+0x64/0xe4
[23703.335530] [&amp;lt;ffff000008081568&amp;gt;] do_el0_ia_bp_hardening+0x94/0xb4
[23703.339191] Exception stack(0xffff00000be2fec0 to 0xffff00000be30000)
[23703.343081] fec0: 0000000000000000 0000000000000000 0000000000000000 0000ffff9768e6a0
[23703.347762] fee0: 0000000000000002 0000000000000000 00000000ffffffbb 0000000000000000
[23703.352444] ff00: 0000000000000049 003b9aca00000000 0000000000005c93 0000000028da3176
[23703.357175] ff20: 0000000000000018 000000005d9d12e6 001d34ce80000000 0000a26c46000000
[23703.361853] ff40: 0000ffff987ffae0 0000ffff98974ef0 0000000000000012 0000ffff987ff000
[23703.366551] ff60: 00000000000dbba0 0000ffff987ff000 0000ffff900be4d0 0000ffff98830000
[23703.371220] ff80: 000000000000b712 0000ffff900acef0 0000ffff9768e8a0 0000ffff98830000
[23703.375942] ffa0: 0000000000000000 0000ffff9768e700 0000ffff987ca4e0 0000ffff9768e700
[23703.380639] ffc0: 0000ffff987ca4e0 0000000080000000 0000ffff9768e720 00000000ffffffff
[23703.385333] ffe0: 0000000000000000 0000000000000000 0000000000000000 0000000000000000
[23703.390039] [&amp;lt;ffff0000080832a4&amp;gt;] el0_ia+0x1c/0x20
[23703.392919] SMP: stopping secondary CPUs
[23703.398529] Starting crashdump kernel...
[23703.400804] Bye!
&lt;/pre&gt;
&lt;/div&gt;&lt;/div&gt;

&lt;p&gt;Logs for other crashes are at&lt;br/&gt;
&lt;a href=&quot;https://testing.whamcloud.com/test_sets/a2546caa-d315-11e9-9fc9-52540065bddc&quot; class=&quot;external-link&quot; target=&quot;_blank&quot; rel=&quot;nofollow noopener&quot;&gt;https://testing.whamcloud.com/test_sets/a2546caa-d315-11e9-9fc9-52540065bddc&lt;/a&gt;&lt;br/&gt;
&lt;a href=&quot;https://testing.whamcloud.com/test_sets/6bc5196c-bb4d-11e9-a25b-52540065bddc&quot; class=&quot;external-link&quot; target=&quot;_blank&quot; rel=&quot;nofollow noopener&quot;&gt;https://testing.whamcloud.com/test_sets/6bc5196c-bb4d-11e9-a25b-52540065bddc&lt;/a&gt;&lt;br/&gt;
&lt;a href=&quot;https://testing.whamcloud.com/test_sets/d4d9a03c-c046-11e9-97d5-52540065bddc&quot; class=&quot;external-link&quot; target=&quot;_blank&quot; rel=&quot;nofollow noopener&quot;&gt;https://testing.whamcloud.com/test_sets/d4d9a03c-c046-11e9-97d5-52540065bddc&lt;/a&gt;&lt;br/&gt;
&lt;a href=&quot;https://testing.whamcloud.com/test_sets/eecba4da-e577-11e9-a197-52540065bddc&quot; class=&quot;external-link&quot; target=&quot;_blank&quot; rel=&quot;nofollow noopener&quot;&gt;https://testing.whamcloud.com/test_sets/eecba4da-e577-11e9-a197-52540065bddc&lt;/a&gt;&lt;/p&gt;</description>
                <environment></environment>
        <key id="57160">LU-12864</key>
            <summary>sanity-benchmark test_iozone crashes with OOM on clients</summary>
                <type id="1" iconUrl="https://jira.whamcloud.com/secure/viewavatar?size=xsmall&amp;avatarId=11303&amp;avatarType=issuetype">Bug</type>
                                            <priority id="3" iconUrl="https://jira.whamcloud.com/images/icons/priorities/major.svg">Major</priority>
                        <status id="1" iconUrl="https://jira.whamcloud.com/images/icons/statuses/open.png" description="The issue is open and ready for the assignee to start work on it.">Open</status>
                    <statusCategory id="2" key="new" colorName="default"/>
                                    <resolution id="-1">Unresolved</resolution>
                                        <assignee username="bobijam">Zhenyu Xu</assignee>
                                    <reporter username="jamesanunez">James Nunez</reporter>
                        <labels>
                    </labels>
                <created>Tue, 15 Oct 2019 16:27:29 +0000</created>
                <updated>Tue, 10 Feb 2026 00:27:26 +0000</updated>
                                            <version>Lustre 2.13.0</version>
                    <version>Lustre 2.12.3</version>
                    <version>Lustre 2.14.0</version>
                    <version>Lustre 2.12.4</version>
                    <version>Lustre 2.12.6</version>
                    <version>Lustre 2.12.8</version>
                    <version>Lustre 2.16.0</version>
                    <version>Lustre 2.15.7</version>
                                                        <due></due>
                            <votes>0</votes>
                                    <watches>14</watches>
                                                                            <comments>
                            <comment id="483087" author="arshad512" created="Thu, 8 Jan 2026 14:04:00 +0000"  >&lt;p&gt;+1 on Master &lt;a href=&quot;https://testing.whamcloud.com/test_sessions/4fdc4140-5648-44c8-8724-2ca859d00a3f&quot; class=&quot;external-link&quot; target=&quot;_blank&quot; rel=&quot;nofollow noopener&quot;&gt;https://testing.whamcloud.com/test_sessions/4fdc4140-5648-44c8-8724-2ca859d00a3f&lt;/a&gt;&lt;/p&gt;

&lt;p&gt;Client: aarch64/Rocky 9.5/Lustre Version 2.17.50.29/5.14.0-503.40.1.el9_5.aarch64+64k&lt;br/&gt;
Server: x86_64/RHEL 8.10/Lustre Version 2.17.50.29/4.18.0-553.89.1.el8_lustre.x86_64&lt;/p&gt;

&lt;p&gt;&#160;&lt;/p&gt;
&lt;div class=&quot;preformatted panel&quot; style=&quot;border-width: 1px;&quot;&gt;&lt;div class=&quot;preformattedContent panelContent&quot;&gt;
&lt;pre&gt;[12578.364419] Lustre: DEBUG MARKER: /usr/sbin/lctl mark == sanity test 428: large block size IO should not hang == 08:42:13 \(1767861733\)
[12578.522094] Lustre: DEBUG MARKER: == sanity test 428: large block size IO should not hang == 08:42:13 (1767861733)
[12580.222959] obd_memory max: 104426287, obd_memory current: 8371195
[12580.223420] systemd-journal invoked oom-killer: gfp_mask=0x140cca(GFP_HIGHUSER_MOVABLE|__GFP_COMP), order=0, oom_score_adj=-250
[12580.224132] CPU: 0 PID: 424 Comm: systemd-journal Kdump: loaded Tainted: G &#160; &#160; &#160; &#160; &#160; OE &#160; &#160; ------- &#160;--- &#160;5.14.0-503.40.1.el9_5.aarch64+64k #1
[12580.224885] Hardware name: QEMU KVM Virtual Machine, BIOS 0.0.0 02/06/2015
[12580.225291] Call trace:
[12580.225442] &#160;dump_backtrace+0xa8/0x120
[12580.225671] &#160;show_stack+0x1c/0x30
[12580.225871] &#160;dump_stack_lvl+0x74/0x8c
[12580.226096] &#160;dump_stack+0x14/0x24
[12580.226295] &#160;dump_header+0x4c/0x210
[12580.226509] &#160;out_of_memory+0x254/0x350
[12580.226735] &#160;__alloc_pages_may_oom+0x118/0x1bc
[12580.227004] &#160;__alloc_pages_slowpath.constprop.0+0x50c/0x94c
[12580.227334] &#160;__alloc_pages+0x234/0x290
[12580.227560] &#160;__folio_alloc+0x20/0x54
[12580.227775] &#160;vma_alloc_folio+0xbc/0x350
[12580.228005] &#160;__read_swap_cache_async+0x158/0x2c0
[12580.228281] &#160;swap_cluster_readahead+0x148/0x39c
[12580.228553] &#160;swapin_readahead+0x48/0xc0
[12580.228782] &#160;do_swap_page+0x3a4/0xa7c
[12580.229007] &#160;handle_pte_fault+0x118/0x150
[12580.229246] &#160;__handle_mm_fault+0x110/0x320
[12580.229494] &#160;handle_mm_fault+0xe0/0x320
[12580.229724] &#160;do_page_fault+0x1ec/0x4a0
[12580.229959] &#160;do_translation_fault+0x38/0x60
[12580.230221] &#160;do_mem_abort+0x48/0x94
[12580.230441] &#160;el1_abort+0x38/0x90
[12580.230644] &#160;el1h_64_sync_handler+0xc0/0xd0
[12580.230906] &#160;el1h_64_sync+0x78/0x7c
[12580.231125] &#160;rseq_get_rseq_cs.isra.0+0x54/0x210
[12580.231408] &#160;__rseq_handle_notify_resume+0x60/0x2d0
[12580.231711] &#160;do_notify_resume+0x14c/0x21c
[12580.231962] &#160;el0_svc+0x1f0/0x200
[12580.232165] &#160;el0t_64_sync_handler+0x134/0x150
[12580.232436] &#160;el0t_64_sync+0x17c/0x180
[12580.232684] Mem-Info:
[12580.232828] active_anon:3189 inactive_anon:3687 isolated_anon:0
[12580.232828] &#160;active_file:28971 inactive_file:12656 isolated_file:0
[12580.232828] &#160;unevictable:0 dirty:0 writeback:0
[12580.232828] &#160;slab_reclaimable:425 slab_unreclaimable:1543
[12580.232828] &#160;mapped:1 shmem:0 pagetables:277
[12580.232828] &#160;sec_pagetables:0 bounce:0
[12580.232828] &#160;kernel_misc_reclaimable:0
[12580.232828] &#160;free:2686 free_pcp:0 free_cma:0
[12580.235040] Node 0 active_anon:63040kB inactive_anon:377024kB active_file:956608kB inactive_file:1712320kB unevictable:0kB isolated(anon):0kB isolated(file):0kB mapped:64kB dirty:0kB writeback:0kB shmem:0kB shmem_thp: 0kB shmem_pmdmapped: 0kB anon_thp: 0kB writeback_tmp:0kB kernel_stack:11200kB pagetables:17728kB sec_pagetables:0kB all_unreclaimable? no
[12580.236866] Node 0 DMA free:126912kB boost:0kB min:131904kB low:164864kB high:197824kB reserved_highatomic:0KB active_anon:34368kB inactive_anon:167296kB active_file:1284480kB inactive_file:976704kB unevictable:0kB writepending:0kB present:3145728kB managed:2650112kB mlocked:0kB bounce:0kB free_pcp:0kB local_pcp:0kB free_cma:0kB
[12580.238562] lowmem_reserve[]: 0 0 55 55 55
[12580.238811] Node 0 Normal free:44992kB boost:0kB min:45568kB low:56960kB high:68352kB reserved_highatomic:0KB active_anon:115072kB inactive_anon:123328kB active_file:241664kB inactive_file:164480kB unevictable:0kB writepending:0kB present:1048576kB managed:951808kB mlocked:0kB bounce:0kB free_pcp:0kB local_pcp:0kB free_cma:0kB
[12580.240541] lowmem_reserve[]: 0 0 0 0 0
[12580.240773] Node 0 DMA: 130*64kB (M) 25*128kB (M) 176*256kB (UM) 97*512kB (U) 25*1024kB (UM) 3*2048kB (UM) 0*4096kB 0*8192kB 0*16384kB 0*32768kB 0*65536kB 0*131072kB 0*262144kB 0*524288kB = 137984kB
[12580.241821] Node 0 Normal: 66*64kB (UM) 47*128kB (UM) 4*256kB (UM) 47*512kB (U) 14*1024kB (U) 2*2048kB (U) 0*4096kB 0*8192kB 0*16384kB 0*32768kB 0*65536kB 0*131072kB 0*262144kB 0*524288kB = 53760kB
[12580.242863] Node 0 hugepages_total=0 hugepages_free=0 hugepages_surp=0 hugepages_size=16777216kB
[12580.243379] Node 0 hugepages_total=0 hugepages_free=0 hugepages_surp=0 hugepages_size=524288kB
[12580.243890] Node 0 hugepages_total=0 hugepages_free=0 hugepages_surp=0 hugepages_size=2048kB
[12580.244386] 7095 total pagecache pages
[12580.244614] 7095 pages in swap cache
[12580.244826] Free swap &#160;= 1867456kB
[12580.245032] Total swap = 2621376kB
[12580.245235] 65536 pages RAM
[12580.245402] 0 pages HighMem/MovableOnly
[12580.245634] 9256 pages reserved
[12580.245821] 0 pages cma reserved
[12580.246013] 0 pages hwpoisoned
[12580.246196] Tasks state (memory values in pages):
[12580.246474] [ &#160;pid &#160;] &#160; uid &#160;tgid total_vm &#160; &#160; &#160;rss pgtables_bytes swapents oom_score_adj name
[12580.246991] [ &#160; &#160;424] &#160; &#160; 0 &#160; 424 &#160; &#160; &#160;720 &#160; &#160; &#160; 32 &#160; 393216 &#160; &#160; &#160; 64 &#160; &#160; &#160; &#160; &#160;-250 systemd-journal
[12580.247528] [ &#160; &#160;438] &#160; &#160; 0 &#160; 438 &#160; &#160; &#160;569 &#160; &#160; &#160; 32 &#160; 393216 &#160; &#160; &#160; 96 &#160; &#160; &#160; &#160; -1000 systemd-udevd
[12580.248053] [ &#160; &#160;489] &#160; &#160;32 &#160; 489 &#160; &#160; &#160;240 &#160; &#160; &#160; 64 &#160; 327680 &#160; &#160; &#160; 32 &#160; &#160; &#160; &#160; &#160; &#160; 0 rpcbind
[12580.248550] [ &#160; &#160;491] &#160; &#160; 0 &#160; 491 &#160; &#160; &#160;316 &#160; &#160; &#160; 32 &#160; 327680 &#160; &#160; &#160; 32 &#160; &#160; &#160; &#160; -1000 auditd
[12580.249049] [ &#160; &#160;523] &#160; &#160;81 &#160; 523 &#160; &#160; &#160;187 &#160; &#160; &#160; 32 &#160; 393216 &#160; &#160; &#160; 32 &#160; &#160; &#160; &#160; &#160;-900 dbus-broker-lau
[12580.249583] [ &#160; &#160;524] &#160; &#160;81 &#160; 524 &#160; &#160; &#160; 92 &#160; &#160; &#160; 32 &#160; 393216 &#160; &#160; &#160; 32 &#160; &#160; &#160; &#160; &#160;-900 dbus-broker
[12580.250112] [ &#160; &#160;525] &#160; &#160; 0 &#160; 525 &#160; &#160; 4151 &#160; &#160; &#160; 32 &#160; 458752 &#160; &#160; &#160;160 &#160; &#160; &#160; &#160; &#160; &#160; 0 NetworkManager
[12580.250647] [ &#160; &#160;526] &#160; &#160;70 &#160; 526 &#160; &#160; &#160;281 &#160; &#160; &#160; 32 &#160; 393216 &#160; &#160; &#160; 64 &#160; &#160; &#160; &#160; &#160; &#160; 0 avahi-daemon
[12580.251165] [ &#160; &#160;529] &#160; &#160; 0 &#160; 529 &#160; &#160; 1361 &#160; &#160; &#160; &#160;0 &#160; 393216 &#160; &#160; &#160; 32 &#160; &#160; &#160; &#160; &#160; &#160; 0 irqbalance
[12580.251671] [ &#160; &#160;530] &#160; &#160; 0 &#160; 530 &#160; &#160; &#160;471 &#160; &#160; &#160; 64 &#160; 327680 &#160; &#160; &#160; 32 &#160; &#160; &#160; &#160; &#160; &#160; 0 systemd-logind
[12580.252201] [ &#160; &#160;531] &#160; &#160;70 &#160; 531 &#160; &#160; &#160;278 &#160; &#160; &#160; &#160;0 &#160; 393216 &#160; &#160; &#160; 32 &#160; &#160; &#160; &#160; &#160; &#160; 0 avahi-daemon
[12580.252723] [ &#160; &#160;535] &#160; 992 &#160; 535 &#160; &#160; 1346 &#160; &#160; &#160; 32 &#160; 327680 &#160; &#160; &#160; 32 &#160; &#160; &#160; &#160; &#160; &#160; 0 chronyd
[12580.253226] [ &#160; &#160;553] &#160; &#160; 0 &#160; 553 &#160; &#160; &#160;285 &#160; &#160; &#160; 32 &#160; 393216 &#160; &#160; &#160; 32 &#160; &#160; &#160; &#160; -1000 sshd
[12580.253704] [ &#160; &#160;555] &#160; 991 &#160; 555 &#160; &#160; 3303 &#160; &#160; &#160; 32 &#160; 393216 &#160; &#160; &#160; 64 &#160; &#160; &#160; &#160; &#160; &#160; 0 munged
[12580.254192] [ &#160; &#160;558] &#160; &#160; 0 &#160; 558 &#160; &#160; &#160;916 &#160; &#160; &#160; 32 &#160; 393216 &#160; &#160; &#160; 64 &#160; &#160; &#160; &#160; &#160; &#160; 0 gssproxy
[12580.254697] [ &#160; &#160;586] &#160; &#160; 0 &#160; 586 &#160; &#160; 2734 &#160; &#160; &#160; 32 &#160; 393216 &#160; &#160; &#160; 96 &#160; &#160; &#160; &#160; &#160; &#160; 0 rsyslogd
[12580.255199] [ &#160; &#160;589] &#160; &#160;29 &#160; 589 &#160; &#160; &#160;181 &#160; &#160; &#160; 32 &#160; 393216 &#160; &#160; &#160; 32 &#160; &#160; &#160; &#160; &#160; &#160; 0 rpc.statd
[12580.255700] [ &#160; &#160;624] &#160; &#160; 0 &#160; 624 &#160; &#160; 5368 &#160; &#160; &#160; 32 &#160; 393216 &#160; &#160; &#160; 96 &#160; &#160; &#160; &#160; &#160; &#160; 0 automount
[12580.256203] [ &#160; &#160;627] &#160; &#160; 0 &#160; 627 &#160; &#160; &#160; 88 &#160; &#160; &#160; 32 &#160; 327680 &#160; &#160; &#160; &#160;0 &#160; &#160; &#160; &#160; &#160; &#160; 0 atd
[12580.256674] [ &#160; &#160;628] &#160; &#160; 0 &#160; 628 &#160; &#160; &#160; 51 &#160; &#160; &#160; &#160;0 &#160; 393216 &#160; &#160; &#160; &#160;0 &#160; &#160; &#160; &#160; &#160; &#160; 0 agetty
[12580.257161] [ &#160; &#160;629] &#160; &#160; 0 &#160; 629 &#160; &#160; &#160;101 &#160; &#160; &#160; 32 &#160; 327680 &#160; &#160; &#160; &#160;0 &#160; &#160; &#160; &#160; &#160; &#160; 0 agetty
[12580.257646] [ &#160; &#160;673] &#160; &#160; 0 &#160; 673 &#160; &#160; &#160;159 &#160; &#160; &#160; &#160;0 &#160; 393216 &#160; &#160; &#160; 32 &#160; &#160; &#160; &#160; &#160; &#160; 0 crond
[12580.258130] [ &#160; &#160;878] &#160; &#160; 0 &#160; 878 &#160; &#160; &#160;389 &#160; &#160; &#160; 32 &#160; 393216 &#160; &#160; &#160; 96 &#160; &#160; &#160; &#160; &#160; &#160; 0 sshd
[12580.258608] [ &#160; &#160;882] &#160; &#160; 0 &#160; 882 &#160; &#160; &#160;366 &#160; &#160; &#160; 64 &#160; 327680 &#160; &#160; &#160; 64 &#160; &#160; &#160; &#160; &#160; 100 systemd
[12580.259102] [ &#160; &#160;884] &#160; &#160; 0 &#160; 884 &#160; &#160; 1724 &#160; &#160; &#160; 33 &#160; 393216 &#160; &#160; &#160; 96 &#160; &#160; &#160; &#160; &#160; 100 (sd-pam)
[12580.259595] [ &#160; &#160;892] &#160; &#160; 0 &#160; 892 &#160; &#160; &#160;389 &#160; &#160; &#160; 32 &#160; 393216 &#160; &#160; &#160; 96 &#160; &#160; &#160; &#160; &#160; &#160; 0 sshd
[12580.260090] [ &#160; 1260] &#160; &#160; 0 &#160;1260 &#160; &#160; &#160;126 &#160; &#160; &#160; &#160;0 &#160; 327680 &#160; &#160; &#160; &#160;0 &#160; &#160; &#160; &#160; &#160; &#160; 0 run_test_wrappe
[12580.260623] [ &#160; 1300] &#160; &#160; 0 &#160;1300 &#160; &#160; &#160;126 &#160; &#160; &#160; 32 &#160; 393216 &#160; &#160; &#160; &#160;0 &#160; &#160; &#160; &#160; &#160; &#160; 0 run_test.sh
[12580.261137] [ &#160; 1325] &#160; &#160; 0 &#160;1325 &#160; &#160; &#160;245 &#160; &#160; &#160; 80 &#160; 393216 &#160; &#160; &#160; 32 &#160; &#160; &#160; &#160; &#160; &#160; 0 ssh
[12580.261607] [ &#160; 1328] &#160; &#160; 0 &#160;1328 &#160; &#160; &#160;241 &#160; &#160; &#160; 40 &#160; 393216 &#160; &#160; &#160; 64 &#160; &#160; &#160; &#160; &#160; &#160; 0 ssh
[12580.262081] [ &#160; 1734] &#160; &#160; 0 &#160;1734 &#160; &#160; &#160;256 &#160; &#160; &#160; 64 &#160; 393216 &#160; &#160; &#160; 96 &#160; &#160; &#160; &#160; &#160; &#160; 0 bash
[12580.262566] [ &#160;21742] &#160; &#160; 0 21742 &#160; &#160; &#160;256 &#160; &#160; &#160; 19 &#160; 393216 &#160; &#160; &#160; 96 &#160; &#160; &#160; &#160; &#160; &#160; 0 bash
[12580.263044] [ &#160;21743] &#160; &#160; 0 21743 &#160; &#160; &#160; 60 &#160; &#160; &#160; 32 &#160; 327680 &#160; &#160; &#160; &#160;0 &#160; &#160; &#160; &#160; &#160; &#160; 0 tee
[12580.263518] [ &#160;21957] &#160; &#160; 0 21957 &#160; &#160; &#160;509 &#160; &#160; &#160; 64 &#160; 393216 &#160; &#160; &#160;384 &#160; &#160; &#160; &#160; &#160; &#160; 0 bash
[12580.263998] [ 733537] &#160; &#160; 0 733537 &#160; &#160; &#160;389 &#160; &#160; &#160; 64 &#160; 393216 &#160; &#160; &#160; 64 &#160; &#160; &#160; &#160; &#160; &#160; 0 sshd
[12580.264480] [ 733544] &#160; &#160; 0 733544 &#160; &#160; &#160;226 &#160; &#160; &#160; 60 &#160; 458752 &#160; &#160; &#160; 32 &#160; &#160; &#160; &#160; &#160; &#160; 0 ssh
[12580.264959] [ 733547] &#160; &#160; 0 733547 &#160; &#160; &#160;212 &#160; &#160; &#160; 65 &#160; 393216 &#160; &#160; &#160; 32 &#160; &#160; &#160; &#160; &#160; &#160; 0 ssh
[12580.265435] [ 733548] &#160; &#160; 0 733548 &#160; &#160; &#160;389 &#160; &#160; &#160; 64 &#160; 393216 &#160; &#160; &#160; 64 &#160; &#160; &#160; &#160; &#160; &#160; 0 sshd
[12580.265919] [ 733551] &#160; &#160; 0 733551 &#160; &#160; &#160;224 &#160; &#160; &#160; 32 &#160; 393216 &#160; &#160; &#160; 32 &#160; &#160; &#160; &#160; &#160; &#160; 0 ssh
[12580.266406] [1218846] &#160; &#160; 0 1218846 &#160; &#160; &#160;709 &#160; &#160; &#160; 32 &#160; 458752 &#160; &#160; &#160;128 &#160; &#160; &#160; &#160; &#160; &#160; 0 sssd_kcm
[12580.266914] [1252274] &#160; &#160; 0 1252274 &#160; &#160; &#160;509 &#160; &#160; &#160; 39 &#160; 393216 &#160; &#160; &#160;416 &#160; &#160; &#160; &#160; &#160; &#160; 0 bash
[12580.267401] [1252275] &#160; &#160; 0 1252275 &#160; &#160; &#160; 60 &#160; &#160; &#160; 32 &#160; 327680 &#160; &#160; &#160; &#160;0 &#160; &#160; &#160; &#160; &#160; &#160; 0 tee
[12580.267885] [1252499] &#160; &#160; 0 1252499 &#160; &#160; 2111 &#160; &#160; &#160; 64 &#160; 393216 &#160; &#160; 2016 &#160; &#160; &#160; &#160; &#160; &#160; 0 dd
[12580.268363] [1252500] &#160; &#160; 0 1252500 &#160; &#160; 2111 &#160; &#160; &#160; 32 &#160; 393216 &#160; &#160; 2048 &#160; &#160; &#160; &#160; &#160; &#160; 0 dd
[12580.268841] [1252501] &#160; &#160; 0 1252501 &#160; &#160; 2111 &#160; &#160; &#160; 64 &#160; 393216 &#160; &#160; 2048 &#160; &#160; &#160; &#160; &#160; &#160; 0 dd
[12580.269323] [1252502] &#160; &#160; 0 1252502 &#160; &#160; 2111 &#160; &#160; &#160; 64 &#160; 393216 &#160; &#160; 2016 &#160; &#160; &#160; &#160; &#160; &#160; 0 dd
[12580.269801] Kernel panic - not syncing: Out of memory: system-wide panic_on_oom is enabled
[12580.270310] CPU: 0 PID: 424 Comm: systemd-journal Kdump: loaded Tainted: G &#160; &#160; &#160; &#160; &#160; OE &#160; &#160; ------- &#160;--- &#160;5.14.0-503.40.1.el9_5.aarch64+64k #1
[12580.271100] Hardware name: QEMU KVM Virtual Machine, BIOS 0.0.0 02/06/2015
[12580.271523] Call trace:
[12580.271677] &#160;dump_backtrace+0xa8/0x120
[12580.271914] &#160;show_stack+0x1c/0x30
[12580.272122] &#160;dump_stack_lvl+0x74/0x8c
[12580.272353] &#160;dump_stack+0x14/0x24
[12580.272565] &#160;panic+0x158/0x360
[12580.272761] &#160;out_of_memory+0x27c/0x350
[12580.272995] &#160;__alloc_pages_may_oom+0x118/0x1bc
[12580.273271] &#160;__alloc_pages_slowpath.constprop.0+0x50c/0x94c
[12580.273615] &#160;__alloc_pages+0x234/0x290
[12580.273847] &#160;__folio_alloc+0x20/0x54
[12580.274075] &#160;vma_alloc_folio+0xbc/0x350
[12580.274314] &#160;__read_swap_cache_async+0x158/0x2c0
[12580.274600] &#160;swap_cluster_readahead+0x148/0x39c
[12580.274883] &#160;swapin_readahead+0x48/0xc0
[12580.275124] &#160;do_swap_page+0x3a4/0xa7c
[12580.275352] &#160;handle_pte_fault+0x118/0x150
[12580.275605] &#160;__handle_mm_fault+0x110/0x320
[12580.275859] &#160;handle_mm_fault+0xe0/0x320
[12580.276099] &#160;do_page_fault+0x1ec/0x4a0
[12580.276332] &#160;do_translation_fault+0x38/0x60
[12580.276601] &#160;do_mem_abort+0x48/0x94
[12580.276819] &#160;el1_abort+0x38/0x90
[12580.277026] &#160;el1h_64_sync_handler+0xc0/0xd0
[12580.277286] &#160;el1h_64_sync+0x78/0x7c
[12580.277505] &#160;rseq_get_rseq_cs.isra.0+0x54/0x210
[12580.277786] &#160;__rseq_handle_notify_resume+0x60/0x2d0
[12580.278088] &#160;do_notify_resume+0x14c/0x21c
[12580.278339] &#160;el0_svc+0x1f0/0x200
[12580.278540] &#160;el0t_64_sync_handler+0x134/0x150
[12580.278813] &#160;el0t_64_sync+0x17c/0x180
[12580.279043] SMP: stopping secondary CPUs
[12580.281917] Starting crashdump kernel...
[12580.282170] Bye!&lt;/pre&gt;
&lt;/div&gt;&lt;/div&gt;</comment>
                            <comment id="457408" author="yujian" created="Fri, 23 May 2025 18:03:42 +0000"  >&lt;p&gt;Lustre 2.15.7 RC1: &lt;a href=&quot;https://testing.whamcloud.com/test_sets/97ca4054-50fc-4e07-ba48-fb103da3de1a&quot; class=&quot;external-link&quot; target=&quot;_blank&quot; rel=&quot;nofollow noopener&quot;&gt;https://testing.whamcloud.com/test_sets/97ca4054-50fc-4e07-ba48-fb103da3de1a&lt;/a&gt;&lt;/p&gt;</comment>
                            <comment id="433006" author="yujian" created="Mon, 28 Oct 2024 18:42:05 +0000"  >&lt;p&gt;Lustre 2.16.0 RC5: &lt;a href=&quot;https://testing.whamcloud.com/test_sets/ad5b47e4-70e4-4863-b12b-87f12de3136d&quot; class=&quot;external-link&quot; target=&quot;_blank&quot; rel=&quot;nofollow noopener&quot;&gt;https://testing.whamcloud.com/test_sets/ad5b47e4-70e4-4863-b12b-87f12de3136d&lt;/a&gt;&lt;/p&gt;</comment>
                            <comment id="429989" author="yujian" created="Wed, 2 Oct 2024 17:18:11 +0000"  >&lt;p&gt;+1 on master branch: &lt;a href=&quot;https://testing.whamcloud.com/test_sets/38d0b472-8ab4-4c29-98bb-efa8eb8c3e10&quot; class=&quot;external-link&quot; target=&quot;_blank&quot; rel=&quot;nofollow noopener&quot;&gt;https://testing.whamcloud.com/test_sets/38d0b472-8ab4-4c29-98bb-efa8eb8c3e10&lt;/a&gt;&lt;/p&gt;</comment>
                            <comment id="405405" author="JIRAUSER17400" created="Tue, 27 Feb 2024 06:11:45 +0000"  >&lt;p&gt;crashed on RHEL 8.8 as well&lt;/p&gt;

&lt;p&gt;&lt;a href=&quot;https://testing.whamcloud.com/test_sets/23dfc7d5-d6c9-4eee-be1a-c410fde2165b&quot; class=&quot;external-link&quot; target=&quot;_blank&quot; rel=&quot;nofollow noopener&quot;&gt;https://testing.whamcloud.com/test_sets/23dfc7d5-d6c9-4eee-be1a-c410fde2165b&lt;/a&gt;&lt;/p&gt;</comment>
                            <comment id="395217" author="mdiep" created="Fri, 1 Dec 2023 21:58:28 +0000"  >&lt;p&gt;crashed on el8.8 as well&lt;br/&gt;
&lt;a href=&quot;https://testing.whamcloud.com/test_sets/d2166d8d-e478-4b3f-8a29-14fb42ba0a90&quot; class=&quot;external-link&quot; target=&quot;_blank&quot; rel=&quot;nofollow noopener&quot;&gt;https://testing.whamcloud.com/test_sets/d2166d8d-e478-4b3f-8a29-14fb42ba0a90&lt;/a&gt;&lt;/p&gt;</comment>
                            <comment id="357678" author="adilger" created="Sat, 31 Dec 2022 18:57:43 +0000"  >&lt;p&gt;Client was running 2.15.51.45 against 2.12.9 servers crashed with following allocation stats, so mostly in &lt;tt&gt;inactive_file&lt;/tt&gt;: &lt;br/&gt;
&lt;a href=&quot;https://testing.whamcloud.com/test_sets/150d06df-aeae-436a-ba86-fc5082d70706&quot; class=&quot;external-link&quot; target=&quot;_blank&quot; rel=&quot;nofollow noopener&quot;&gt;https://testing.whamcloud.com/test_sets/150d06df-aeae-436a-ba86-fc5082d70706&lt;/a&gt;&lt;/p&gt;
&lt;div class=&quot;preformatted panel&quot; style=&quot;border-width: 1px;&quot;&gt;&lt;div class=&quot;preformattedContent panelContent&quot;&gt;
&lt;pre&gt;[ 8984.082842] Mem-Info:
[ 8984.083352] active_anon:0 inactive_anon:0 isolated_anon:0
[ 8984.083352]  active_file:108414 inactive_file:517320 isolated_file:576
[ 8984.083352]  unevictable:0 dirty:73728 writeback:65408
[ 8984.083352]  slab_reclaimable:5600 slab_unreclaimable:22668
[ 8984.088978] Node 0 active_anon:0kB inactive_anon:0kB active_file:448656kB inactive_file:2054532kB unevictable:0kB isolated(anon):0kB isolated(file):2048kB mapped:1036kB dirty:294912kB writeback:261632kB shmem:0kB shmem_thp: 0kB shmem_pmdmapped: 0kB anon_thp: 0kB writeback_tmp:0kB kernel_stack:2768kB pagetables:8488kB all_unreclaimable? yes
&lt;/pre&gt;
&lt;/div&gt;&lt;/div&gt;</comment>
                            <comment id="336976" author="adilger" created="Tue, 7 Jun 2022 21:20:35 +0000"  >&lt;p&gt;This crash is only happening with EL7.9 kernels (tested only on b2_12 with master in interop mode), and not EL8.5, SLES15, etc. kernels, so it is unlikely to be a prime concern going forward, and could eventually be closed.&lt;/p&gt;</comment>
                            <comment id="327355" author="adilger" created="Fri, 25 Feb 2022 03:26:13 +0000"  >&lt;p&gt;It looks like the memory is at least accounted for in this client-side OOM.  The vast majority of memory usage is in pagecache:&lt;/p&gt;
&lt;div class=&quot;preformatted panel&quot; style=&quot;border-width: 1px;&quot;&gt;&lt;div class=&quot;preformattedContent panelContent&quot;&gt;
&lt;pre&gt;active_anon:37356kB inactive_anon:37596kB active_file:47132kB inactive_file:2391964kB
&lt;/pre&gt;
&lt;/div&gt;&lt;/div&gt;
&lt;p&gt;and the client is trying to write a 5502664kB file on a client with 3145312KB of memory.  That &lt;em&gt;shouldn&apos;t&lt;/em&gt; cause the client to run out of memory, since it &lt;em&gt;should&lt;/em&gt; have &lt;tt&gt;llite.&amp;#42;.max_cached_mb=1535&lt;/tt&gt; (1/2 of RAM).  However, &lt;tt&gt;osc.&amp;#42;.max_dirty_mb&lt;/tt&gt; may be as large as 1/8 of RAM and there are 7 OSTs, so dirty data could consume up to 7/8 of RAM (per &lt;tt&gt;client_adjust_max_dirty()&lt;/tt&gt;) if this is not also limited by &lt;tt&gt;max_cached_mb&lt;/tt&gt;?&lt;/p&gt;</comment>
                            <comment id="318902" author="sarah" created="Mon, 22 Nov 2021 20:14:50 +0000"  >&lt;p&gt;Hit similar one &lt;a href=&quot;https://testing.whamcloud.com/test_sets/390f3fdd-df3e-4938-9dd3-ed327f57076f&quot; class=&quot;external-link&quot; target=&quot;_blank&quot; rel=&quot;nofollow noopener&quot;&gt;https://testing.whamcloud.com/test_sets/390f3fdd-df3e-4938-9dd3-ed327f57076f&lt;/a&gt;&lt;/p&gt;</comment>
                            <comment id="262057" author="yujian" created="Tue, 28 Jan 2020 19:05:02 +0000"  >&lt;p&gt;More failures on master branch in zfs test sessions:&lt;br/&gt;
&lt;a href=&quot;https://testing.whamcloud.com/test_sets/df51b436-412f-11ea-9630-52540065bddc&quot; class=&quot;external-link&quot; target=&quot;_blank&quot; rel=&quot;nofollow noopener&quot;&gt;https://testing.whamcloud.com/test_sets/df51b436-412f-11ea-9630-52540065bddc&lt;/a&gt;&lt;br/&gt;
&lt;a href=&quot;https://testing.whamcloud.com/test_sets/a8e429aa-4130-11ea-9847-52540065bddc&quot; class=&quot;external-link&quot; target=&quot;_blank&quot; rel=&quot;nofollow noopener&quot;&gt;https://testing.whamcloud.com/test_sets/a8e429aa-4130-11ea-9847-52540065bddc&lt;/a&gt;&lt;br/&gt;
&lt;a href=&quot;https://testing.whamcloud.com/test_sets/8359ad34-415a-11ea-9847-52540065bddc&quot; class=&quot;external-link&quot; target=&quot;_blank&quot; rel=&quot;nofollow noopener&quot;&gt;https://testing.whamcloud.com/test_sets/8359ad34-415a-11ea-9847-52540065bddc&lt;/a&gt;&lt;br/&gt;
&lt;a href=&quot;https://testing.whamcloud.com/test_sets/ae637af0-4164-11ea-9b1e-52540065bddc&quot; class=&quot;external-link&quot; target=&quot;_blank&quot; rel=&quot;nofollow noopener&quot;&gt;https://testing.whamcloud.com/test_sets/ae637af0-4164-11ea-9b1e-52540065bddc&lt;/a&gt;&lt;/p&gt;</comment>
                            <comment id="258458" author="jamesanunez" created="Mon, 18 Nov 2019 15:51:29 +0000"  >&lt;p&gt;Here&apos;s another sanity-benchmark test_iozone OOM crash with a different trace; &lt;a href=&quot;https://testing.whamcloud.com/test_sets/cecc9558-081e-11ea-bbc3-52540065bddc&quot; class=&quot;external-link&quot; target=&quot;_blank&quot; rel=&quot;nofollow noopener&quot;&gt;https://testing.whamcloud.com/test_sets/cecc9558-081e-11ea-bbc3-52540065bddc&lt;/a&gt; . Possibly a different root cause?&lt;/p&gt;

&lt;div class=&quot;preformatted panel&quot; style=&quot;border-width: 1px;&quot;&gt;&lt;div class=&quot;preformattedContent panelContent&quot;&gt;
&lt;pre&gt;[24986.500955] Lustre: DEBUG MARKER: == sanity-benchmark test iozone: iozone ============================================================== 10:05:17 (1573725917)
[24989.359411] Lustre: DEBUG MARKER: /usr/sbin/lctl mark min OST has 1782612kB available, using 3438440kB file size
[24989.610198] Lustre: DEBUG MARKER: min OST has 1782612kB available, using 3438440kB file size
[25048.708540] LNetError: 18994:0:(peer.c:3724:lnet_peer_ni_add_to_recoveryq_locked()) lpni 10.9.5.216@tcp added to recovery queue. Health = 900
[25049.117039] LNetError: 18996:0:(lib-msg.c:481:lnet_handle_local_failure()) ni 10.9.5.214@tcp added to recovery queue. Health = 900
[25049.119238] LustreError: 18996:0:(events.c:200:client_bulk_callback()) event type 1, status -5, desc ffff95ae7ad2bc00
[25049.127483] Lustre: 19001:0:(client.c:2219:ptlrpc_expire_one_request()) @@@ Request sent has failed due to network error: [sent 1573725975/real 1573725975]  req@ffff95ae001c9f80 x1650168582431232/t0(0) o4-&amp;gt;lustre-OST0005-osc-ffff95ae65a62000@10.9.5.216@tcp:6/4 lens 488/448 e 0 to 1 dl 1573726020 ref 2 fl Rpc:eXQr/0/ffffffff rc 0/-1 job:&apos;iozone.500&apos;
[25049.132801] Lustre: lustre-OST0005-osc-ffff95ae65a62000: Connection to lustre-OST0005 (at 10.9.5.216@tcp) was lost; in progress operations using this service will wait for recovery to complete
[25049.265069] Lustre: lustre-OST0001-osc-ffff95ae65a62000: Connection restored to 10.9.5.216@tcp (at 10.9.5.216@tcp)
[25086.049686] Lustre: 19004:0:(client.c:2219:ptlrpc_expire_one_request()) @@@ Request sent has timed out for slow reply: [sent 1573725972/real 1573725973]  req@ffff95ae2087db00 x1650168582429888/t0(0) o4-&amp;gt;lustre-OST0007-osc-ffff95ae65a62000@10.9.5.216@tcp:6/4 lens 488/448 e 0 to 1 dl 1573726017 ref 2 fl Rpc:XQr/0/ffffffff rc 0/-1 job:&apos;iozone.500&apos;
[25086.054856] Lustre: 19004:0:(client.c:2219:ptlrpc_expire_one_request()) Skipped 7 previous similar messages
[25086.056499] Lustre: lustre-OST0007-osc-ffff95ae65a62000: Connection to lustre-OST0007 (at 10.9.5.216@tcp) was lost; in progress operations using this service will wait for recovery to complete
[25086.059313] Lustre: Skipped 5 previous similar messages
[25086.062664] Lustre: lustre-OST0007-osc-ffff95ae65a62000: Connection restored to 10.9.5.216@tcp (at 10.9.5.216@tcp)
[25086.064514] Lustre: Skipped 5 previous similar messages
[25189.704358] LNetError: 18994:0:(peer.c:3724:lnet_peer_ni_add_to_recoveryq_locked()) lpni 10.9.5.216@tcp added to recovery queue. Health = 900
[25190.148392] LNetError: 18996:0:(lib-msg.c:481:lnet_handle_local_failure()) ni 10.9.5.214@tcp added to recovery queue. Health = 900
[25190.150543] LustreError: 18996:0:(events.c:200:client_bulk_callback()) event type 1, status -5, desc ffff95ae20af0c00
[25190.152380] LustreError: 18996:0:(events.c:200:client_bulk_callback()) event type 1, status -5, desc ffff95ae66b3c400
[25190.154242] LustreError: 18996:0:(events.c:200:client_bulk_callback()) event type 1, status -5, desc ffff95ae66b3c400
[25190.156036] LustreError: 18996:0:(events.c:200:client_bulk_callback()) event type 1, status -5, desc ffff95ae66b3c400
[25190.158312] Lustre: 19004:0:(client.c:2219:ptlrpc_expire_one_request()) @@@ Request sent has failed due to network error: [sent 1573726114/real 1573726115]  req@ffff95ae4d98cd80 x1650168582704448/t0(0) o4-&amp;gt;lustre-OST0000-osc-ffff95ae65a62000@10.9.5.216@tcp:6/4 lens 488/448 e 0 to 1 dl 1573726160 ref 2 fl Rpc:eXQr/0/ffffffff rc 0/-1 job:&apos;iozone.500&apos;
[25190.163356] Lustre: 19004:0:(client.c:2219:ptlrpc_expire_one_request()) Skipped 5 previous similar messages
[25190.165017] Lustre: lustre-OST0000-osc-ffff95ae65a62000: Connection to lustre-OST0000 (at 10.9.5.216@tcp) was lost; in progress operations using this service will wait for recovery to complete
[25190.167837] Lustre: Skipped 1 previous similar message
[25190.202183] LustreError: 18996:0:(events.c:200:client_bulk_callback()) event type 1, status -5, desc ffff95ae66b3c400
[25190.205003] LustreError: 18996:0:(events.c:200:client_bulk_callback()) event type 1, status -5, desc ffff95ae66b3c800
[25190.206859] LustreError: 18996:0:(events.c:200:client_bulk_callback()) event type 1, status -5, desc ffff95ae66b3c800
[25190.208647] LustreError: 18996:0:(events.c:200:client_bulk_callback()) event type 1, status -5, desc ffff95ae66b3d800
[25190.210440] LustreError: 18996:0:(events.c:200:client_bulk_callback()) event type 1, status -5, desc ffff95ae66b3c800
[25190.232707] LustreError: 18996:0:(events.c:200:client_bulk_callback()) event type 1, status -5, desc ffff95ae66b3d800
[25190.234622] LustreError: 18996:0:(events.c:200:client_bulk_callback()) event type 1, status -5, desc ffff95ae66b3d800
[25190.236420] LustreError: 18996:0:(events.c:200:client_bulk_callback()) event type 1, status -5, desc ffff95ae66b3c800
[25190.238549] LustreError: 18996:0:(events.c:200:client_bulk_callback()) event type 1, status -5, desc ffff95ae66b3d800
[25190.240339] LustreError: 18996:0:(events.c:200:client_bulk_callback()) event type 1, status -5, desc ffff95ae66b3e000
[25190.242117] LustreError: 18996:0:(events.c:200:client_bulk_callback()) event type 1, status -5, desc ffff95ae66b3e400
[25190.287268] LustreError: 18996:0:(events.c:200:client_bulk_callback()) event type 1, status -5, desc ffff95ae66b3e000
[25190.289123] LustreError: 18996:0:(events.c:200:client_bulk_callback()) event type 1, status -5, desc ffff95ae66b3e400
[25190.290920] LustreError: 18996:0:(events.c:200:client_bulk_callback()) event type 1, status -5, desc ffff95ae66b3e400
[25190.292837] LustreError: 18996:0:(events.c:200:client_bulk_callback()) event type 1, status -5, desc ffff95ae66b3e000
[25190.294970] LustreError: 18996:0:(events.c:200:client_bulk_callback()) event type 1, status -5, desc ffff95ae66b3e800
[25190.296757] LustreError: 18996:0:(events.c:200:client_bulk_callback()) event type 1, status -5, desc ffff95ae66b3e800
[25190.331303] LustreError: 18996:0:(events.c:200:client_bulk_callback()) event type 1, status -5, desc ffff95ae66b3e400
[25190.333147] LustreError: 18996:0:(events.c:200:client_bulk_callback()) event type 1, status -5, desc ffff95ae66b3e000
[25190.334915] LustreError: 18996:0:(events.c:200:client_bulk_callback()) event type 1, status -5, desc ffff95ae66b3e800
[25190.336707] LustreError: 18996:0:(events.c:200:client_bulk_callback()) event type 1, status -5, desc ffff95ae66b3f800
[25190.338642] LustreError: 18996:0:(events.c:200:client_bulk_callback()) event type 1, status -5, desc ffff95ae66b3f800
[25190.341149] LustreError: 18996:0:(events.c:200:client_bulk_callback()) event type 1, status -5, desc ffff95ae66b3e800
[25190.388268] LustreError: 18996:0:(events.c:200:client_bulk_callback()) event type 1, status -5, desc ffff95ae66b3f800
[25190.390387] LustreError: 18996:0:(events.c:200:client_bulk_callback()) event type 1, status -5, desc ffff95ae66b3f800
[25190.484817] Lustre: lustre-OST0000-osc-ffff95ae65a62000: Connection restored to 10.9.5.216@tcp (at 10.9.5.216@tcp)
[25190.486621] Lustre: Skipped 1 previous similar message
[25258.668206] tuned invoked oom-killer: gfp_mask=0x200da, order=0, oom_score_adj=0
[25258.669787] tuned cpuset=/ mems_allowed=0
[25258.670483] CPU: 1 PID: 1369 Comm: tuned Kdump: loaded Tainted: G           OE  ------------   3.10.0-1062.1.1.el7.x86_64 #1
[25258.672347] Hardware name: Red Hat KVM, BIOS 0.5.1 01/01/2011
[25258.673340] Call Trace:
[25258.673874]  [&amp;lt;ffffffff8f7792c2&amp;gt;] dump_stack+0x19/0x1b
[25258.674763]  [&amp;lt;ffffffff8f773c64&amp;gt;] dump_header+0x90/0x229
[25258.675696]  [&amp;lt;ffffffff8f787b6f&amp;gt;] ? notifier_call_chain+0x4f/0x70
[25258.676775]  [&amp;lt;ffffffff8f0cb498&amp;gt;] ? __blocking_notifier_call_chain+0x58/0x70
[25258.677999]  [&amp;lt;ffffffff8f1bff2e&amp;gt;] check_panic_on_oom+0x2e/0x60
[25258.679002]  [&amp;lt;ffffffff8f1c034b&amp;gt;] out_of_memory+0x23b/0x4f0
[25258.679967]  [&amp;lt;ffffffff8f77477c&amp;gt;] __alloc_pages_slowpath+0x5d6/0x724
[25258.681053]  [&amp;lt;ffffffff8f1c6b84&amp;gt;] __alloc_pages_nodemask+0x404/0x420
[25258.682149]  [&amp;lt;ffffffff8f218105&amp;gt;] alloc_pages_vma+0xb5/0x200
[25258.683122]  [&amp;lt;ffffffff8f205ac5&amp;gt;] __read_swap_cache_async+0x115/0x190
[25258.684227]  [&amp;lt;ffffffff8f205b66&amp;gt;] read_swap_cache_async+0x26/0x60
[25258.685285]  [&amp;lt;ffffffff8f205d4b&amp;gt;] swapin_readahead+0x1ab/0x210
[25258.686306]  [&amp;lt;ffffffff8f386722&amp;gt;] ? radix_tree_lookup_slot+0x22/0x50
[25258.687391]  [&amp;lt;ffffffff8f1bb4ee&amp;gt;] ? __find_get_page+0x1e/0xa0
[25258.688406]  [&amp;lt;ffffffff8f1efe36&amp;gt;] handle_pte_fault+0xd66/0xe20
[25258.689423]  [&amp;lt;ffffffff8f25f4dd&amp;gt;] ? core_sys_select+0x26d/0x340
[25258.690435]  [&amp;lt;ffffffff8f1f200d&amp;gt;] handle_mm_fault+0x39d/0x9b0
[25258.691422]  [&amp;lt;ffffffff8f787653&amp;gt;] __do_page_fault+0x213/0x500
[25258.692425]  [&amp;lt;ffffffff8f25e7f3&amp;gt;] ? poll_select_copy_remaining+0x113/0x180
[25258.693589]  [&amp;lt;ffffffff8f787a26&amp;gt;] trace_do_page_fault+0x56/0x150
[25258.694607]  [&amp;lt;ffffffff8f786fa2&amp;gt;] do_async_page_fault+0x22/0xf0
[25258.695641]  [&amp;lt;ffffffff8f7837a8&amp;gt;] async_page_fault+0x28/0x30
[25258.696613] Mem-Info:
[25258.697032] active_anon:17275 inactive_anon:17292 isolated_anon:0
 active_file:9706 inactive_file:333050 isolated_file:32
 unevictable:0 dirty:3641 writeback:42567 unstable:0
 slab_reclaimable:4776 slab_unreclaimable:13653
 mapped:6755 shmem:21419 pagetables:1312 bounce:0
 free:12854 free_pcp:46 free_cma:0
[25258.702574] Node 0 DMA free:7048kB min:416kB low:520kB high:624kB active_anon:0kB inactive_anon:12kB active_file:204kB inactive_file:6872kB unevictable:0kB isolated(anon):0kB isolated(file):0kB present:15992kB managed:15908kB mlocked:0kB dirty:144kB writeback:560kB mapped:172kB shmem:12kB slab_reclaimable:52kB slab_unreclaimable:348kB kernel_stack:32kB pagetables:56kB unstable:0kB bounce:0kB free_pcp:0kB local_pcp:0kB free_cma:0kB writeback_tmp:0kB pages_scanned:10917 all_unreclaimable? yes
[25258.709666] lowmem_reserve[]: 0 1660 1660 1660
[25258.710606] Node 0 DMA32 free:44120kB min:44636kB low:55792kB high:66952kB active_anon:69100kB inactive_anon:69156kB active_file:38620kB inactive_file:1325244kB unevictable:0kB isolated(anon):0kB isolated(file):256kB present:2080744kB managed:1703312kB mlocked:0kB dirty:14420kB writeback:169708kB mapped:26848kB shmem:85664kB slab_reclaimable:19052kB slab_unreclaimable:54516kB kernel_stack:2752kB pagetables:5192kB unstable:0kB bounce:0kB free_pcp:204kB local_pcp:128kB free_cma:0kB writeback_tmp:0kB pages_scanned:2791068 all_unreclaimable? yes
[25258.718385] lowmem_reserve[]: 0 0 0 0
[25258.719197] Node 0 DMA: 12*4kB (UE) 19*8kB (UE) 14*16kB (UEM) 7*32kB (UE) 8*64kB (UEM) 2*128kB (UE) 10*256kB (UEM) 4*512kB (UEM) 1*1024kB (M) 0*2048kB 0*4096kB = 7048kB
[25258.722455] Node 0 DMA32: 73*4kB (UEM) 1577*8kB (UEM) 955*16kB (UEM) 352*32kB (UEM) 71*64kB (UM) 0*128kB 0*256kB 0*512kB 0*1024kB 0*2048kB 0*4096kB = 43996kB
[25258.725528] Node 0 hugepages_total=0 hugepages_free=0 hugepages_surp=0 hugepages_size=1048576kB
[25258.727002] Node 0 hugepages_total=0 hugepages_free=0 hugepages_surp=0 hugepages_size=2048kB
[25258.728414] 147236 total pagecache pages
[25258.729119] 146 pages in swap cache
[25258.729735] Swap cache stats: add 8528, delete 8382, find 310/572
[25258.730769] Free swap  = 3638780kB
[25258.731356] Total swap = 3671036kB
[25258.731949] 524184 pages RAM
[25258.732448] 0 pages HighMem/MovableOnly
[25258.733109] 94379 pages reserved
[25258.733688] [ pid ]   uid  tgid total_vm      rss nr_ptes swapents oom_score_adj name
[25258.735073] [  382]     0   382     9866     1342      24       77             0 systemd-journal
[25258.736554] [  402]     0   402    29160      239      28       78             0 lvmetad
[25258.737928] [  409]     0   409    11238      452      23       60         -1000 systemd-udevd
[25258.739369] [  534]     0   534    13882      157      27      110         -1000 auditd
[25258.740717] [  559]     0   559     5384      267      16       40             0 irqbalance
[25258.742125] [  560]    81   560    14563      456      34      165          -900 dbus-daemon
[25258.743538] [  561]     0   561     6595      376      18       66             0 systemd-logind
[25258.745007] [  563]     0   563   136973     1685      87      502             0 NetworkManager
[25258.746479] [  564]   999   564   153061     1172      63     2396             0 polkitd
[25258.747848] [  568]     0   568    48777      333      37      130             0 gssproxy
[25258.749245] [  575]    32   575    17319      236      38      141             0 rpcbind
[25258.750613] [  578]    38   578    11824      455      28      152             0 ntpd
[25258.751965] [  606]     0   606    25724      871      53      508             0 dhclient
[25258.753363] [  952]     0   952   143550     3953     101      895             0 tuned
[25258.754701] [  953]     0   953    74587     2165      72      141             0 rsyslogd
[25258.756069] [  959]     0   959    28230      852      58      242         -1000 sshd
[25258.757380] [  964]   997   964    56472      344      22      124             0 munged
[25258.758737] [  966]    29   966    10609      223      26      209             0 rpc.statd
[25258.760131] [  968]     0   968     6792      195      17       63             0 xinetd
[25258.761481] [ 1024]     0  1024   172948     1594      81        0             0 automount
[25258.762871] [ 1046]     0  1046     6477      235      19        0             0 atd
[25258.764177] [ 1054]     0  1054    31573      396      19        0             0 crond
[25258.765505] [ 1063]     0  1063    27527      215      12        0             0 agetty
[25258.766852] [ 1065]     0  1065    27527      212      10        0             0 agetty
[25258.768190] [ 1290]     0  1290    22425      532      43        0             0 master
[25258.769539] [ 1310]    89  1310    22468      996      43        0             0 qmgr
[25258.770874] [ 9706]     0  9706    39196     1381      80        0             0 sshd
[25258.772191] [ 9708]     0  9708    28300      374      12        0             0 run_test.sh
[25258.773620] [10014]     0 10014    29609     1225      17        2             0 bash
[25258.774952] [18916]     0 18916     4844      164      14        1             0 rpc.idmapd
[25258.776348] [18922]     0 18922    10942      703      27        0             0 rpc.mountd
[25258.777819] [26115]     0 26115    29609     1011      14        0             0 bash
[25258.779136] [26116]     0 26116    26991      165       8        0             0 tee
[25258.780449] [26313]     0 26313    29580     1198      13        0             0 bash
[25258.781773] [31794]    89 31794    22451      990      48        0             0 pickup
[25258.783156] [32386]     0 32386    29613     1020      13        0             0 bash
[25258.784483] [32387]     0 32387    26991      167       9        0             0 tee
[25258.785821] [  377]   500   377    12351     4815      22      543             0 iozone
[25258.787194] [  378]     0   378    26991      166       8        0             0 tee
[25258.788484] Kernel panic - not syncing: Out of memory: system-wide panic_on_oom is enabled

[25258.790111] CPU: 1 PID: 1369 Comm: tuned Kdump: loaded Tainted: G           OE  ------------   3.10.0-1062.1.1.el7.x86_64 #1
[25258.791945] Hardware name: Red Hat KVM, BIOS 0.5.1 01/01/2011
[25258.792900] Call Trace:
[25258.793333]  [&amp;lt;ffffffff8f7792c2&amp;gt;] dump_stack+0x19/0x1b
[25258.794195]  [&amp;lt;ffffffff8f772941&amp;gt;] panic+0xe8/0x21f
[25258.795006]  [&amp;lt;ffffffff8f1bff55&amp;gt;] check_panic_on_oom+0x55/0x60
[25258.796021]  [&amp;lt;ffffffff8f1c034b&amp;gt;] out_of_memory+0x23b/0x4f0
[25258.796957]  [&amp;lt;ffffffff8f77477c&amp;gt;] __alloc_pages_slowpath+0x5d6/0x724
[25258.798015]  [&amp;lt;ffffffff8f1c6b84&amp;gt;] __alloc_pages_nodemask+0x404/0x420
[25258.799073]  [&amp;lt;ffffffff8f218105&amp;gt;] alloc_pages_vma+0xb5/0x200
[25258.800020]  [&amp;lt;ffffffff8f205ac5&amp;gt;] __read_swap_cache_async+0x115/0x190
[25258.801088]  [&amp;lt;ffffffff8f205b66&amp;gt;] read_swap_cache_async+0x26/0x60
[25258.802102]  [&amp;lt;ffffffff8f205d4b&amp;gt;] swapin_readahead+0x1ab/0x210
[25258.803079]  [&amp;lt;ffffffff8f386722&amp;gt;] ? radix_tree_lookup_slot+0x22/0x50
[25258.804137]  [&amp;lt;ffffffff8f1bb4ee&amp;gt;] ? __find_get_page+0x1e/0xa0
[25258.805101]  [&amp;lt;ffffffff8f1efe36&amp;gt;] handle_pte_fault+0xd66/0xe20
[25258.806080]  [&amp;lt;ffffffff8f25f4dd&amp;gt;] ? core_sys_select+0x26d/0x340
[25258.807063]  [&amp;lt;ffffffff8f1f200d&amp;gt;] handle_mm_fault+0x39d/0x9b0
[25258.808022]  [&amp;lt;ffffffff8f787653&amp;gt;] __do_page_fault+0x213/0x500
[25258.808979]  [&amp;lt;ffffffff8f25e7f3&amp;gt;] ? poll_select_copy_remaining+0x113/0x180
[25258.810122]  [&amp;lt;ffffffff8f787a26&amp;gt;] trace_do_page_fault+0x56/0x150
[25258.811124]  [&amp;lt;ffffffff8f786fa2&amp;gt;] do_async_page_fault+0x22/0xf0
[25258.812118]  [&amp;lt;ffffffff8f7837a8&amp;gt;] async_page_fault+0x28/0x30
&lt;/pre&gt;
&lt;/div&gt;&lt;/div&gt;</comment>
                            <comment id="258091" author="jamesanunez" created="Mon, 11 Nov 2019 16:49:58 +0000"  >&lt;p&gt;Here&apos;s another sanity-benchmark test_iozone OOM crash, but there is no ext4 in the call stack; &lt;a href=&quot;https://testing.whamcloud.com/test_sets/b90b44f2-036a-11ea-a9d7-52540065bddc&quot; class=&quot;external-link&quot; target=&quot;_blank&quot; rel=&quot;nofollow noopener&quot;&gt;https://testing.whamcloud.com/test_sets/b90b44f2-036a-11ea-a9d7-52540065bddc&lt;/a&gt; . &lt;/p&gt;

&lt;div class=&quot;preformatted panel&quot; style=&quot;border-width: 1px;&quot;&gt;&lt;div class=&quot;preformattedContent panelContent&quot;&gt;
&lt;pre&gt;============================================================== 20:10:07 \(1573243807\)
[16314.428102] Lustre: DEBUG MARKER: == sanity-benchmark test iozone: iozone ============================================================== 20:10:07 (1573243807)
[16326.606181] Lustre: DEBUG MARKER: /usr/sbin/lctl mark min OST has 1786000kB available, using 3438440kB file size
[16326.840073] Lustre: DEBUG MARKER: min OST has 1786000kB available, using 3438440kB file size
[16366.210817] irqbalance invoked oom-killer: gfp_mask=0x280da, order=0, oom_score_adj=0
[16366.211778] irqbalance cpuset=/ mems_allowed=0
[16366.212273] CPU: 1 PID: 563 Comm: irqbalance Kdump: loaded Tainted: G           OE  ------------   3.10.0-1062.1.1.el7.x86_64 #1
[16366.213410] Hardware name: Red Hat KVM, BIOS 0.5.1 01/01/2011
[16366.213972] Call Trace:
[16366.214280]  [&amp;lt;ffffffff867792c2&amp;gt;] dump_stack+0x19/0x1b
[16366.214811]  [&amp;lt;ffffffff86773c64&amp;gt;] dump_header+0x90/0x229
[16366.215346]  [&amp;lt;ffffffff86787b6f&amp;gt;] ? notifier_call_chain+0x4f/0x70
[16366.215979]  [&amp;lt;ffffffff860cb498&amp;gt;] ? __blocking_notifier_call_chain+0x58/0x70
[16366.216697]  [&amp;lt;ffffffff861bff2e&amp;gt;] check_panic_on_oom+0x2e/0x60
[16366.217275]  [&amp;lt;ffffffff861c034b&amp;gt;] out_of_memory+0x23b/0x4f0
[16366.217824]  [&amp;lt;ffffffff8677477c&amp;gt;] __alloc_pages_slowpath+0x5d6/0x724
[16366.218462]  [&amp;lt;ffffffff861c6b84&amp;gt;] __alloc_pages_nodemask+0x404/0x420
[16366.219079]  [&amp;lt;ffffffff86218105&amp;gt;] alloc_pages_vma+0xb5/0x200
[16366.219657]  [&amp;lt;ffffffff861efa54&amp;gt;] handle_pte_fault+0x984/0xe20
[16366.220238]  [&amp;lt;ffffffff862237cd&amp;gt;] ? kmem_cache_alloc_trace+0x17d/0x200
[16366.220904]  [&amp;lt;ffffffff8626f456&amp;gt;] ? seq_open+0x106/0x170
[16366.221438]  [&amp;lt;ffffffff861f200d&amp;gt;] handle_mm_fault+0x39d/0x9b0
[16366.222005]  [&amp;lt;ffffffff86787653&amp;gt;] __do_page_fault+0x213/0x500
[16366.222605]  [&amp;lt;ffffffff8638c984&amp;gt;] ? vsnprintf+0x234/0x6a0
[16366.223144]  [&amp;lt;ffffffff86787a26&amp;gt;] trace_do_page_fault+0x56/0x150
[16366.223756]  [&amp;lt;ffffffff86786fa2&amp;gt;] do_async_page_fault+0x22/0xf0
[16366.224334]  [&amp;lt;ffffffff867837a8&amp;gt;] async_page_fault+0x28/0x30
[16366.224898]  [&amp;lt;ffffffff8638e240&amp;gt;] ? copy_user_generic_string+0x30/0x40
[16366.225543]  [&amp;lt;ffffffff862707dc&amp;gt;] ? seq_read+0x31c/0x440
[16366.226069]  [&amp;lt;ffffffff862c09b0&amp;gt;] proc_reg_read+0x40/0x80
[16366.226642]  [&amp;lt;ffffffff862484ff&amp;gt;] vfs_read+0x9f/0x170
[16366.227130]  [&amp;lt;ffffffff862493bf&amp;gt;] SyS_read+0x7f/0xf0
[16366.227634]  [&amp;lt;ffffffff8678ce21&amp;gt;] ? system_call_after_swapgs+0xae/0x146
[16366.228282]  [&amp;lt;ffffffff8678cede&amp;gt;] system_call_fastpath+0x25/0x2a
[16366.228875]  [&amp;lt;ffffffff8678ce21&amp;gt;] ? system_call_after_swapgs+0xae/0x146
[16366.229534] Mem-Info:
[16366.229780] active_anon:18502 inactive_anon:18729 isolated_anon:0
 active_file:11174 inactive_file:330695 isolated_file:32
 unevictable:0 dirty:3314 writeback:50958 unstable:0
 slab_reclaimable:4453 slab_unreclaimable:19547
 mapped:6477 shmem:22606 pagetables:1309 bounce:0
 free:6303 free_pcp:51 free_cma:0
[16366.233041] Node 0 DMA free:7056kB min:416kB low:520kB high:624kB active_anon:128kB inactive_anon:924kB active_file:584kB inactive_file:5440kB unevictable:0kB isolated(anon):0kB isolated(file):0kB present:15992kB managed:15908kB mlocked:0kB dirty:480kB writeback:3276kB mapped:332kB shmem:940kB slab_reclaimable:68kB slab_unreclaimable:412kB kernel_stack:16kB pagetables:88kB unstable:0kB bounce:0kB free_pcp:0kB local_pcp:0kB free_cma:0kB writeback_tmp:0kB pages_scanned:10635 all_unreclaimable? yes
[16366.237187] lowmem_reserve[]: 0 1660 1660 1660
[16366.237765] Node 0 DMA32 free:18032kB min:44636kB low:55792kB high:66952kB active_anon:73880kB inactive_anon:73992kB active_file:44112kB inactive_file:1317256kB unevictable:0kB isolated(anon):0kB isolated(file):256kB present:2080744kB managed:1703312kB mlocked:0kB dirty:12776kB writeback:200556kB mapped:25576kB shmem:89484kB slab_reclaimable:17744kB slab_unreclaimable:77944kB kernel_stack:2768kB pagetables:5148kB unstable:0kB bounce:0kB free_pcp:196kB local_pcp:84kB free_cma:0kB writeback_tmp:0kB pages_scanned:6901848 all_unreclaimable? yes
[16366.242350] lowmem_reserve[]: 0 0 0 0
[16366.242830] Node 0 DMA: 8*4kB (UEM) 10*8kB (UEM) 6*16kB (UEM) 4*32kB (UEM) 5*64kB (U) 4*128kB (UM) 3*256kB (UEM) 2*512kB (EM) 2*1024kB (UE) 1*2048kB (U) 0*4096kB = 7056kB
[16366.244795] Node 0 DMA32: 79*4kB (EM) 107*8kB (EM) 14*16kB (E) 158*32kB (UEM) 129*64kB (UEM) 15*128kB (U) 1*256kB (M) 0*512kB 1*1024kB (M) 0*2048kB 0*4096kB = 17908kB
[16366.246696] Node 0 hugepages_total=0 hugepages_free=0 hugepages_surp=0 hugepages_size=1048576kB
[16366.247561] Node 0 hugepages_total=0 hugepages_free=0 hugepages_surp=0 hugepages_size=2048kB
[16366.248393] 152591 total pagecache pages
[16366.248796] 26 pages in swap cache
[16366.249140] Swap cache stats: add 4377, delete 4351, find 71/112
[16366.249732] Free swap  = 3653628kB
[16366.250087] Total swap = 3671036kB
[16366.250440] 524184 pages RAM
[16366.250735] 0 pages HighMem/MovableOnly
[16366.251118] 94379 pages reserved
[16366.251470] [ pid ]   uid  tgid total_vm      rss nr_ptes swapents oom_score_adj name
[16366.252265] [  383]     0   383     9867     1116      23       45             0 systemd-journal
[16366.253127] [  412]     0   412    29160      239      26       78             0 lvmetad
[16366.253927] [  417]     0   417    11244      475      24       42         -1000 systemd-udevd
[16366.254791] [  533]     0   533    13882      186      28       80         -1000 auditd
[16366.255597] [  561]   999   561   153061     2255      62     1287             0 polkitd
[16366.256373] [  562]     0   562     6595      409      18       33             0 systemd-logind
[16366.257230] [  563]     0   563     5385      268      17       39             0 irqbalance
[16366.258052] [  564]    32   564    17319      277      38      100             0 rpcbind
[16366.258849] [  567]    81   567    14566      536      32       83          -900 dbus-daemon
[16366.259695] [  570]     0   570    48777      416      37       46             0 gssproxy
[16366.260495] [  578]     0   578   136972     2448      84      248             0 NetworkManager
[16366.261333] [  585]    38   585    11824      463      27      144             0 ntpd
[16366.262093] [  611]     0   611    25724      910      55      470             0 dhclient
[16366.262923] [  952]     0   952   143550     4027      97      312             0 tuned
[16366.263713] [  953]     0   953    28230      851      59      243         -1000 sshd
[16366.264500] [  957]     0   957    74586     1590      76        0             0 rsyslogd
[16366.265302] [  962]     0   962     6792      205      18       53             0 xinetd
[16366.266091] [  966]    29   966    10609      309      25      123             0 rpc.statd
[16366.266908] [  967]   997   967    56472      458      22       75             0 munged
[16366.267700] [ 1026]     0  1026   172947     1592      81        0             0 automount
[16366.268528] [ 1031]     0  1031     6477      234      18        0             0 atd
[16366.269282] [ 1033]     0  1033    31572      394      21        0             0 crond
[16366.270068] [ 1042]     0  1042    27527      212      10        0             0 agetty
[16366.270860] [ 1044]     0  1044    27527      216      11        0             0 agetty
[16366.271651] [ 1330]     0  1330    22425      532      42        0             0 master
[16366.272433] [ 1347]    89  1347    22468      995      45        0             0 qmgr
[16366.273170] [ 9701]     0  9701    39196     1351      80       30             0 sshd
[16366.273942] [ 9703]     0  9703    28300      373      12        0             0 run_test.sh
[16366.274788] [ 9973]     0  9973    29615     1181      16       40             0 bash
[16366.275573] [23461]    89 23461    22451      970      45       20             0 pickup
[16366.276357] [30809]     0 30809     4844      163      13        0             0 rpc.idmapd
[16366.277161] [30810]     0 30810    10942      703      25        0             0 rpc.mountd
[16366.277995] [18940]     0 18940    29615      972      14       33             0 bash
[16366.278775] [18941]     0 18941    26990      166       9        0             0 tee
[16366.279554] [19128]     0 19128    29577     1194      15        0             0 bash
[16366.280336] [24468]     0 24468    29610     1016      14        0             0 bash
[16366.281122] [24469]     0 24469    26991      167       9        0             0 tee
[16366.281904] [25190]   500 25190    12351     4336      23      512             0 iozone
[16366.282700] [25191]     0 25191    26990      166       8        0             0 tee
[16366.283455] Kernel panic - not syncing: Out of memory: system-wide panic_on_oom is enabled

[16366.284384] CPU: 1 PID: 563 Comm: irqbalance Kdump: loaded Tainted: G           OE  ------------   3.10.0-1062.1.1.el7.x86_64 #1
[16366.285507] Hardware name: Red Hat KVM, BIOS 0.5.1 01/01/2011
[16366.286057] Call Trace:
[16366.286317]  [&amp;lt;ffffffff867792c2&amp;gt;] dump_stack+0x19/0x1b
[16366.286825]  [&amp;lt;ffffffff86772941&amp;gt;] panic+0xe8/0x21f
[16366.287315]  [&amp;lt;ffffffff861bff55&amp;gt;] check_panic_on_oom+0x55/0x60
[16366.287881]  [&amp;lt;ffffffff861c034b&amp;gt;] out_of_memory+0x23b/0x4f0
[16366.288435]  [&amp;lt;ffffffff8677477c&amp;gt;] __alloc_pages_slowpath+0x5d6/0x724
[16366.289051]  [&amp;lt;ffffffff861c6b84&amp;gt;] __alloc_pages_nodemask+0x404/0x420
[16366.289680]  [&amp;lt;ffffffff86218105&amp;gt;] alloc_pages_vma+0xb5/0x200
[16366.290229]  [&amp;lt;ffffffff861efa54&amp;gt;] handle_pte_fault+0x984/0xe20
[16366.290804]  [&amp;lt;ffffffff862237cd&amp;gt;] ? kmem_cache_alloc_trace+0x17d/0x200
[16366.291449]  [&amp;lt;ffffffff8626f456&amp;gt;] ? seq_open+0x106/0x170
[16366.291959]  [&amp;lt;ffffffff861f200d&amp;gt;] handle_mm_fault+0x39d/0x9b0
[16366.292531]  [&amp;lt;ffffffff86787653&amp;gt;] __do_page_fault+0x213/0x500
[16366.293090]  [&amp;lt;ffffffff8638c984&amp;gt;] ? vsnprintf+0x234/0x6a0
[16366.293622]  [&amp;lt;ffffffff86787a26&amp;gt;] trace_do_page_fault+0x56/0x150
[16366.294209]  [&amp;lt;ffffffff86786fa2&amp;gt;] do_async_page_fault+0x22/0xf0
[16366.294793]  [&amp;lt;ffffffff867837a8&amp;gt;] async_page_fault+0x28/0x30
[16366.295348]  [&amp;lt;ffffffff8638e240&amp;gt;] ? copy_user_generic_string+0x30/0x40
[16366.295991]  [&amp;lt;ffffffff862707dc&amp;gt;] ? seq_read+0x31c/0x440
[16366.296525]  [&amp;lt;ffffffff862c09b0&amp;gt;] proc_reg_read+0x40/0x80
[16366.297050]  [&amp;lt;ffffffff862484ff&amp;gt;] vfs_read+0x9f/0x170
[16366.297548]  [&amp;lt;ffffffff862493bf&amp;gt;] SyS_read+0x7f/0xf0
[16366.298034]  [&amp;lt;ffffffff8678ce21&amp;gt;] ? system_call_after_swapgs+0xae/0x146
[16366.298692]  [&amp;lt;ffffffff8678cede&amp;gt;] system_call_fastpath+0x25/0x2a
[16366.299289]  [&amp;lt;ffffffff8678ce21&amp;gt;] ? system_call_after_swapgs+0xae/0x146
&lt;/pre&gt;
&lt;/div&gt;&lt;/div&gt;</comment>
                            <comment id="256715" author="gerrit" created="Mon, 21 Oct 2019 02:07:43 +0000"  >&lt;p&gt;Bobi Jam (bobijam@hotmail.com) uploaded a new patch: &lt;a href=&quot;https://review.whamcloud.com/36513&quot; class=&quot;external-link&quot; target=&quot;_blank&quot; rel=&quot;nofollow noopener&quot;&gt;https://review.whamcloud.com/36513&lt;/a&gt;&lt;br/&gt;
Subject: &lt;a href=&quot;https://jira.whamcloud.com/browse/LU-12864&quot; title=&quot;sanity-benchmark test_iozone crashes with OOM on clients&quot; class=&quot;issue-link&quot; data-issue-key=&quot;LU-12864&quot;&gt;LU-12864&lt;/a&gt; test: enable unstable check accounting in test&lt;br/&gt;
Project: fs/lustre-release&lt;br/&gt;
Branch: master&lt;br/&gt;
Current Patch Set: 1&lt;br/&gt;
Commit: 2247e29ab79410ba1f3c3a25f634bb55f98c8822&lt;/p&gt;</comment>
                            <comment id="256626" author="adilger" created="Fri, 18 Oct 2019 05:12:15 +0000"  >&lt;p&gt;It looks like these stacks are processes faulting in pages for the executable, rather than doing writes to the ext4 filesystem.  I guess this makes sense that the stacks would always be in the ext4 code because that is where the binaries are located.  That means my idea that ext4 is the cause of the memory shortage is unlikely.  Instead, it seems more likely that the large write (3GB, which is larger than the 2GB of RAM in the VM) is the cause of the problem.  This is likely because the client has pages pinned for IO but is not throttling the writing process.&lt;/p&gt;

&lt;p&gt;At one time Jinshan implemented the &quot;NFS unstable page&quot; handling in order to better balance memory pressure on the client and server, but this was later disabled:&lt;/p&gt;
&lt;div class=&quot;code panel&quot; style=&quot;border-width: 1px;&quot;&gt;&lt;div class=&quot;codeContent panelContent&quot;&gt;
&lt;pre class=&quot;code-java&quot;&gt;
        &lt;span class=&quot;code-comment&quot;&gt;/* turn unstable check off by &lt;span class=&quot;code-keyword&quot;&gt;default&lt;/span&gt; as it impacts performance */&lt;/span&gt;
        cache-&amp;gt;ccc_unstable_check = 0;
        atomic_long_set(&amp;amp;cache-&amp;gt;ccc_unstable_nr, 0);
&lt;/pre&gt;
&lt;/div&gt;&lt;/div&gt;
&lt;p&gt;If we have a good reproducer for this issue we could try enabling this funcitonality again to see if that solves the problem.&lt;/p&gt;

&lt;p&gt;It &lt;b&gt;may&lt;/b&gt; also be totally unrelated, I can&apos;t say for sure.  In any case, failing order=0 allocations is pretty serious, as that means the client is totally out of memory. &lt;/p&gt;

&lt;p&gt;Bobijam, could you please take a look.&lt;/p&gt;</comment>
                            <comment id="256577" author="jamesanunez" created="Thu, 17 Oct 2019 16:45:28 +0000"  >&lt;p&gt;I&apos;ve found two cases where test_bonnie crashes with ext4_filemap_fault in the stack; &lt;a href=&quot;https://testing.whamcloud.com/test_sets/4155636c-d54c-11e9-98c8-52540065bddc&quot; class=&quot;external-link&quot; target=&quot;_blank&quot; rel=&quot;nofollow noopener&quot;&gt;https://testing.whamcloud.com/test_sets/4155636c-d54c-11e9-98c8-52540065bddc&lt;/a&gt; and &lt;a href=&quot;https://testing.whamcloud.com/test_sets/d989415a-cc35-11e9-a25b-52540065bddc&quot; class=&quot;external-link&quot; target=&quot;_blank&quot; rel=&quot;nofollow noopener&quot;&gt;https://testing.whamcloud.com/test_sets/d989415a-cc35-11e9-a25b-52540065bddc&lt;/a&gt; . &lt;/p&gt;

&lt;p&gt;The call trace is &lt;/p&gt;
&lt;div class=&quot;preformatted panel&quot; style=&quot;border-width: 1px;&quot;&gt;&lt;div class=&quot;preformattedContent panelContent&quot;&gt;
&lt;pre&gt;[16452.592500] Lustre: DEBUG MARKER: /usr/sbin/lctl mark min OST has 1782784kB available, using 3438736kB file size
[16452.843542] Lustre: DEBUG MARKER: min OST has 1782784kB available, using 3438736kB file size
[17330.131283] tuned invoked oom-killer: gfp_mask=0x201da, order=0, oom_score_adj=0
[17330.132184] tuned cpuset=/ mems_allowed=0
[17330.132645] CPU: 0 PID: 1886 Comm: tuned Kdump: loaded Tainted: P           OE  ------------   3.10.0-957.21.3.el7_lustre.x86_64 #1
[17330.133780] Hardware name: Red Hat KVM, BIOS 0.5.1 01/01/2011
[17330.134342] Call Trace:
[17330.134640]  [&amp;lt;ffffffff9a963107&amp;gt;] dump_stack+0x19/0x1b
[17330.135145]  [&amp;lt;ffffffff9a95db2a&amp;gt;] dump_header+0x90/0x229
[17330.135682]  [&amp;lt;ffffffff9a970b1f&amp;gt;] ? notifier_call_chain+0x4f/0x70
[17330.136281]  [&amp;lt;ffffffff9a2c80e8&amp;gt;] ? __blocking_notifier_call_chain+0x58/0x70
[17330.137086]  [&amp;lt;ffffffff9a3ba9de&amp;gt;] check_panic_on_oom+0x2e/0x60
[17330.137674]  [&amp;lt;ffffffff9a3badfb&amp;gt;] out_of_memory+0x23b/0x4f0
[17330.138293]  [&amp;lt;ffffffff9a95e62e&amp;gt;] __alloc_pages_slowpath+0x5d6/0x724
[17330.139061]  [&amp;lt;ffffffff9a3c1454&amp;gt;] __alloc_pages_nodemask+0x404/0x420
[17330.139895]  [&amp;lt;ffffffff9a40e308&amp;gt;] alloc_pages_current+0x98/0x110
[17330.140840]  [&amp;lt;ffffffff9a3b6697&amp;gt;] __page_cache_alloc+0x97/0xb0
[17330.141624]  [&amp;lt;ffffffff9a3b92f8&amp;gt;] filemap_fault+0x298/0x490
[17330.142319]  [&amp;lt;ffffffffc04691c6&amp;gt;] ext4_filemap_fault+0x36/0x50 [ext4]
[17330.143027]  [&amp;lt;ffffffff9a3e47ea&amp;gt;] __do_fault.isra.59+0x8a/0x100
[17330.143618]  [&amp;lt;ffffffff9a3e4d9c&amp;gt;] do_read_fault.isra.61+0x4c/0x1b0
[17330.144551]  [&amp;lt;ffffffff9a3e9744&amp;gt;] handle_pte_fault+0x2f4/0xd10
[17330.145335]  [&amp;lt;ffffffff9a4584bd&amp;gt;] ? core_sys_select+0x26d/0x340
[17330.145985]  [&amp;lt;ffffffff9a3ec27d&amp;gt;] handle_mm_fault+0x39d/0x9b0
[17330.146929]  [&amp;lt;ffffffff9a970603&amp;gt;] __do_page_fault+0x203/0x4f0
[17330.147603]  [&amp;lt;ffffffff9a4577d3&amp;gt;] ? poll_select_copy_remaining+0x113/0x180
[17330.148384]  [&amp;lt;ffffffff9a9709d6&amp;gt;] trace_do_page_fault+0x56/0x150
[17330.149399]  [&amp;lt;ffffffff9a96ff62&amp;gt;] do_async_page_fault+0x22/0xf0
[17330.150217]  [&amp;lt;ffffffff9a96c798&amp;gt;] async_page_fault+0x28/0x30
&lt;/pre&gt;
&lt;/div&gt;&lt;/div&gt;</comment>
                            <comment id="256537" author="adilger" created="Thu, 17 Oct 2019 05:23:15 +0000"  >&lt;p&gt;Strange, I thought I commented on this ticket when it was first filed...&lt;/p&gt;

&lt;p&gt;It is strange that all of the OOM cases are showing ext4 in the stack?  I&apos;d think that if there is too much Lustre memory usage that the OOM would kill iozone.  It is entirely possible that there is a CLIO page cleanup issue under memory pressure, I&apos;ve wondered this for many years, but the symptoms seen here don&apos;t necessarily point in that direction.&lt;/p&gt;</comment>
                    </comments>
                <issuelinks>
                            <issuelinktype id="10010">
                    <name>Duplicate</name>
                                                                <inwardlinks description="is duplicated by">
                                                        </inwardlinks>
                                    </issuelinktype>
                            <issuelinktype id="10011">
                    <name>Related</name>
                                            <outwardlinks description="is related to ">
                                        <issuelink>
            <issuekey id="52849">LU-11189</issuekey>
        </issuelink>
                            </outwardlinks>
                                                                <inwardlinks description="is related to">
                                        <issuelink>
            <issuekey id="94798">LU-19774</issuekey>
        </issuelink>
            <issuelink>
            <issuekey id="55525">LU-12241</issuekey>
        </issuelink>
            <issuelink>
            <issuekey id="57093">LU-12830</issuekey>
        </issuelink>
                            </inwardlinks>
                                    </issuelinktype>
                    </issuelinks>
                <attachments>
                    </attachments>
                <subtasks>
                    </subtasks>
                <customfields>
                                                                                                                                                                                            <customfield id="customfield_10890" key="com.atlassian.jira.plugins.jira-development-integration-plugin:devsummary">
                        <customfieldname>Development</customfieldname>
                        <customfieldvalues>
                            
                        </customfieldvalues>
                    </customfield>
                                                                                                                                                                                                                                                                                                                                                        <customfield id="customfield_10390" key="com.pyxis.greenhopper.jira:gh-lexo-rank">
                        <customfieldname>Rank</customfieldname>
                        <customfieldvalues>
                            <customfieldvalue>1|i00o2n:</customfieldvalue>

                        </customfieldvalues>
                    </customfield>
                                                                <customfield id="customfield_10090" key="com.pyxis.greenhopper.jira:gh-global-rank">
                        <customfieldname>Rank (Obsolete)</customfieldname>
                        <customfieldvalues>
                            <customfieldvalue>9223372036854775807</customfieldvalue>
                        </customfieldvalues>
                    </customfield>
                                                                                            <customfield id="customfield_10060" key="com.atlassian.jira.plugin.system.customfieldtypes:select">
                        <customfieldname>Severity</customfieldname>
                        <customfieldvalues>
                                <customfieldvalue key="10022"><![CDATA[3]]></customfieldvalue>

                        </customfieldvalues>
                    </customfield>
                                                                                                                                                                                                                                                                                                                                                        </customfields>
    </item>
</channel>
</rss>