<!-- 
RSS generated by JIRA (9.4.29#940029-sha1:4daa0635650e368c1b281e719d2298e7d3994659) at Wed Mar 04 20:21:20 UTC 2026

It is possible to restrict the fields that are returned in this document by specifying the 'field' parameter in your request.
For example, to request only the issue key and summary append 'field=key&field=summary' to the URL of your request.
-->
<rss version="0.92" >
<channel>
    <title>Whamcloud Community JIRA</title>
    <link>https://jira.whamcloud.com</link>
    <description>This file is an XML representation of an issue</description>
    <language>en-us</language>    <build-info>
        <version>9.4.29</version>
        <build-number>940029</build-number>
        <build-date>03-12-2024</build-date>
    </build-info>


<item>
            <title>[LU-19138] The Lustre client&apos;s memory exhaustion issue caused vdbench service interruption.</title>
                <link>https://jira.whamcloud.com/browse/LU-19138</link>
                <project id="10000" key="LU">Lustre</project>
                    <description>&lt;p&gt;The Lustre client has experienced memory exhaustion (total memory 375Gi, used 373Gi), leading to an interruption of the vdbench service.&lt;/p&gt;
&lt;hr /&gt;
&lt;p&gt;&#160;&lt;/p&gt;

&lt;p&gt;&lt;b&gt;1 Memory Info:&lt;/b&gt;&lt;/p&gt;
&lt;div class=&quot;panel&quot; style=&quot;border-width: 1px;&quot;&gt;&lt;div class=&quot;panelContent&quot;&gt;
&lt;p&gt;&lt;span class=&quot;error&quot;&gt;&amp;#91;root@client213 ~&amp;#93;&lt;/span&gt;# free -h&lt;/p&gt;

&lt;p&gt; total used free shared buff/cache available&lt;/p&gt;

&lt;p&gt;Mem: 375Gi 373Gi 2.9Gi 2.0Mi 1.6Gi 2.3Gi&lt;/p&gt;

&lt;p&gt;Swap: 0B 0B 0B&lt;/p&gt;
&lt;/div&gt;&lt;/div&gt;
&lt;div class=&quot;panel&quot; style=&quot;border-width: 1px;&quot;&gt;&lt;div class=&quot;panelContent&quot;&gt;
&lt;p&gt;cat /proc/slabinfo&lt;br/&gt;
...&lt;br/&gt;
kmalloc-64 &#160; &#160; &#160; &#160;6148242931 6148243648 &#160; &#160; 64 &#160; 64 &#160; &#160;1 : tunables &#160; &#160;0 &#160; &#160;0 &#160; &#160;0 : slabdata 96066307 96066307 &#160; &#160; &#160;0&lt;br/&gt;
...&lt;/p&gt;
&lt;/div&gt;&lt;/div&gt;
&lt;p&gt;&#160;&lt;/p&gt;

&lt;p&gt;&#160;&lt;/p&gt;

&lt;p&gt;&lt;b&gt;2 Memory Content Printed via crash:&lt;/b&gt;&lt;/p&gt;

&lt;p&gt;&#160;&lt;/p&gt;
&lt;div class=&quot;panel&quot; style=&quot;border-width: 1px;&quot;&gt;&lt;div class=&quot;panelContent&quot;&gt;
&lt;p&gt;0xff387f301e333140: &#160; &#160; 0x6e69666e6f636e75 &#160; &#160; &#160;0x6a626f3a755f6465&lt;br/&gt;
0xff387f301e333150: &#160; &#160; 0x6e753a725f746365 &#160; &#160; &#160;0x5f64656c6562616c&lt;br/&gt;
0xff387f301e333160: &#160; &#160; 0x0cd2ec0030733a74 &#160; &#160; &#160;0x5a5a5a5a5a5a5a5a&lt;br/&gt;
0xff387f301e333170: &#160; &#160; 0x5a5a5a5a5a5a5a5a &#160; &#160; &#160;0x5a5a5a5a5a5a5a5a&lt;/p&gt;
&lt;/div&gt;&lt;/div&gt;
&lt;p&gt;&#160;&lt;/p&gt;

&lt;p&gt;&#160;&lt;/p&gt;

&lt;p&gt;&lt;b&gt;&lt;tt&gt;3 Logs(/var/log/message)&lt;/tt&gt;&lt;/b&gt;&lt;/p&gt;

&lt;p&gt;&#160;&lt;/p&gt;
&lt;div class=&quot;panel&quot; style=&quot;border-width: 1px;&quot;&gt;&lt;div class=&quot;panelContent&quot;&gt;
&lt;p&gt;Jun 23 18:12:22 client213 kernel: obd_memory max: 35736380442, obd_memory current: 108007944&lt;br/&gt;
Jun 23 18:12:22 client213 kernel: java invoked oom-killer: gfp_mask=0x1100cca(GFP_HIGHUSER_MOVABLE), order=0, oom_score_adj=0&lt;br/&gt;
Jun 23 18:12:23 client213 kernel: CPU: 57 PID: 1111006 Comm: java Kdump: loaded Tainted: G &#160; &#160; &#160; &#160; &#160; OE &#160; &#160; 5.15.131-17.cl9.x86_64 #1&lt;br/&gt;
Jun 23 18:12:23 client213 kernel: Hardware name: XFUSION CeaLustre 5318Y/BC13MBSBC, BIOS 1.10 07/06/2022&lt;br/&gt;
Jun 23 18:12:25 client213 kernel: Call Trace:&lt;br/&gt;
Jun 23 18:12:25 client213 kernel: &amp;lt;TASK&amp;gt;&lt;br/&gt;
Jun 23 18:12:25 client213 kernel: dump_stack_lvl+0x34/0x48&lt;br/&gt;
Jun 23 18:12:25 client213 kernel: dump_header+0x4a/0x1f7&lt;br/&gt;
Jun 23 18:12:25 client213 kernel: oom_kill_process.cold+0xb/0x10&lt;br/&gt;
&lt;b&gt;Jun 23 18:12:25 client213 kernel: out_of_memory+0xed/0x2d0&lt;/b&gt;&lt;br/&gt;
Jun 23 18:12:25 client213 kernel: __alloc_pages_slowpath.constprop.0+0x963/0xa20&lt;br/&gt;
Jun 23 18:12:25 client213 kernel: __alloc_pages+0x1e9/0x220&lt;br/&gt;
Jun 23 18:12:25 client213 kernel: pagecache_get_page+0x14c/0x520&lt;br/&gt;
Jun 23 18:12:25 client213 kernel: filemap_fault+0x46d/0xa60&lt;br/&gt;
Jun 23 18:12:25 client213 kernel: __do_fault+0x34/0x170&lt;br/&gt;
Jun 23 18:12:25 client213 kernel: do_fault+0x190/0x370&lt;br/&gt;
Jun 23 18:12:25 client213 kernel: __handle_mm_fault+0x3dd/0x700&lt;br/&gt;
Jun 23 18:12:25 client213 kernel: handle_mm_fault+0xbf/0x290&lt;br/&gt;
Jun 23 18:12:25 client213 kernel: do_user_addr_fault+0x1b7/0x670&lt;br/&gt;
Jun 23 18:12:25 client213 kernel: exc_page_fault+0x62/0x130&lt;br/&gt;
Jun 23 18:12:25 client213 kernel: asm_exc_page_fault+0x22/0x30&lt;br/&gt;
Jun 23 18:12:25 client213 kernel: RIP: 0033:0x7fcc3a734e4e&lt;br/&gt;
Jun 23 18:12:25 client213 kernel: Code: Unable to access opcode bytes at RIP 0x7fcc3a734e24.&lt;br/&gt;
Jun 23 18:12:25 client213 kernel: RSP: 002b:00007fcb5cdd0ce0 EFLAGS: 00010202&lt;br/&gt;
Jun 23 18:12:25 client213 kernel: RAX: 00000000003b3910 RBX: 00007fcc39797420 RCX: 0000000000000002&lt;br/&gt;
Jun 23 18:12:25 client213 kernel: RDX: 00007fcc3a08e000 RSI: 00007fcc3ada83cc RDI: 00007fcc34018a60&lt;br/&gt;
Jun 23 18:12:25 client213 kernel: RBP: 00007fcb5cdd0cf0 R08: 00007fcc3419e000 R09: 0000000000000032&lt;br/&gt;
Jun 23 18:12:25 client213 kernel: R10: 00007ffcfe5d4080 R11: 00007ffcfe5d4090 R12: 0000000000000008&lt;br/&gt;
Jun 23 18:12:25 client213 kernel: R13: 00007fcc3419dbc0 R14: 0000000000000002 R15: 0000000000000001&lt;br/&gt;
Jun 23 18:12:25 client213 kernel: &amp;lt;/TASK&amp;gt;&lt;br/&gt;
Jun 23 18:12:25 client213 kernel: Mem-Info:&lt;br/&gt;
Jun 23 18:12:25 client213 kernel: active_anon:13078 inactive_anon:2044534 isolated_anon:0#012 active_&lt;a href=&quot;file:0&quot; class=&quot;external-link&quot; target=&quot;_blank&quot; rel=&quot;nofollow noopener&quot;&gt;file:0&lt;/a&gt; inactive_&lt;a href=&quot;file:9365&quot; class=&quot;external-link&quot; target=&quot;_blank&quot; rel=&quot;nofollow noopener&quot;&gt;file:9365&lt;/a&gt; isolated_&lt;a href=&quot;file:55#012&quot; class=&quot;external-link&quot; target=&quot;_blank&quot; rel=&quot;nofollow noopener&quot;&gt;file:55#012&lt;/a&gt; unevictable:0 dirty:537 writeback:329#012 slab_reclaimable:133180 slab_unreclaimable:95128779#012 mapped:3462 shmem:680 pagetables:10044 bounce:0#012 kernel_misc_reclaimable:0#012 free:451818 free_pcp:9408 free_cma:0&lt;br/&gt;
Jun 23 18:12:25 client213 kernel: Node 0 active_anon:29624kB inactive_anon:4694876kB active_&lt;a href=&quot;file:0kB&quot; class=&quot;external-link&quot; target=&quot;_blank&quot; rel=&quot;nofollow noopener&quot;&gt;file:0kB&lt;/a&gt; inactive_&lt;a href=&quot;file:14784kB&quot; class=&quot;external-link&quot; target=&quot;_blank&quot; rel=&quot;nofollow noopener&quot;&gt;file:14784kB&lt;/a&gt; unevictable:0kB isolated(anon):0kB isolated(file):160kB mapped:7704kB dirty:2408kB writeback:1216kB shmem:2076kB shmem_thp: 0kB shmem_pmdmapped: 0kB anon_thp: 0kB writeback_tmp:0kB kernel_stack:35724kB pagetables:27832kB all_unreclaimable? no&lt;br/&gt;
Jun 23 18:12:25 client213 kernel: Node 1 active_anon:22688kB inactive_anon:3483260kB active_&lt;a href=&quot;file:0kB&quot; class=&quot;external-link&quot; target=&quot;_blank&quot; rel=&quot;nofollow noopener&quot;&gt;file:0kB&lt;/a&gt; inactive_&lt;a href=&quot;file:9232kB&quot; class=&quot;external-link&quot; target=&quot;_blank&quot; rel=&quot;nofollow noopener&quot;&gt;file:9232kB&lt;/a&gt; unevictable:0kB isolated(anon):0kB isolated(file):60kB mapped:3120kB dirty:0kB writeback:100kB shmem:644kB shmem_thp: 0kB shmem_pmdmapped: 0kB anon_thp: 0kB writeback_tmp:0kB kernel_stack:28084kB pagetables:12344kB all_unreclaimable? no&lt;br/&gt;
Jun 23 18:12:25 client213 kernel: Node 0 DMA free:11264kB min:0kB low:12kB high:24kB reserved_highatomic:0KB active_anon:0kB inactive_anon:0kB active_&lt;a href=&quot;file:0kB&quot; class=&quot;external-link&quot; target=&quot;_blank&quot; rel=&quot;nofollow noopener&quot;&gt;file:0kB&lt;/a&gt; inactive_&lt;a href=&quot;file:0kB&quot; class=&quot;external-link&quot; target=&quot;_blank&quot; rel=&quot;nofollow noopener&quot;&gt;file:0kB&lt;/a&gt; unevictable:0kB writepending:0kB present:15996kB managed:15360kB mlocked:0kB bounce:0kB free_pcp:0kB local_pcp:0kB free_cma:0kB&lt;br/&gt;
Jun 23 18:12:25 client213 kernel: lowmem_reserve[]: 0 928 192098 192098 192098&lt;br/&gt;
Jun 23 18:12:25 client213 kernel: Node 0 DMA32 free:764644kB min:188kB low:1136kB high:2084kB reserved_highatomic:0KB active_anon:0kB inactive_anon:85604kB active_&lt;a href=&quot;file:160kB&quot; class=&quot;external-link&quot; target=&quot;_blank&quot; rel=&quot;nofollow noopener&quot;&gt;file:160kB&lt;/a&gt; inactive_&lt;a href=&quot;file:240kB&quot; class=&quot;external-link&quot; target=&quot;_blank&quot; rel=&quot;nofollow noopener&quot;&gt;file:240kB&lt;/a&gt; unevictable:0kB writepending:740kB present:1281444kB managed:950600kB mlocked:0kB bounce:0kB free_pcp:10992kB local_pcp:0kB free_cma:0kB&lt;br/&gt;
Jun 23 18:12:25 client213 kernel: lowmem_reserve[]: 0 0 191170 191170 191170&lt;br/&gt;
Jun 23 18:12:25 client213 kernel: Node 0 Normal free:634176kB min:335680kB low:531436kB high:727192kB reserved_highatomic:2048KB active_anon:29624kB inactive_anon:4609280kB active_&lt;a href=&quot;file:0kB&quot; class=&quot;external-link&quot; target=&quot;_blank&quot; rel=&quot;nofollow noopener&quot;&gt;file:0kB&lt;/a&gt; inactive_&lt;a href=&quot;file:8712kB&quot; class=&quot;external-link&quot; target=&quot;_blank&quot; rel=&quot;nofollow noopener&quot;&gt;file:8712kB&lt;/a&gt; unevictable:0kB writepending:3804kB present:198967296kB managed:195766828kB mlocked:0kB bounce:0kB free_pcp:18896kB local_pcp:0kB free_cma:0kB&lt;br/&gt;
Jun 23 18:12:25 client213 kernel: hrtimer: interrupt took 266799 ns&lt;br/&gt;
Jun 23 18:12:25 client213 kernel: lowmem_reserve[]: 0 0 0 0 0&lt;br/&gt;
Jun 23 18:12:25 client213 kernel: Node 1 Normal free:393544kB min:39740kB low:236940kB high:434140kB reserved_highatomic:2048KB active_anon:22688kB inactive_anon:3483260kB active_&lt;a href=&quot;file:0kB&quot; class=&quot;external-link&quot; target=&quot;_blank&quot; rel=&quot;nofollow noopener&quot;&gt;file:0kB&lt;/a&gt; inactive_&lt;a href=&quot;file:13324kB&quot; class=&quot;external-link&quot; target=&quot;_blank&quot; rel=&quot;nofollow noopener&quot;&gt;file:13324kB&lt;/a&gt; unevictable:0kB writepending:96kB present:201326592kB managed:197236612kB mlocked:0kB bounce:0kB free_pcp:39636kB local_pcp:0kB free_cma:0kB&lt;br/&gt;
Jun 23 18:12:25 client213 kernel: lowmem_reserve[]: 0 0 0 0 0&lt;br/&gt;
Jun 23 18:12:25 client213 kernel: Node 0 DMA: 0*4kB 0*8kB 0*16kB 0*32kB 0*64kB 0*128kB 0*256kB 0*512kB 1*1024kB (U) 1*2048kB (M) 2*4096kB (M) = 11264kB&lt;br/&gt;
Jun 23 18:12:25 client213 kernel: Node 0 DMA32: 954*4kB (UME) 1087*8kB (UME) 723*16kB (UME) 520*32kB (UME) 561*64kB (UME) 206*128kB (UME) 76*256kB (UME) 75*512kB (UME) 66*1024kB (UME) 26*2048kB (UME) 118*4096kB (UME) = 765008kB&lt;br/&gt;
Jun 23 18:12:25 client213 kernel: Node 0 Normal: 3106*4kB (UMEH) 5667*8kB (UMEH) 6213*16kB (UMEH) 15510*32kB (UMEH) 3*64kB (MH) 0*128kB 0*256kB 0*512kB 0*1024kB 0*2048kB 0*4096kB = 653680kB&lt;br/&gt;
Jun 23 18:12:25 client213 kernel: Node 1 Normal: 2793*4kB (UME) 2762*8kB (UME) 2085*16kB (UME) 11748*32kB (UMEH) 43*64kB (ME) 2*128kB (ME) 0*256kB 0*512kB 0*1024kB 0*2048kB 0*4096kB = 445572kB&lt;br/&gt;
Jun 23 18:12:25 client213 kernel: Node 0 hugepages_total=0 hugepages_free=0 hugepages_surp=0 hugepages_size=1048576kB&lt;br/&gt;
Jun 23 18:12:25 client213 kernel: Node 0 hugepages_total=0 hugepages_free=0 hugepages_surp=0 hugepages_size=2048kB&lt;br/&gt;
Jun 23 18:12:25 client213 kernel: Node 1 hugepages_total=0 hugepages_free=0 hugepages_surp=0 hugepages_size=1048576kB&lt;br/&gt;
Jun 23 18:12:25 client213 kernel: Node 1 hugepages_total=0 hugepages_free=0 hugepages_surp=0 hugepages_size=2048kB&lt;br/&gt;
Jun 23 18:12:25 client213 kernel: 12215 total pagecache pages&lt;br/&gt;
Jun 23 18:12:25 client213 kernel: 0 pages in swap cache&lt;br/&gt;
Jun 23 18:12:25 client213 kernel: Swap cache stats: add 0, delete 0, find 0/0&lt;br/&gt;
Jun 23 18:12:25 client213 kernel: Free swap &#160;= 0kB&lt;br/&gt;
Jun 23 18:12:25 client213 kernel: Total swap = 0kB&lt;br/&gt;
Jun 23 18:12:25 client213 kernel: 100397832 pages RAM&lt;br/&gt;
Jun 23 18:12:25 client213 kernel: 0 pages HighMem/MovableOnly&lt;br/&gt;
Jun 23 18:12:25 client213 kernel: 1905482 pages reserved&lt;br/&gt;
Jun 23 18:12:25 client213 kernel: 0 pages cma reserved&lt;br/&gt;
Jun 23 18:12:26 client213 kernel: 0 pages hwpoisoned&lt;br/&gt;
Jun 23 18:12:26 client213 kernel: Unreclaimable slab info:&lt;br/&gt;
Jun 23 18:12:27 client213 kernel: Name &#160; &#160; &#160; &#160; &#160; &#160; &#160; &#160; &#160; &#160; &#160;Used &#160; &#160; &#160; &#160; &#160;Total&lt;br/&gt;
Jun 23 18:12:27 client213 kernel: cl_page_kmem-320 &#160; &#160; &#160; 46895KB &#160; &#160; &#160;46907KB&lt;br/&gt;
Jun 23 18:12:27 client213 kernel: xattr_kmem &#160; &#160; &#160; &#160; &#160; &#160; &#160;3601KB &#160; &#160; &#160; 3617KB&lt;br/&gt;
Jun 23 18:12:28 client213 kernel: vvp_thread_kmem &#160; &#160; &#160; &#160;24946KB &#160; &#160; &#160;24946KB&lt;br/&gt;
Jun 23 18:12:28 client213 kernel: vvp_session_kmem &#160; &#160; &#160; 21902KB &#160; &#160; &#160;21906KB&lt;br/&gt;
Jun 23 18:12:28 client213 kernel: vvp_object_kmem &#160; &#160; &#160; &#160; 3778KB &#160; &#160; &#160; 4119KB&lt;br/&gt;
Jun 23 18:12:28 client213 kernel: ll_thread_kmem &#160; &#160; &#160; &#160; 10635KB &#160; &#160; &#160;10682KB&lt;br/&gt;
Jun 23 18:12:28 client213 kernel: ll_file_data &#160; &#160; &#160; &#160; &#160; &#160;2119KB &#160; &#160; &#160; 2119KB&lt;br/&gt;
Jun 23 18:12:28 client213 kernel: lov_oinfo &#160; &#160; &#160; &#160; &#160; &#160; &#160; 4173KB &#160; &#160; &#160; 4272KB&lt;br/&gt;
Jun 23 18:12:28 client213 kernel: lovsub_object_kmem &#160; &#160; &#160; 4191KB &#160; &#160; &#160; 4324KB&lt;br/&gt;
Jun 23 18:12:28 client213 kernel: lov_session_kmem &#160; &#160; &#160; 21047KB &#160; &#160; &#160;21077KB&lt;br/&gt;
Jun 23 18:12:28 client213 kernel: lov_thread_kmem &#160; &#160; &#160; &#160;11242KB &#160; &#160; &#160;11280KB&lt;br/&gt;
Jun 23 18:12:28 client213 kernel: lov_object_kmem &#160; &#160; &#160; &#160; 4548KB &#160; &#160; &#160; 4703KB&lt;br/&gt;
Jun 23 18:12:28 client213 kernel: osc_obdo_kmem &#160; &#160; &#160; &#160; &#160;11787KB &#160; &#160; &#160;11787KB&lt;br/&gt;
Jun 23 18:12:28 client213 kernel: osc_extent_kmem &#160; &#160; &#160; &#160;11292KB &#160; &#160; &#160;11324KB&lt;br/&gt;
Jun 23 18:12:28 client213 kernel: osc_session_kmem &#160; &#160; &#160; 10853KB &#160; &#160; &#160;10970KB&lt;br/&gt;
Jun 23 18:12:28 client213 kernel: osc_thread_kmem &#160; &#160; &#160; &#160;15977KB &#160; &#160; &#160;17545KB&lt;br/&gt;
Jun 23 18:12:28 client213 kernel: osc_object_kmem &#160; &#160; &#160; &#160; 3904KB &#160; &#160; &#160; 4382KB&lt;br/&gt;
Jun 23 18:12:28 client213 kernel: osc_lock_kmem &#160; &#160; &#160; &#160; &#160; 2016KB &#160; &#160; &#160; 2016KB&lt;br/&gt;
Jun 23 18:12:28 client213 kernel: interval_tree &#160; &#160; &#160; &#160; &#160;10856KB &#160; &#160; &#160;10912KB&lt;br/&gt;
Jun 23 18:12:28 client213 kernel: interval_node &#160; &#160; &#160; &#160; &#160; 9984KB &#160; &#160; &#160;10000KB&lt;br/&gt;
Jun 23 18:12:28 client213 kernel: ldlm_locks &#160; &#160; &#160; &#160; &#160; &#160; 28081KB &#160; &#160; &#160;28094KB&lt;br/&gt;
Jun 23 18:12:28 client213 kernel: ldlm_resources &#160; &#160; &#160; &#160; &#160;9880KB &#160; &#160; &#160; 9918KB&lt;br/&gt;
Jun 23 18:12:28 client213 kernel: lnet_msg &#160; &#160; &#160; &#160; &#160; &#160; &#160; &#160;9526KB &#160; &#160; &#160; 9526KB&lt;br/&gt;
Jun 23 18:12:28 client213 kernel: lnet_rspt &#160; &#160; &#160; &#160; &#160; &#160; &#160; &#160; &#160;3KB &#160; &#160; &#160; &#160; &#160;3KB&lt;br/&gt;
Jun 23 18:12:28 client213 kernel: lnet_small_MDs &#160; &#160; &#160; &#160; &#160;9562KB &#160; &#160; &#160; 9562KB&lt;br/&gt;
Jun 23 18:12:28 client213 kernel: lnet_MEs &#160; &#160; &#160; &#160; &#160; &#160; &#160; &#160;4012KB &#160; &#160; &#160; 4012KB&lt;br/&gt;
Jun 23 18:12:28 client213 kernel: ptlrpc_cache &#160; &#160; &#160; &#160; &#160; 14871KB &#160; &#160; &#160;15108KB&lt;br/&gt;
Jun 23 18:12:28 client213 kernel: cl_sub_dio_kmem &#160; &#160; &#160; &#160; 1043KB &#160; &#160; &#160; 1043KB&lt;br/&gt;
Jun 23 18:12:28 client213 kernel: cl_dio_aio_kmem &#160; &#160; &#160; &#160; &#160;545KB &#160; &#160; &#160; &#160;545KB&lt;br/&gt;
Jun 23 18:12:28 client213 kernel: cl_env_kmem &#160; &#160; &#160; &#160; &#160; &#160;11242KB &#160; &#160; &#160;11265KB&lt;br/&gt;
Jun 23 18:12:28 client213 kernel: ll_obd_dev_cache &#160; &#160; &#160; &#160; 362KB &#160; &#160; &#160; &#160;362KB&lt;br/&gt;
Jun 23 18:12:28 client213 kernel: rpc_buffers &#160; &#160; &#160; &#160; &#160; &#160; &#160; 32KB &#160; &#160; &#160; &#160; 32KB&lt;br/&gt;
Jun 23 18:12:28 client213 kernel: rpc_tasks &#160; &#160; &#160; &#160; &#160; &#160; &#160; &#160; 16KB &#160; &#160; &#160; &#160; 16KB&lt;br/&gt;
Jun 23 18:12:28 client213 kernel: ext4_system_zone &#160; &#160; &#160; &#160; &#160;91KB &#160; &#160; &#160; &#160; 91KB&lt;br/&gt;
Jun 23 18:12:28 client213 kernel: ext4_io_end_vec &#160; &#160; &#160; &#160; 1884KB &#160; &#160; &#160; 1892KB&lt;br/&gt;
Jun 23 18:12:28 client213 kernel: ext4_bio_post_read_ctx &#160; &#160; &#160; &#160; &#160;7KB &#160; &#160; &#160; &#160; &#160;7KB&lt;br/&gt;
Jun 23 18:12:28 client213 kernel: jbd2_inode &#160; &#160; &#160; &#160; &#160; &#160; &#160;6500KB &#160; &#160; &#160; 6532KB&lt;br/&gt;
Jun 23 18:12:28 client213 kernel: bio-168 &#160; &#160; &#160; &#160; &#160; &#160; &#160; &#160; &#160; 15KB &#160; &#160; &#160; &#160; 15KB&lt;br/&gt;
Jun 23 18:12:28 client213 kernel: bio-232 &#160; &#160; &#160; &#160; &#160; &#160; &#160; &#160;22816KB &#160; &#160; &#160;22896KB&lt;br/&gt;
Jun 23 18:12:28 client213 kernel: ioat &#160; &#160; &#160; &#160; &#160; &#160; &#160; &#160; &#160; &#160; 512KB &#160; &#160; &#160; &#160;592KB&lt;br/&gt;
Jun 23 18:12:28 client213 kernel: xfs_efi_item &#160; &#160; &#160; &#160; &#160; &#160;2029KB &#160; &#160; &#160; 2029KB&lt;br/&gt;
Jun 23 18:12:28 client213 kernel: xfs_efd_item &#160; &#160; &#160; &#160; &#160; &#160;2013KB &#160; &#160; &#160; 2013KB&lt;br/&gt;
Jun 23 18:12:28 client213 kernel: xfs_buf_item &#160; &#160; &#160; &#160; &#160; &#160;2046KB &#160; &#160; &#160; 2046KB&lt;br/&gt;
Jun 23 18:12:28 client213 kernel: xfs_trans &#160; &#160; &#160; &#160; &#160; &#160; &#160; 2030KB &#160; &#160; &#160; 2030KB&lt;br/&gt;
Jun 23 18:12:28 client213 kernel: xfs_ifork &#160; &#160; &#160; &#160; &#160; &#160; &#160; 1820KB &#160; &#160; &#160; 1840KB&lt;br/&gt;
Jun 23 18:12:28 client213 kernel: xfs_da_state &#160; &#160; &#160; &#160; &#160; &#160;4080KB &#160; &#160; &#160; 4080KB&lt;br/&gt;
Jun 23 18:12:28 client213 kernel: xfs_btree_cur &#160; &#160; &#160; &#160; &#160; 1008KB &#160; &#160; &#160; 1008KB&lt;br/&gt;
Jun 23 18:12:28 client213 kernel: xfs_bmap_free_item &#160; &#160; &#160; &#160;511KB &#160; &#160; &#160; &#160;511KB&lt;br/&gt;
Jun 23 18:12:29 client213 kernel: xfs_log_ticket &#160; &#160; &#160; &#160; &#160;1012KB &#160; &#160; &#160; 1012KB&lt;br/&gt;
Jun 23 18:12:29 client213 kernel: sd_ext_cdb &#160; &#160; &#160; &#160; &#160; &#160; &#160; &#160; 4KB &#160; &#160; &#160; &#160; &#160;4KB&lt;br/&gt;
Jun 23 18:12:29 client213 kernel: fs_ftes_0000:98:00.1 &#160; &#160; &#160; &#160; 63KB &#160; &#160; &#160; &#160; 63KB&lt;br/&gt;
Jun 23 18:12:29 client213 kernel: fs_fgs_0000:98:00.1 &#160; &#160; &#160; &#160; 31KB &#160; &#160; &#160; &#160; 31KB&lt;br/&gt;
Jun 23 18:12:29 client213 kernel: fs_ftes_0000:98:00.0 &#160; &#160; &#160; &#160; 63KB &#160; &#160; &#160; &#160; 63KB&lt;br/&gt;
Jun 23 18:12:29 client213 kernel: fs_fgs_0000:98:00.0 &#160; &#160; &#160; &#160; 31KB &#160; &#160; &#160; &#160; 31KB&lt;br/&gt;
Jun 23 18:12:29 client213 kernel: fs_ftes_0000:31:00.1 &#160; &#160; &#160; &#160; 63KB &#160; &#160; &#160; &#160; 63KB&lt;br/&gt;
Jun 23 18:12:29 client213 kernel: fs_fgs_0000:31:00.1 &#160; &#160; &#160; &#160; 31KB &#160; &#160; &#160; &#160; 31KB&lt;br/&gt;
Jun 23 18:12:29 client213 kernel: fs_ftes_0000:31:00.0 &#160; &#160; &#160; &#160;158KB &#160; &#160; &#160; &#160;158KB&lt;br/&gt;
Jun 23 18:12:29 client213 kernel: fs_fgs_0000:31:00.0 &#160; &#160; &#160; &#160; 63KB &#160; &#160; &#160; &#160; 63KB&lt;br/&gt;
Jun 23 18:12:29 client213 kernel: scsi_sense_cache &#160; &#160; &#160; 28056KB &#160; &#160; &#160;28056KB&lt;br/&gt;
Jun 23 18:12:29 client213 kernel: bio-120 &#160; &#160; &#160; &#160; &#160; &#160; &#160; &#160;14928KB &#160; &#160; &#160;14928KB&lt;br/&gt;
Jun 23 18:12:29 client213 kernel: fib6_nodes &#160; &#160; &#160; &#160; &#160; &#160; &#160; 428KB &#160; &#160; &#160; &#160;428KB&lt;br/&gt;
Jun 23 18:12:29 client213 kernel: ip6_dst_cache &#160; &#160; &#160; &#160; &#160; 2048KB &#160; &#160; &#160; 2048KB&lt;br/&gt;
Jun 23 18:12:29 client213 kernel: RAWv6 &#160; &#160; &#160; &#160; &#160; &#160; &#160; &#160; &#160; 9324KB &#160; &#160; &#160; 9324KB&lt;br/&gt;
Jun 23 18:12:29 client213 kernel: UDPv6 &#160; &#160; &#160; &#160; &#160; &#160; &#160; &#160; &#160; 4032KB &#160; &#160; &#160; 4032KB&lt;br/&gt;
Jun 23 18:12:29 client213 kernel: tw_sock_TCPv6 &#160; &#160; &#160; &#160; &#160; 2046KB &#160; &#160; &#160; 2046KB&lt;br/&gt;
Jun 23 18:12:29 client213 kernel: TCPv6 &#160; &#160; &#160; &#160; &#160; &#160; &#160; &#160; &#160; 3952KB &#160; &#160; &#160; 3952KB&lt;br/&gt;
Jun 23 18:12:29 client213 kernel: sgpool-128 &#160; &#160; &#160; &#160; &#160; &#160; &#160; &#160;32KB &#160; &#160; &#160; &#160; 32KB&lt;br/&gt;
Jun 23 18:12:29 client213 kernel: sgpool-64 &#160; &#160; &#160; &#160; &#160; &#160; &#160; &#160; 64KB &#160; &#160; &#160; &#160; 64KB&lt;br/&gt;
Jun 23 18:12:29 client213 kernel: sgpool-32 &#160; &#160; &#160; &#160; &#160; &#160; &#160; 4096KB &#160; &#160; &#160; 4096KB&lt;br/&gt;
Jun 23 18:12:29 client213 kernel: sgpool-16 &#160; &#160; &#160; &#160; &#160; &#160; &#160; 4096KB &#160; &#160; &#160; 4096KB&lt;br/&gt;
Jun 23 18:12:29 client213 kernel: sgpool-8 &#160; &#160; &#160; &#160; &#160; &#160; &#160; &#160;2048KB &#160; &#160; &#160; 2048KB&lt;br/&gt;
Jun 23 18:12:29 client213 kernel: bio-208 &#160; &#160; &#160; &#160; &#160; &#160; &#160; &#160; &#160;112KB &#160; &#160; &#160; &#160;112KB&lt;br/&gt;
Jun 23 18:12:29 client213 kernel: mqueue_inode_cache &#160; &#160; &#160; &#160; 31KB &#160; &#160; &#160; &#160; 31KB&lt;br/&gt;
Jun 23 18:12:29 client213 kernel: kioctx &#160; &#160; &#160; &#160; &#160; &#160; &#160; &#160; &#160; 189KB &#160; &#160; &#160; &#160;189KB&lt;br/&gt;
Jun 23 18:12:29 client213 kernel: aio_kiocb &#160; &#160; &#160; &#160; &#160; &#160; &#160; &#160; 47KB &#160; &#160; &#160; &#160; 47KB&lt;br/&gt;
Jun 23 18:12:29 client213 kernel: audit_tree_mark &#160; &#160; &#160; &#160; &#160; &#160;3KB &#160; &#160; &#160; &#160; &#160;3KB&lt;br/&gt;
Jun 23 18:12:29 client213 kernel: posix_timers_cache &#160; &#160; &#160; 2048KB &#160; &#160; &#160; 2048KB&lt;br/&gt;
Jun 23 18:12:29 client213 kernel: UNIX-STREAM &#160; &#160; &#160; &#160; &#160; &#160; 4080KB &#160; &#160; &#160; 4080KB&lt;br/&gt;
Jun 23 18:12:29 client213 kernel: UNIX &#160; &#160; &#160; &#160; &#160; &#160; &#160; &#160; &#160; &#160;4080KB &#160; &#160; &#160; 4080KB&lt;br/&gt;
Jun 23 18:12:29 client213 kernel: tcp_bind_bucket &#160; &#160; &#160; &#160; 1024KB &#160; &#160; &#160; 1024KB&lt;br/&gt;
Jun 23 18:12:29 client213 kernel: ip_fib_trie &#160; &#160; &#160; &#160; &#160; &#160; &#160;195KB &#160; &#160; &#160; &#160;195KB&lt;br/&gt;
Jun 23 18:12:29 client213 kernel: ip_fib_alias &#160; &#160; &#160; &#160; &#160; &#160; 195KB &#160; &#160; &#160; &#160;195KB&lt;br/&gt;
Jun 23 18:12:29 client213 kernel: ip_dst_cache &#160; &#160; &#160; &#160; &#160; &#160;1008KB &#160; &#160; &#160; 1008KB&lt;br/&gt;
Jun 23 18:12:29 client213 kernel: RAW &#160; &#160; &#160; &#160; &#160; &#160; &#160; &#160; &#160; &#160; 5280KB &#160; &#160; &#160; 5280KB&lt;br/&gt;
Jun 23 18:12:29 client213 kernel: UDP &#160; &#160; &#160; &#160; &#160; &#160; &#160; &#160; &#160; &#160; 4032KB &#160; &#160; &#160; 4032KB&lt;br/&gt;
Jun 23 18:12:29 client213 kernel: tw_sock_TCP &#160; &#160; &#160; &#160; &#160; &#160; 2046KB &#160; &#160; &#160; 2046KB&lt;br/&gt;
Jun 23 18:12:29 client213 kernel: request_sock_TCP &#160; &#160; &#160; &#160;2014KB &#160; &#160; &#160; 2014KB&lt;br/&gt;
Jun 23 18:12:29 client213 kernel: TCP &#160; &#160; &#160; &#160; &#160; &#160; &#160; &#160; &#160; &#160; 4032KB &#160; &#160; &#160; 4032KB&lt;br/&gt;
Jun 23 18:12:29 client213 kernel: hugetlbfs_inode_cache &#160; &#160; &#160; &#160; 63KB &#160; &#160; &#160; &#160; 63KB&lt;br/&gt;
Jun 23 18:12:29 client213 kernel: bio-240 &#160; &#160; &#160; &#160; &#160; &#160; &#160; &#160; 2064KB &#160; &#160; &#160; 2064KB&lt;br/&gt;
Jun 23 18:12:29 client213 kernel: ep_head &#160; &#160; &#160; &#160; &#160; &#160; &#160; &#160; &#160;512KB &#160; &#160; &#160; &#160;512KB&lt;br/&gt;
Jun 23 18:12:29 client213 kernel: eventpoll_pwq &#160; &#160; &#160; &#160; &#160; &#160;512KB &#160; &#160; &#160; &#160;512KB&lt;br/&gt;
Jun 23 18:12:29 client213 kernel: eventpoll_epi &#160; &#160; &#160; &#160; &#160; 1040KB &#160; &#160; &#160; 1040KB&lt;br/&gt;
Jun 23 18:12:29 client213 kernel: inotify_inode_mark &#160; &#160; &#160; &#160;175KB &#160; &#160; &#160; &#160;175KB&lt;br/&gt;
Jun 23 18:12:29 client213 kernel: request_queue &#160; &#160; &#160; &#160; &#160; &#160;590KB &#160; &#160; &#160; &#160;683KB&lt;br/&gt;
Jun 23 18:12:29 client213 kernel: blkdev_ioc &#160; &#160; &#160; &#160; &#160; &#160; &#160; 506KB &#160; &#160; &#160; &#160;506KB&lt;br/&gt;
Jun 23 18:12:29 client213 kernel: bio-184 &#160; &#160; &#160; &#160; &#160; &#160; &#160; &#160;12938KB &#160; &#160; &#160;12938KB&lt;br/&gt;
Jun 23 18:12:29 client213 kernel: biovec-max &#160; &#160; &#160; &#160; &#160; &#160; 10480KB &#160; &#160; &#160;10624KB&lt;br/&gt;
Jun 23 18:12:29 client213 kernel: biovec-128 &#160; &#160; &#160; &#160; &#160; &#160; &#160; &#160;32KB &#160; &#160; &#160; &#160; 32KB&lt;br/&gt;
Jun 23 18:12:29 client213 kernel: biovec-64 &#160; &#160; &#160; &#160; &#160; &#160; &#160; 4096KB &#160; &#160; &#160; 4096KB&lt;br/&gt;
Jun 23 18:12:29 client213 kernel: biovec-16 &#160; &#160; &#160; &#160; &#160; &#160; &#160; 2048KB &#160; &#160; &#160; 2048KB&lt;br/&gt;
Jun 23 18:12:29 client213 kernel: bio_integrity_payload &#160; &#160; &#160; &#160; &#160;7KB &#160; &#160; &#160; &#160; &#160;7KB&lt;br/&gt;
Jun 23 18:12:29 client213 kernel: uid_cache &#160; &#160; &#160; &#160; &#160; &#160; &#160; &#160;401KB &#160; &#160; &#160; &#160;401KB&lt;br/&gt;
Jun 23 18:12:29 client213 kernel: dmaengine-unmap-256 &#160; &#160; &#160; &#160; 30KB &#160; &#160; &#160; &#160; 30KB&lt;br/&gt;
Jun 23 18:12:29 client213 kernel: dmaengine-unmap-128 &#160; &#160; &#160; &#160; 31KB &#160; &#160; &#160; &#160; 31KB&lt;br/&gt;
Jun 23 18:12:29 client213 kernel: dmaengine-unmap-16 &#160; &#160; &#160; &#160; &#160;7KB &#160; &#160; &#160; &#160; &#160;7KB&lt;br/&gt;
Jun 23 18:12:29 client213 kernel: dmaengine-unmap-2 &#160; &#160; &#160; &#160; &#160;4KB &#160; &#160; &#160; &#160; &#160;4KB&lt;br/&gt;
Jun 23 18:12:29 client213 kernel: audit_buffer &#160; &#160; &#160; &#160; &#160; &#160; 510KB &#160; &#160; &#160; &#160;510KB&lt;br/&gt;
Jun 23 18:12:29 client213 kernel: skbuff_fclone_cache &#160; &#160; &#160; 8960KB &#160; &#160; &#160; 8960KB&lt;br/&gt;
Jun 23 18:12:29 client213 kernel: skbuff_head_cache &#160; &#160; &#160;14560KB &#160; &#160; &#160;14640KB&lt;br/&gt;
Jun 23 18:12:29 client213 kernel: configfs_dir_cache &#160; &#160; &#160; &#160; &#160;3KB &#160; &#160; &#160; &#160; &#160;3KB&lt;br/&gt;
Jun 23 18:12:29 client213 kernel: file_lock_cache &#160; &#160; &#160; &#160; &#160;999KB &#160; &#160; &#160; &#160;999KB&lt;br/&gt;
Jun 23 18:12:29 client213 kernel: file_lock_ctx &#160; &#160; &#160; &#160; &#160; &#160;431KB &#160; &#160; &#160; &#160;431KB&lt;br/&gt;
Jun 23 18:12:29 client213 kernel: fsnotify_mark_connector &#160; &#160; &#160; &#160;148KB &#160; &#160; &#160; &#160;148KB&lt;br/&gt;
Jun 23 18:12:29 client213 kernel: taskstats &#160; &#160; &#160; &#160; &#160; &#160; &#160; 2024KB &#160; &#160; &#160; 2024KB&lt;br/&gt;
Jun 23 18:12:29 client213 kernel: proc_dir_entry &#160; &#160; &#160; &#160; &#160;3079KB &#160; &#160; &#160; 3079KB&lt;br/&gt;
Jun 23 18:12:29 client213 kernel: pde_opener &#160; &#160; &#160; &#160; &#160; &#160; &#160; 510KB &#160; &#160; &#160; &#160;510KB&lt;br/&gt;
Jun 23 18:12:29 client213 kernel: seq_file &#160; &#160; &#160; &#160; &#160; &#160; &#160; &#160;1020KB &#160; &#160; &#160; 1020KB&lt;br/&gt;
Jun 23 18:12:29 client213 kernel: sigqueue &#160; &#160; &#160; &#160; &#160; &#160; &#160; &#160; 510KB &#160; &#160; &#160; &#160;510KB&lt;br/&gt;
Jun 23 18:12:29 client213 kernel: shmem_inode_cache &#160; &#160; &#160; 5850KB &#160; &#160; &#160; 5850KB&lt;br/&gt;
Jun 23 18:12:29 client213 kernel: kernfs_iattrs_cache &#160; &#160; &#160; &#160;506KB &#160; &#160; &#160; &#160;506KB&lt;br/&gt;
Jun 23 18:12:29 client213 kernel: kernfs_node_cache &#160; &#160; &#160;25902KB &#160; &#160; &#160;25920KB&lt;br/&gt;
Jun 23 18:12:29 client213 kernel: mnt_cache &#160; &#160; &#160; &#160; &#160; &#160; &#160; 2295KB &#160; &#160; &#160; 2295KB&lt;br/&gt;
Jun 23 18:12:29 client213 kernel: filp &#160; &#160; &#160; &#160; &#160; &#160; &#160; &#160; &#160; 15732KB &#160; &#160; &#160;15824KB&lt;br/&gt;
Jun 23 18:12:29 client213 kernel: names_cache &#160; &#160; &#160; &#160; &#160; &#160; 9600KB &#160; &#160; &#160; 9664KB&lt;br/&gt;
Jun 23 18:12:29 client213 kernel: net_namespace &#160; &#160; &#160; &#160; &#160; 1251KB &#160; &#160; &#160; 1251KB&lt;br/&gt;
Jun 23 18:12:29 client213 kernel: hashtab_node &#160; &#160; &#160; &#160; &#160; &#160; 418KB &#160; &#160; &#160; &#160;418KB&lt;br/&gt;
Jun 23 18:12:29 client213 kernel: ebitmap_node &#160; &#160; &#160; &#160; &#160; &#160;3260KB &#160; &#160; &#160; 3260KB&lt;br/&gt;
Jun 23 18:12:29 client213 kernel: avtab_node &#160; &#160; &#160; &#160; &#160; &#160; &#160;2139KB &#160; &#160; &#160; 2139KB&lt;br/&gt;
Jun 23 18:12:29 client213 kernel: avc_node &#160; &#160; &#160; &#160; &#160; &#160; &#160; &#160;1145KB &#160; &#160; &#160; 1145KB&lt;br/&gt;
Jun 23 18:12:29 client213 kernel: lsm_inode_cache &#160; &#160; &#160; &#160; 6626KB &#160; &#160; &#160; 7360KB&lt;br/&gt;
Jun 23 18:12:29 client213 kernel: lsm_file_cache &#160; &#160; &#160; &#160; &#160; 516KB &#160; &#160; &#160; &#160;516KB&lt;br/&gt;
Jun 23 18:12:29 client213 kernel: key_jar &#160; &#160; &#160; &#160; &#160; &#160; &#160; &#160; 2048KB &#160; &#160; &#160; 2048KB&lt;br/&gt;
Jun 23 18:12:29 client213 kernel: uts_namespace &#160; &#160; &#160; &#160; &#160; &#160; 62KB &#160; &#160; &#160; &#160; 62KB&lt;br/&gt;
Jun 23 18:12:29 client213 kernel: nsproxy &#160; &#160; &#160; &#160; &#160; &#160; &#160; &#160; &#160;216KB &#160; &#160; &#160; &#160;216KB&lt;br/&gt;
Jun 23 18:12:29 client213 kernel: vm_area_struct &#160; &#160; &#160; &#160; 13343KB &#160; &#160; &#160;13343KB&lt;br/&gt;
Jun 23 18:12:29 client213 kernel: fs_cache &#160; &#160; &#160; &#160; &#160; &#160; &#160; &#160; 532KB &#160; &#160; &#160; &#160;532KB&lt;br/&gt;
Jun 23 18:12:29 client213 kernel: files_cache &#160; &#160; &#160; &#160; &#160; &#160; 4269KB &#160; &#160; &#160; 4269KB&lt;br/&gt;
Jun 23 18:12:29 client213 kernel: signal_cache &#160; &#160; &#160; &#160; &#160; 13072KB &#160; &#160; &#160;13104KB&lt;br/&gt;
Jun 23 18:12:29 client213 kernel: sighand_cache &#160; &#160; &#160; &#160; &#160;14697KB &#160; &#160; &#160;14757KB&lt;br/&gt;
Jun 23 18:12:29 client213 kernel: task_struct &#160; &#160; &#160; &#160; &#160; &#160;38964KB &#160; &#160; &#160;39128KB&lt;br/&gt;
Jun 23 18:12:29 client213 kernel: cred_jar &#160; &#160; &#160; &#160; &#160; &#160; &#160; &#160;3417KB &#160; &#160; &#160; 3417KB&lt;br/&gt;
Jun 23 18:12:29 client213 kernel: anon_vma_chain &#160; &#160; &#160; &#160; &#160;5992KB &#160; &#160; &#160; 6012KB&lt;br/&gt;
Jun 23 18:12:29 client213 kernel: anon_vma &#160; &#160; &#160; &#160; &#160; &#160; &#160; &#160;5786KB &#160; &#160; &#160; 5790KB&lt;br/&gt;
Jun 23 18:12:29 client213 kernel: pid &#160; &#160; &#160; &#160; &#160; &#160; &#160; &#160; &#160; &#160;11632KB &#160; &#160; &#160;11720KB&lt;br/&gt;
Jun 23 18:12:29 client213 kernel: Acpi-Operand &#160; &#160; &#160; &#160; &#160; 34354KB &#160; &#160; &#160;34354KB&lt;br/&gt;
Jun 23 18:12:29 client213 kernel: Acpi-ParseExt &#160; &#160; &#160; &#160; &#160; &#160; 75KB &#160; &#160; &#160; &#160; 75KB&lt;br/&gt;
Jun 23 18:12:29 client213 kernel: Acpi-Parse &#160; &#160; &#160; &#160; &#160; &#160; &#160; &#160;75KB &#160; &#160; &#160; &#160; 75KB&lt;br/&gt;
Jun 23 18:12:29 client213 kernel: Acpi-State &#160; &#160; &#160; &#160; &#160; &#160; &#160; &#160;75KB &#160; &#160; &#160; &#160; 75KB&lt;br/&gt;
Jun 23 18:12:29 client213 kernel: Acpi-Namespace &#160; &#160; &#160; &#160; &#160;2633KB &#160; &#160; &#160; 2633KB&lt;br/&gt;
Jun 23 18:12:29 client213 kernel: numa_policy &#160; &#160; &#160; &#160; &#160; &#160; &#160; 47KB &#160; &#160; &#160; &#160; 47KB&lt;br/&gt;
Jun 23 18:12:29 client213 kernel: perf_event &#160; &#160; &#160; &#160; &#160; &#160; &#160;4077KB &#160; &#160; &#160; 4077KB&lt;br/&gt;
Jun 23 18:12:29 client213 kernel: trace_event_file &#160; &#160; &#160; &#160; 253KB &#160; &#160; &#160; &#160;253KB&lt;br/&gt;
Jun 23 18:12:29 client213 kernel: ftrace_event_field &#160; &#160; &#160; &#160;294KB &#160; &#160; &#160; &#160;294KB&lt;br/&gt;
Jun 23 18:12:29 client213 kernel: pool_workqueue &#160; &#160; &#160; &#160; &#160; 352KB &#160; &#160; &#160; &#160;368KB&lt;br/&gt;
Jun 23 18:12:29 client213 kernel: task_group &#160; &#160; &#160; &#160; &#160; &#160; &#160;4032KB &#160; &#160; &#160; 4032KB&lt;br/&gt;
Jun 23 18:12:29 client213 kernel: mm_struct &#160; &#160; &#160; &#160; &#160; &#160; &#160; 4335KB &#160; &#160; &#160; 4335KB&lt;br/&gt;
Jun 23 18:12:29 client213 kernel: vmap_area &#160; &#160; &#160; &#160; &#160; &#160; &#160; 1426KB &#160; &#160; &#160; 1568KB&lt;br/&gt;
Jun 23 18:12:30 client213 kernel: kmalloc-cg-8k &#160; &#160; &#160; &#160; &#160; 4096KB &#160; &#160; &#160; 4096KB&lt;br/&gt;
Jun 23 18:12:30 client213 kernel: kmalloc-cg-4k &#160; &#160; &#160; &#160; &#160; 7552KB &#160; &#160; &#160; 7936KB&lt;br/&gt;
Jun 23 18:12:30 client213 kernel: kmalloc-cg-2k &#160; &#160; &#160; &#160; &#160; 4704KB &#160; &#160; &#160; 4704KB&lt;br/&gt;
Jun 23 18:12:30 client213 kernel: kmalloc-cg-1k &#160; &#160; &#160; &#160; &#160; 5728KB &#160; &#160; &#160; 5728KB&lt;br/&gt;
Jun 23 18:12:30 client213 kernel: kmalloc-cg-512 &#160; &#160; &#160; &#160; 26752KB &#160; &#160; &#160;26912KB&lt;br/&gt;
Jun 23 18:12:30 client213 kernel: kmalloc-cg-256 &#160; &#160; &#160; &#160; &#160;1360KB &#160; &#160; &#160; 1360KB&lt;br/&gt;
Jun 23 18:12:30 client213 kernel: kmalloc-cg-192 &#160; &#160; &#160; &#160; &#160;1008KB &#160; &#160; &#160; 1008KB&lt;br/&gt;
Jun 23 18:12:30 client213 kernel: kmalloc-cg-128 &#160; &#160; &#160; &#160; &#160;1024KB &#160; &#160; &#160; 1024KB&lt;br/&gt;
Jun 23 18:12:30 client213 kernel: kmalloc-cg-96 &#160; &#160; &#160; &#160; &#160; &#160;504KB &#160; &#160; &#160; &#160;504KB&lt;br/&gt;
Jun 23 18:12:30 client213 kernel: kmalloc-cg-64 &#160; &#160; &#160; &#160; &#160; &#160;512KB &#160; &#160; &#160; &#160;512KB&lt;br/&gt;
Jun 23 18:12:30 client213 kernel: kmalloc-cg-32 &#160; &#160; &#160; &#160; &#160; &#160;568KB &#160; &#160; &#160; &#160;568KB&lt;br/&gt;
Jun 23 18:12:30 client213 kernel: kmalloc-cg-16 &#160; &#160; &#160; &#160; &#160; &#160;512KB &#160; &#160; &#160; &#160;512KB&lt;br/&gt;
Jun 23 18:12:30 client213 kernel: kmalloc-cg-8 &#160; &#160; &#160; &#160; &#160; &#160; 512KB &#160; &#160; &#160; &#160;512KB&lt;br/&gt;
Jun 23 18:12:30 client213 kernel: kmalloc-8k &#160; &#160; &#160; &#160; &#160; &#160;130304KB &#160; &#160; 156960KB&lt;br/&gt;
Jun 23 18:12:30 client213 kernel: kmalloc-4k &#160; &#160; &#160; &#160; &#160; &#160; 26024KB &#160; &#160; &#160;26444KB&lt;br/&gt;
Jun 23 18:12:30 client213 kernel: kmalloc-2k &#160; &#160; &#160; &#160; &#160; &#160; 22350KB &#160; &#160; &#160;23944KB&lt;br/&gt;
Jun 23 18:12:30 client213 kernel: kmalloc-1k &#160; &#160; &#160; &#160; &#160; &#160; 48012KB &#160; &#160; &#160;73184KB&lt;br/&gt;
Jun 23 18:12:30 client213 kernel: kmalloc-512 &#160; &#160; &#160; &#160; &#160; &#160;44522KB &#160; &#160; 260544KB&lt;br/&gt;
Jun 23 18:12:30 client213 kernel: kmalloc-256 &#160; &#160; &#160; &#160; &#160; &#160;18632KB &#160; &#160; &#160;18720KB&lt;br/&gt;
Jun 23 18:12:30 client213 kernel: kmalloc-192 &#160; &#160; &#160; &#160; &#160; &#160; 5745KB &#160; &#160; &#160; 7008KB&lt;br/&gt;
Jun 23 18:12:30 client213 kernel: kmalloc-128 &#160; &#160; &#160; &#160; &#160; &#160; 6915KB &#160; &#160; &#160; 7660KB&lt;br/&gt;
Jun 23 18:12:30 client213 kernel: kmalloc-96 &#160; &#160; &#160; &#160; &#160; &#160; 14678KB &#160; &#160; &#160;14923KB&lt;br/&gt;
&lt;b&gt;Jun 23 18:12:30 client213 kernel: kmalloc-64 &#160; &#160; &#160; &#160; 378646970KB &#160;378654316KB&lt;/b&gt;&lt;br/&gt;
Jun 23 18:12:30 client213 kernel: kmalloc-32 &#160; &#160; &#160; &#160; &#160; &#160; &#160;9460KB &#160; &#160; &#160;10308KB&lt;br/&gt;
Jun 23 18:12:30 client213 kernel: kmalloc-16 &#160; &#160; &#160; &#160; &#160; &#160; &#160;4902KB &#160; &#160; &#160; 4924KB&lt;br/&gt;
Jun 23 18:12:30 client213 kernel: kmalloc-8 &#160; &#160; &#160; &#160; &#160; &#160; &#160; 6365KB &#160; &#160; &#160; 6412KB&lt;br/&gt;
Jun 23 18:12:30 client213 kernel: kmem_cache_node &#160; &#160; &#160; &#160; &#160; 91KB &#160; &#160; &#160; &#160; 92KB&lt;br/&gt;
Jun 23 18:12:30 client213 kernel: kmem_cache &#160; &#160; &#160; &#160; &#160; &#160; &#160; 288KB &#160; &#160; &#160; &#160;288KB&lt;br/&gt;
Jun 23 18:12:30 client213 kernel: Tasks state (memory values in pages):&lt;br/&gt;
Jun 23 18:12:30 client213 kernel: [ &#160;pid &#160;] &#160; uid &#160;tgid total_vm &#160; &#160; &#160;rss pgtables_bytes swapents oom_score_adj name&lt;br/&gt;
Jun 23 18:12:30 client213 kernel: [ &#160; 1781] &#160; &#160; 0 &#160;1781 &#160; &#160;40371 &#160; &#160; &#160;544 &#160; 352256 &#160; &#160; &#160; &#160;0 &#160; &#160; &#160; &#160; &#160;-250 systemd-journal&lt;br/&gt;
Jun 23 18:12:30 client213 kernel: [ &#160; 1806] &#160; &#160; 0 &#160;1806 &#160; &#160; 8666 &#160; &#160; &#160;989 &#160; &#160;86016 &#160; &#160; &#160; &#160;0 &#160; &#160; &#160; &#160; -1000 systemd-udevd&lt;br/&gt;
Jun 23 18:12:30 client213 kernel: [ &#160; 1994] &#160; &#160; 0 &#160;1994 &#160; &#160; 1627 &#160; &#160; &#160; 62 &#160; &#160;53248 &#160; &#160; &#160; &#160;0 &#160; &#160; &#160; &#160; &#160; &#160; 0 rdma-ndd&lt;br/&gt;
Jun 23 18:12:30 client213 kernel: [ &#160; 2537] &#160; &#160; 0 &#160;2537 &#160; &#160;22996 &#160; &#160; &#160;241 &#160; &#160;69632 &#160; &#160; &#160; &#160;0 &#160; &#160; &#160; &#160; -1000 auditd&lt;br/&gt;
Jun 23 18:12:30 client213 kernel: [ &#160; 2539] &#160; &#160; 0 &#160;2539 &#160; &#160; 1961 &#160; &#160; &#160; 85 &#160; &#160;57344 &#160; &#160; &#160; &#160;0 &#160; &#160; &#160; &#160; &#160; &#160; 0 sedispatch&lt;br/&gt;
Jun 23 18:12:30 client213 kernel: [ &#160; 2563] &#160; &#160; 0 &#160;2563 &#160; &#160;63738 &#160; &#160; &#160;808 &#160; 131072 &#160; &#160; &#160; &#160;0 &#160; &#160; &#160; &#160; &#160; &#160; 0 NetworkManager&lt;br/&gt;
Jun 23 18:12:30 client213 kernel: [ &#160; 2567] &#160; &#160; 0 &#160;2567 &#160; &#160;20241 &#160; &#160; &#160;530 &#160; &#160;61440 &#160; &#160; &#160; &#160;0 &#160; &#160; &#160; &#160; &#160; &#160; 0 irqbalance&lt;br/&gt;
Jun 23 18:12:30 client213 kernel: [ &#160; 2568] &#160; 997 &#160;2568 &#160; &#160; &#160;690 &#160; &#160; &#160; 45 &#160; &#160;40960 &#160; &#160; &#160; &#160;0 &#160; &#160; &#160; &#160; &#160; &#160; 0 lsmd&lt;br/&gt;
Jun 23 18:12:30 client213 kernel: [ &#160; 2569] &#160; &#160; 0 &#160;2569 &#160; &#160; &#160;712 &#160; &#160; &#160; 43 &#160; &#160;45056 &#160; &#160; &#160; &#160;0 &#160; &#160; &#160; &#160; &#160; &#160; 0 mcelog&lt;br/&gt;
Jun 23 18:12:30 client213 kernel: [ &#160; 2570] &#160; &#160; 0 &#160;2570 &#160; 168974 &#160; &#160; &#160;441 &#160; 860160 &#160; &#160; &#160; &#160;0 &#160; &#160; &#160; &#160; &#160; &#160; 0 rsyslogd&lt;br/&gt;
Jun 23 18:12:30 client213 kernel: [ &#160; 2571] &#160; &#160; 0 &#160;2571 &#160; &#160; 2967 &#160; &#160; &#160;377 &#160; &#160;65536 &#160; &#160; &#160; &#160;0 &#160; &#160; &#160; &#160; &#160; &#160; 0 smartd&lt;br/&gt;
Jun 23 18:12:31 client213 kernel: [ &#160; 2574] &#160; 991 &#160;2574 &#160; &#160;21109 &#160; &#160; &#160;163 &#160; &#160;61440 &#160; &#160; &#160; &#160;0 &#160; &#160; &#160; &#160; &#160; &#160; 0 chronyd&lt;br/&gt;
Jun 23 18:12:31 client213 kernel: [ &#160; 2579] &#160; &#160; 0 &#160;2579 &#160; &#160; 5113 &#160; &#160; &#160;655 &#160; &#160;90112 &#160; &#160; &#160; &#160;0 &#160; &#160; &#160; &#160; &#160; &#160; 0 systemd-logind&lt;br/&gt;
Jun 23 18:12:31 client213 kernel: [ &#160; 2581] &#160; &#160;81 &#160;2581 &#160; &#160; 2714 &#160; &#160; &#160;173 &#160; &#160;61440 &#160; &#160; &#160; &#160;0 &#160; &#160; &#160; &#160; &#160;-900 dbus-broker-lau&lt;br/&gt;
Jun 23 18:12:31 client213 kernel: [ &#160; 2583] &#160; &#160;81 &#160;2583 &#160; &#160; 1282 &#160; &#160; &#160;131 &#160; &#160;49152 &#160; &#160; &#160; &#160;0 &#160; &#160; &#160; &#160; &#160;-900 dbus-broker&lt;br/&gt;
Jun 23 18:12:31 client213 kernel: [ &#160; 2588] &#160; &#160; 0 &#160;2588 &#160; &#160; 4060 &#160; &#160; &#160;420 &#160; &#160;69632 &#160; &#160; &#160; &#160;0 &#160; &#160; &#160; &#160; -1000 sshd&lt;br/&gt;
Jun 23 18:12:31 client213 kernel: [ &#160; 2592] &#160; &#160; 0 &#160;2592 &#160; &#160; 2949 &#160; &#160; &#160; 84 &#160; &#160;45056 &#160; &#160; &#160; &#160;0 &#160; &#160; &#160; &#160; &#160; &#160; 0 rshim&lt;br/&gt;
Jun 23 18:12:31 client213 kernel: [ &#160; 2697] &#160; &#160; 0 &#160;2697 &#160; &#160; 1180 &#160; &#160; &#160; 46 &#160; &#160;49152 &#160; &#160; &#160; &#160;0 &#160; &#160; &#160; &#160; &#160; &#160; 0 atd&lt;br/&gt;
Jun 23 18:12:31 client213 kernel: [ &#160; 2704] &#160; &#160; 0 &#160;2704 &#160; &#160; 1518 &#160; &#160; &#160;219 &#160; &#160;53248 &#160; &#160; &#160; &#160;0 &#160; &#160; &#160; &#160; &#160; &#160; 0 crond&lt;br/&gt;
Jun 23 18:12:31 client213 kernel: [ &#160; 3224] &#160; &#160; 0 &#160;3224 &#160; &#160; &#160;761 &#160; &#160; &#160; 21 &#160; &#160;45056 &#160; &#160; &#160; &#160;0 &#160; &#160; &#160; &#160; &#160; &#160; 0 agetty&lt;br/&gt;
Jun 23 18:12:31 client213 kernel: &lt;span class=&quot;error&quot;&gt;&amp;#91;3065786&amp;#93;&lt;/span&gt; &#160; &#160; 0 3065786 &#160; &#160; 5494 &#160; &#160; &#160;788 &#160; &#160;86016 &#160; &#160; &#160; &#160;0 &#160; &#160; &#160; &#160; &#160; 100 systemd&lt;br/&gt;
Jun 23 18:12:31 client213 kernel: &lt;span class=&quot;error&quot;&gt;&amp;#91;3065788&amp;#93;&lt;/span&gt; &#160; &#160; 0 3065788 &#160; &#160;43393 &#160; &#160; 1589 &#160; &#160;98304 &#160; &#160; &#160; &#160;0 &#160; &#160; &#160; &#160; &#160; 100 (sd-pam)&lt;br/&gt;
Jun 23 18:12:31 client213 kernel: &lt;span class=&quot;error&quot;&gt;&amp;#91;3066324&amp;#93;&lt;/span&gt; &#160; &#160; 0 3066324 &#160; &#160; 1050 &#160; &#160; &#160;113 &#160; &#160;45056 &#160; &#160; &#160; &#160;0 &#160; &#160; &#160; &#160; &#160; &#160; 0 vdbench&lt;br/&gt;
Jun 23 18:12:31 client213 kernel: &lt;span class=&quot;error&quot;&gt;&amp;#91;3066352&amp;#93;&lt;/span&gt; &#160; &#160; 0 3066352 &#160;2548186 &#160; &#160;78649 &#160;2228224 &#160; &#160; &#160; &#160;0 &#160; &#160; &#160; &#160; &#160; &#160; 0 java&lt;br/&gt;
Jun 23 18:12:31 client213 kernel: &lt;span class=&quot;error&quot;&gt;&amp;#91;3066514&amp;#93;&lt;/span&gt; &#160; &#160; 0 3066514 &#160; &#160; 1047 &#160; &#160; &#160;100 &#160; &#160;40960 &#160; &#160; &#160; &#160;0 &#160; &#160; &#160; &#160; &#160; &#160; 0 csh&lt;br/&gt;
Jun 23 18:12:31 client213 kernel: &lt;span class=&quot;error&quot;&gt;&amp;#91;3066537&amp;#93;&lt;/span&gt; &#160; &#160; 0 3066537 &#160; &#160; 1050 &#160; &#160; &#160;113 &#160; &#160;53248 &#160; &#160; &#160; &#160;0 &#160; &#160; &#160; &#160; &#160; &#160; 0 vdbench&lt;br/&gt;
Jun 23 18:12:31 client213 kernel: &lt;span class=&quot;error&quot;&gt;&amp;#91;3066559&amp;#93;&lt;/span&gt; &#160; &#160; 0 3066559 &#160;6332080 &#160; 499888 &#160;6701056 &#160; &#160; &#160; &#160;0 &#160; &#160; &#160; &#160; &#160; &#160; 0 java&lt;br/&gt;
Jun 23 18:12:31 client213 kernel: &lt;span class=&quot;error&quot;&gt;&amp;#91;3067965&amp;#93;&lt;/span&gt; &#160; &#160; 0 3067965 &#160; &#160; 1050 &#160; &#160; &#160;114 &#160; &#160;45056 &#160; &#160; &#160; &#160;0 &#160; &#160; &#160; &#160; &#160; &#160; 0 vdbench&lt;br/&gt;
Jun 23 18:12:31 client213 kernel: &lt;span class=&quot;error&quot;&gt;&amp;#91;3067993&amp;#93;&lt;/span&gt; &#160; &#160; 0 3067993 &#160;2548186 &#160; &#160;73860 &#160;2330624 &#160; &#160; &#160; &#160;0 &#160; &#160; &#160; &#160; &#160; &#160; 0 java&lt;br/&gt;
Jun 23 18:12:31 client213 kernel: &lt;span class=&quot;error&quot;&gt;&amp;#91;3068161&amp;#93;&lt;/span&gt; &#160; &#160; 0 3068161 &#160; &#160; 1047 &#160; &#160; &#160;102 &#160; &#160;40960 &#160; &#160; &#160; &#160;0 &#160; &#160; &#160; &#160; &#160; &#160; 0 csh&lt;br/&gt;
Jun 23 18:12:31 client213 kernel: &lt;span class=&quot;error&quot;&gt;&amp;#91;3068184&amp;#93;&lt;/span&gt; &#160; &#160; 0 3068184 &#160; &#160; 1050 &#160; &#160; &#160;113 &#160; &#160;45056 &#160; &#160; &#160; &#160;0 &#160; &#160; &#160; &#160; &#160; &#160; 0 vdbench&lt;br/&gt;
Jun 23 18:12:31 client213 kernel: &lt;span class=&quot;error&quot;&gt;&amp;#91;3068206&amp;#93;&lt;/span&gt; &#160; &#160; 0 3068206 &#160;3555166 &#160; 307004 &#160;4136960 &#160; &#160; &#160; &#160;0 &#160; &#160; &#160; &#160; &#160; &#160; 0 java&lt;br/&gt;
Jun 23 18:12:31 client213 kernel: &lt;span class=&quot;error&quot;&gt;&amp;#91;3068833&amp;#93;&lt;/span&gt; &#160; &#160; 0 3068833 &#160; &#160; 1278 &#160; &#160; &#160;183 &#160; &#160;49152 &#160; &#160; &#160; &#160;0 &#160; &#160; &#160; &#160; &#160; &#160; 0 sh&lt;br/&gt;
Jun 23 18:12:31 client213 kernel: &lt;span class=&quot;error&quot;&gt;&amp;#91;1110867&amp;#93;&lt;/span&gt; &#160; &#160; 0 1110867 &#160; &#160; 1050 &#160; &#160; &#160;113 &#160; &#160;45056 &#160; &#160; &#160; &#160;0 &#160; &#160; &#160; &#160; &#160; &#160; 0 vdbench&lt;br/&gt;
Jun 23 18:12:31 client213 kernel: &lt;span class=&quot;error&quot;&gt;&amp;#91;1110895&amp;#93;&lt;/span&gt; &#160; &#160; 0 1110895 &#160;2548186 &#160; &#160;62778 &#160;2191360 &#160; &#160; &#160; &#160;0 &#160; &#160; &#160; &#160; &#160; &#160; 0 java&lt;br/&gt;
Jun 23 18:12:31 client213 kernel: &lt;span class=&quot;error&quot;&gt;&amp;#91;1111063&amp;#93;&lt;/span&gt; &#160; &#160; 0 1111063 &#160; &#160; 1047 &#160; &#160; &#160;102 &#160; &#160;45056 &#160; &#160; &#160; &#160;0 &#160; &#160; &#160; &#160; &#160; &#160; 0 csh&lt;br/&gt;
Jun 23 18:12:31 client213 kernel: &lt;span class=&quot;error&quot;&gt;&amp;#91;1111086&amp;#93;&lt;/span&gt; &#160; &#160; 0 1111086 &#160; &#160; 1050 &#160; &#160; &#160;114 &#160; &#160;45056 &#160; &#160; &#160; &#160;0 &#160; &#160; &#160; &#160; &#160; &#160; 0 vdbench&lt;br/&gt;
Jun 23 18:12:31 client213 kernel: &lt;span class=&quot;error&quot;&gt;&amp;#91;1111108&amp;#93;&lt;/span&gt; &#160; &#160; 0 1111108 &#160;9349668 &#160; 446043 &#160;7544832 &#160; &#160; &#160; &#160;0 &#160; &#160; &#160; &#160; &#160; &#160; 0 java&lt;br/&gt;
Jun 23 18:12:31 client213 kernel: &lt;span class=&quot;error&quot;&gt;&amp;#91;1189194&amp;#93;&lt;/span&gt; &#160; &#160; 0 1189194 &#160; &#160; 3396 &#160; &#160; &#160;434 &#160; &#160;69632 &#160; &#160; &#160; &#160;0 &#160; &#160; &#160; &#160; &#160; &#160; 0 crond&lt;br/&gt;
Jun 23 18:12:31 client213 kernel: &lt;span class=&quot;error&quot;&gt;&amp;#91;1189199&amp;#93;&lt;/span&gt; &#160; &#160; 0 1189199 &#160; &#160; 1150 &#160; &#160; &#160; 61 &#160; &#160;45056 &#160; &#160; &#160; &#160;0 &#160; &#160; &#160; &#160; &#160; &#160; 0 sh&lt;br/&gt;
Jun 23 18:12:31 client213 kernel: &lt;span class=&quot;error&quot;&gt;&amp;#91;1189200&amp;#93;&lt;/span&gt; &#160; &#160; 0 1189200 &#160; &#160; 1150 &#160; &#160; &#160; 73 &#160; &#160;49152 &#160; &#160; &#160; &#160;0 &#160; &#160; &#160; &#160; &#160; &#160; 0 sh&lt;br/&gt;
Jun 23 18:12:31 client213 kernel: &lt;span class=&quot;error&quot;&gt;&amp;#91;1189210&amp;#93;&lt;/span&gt; &#160; &#160; 0 1189210 &#160; &#160; 1050 &#160; &#160; &#160;114 &#160; &#160;45056 &#160; &#160; &#160; &#160;0 &#160; &#160; &#160; &#160; &#160; &#160; 0 vdbench&lt;br/&gt;
Jun 23 18:12:31 client213 kernel: &lt;span class=&quot;error&quot;&gt;&amp;#91;1189237&amp;#93;&lt;/span&gt; &#160; &#160; 0 1189237 &#160;2548186 &#160; &#160;40600 &#160;1810432 &#160; &#160; &#160; &#160;0 &#160; &#160; &#160; &#160; &#160; &#160; 0 java&lt;br/&gt;
Jun 23 18:12:31 client213 kernel: &lt;span class=&quot;error&quot;&gt;&amp;#91;1189239&amp;#93;&lt;/span&gt; &#160; &#160; 0 1189239 &#160; &#160; &#160;765 &#160; &#160; &#160; 22 &#160; &#160;45056 &#160; &#160; &#160; &#160;0 &#160; &#160; &#160; &#160; &#160; &#160; 0 sleep&lt;br/&gt;
Jun 23 18:12:31 client213 kernel: &lt;span class=&quot;error&quot;&gt;&amp;#91;1189400&amp;#93;&lt;/span&gt; &#160; &#160; 0 1189400 &#160; &#160; 1047 &#160; &#160; &#160;102 &#160; &#160;49152 &#160; &#160; &#160; &#160;0 &#160; &#160; &#160; &#160; &#160; &#160; 0 csh&lt;br/&gt;
Jun 23 18:12:31 client213 kernel: &lt;span class=&quot;error&quot;&gt;&amp;#91;1189423&amp;#93;&lt;/span&gt; &#160; &#160; 0 1189423 &#160; &#160; 1050 &#160; &#160; &#160;113 &#160; &#160;45056 &#160; &#160; &#160; &#160;0 &#160; &#160; &#160; &#160; &#160; &#160; 0 vdbench&lt;br/&gt;
Jun 23 18:12:31 client213 kernel: &lt;span class=&quot;error&quot;&gt;&amp;#91;1189445&amp;#93;&lt;/span&gt; &#160; &#160; 0 1189445 16046686 &#160; 522122 11182080 &#160; &#160; &#160; &#160;0 &#160; &#160; &#160; &#160; &#160; &#160; 0 java&lt;br/&gt;
Jun 23 18:12:31 client213 kernel: &lt;span class=&quot;error&quot;&gt;&amp;#91;1190719&amp;#93;&lt;/span&gt; &#160; &#160; 0 1190719 &#160; &#160; &#160;765 &#160; &#160; &#160; 22 &#160; &#160;40960 &#160; &#160; &#160; &#160;0 &#160; &#160; &#160; &#160; &#160; &#160; 0 sleep&lt;br/&gt;
Jun 23 18:12:31 client213 kernel: oom-kill:constraint=CONSTRAINT_NONE,nodemask=(null),cpuset=/,mems_allowed=0-1,global_oom,task_memcg=/user.slice/user-0.slice/user@0.service,task=(sd-pam),pid=3065788,uid=0&lt;br/&gt;
Jun 23 18:12:31 client213 kernel: Out of memory: Killed process 3065788 ((sd-pam)) total-vm:173572kB, anon-rss:6356kB, file-rss:0kB, shmem-rss:0kB, UID:0 pgtables:96kB oom_score_adj:100&lt;br/&gt;
&lt;b&gt;Jun 23 18:13:01 client213 kernel: obd_memory max: 35736380442, obd_memory current: 109177019&lt;/b&gt;&lt;/p&gt;
&lt;/div&gt;&lt;/div&gt;
&lt;p&gt;{{}}&lt;/p&gt;

&lt;p&gt;&#160;&lt;/p&gt;</description>
                <environment>Lustre Client:&lt;br/&gt;
Operating System: CentOS 9.4(5.15.131-17.cl9.x86_64)&lt;br/&gt;
Lustre Version: 2.15.5&lt;br/&gt;
Service: Running vdbench&lt;br/&gt;
&lt;br/&gt;
Lustre Server:&lt;br/&gt;
Operating System: Rocky Linux 8.10 (4.18.0-553.5.1.el8_lustre.x86_64)&lt;br/&gt;
Lustre Version: 2.15.5</environment>
        <key id="90682">LU-19138</key>
            <summary>The Lustre client&apos;s memory exhaustion issue caused vdbench service interruption.</summary>
                <type id="1" iconUrl="https://jira.whamcloud.com/secure/viewavatar?size=xsmall&amp;avatarId=11303&amp;avatarType=issuetype">Bug</type>
                                            <priority id="2" iconUrl="https://jira.whamcloud.com/images/icons/priorities/critical.svg">Critical</priority>
                        <status id="1" iconUrl="https://jira.whamcloud.com/images/icons/statuses/open.png" description="The issue is open and ready for the assignee to start work on it.">Open</status>
                    <statusCategory id="2" key="new" colorName="default"/>
                                    <resolution id="-1">Unresolved</resolution>
                                        <assignee username="wc-triage">WC Triage</assignee>
                                    <reporter username="chenzufei">Zufei Chen</reporter>
                        <labels>
                    </labels>
                <created>Thu, 26 Jun 2025 12:53:14 +0000</created>
                <updated>Mon, 30 Jun 2025 02:00:10 +0000</updated>
                                            <version>Lustre 2.15.5</version>
                                                        <due></due>
                            <votes>0</votes>
                                    <watches>2</watches>
                                                                            <comments>
                            <comment id="461697" author="JIRAUSER19602" created="Mon, 30 Jun 2025 02:00:10 +0000"  >&lt;p&gt;1 Vdbench distribution: vdbench50401&lt;br/&gt;
2 The vdbench workload parameter file names are in the attachment: bw.txt,iops.txt,mix.txt,pre.txt and fstrim_vdb.txt.&lt;br/&gt;
3 The lustre client started running the vdbench workload on May 31st at 17:34, and the memory exhaustion issue occurred on June 23rd at 18:12.&lt;/p&gt;

&lt;p&gt;&#160;&lt;/p&gt;</comment>
                            <comment id="461499" author="adilger" created="Fri, 27 Jun 2025 03:05:15 +0000"  >&lt;p&gt;Also, please provide details on what vdbench version is being tested, what options are being used when running it, etc.&lt;/p&gt;</comment>
                            <comment id="461498" author="adilger" created="Fri, 27 Jun 2025 03:03:31 +0000"  >&lt;p&gt;If you are able to reproduce this, then I would suggest a number of steps to debug the issue:&lt;/p&gt;
&lt;ul class=&quot;alternate&quot; type=&quot;square&quot;&gt;
	&lt;li&gt;please retest with the latest b2_15 client (2.15.7) to see if the issue can be reproduced&lt;/li&gt;
	&lt;li&gt;retest with the latest master development client (2.16.56.57) to see if the issue can be reproduced&lt;/li&gt;
	&lt;li&gt;run with &quot;&lt;tt&gt;lctl set_param debug=+malloc&lt;/tt&gt;&quot; to trace memory alloc/free operations to see where all of the memory is being allocated.  If it is appearing in &lt;tt&gt;obd_memory_max&lt;/tt&gt; then it will be traced with &lt;tt&gt;OBD_ALLOC()&lt;/tt&gt; or related tracing&lt;/li&gt;
&lt;/ul&gt;
</comment>
                    </comments>
                    <attachments>
                            <attachment id="59466" name="bw.txt" size="1141" author="chenzufei" created="Mon, 30 Jun 2025 01:50:46 +0000"/>
                            <attachment id="59467" name="fstrim_vdb.txt" size="744" author="chenzufei" created="Mon, 30 Jun 2025 01:50:51 +0000"/>
                            <attachment id="59468" name="iops.txt" size="1987" author="chenzufei" created="Mon, 30 Jun 2025 01:50:54 +0000"/>
                            <attachment id="59469" name="mix.txt" size="1132" author="chenzufei" created="Mon, 30 Jun 2025 01:51:15 +0000"/>
                            <attachment id="59470" name="pre.txt" size="1210" author="chenzufei" created="Mon, 30 Jun 2025 01:51:19 +0000"/>
                    </attachments>
                <subtasks>
                    </subtasks>
                <customfields>
                                                                                                                                                                                            <customfield id="customfield_10890" key="com.atlassian.jira.plugins.jira-development-integration-plugin:devsummary">
                        <customfieldname>Development</customfieldname>
                        <customfieldvalues>
                            
                        </customfieldvalues>
                    </customfield>
                                                                                                                                                                                                                                                                                                                                                        <customfield id="customfield_10390" key="com.pyxis.greenhopper.jira:gh-lexo-rank">
                        <customfieldname>Rank</customfieldname>
                        <customfieldvalues>
                            <customfieldvalue>1|i05zvr:</customfieldvalue>

                        </customfieldvalues>
                    </customfield>
                                                                <customfield id="customfield_10090" key="com.pyxis.greenhopper.jira:gh-global-rank">
                        <customfieldname>Rank (Obsolete)</customfieldname>
                        <customfieldvalues>
                            <customfieldvalue>9223372036854775807</customfieldvalue>
                        </customfieldvalues>
                    </customfield>
                                                                                            <customfield id="customfield_10060" key="com.atlassian.jira.plugin.system.customfieldtypes:select">
                        <customfieldname>Severity</customfieldname>
                        <customfieldvalues>
                                <customfieldvalue key="10022"><![CDATA[3]]></customfieldvalue>

                        </customfieldvalues>
                    </customfield>
                                                                                                                                                                                                                                                                                                                                                        </customfields>
    </item>
</channel>
</rss>