<!-- 
RSS generated by JIRA (9.4.29#940029-sha1:4daa0635650e368c1b281e719d2298e7d3994659) at Wed Mar 04 19:11:08 UTC 2026

It is possible to restrict the fields that are returned in this document by specifying the 'field' parameter in your request.
For example, to request only the issue key and summary append 'field=key&field=summary' to the URL of your request.
-->
<rss version="0.92" >
<channel>
    <title>Whamcloud Community JIRA</title>
    <link>https://jira.whamcloud.com</link>
    <description>This file is an XML representation of an issue</description>
    <language>en-us</language>    <build-info>
        <version>9.4.29</version>
        <build-number>940029</build-number>
        <build-date>03-12-2024</build-date>
    </build-info>


<item>
            <title>[LU-1312] crash at boot time in isci driver with 2.6.18-308.1.1</title>
                <link>https://jira.whamcloud.com/browse/LU-1312</link>
                <project id="10000" key="LU">Lustre</project>
                    <description>&lt;p&gt;Jeff Johnson reported on lustre-discuss that he can&apos;t boot with our patched RHEL5 &amp;amp; RHEL6 kernel, while the stock kernel works just fine. The stack trace is the following:&lt;/p&gt;

&lt;div class=&quot;preformatted panel&quot; style=&quot;border-width: 1px;&quot;&gt;&lt;div class=&quot;preformattedContent panelContent&quot;&gt;
&lt;pre&gt;Starting system logger: ----------- [cut here ] --------- [please
bite here ] ---------
Kernel BUG at drivers/scsi/isci/request.h:348
invalid opcode: 0000 [1] SMP
last sysfs file: /class/net/eth0/address
CPU 0
Modules linked in: ip_conntrack_netbios_ns(U) ipt_REJECT(U)
xt_state(U) ip_conntrack(U) nfnetlink(U) iptable_filter(U)
ip_tables(U) ip6t_REJECT(U) xt_tcpudp(U) ip6table_filter(U)
ip6_tables(U) x_tables(U) be2iscsi(U) ib_iser(U) rdma_cm(U) ib_cm(U)
iw_cm(U) ib_sa(U) ib_addr(U) iscsi_tcp(U) bnx2i(U) cnic(U) ipv6(U)
xfrm_nalgo(U) crypto_api(U) uio(U) cxgb3i(U) libcxgbi(U) iw_cxgb3(U)
cxgb3(U) libiscsi_tcp(U) libiscsi2(U) scsi_transport_iscsi2(U)
scsi_transport_iscsi(U) dm_mirror(U) dm_multipath(U) scsi_dh(U)
video(U) backlight(U) sbs(U) power_meter(U) hwmon(U) i2c_ec(U)
dell_wmi(U) wmi(U) button(U) battery(U) asus_acpi(U)
acpi_memhotplug(U) ac(U) parport_pc(U) lp(U) parport(U) mlx4_ib(U)
ib_mad(U) ib_core(U) mlx4_en(U) joydev(U) sg(U) mlx4_core(U) igb(U)
pcspkr(U) 8021q(U) i2c_i801(U) tpm_tis(U) i2c_core(U) tpm(U) dca(U)
tpm_bios(U) dm_raid45(U) dm_message(U) dm_region_hash(U) dm_log(U)
dm_mod(U) dm_mem_cache(U) ahci(U) shpchp(U) isci(U) libsas(U)
libata(U) scsi_transport_sas(U) sd_mod(U) scsi_mod(U) ext3(U) jbd(U)
uhci_hcd(U) ohci_hcd(U) ehci_hcd(U)
Pid: 1337, comm: kjournald Tainted: G     ---- 2.6.18.lustre18 #1
RIP: 0010:[&amp;lt;ffffffff88117b22&amp;gt;]  [&amp;lt;ffffffff88117b22&amp;gt;]
:isci:sci_request_build_sgl+0x110/0x1e4
RSP: 0018:ffff81023f8e19e0  EFLAGS: 00010012
RAX: 0000000000000a20 RBX: ffff810228cdb380 RCX: ffff81023eaf79e0
RDX: 0000000000001000 RSI: ffff810228cdb360 RDI: ffff81023eaf7a2c
RBP: ffff81023eaf7000 R08: ffff81023ea0e100 R09: ffff81023eaf7000
R10: ffff81023ea0e100 R11: 0000000000000060 R12: 0000000000000003
R13: ffff81023eaf7a20 R14: 000000000000004d R15: ffff81023e9e0018
FS:  0000000000000000(0000) GS:ffffffff80431000(0000)
knlGS:0000000000000000
CS:  0010 DS: 0018 ES: 0018 CR0: 000000008005003b
CR2: 00002b81aeba0380 CR3: 000000043b96a000 CR4: 00000000000006a0
Process kjournald (pid: 1337, threadinfo ffff81023f8e0000, task
ffff81043fdcc7a0)
Stack:  0000000000000001 ffff81023eaf7a00 000000000000004d
ffff81023eaf7000
 ffff81023ea0e100 000000000009f000 0000000000000001 ffff81023eaf7801
 ffff8102472841f8 ffffffff88117c28 ffff81043f12f400 0000000000000004
Call Trace:
 [&amp;lt;ffffffff88117c28&amp;gt;]
:isci:sci_stp_optimized_request_construct+0x32/0x6c
 [&amp;lt;ffffffff88119a04&amp;gt;] :isci:isci_request_execute+0x5b6/0x82e
 [&amp;lt;ffffffff88120d20&amp;gt;] :isci:isci_task_execute_task+0x10e/0x23e
 [&amp;lt;ffffffff88106f6f&amp;gt;] :libsas:sas_ata_qc_issue+0x1fb/0x286
 [&amp;lt;ffffffff880776b7&amp;gt;] :scsi_mod:scsi_done+0x0/0x18
 [&amp;lt;ffffffff880ceb55&amp;gt;] :libata:ata_qc_issue+0x4ef/0x567
 [&amp;lt;ffffffff880d2ef0&amp;gt;] :libata:ata_scsi_rw_xlat+0x119/0x188
 [&amp;lt;ffffffff880776b7&amp;gt;] :scsi_mod:scsi_done+0x0/0x18
 [&amp;lt;ffffffff880d2dd7&amp;gt;] :libata:ata_scsi_rw_xlat+0x0/0x188
 [&amp;lt;ffffffff880d309f&amp;gt;] :libata:ata_scsi_translate+0x140/0x16d
 [&amp;lt;ffffffff880776b7&amp;gt;] :scsi_mod:scsi_done+0x0/0x18
 [&amp;lt;ffffffff88106119&amp;gt;] :libsas:sas_queuecommand+0x86/0x2a3
 [&amp;lt;ffffffff8001cd72&amp;gt;] __mod_timer+0xff/0x10e
 [&amp;lt;ffffffff800155a2&amp;gt;] sync_buffer+0x0/0x3f
 [&amp;lt;ffffffff800155a2&amp;gt;] sync_buffer+0x0/0x3f
 [&amp;lt;ffffffff88077d9d&amp;gt;] :scsi_mod:scsi_dispatch_cmd+0x297/0x351
 [&amp;lt;ffffffff8807d55a&amp;gt;] :scsi_mod:scsi_request_fn+0x2c3/0x392
 [&amp;lt;ffffffff8005a43f&amp;gt;] generic_unplug_device+0x22/0x32
 [&amp;lt;ffffffff800155d8&amp;gt;] sync_buffer+0x36/0x3f
 [&amp;lt;ffffffff80063a0a&amp;gt;] __wait_on_bit+0x40/0x6e
 [&amp;lt;ffffffff800155a2&amp;gt;] sync_buffer+0x0/0x3f
 [&amp;lt;ffffffff80063aa4&amp;gt;] out_of_line_wait_on_bit+0x6c/0x78
 [&amp;lt;ffffffff800a34ca&amp;gt;] wake_bit_function+0x0/0x23
 [&amp;lt;ffffffff880342fc&amp;gt;] :jbd:journal_commit_transaction+0xa7f/0x132b
 [&amp;lt;ffffffff8003d80e&amp;gt;] lock_timer_base+0x1b/0x3c
 [&amp;lt;ffffffff88038469&amp;gt;] :jbd:kjournald+0xc1/0x213
 [&amp;lt;ffffffff800a349c&amp;gt;] autoremove_wake_function+0x0/0x2e
 [&amp;lt;ffffffff880383a8&amp;gt;] :jbd:kjournald+0x0/0x213
 [&amp;lt;ffffffff800a3284&amp;gt;] keventd_create_kthread+0x0/0xc4
 [&amp;lt;ffffffff80032679&amp;gt;] kthread+0xfe/0x132
 [&amp;lt;ffffffff8005dfb1&amp;gt;] child_rip+0xa/0x11
 [&amp;lt;ffffffff800a3284&amp;gt;] keventd_create_kthread+0x0/0xc4
 [&amp;lt;ffffffff8003257b&amp;gt;] kthread+0x0/0x132
 [&amp;lt;ffffffff8005dfa7&amp;gt;] child_rip+0x0/0x11


Code: 0f 0b 68 6b 4b 12 88 c2 5c 01 eb fe 48 89 c2 48 03 55 50 48
RIP  [&amp;lt;ffffffff88117b22&amp;gt;] :isci:sci_request_build_sgl+0x110/0x1e4
 RSP&amp;lt;ffff81023f8e19e0&amp;gt;
&amp;lt;0&amp;gt;Kernel panic - not syncing: Fatal exception
&lt;/pre&gt;
&lt;/div&gt;&lt;/div&gt;

&lt;p&gt;The isci driver manages the new SAS onboard interface embedded in the Intel Sandy Bridge-EP (Xeon E5-2600) chipset. According to Jeff, he can reproduce the same issue with the 2.6.32-220.4.2.el6_lustre shipped with lustre 2.2, while the stock kernel from Red Hat works again just fine.&lt;/p&gt;

&lt;p&gt;Looking at the stack trace, we hit the following assertion:&lt;/p&gt;
&lt;div class=&quot;code panel&quot; style=&quot;border-width: 1px;&quot;&gt;&lt;div class=&quot;codeContent panelContent&quot;&gt;
&lt;pre class=&quot;code-java&quot;&gt;&lt;span class=&quot;code-keyword&quot;&gt;static&lt;/span&gt; inline dma_addr_t
sci_io_request_get_dma_addr(struct isci_request *ireq, void *virt_addr)
{
        &lt;span class=&quot;code-object&quot;&gt;char&lt;/span&gt; *requested_addr = (&lt;span class=&quot;code-object&quot;&gt;char&lt;/span&gt; *)virt_addr;
        &lt;span class=&quot;code-object&quot;&gt;char&lt;/span&gt; *base_addr = (&lt;span class=&quot;code-object&quot;&gt;char&lt;/span&gt; *)ireq;

        BUG_ON(requested_addr &amp;lt; base_addr);
        BUG_ON((requested_addr - base_addr) &amp;gt;= sizeof(*ireq)) -&amp;gt; BOOM!!!
&lt;/pre&gt;
&lt;/div&gt;&lt;/div&gt;

&lt;p&gt;The code path is sci_request_build_sgl-&amp;gt;to_sgl_element_pair_dma-&amp;gt;sci_io_request_get_dma_addr.&lt;/p&gt;

&lt;p&gt;I suspect that blkdev_tunables-2.6-rhel5.patch is the culprit. Unfortunately, Jeff cannot retest w/o this patch soon.&lt;/p&gt;</description>
                <environment></environment>
        <key id="13991">LU-1312</key>
            <summary>crash at boot time in isci driver with 2.6.18-308.1.1</summary>
                <type id="1" iconUrl="https://jira.whamcloud.com/secure/viewavatar?size=xsmall&amp;avatarId=11303&amp;avatarType=issuetype">Bug</type>
                                            <priority id="1" iconUrl="https://jira.whamcloud.com/images/icons/priorities/blocker.svg">Blocker</priority>
                        <status id="5" iconUrl="https://jira.whamcloud.com/images/icons/statuses/resolved.png" description="A resolution has been taken, and it is awaiting verification by reporter. From here issues are either reopened, or are closed.">Resolved</status>
                    <statusCategory id="3" key="done" colorName="success"/>
                                    <resolution id="1">Fixed</resolution>
                                        <assignee username="ys">Yang Sheng</assignee>
                                    <reporter username="johann">Johann Lombardi</reporter>
                        <labels>
                    </labels>
                <created>Thu, 12 Apr 2012 17:32:28 +0000</created>
                <updated>Wed, 9 May 2012 12:48:40 +0000</updated>
                            <resolved>Wed, 9 May 2012 12:48:40 +0000</resolved>
                                    <version>Lustre 2.3.0</version>
                    <version>Lustre 2.1.2</version>
                    <version>Lustre 1.8.8</version>
                                    <fixVersion>Lustre 2.3.0</fixVersion>
                    <fixVersion>Lustre 2.1.2</fixVersion>
                    <fixVersion>Lustre 1.8.8</fixVersion>
                                        <due></due>
                            <votes>0</votes>
                                    <watches>5</watches>
                                                                            <comments>
                            <comment id="38419" author="pjones" created="Wed, 9 May 2012 12:48:40 +0000"  >&lt;p&gt;Landed for 1.8.8-wc1, 2.1.2 and 2.3&lt;/p&gt;</comment>
                            <comment id="35876" author="pjones" created="Mon, 30 Apr 2012 11:11:58 +0000"  >&lt;p&gt;yes please!&lt;/p&gt;</comment>
                            <comment id="35855" author="ys" created="Mon, 30 Apr 2012 02:58:22 +0000"  >&lt;p&gt;Hi, Peter, I seen you set affect version include &apos;Lustre 2.1.2&apos;. Do you need include this change to b2_1?&lt;/p&gt;</comment>
                            <comment id="35854" author="hudson" created="Mon, 30 Apr 2012 01:34:52 +0000"  >&lt;p&gt;Integrated in &lt;span class=&quot;image-wrap&quot; style=&quot;&quot;&gt;&lt;img src=&quot;http://build.whamcloud.com/images/16x16/blue.png&quot; style=&quot;border: 0px solid black&quot; /&gt;&lt;/span&gt; &lt;a href=&quot;http://build.whamcloud.com/job/lustre-master/./arch=x86_64,build_type=client,distro=el6,ib_stack=inkernel/498/&quot; class=&quot;external-link&quot; target=&quot;_blank&quot; rel=&quot;nofollow noopener&quot;&gt;lustre-master &#187; x86_64,client,el6,inkernel #498&lt;/a&gt;&lt;br/&gt;
     &lt;a href=&quot;https://jira.whamcloud.com/browse/LU-1312&quot; title=&quot;crash at boot time in isci driver with 2.6.18-308.1.1&quot; class=&quot;issue-link&quot; data-issue-key=&quot;LU-1312&quot;&gt;&lt;del&gt;LU-1312&lt;/del&gt;&lt;/a&gt; kernel: crash at boot time in isci driver (Revision 4bd25057c326474f53b47a10690edfd41090e719)&lt;/p&gt;

&lt;p&gt;     Result = SUCCESS&lt;br/&gt;
Oleg Drokin : &lt;a href=&quot;http://git.whamcloud.com/gitweb?p=fs/lustre-release.git;a=shortlog;h=refs/heads/master&amp;amp;a=commit&amp;amp;h=4bd25057c326474f53b47a10690edfd41090e719&quot; class=&quot;external-link&quot; target=&quot;_blank&quot; rel=&quot;nofollow noopener&quot;&gt;4bd25057c326474f53b47a10690edfd41090e719&lt;/a&gt;&lt;br/&gt;
Files : &lt;/p&gt;
&lt;ul&gt;
	&lt;li&gt;lustre/kernel_patches/patches/blkdev_tunables-2.6-rhel6.patch&lt;/li&gt;
&lt;/ul&gt;
</comment>
                            <comment id="35849" author="hudson" created="Mon, 30 Apr 2012 01:20:11 +0000"  >&lt;p&gt;Integrated in &lt;span class=&quot;image-wrap&quot; style=&quot;&quot;&gt;&lt;img src=&quot;http://build.whamcloud.com/images/16x16/blue.png&quot; style=&quot;border: 0px solid black&quot; /&gt;&lt;/span&gt; &lt;a href=&quot;http://build.whamcloud.com/job/lustre-master/./arch=i686,build_type=server,distro=el6,ib_stack=ofa/498/&quot; class=&quot;external-link&quot; target=&quot;_blank&quot; rel=&quot;nofollow noopener&quot;&gt;lustre-master &#187; i686,server,el6,ofa #498&lt;/a&gt;&lt;br/&gt;
     &lt;a href=&quot;https://jira.whamcloud.com/browse/LU-1312&quot; title=&quot;crash at boot time in isci driver with 2.6.18-308.1.1&quot; class=&quot;issue-link&quot; data-issue-key=&quot;LU-1312&quot;&gt;&lt;del&gt;LU-1312&lt;/del&gt;&lt;/a&gt; kernel: crash at boot time in isci driver (Revision 4bd25057c326474f53b47a10690edfd41090e719)&lt;/p&gt;

&lt;p&gt;     Result = SUCCESS&lt;br/&gt;
Oleg Drokin : &lt;a href=&quot;http://git.whamcloud.com/gitweb?p=fs/lustre-release.git;a=shortlog;h=refs/heads/master&amp;amp;a=commit&amp;amp;h=4bd25057c326474f53b47a10690edfd41090e719&quot; class=&quot;external-link&quot; target=&quot;_blank&quot; rel=&quot;nofollow noopener&quot;&gt;4bd25057c326474f53b47a10690edfd41090e719&lt;/a&gt;&lt;br/&gt;
Files : &lt;/p&gt;
&lt;ul&gt;
	&lt;li&gt;lustre/kernel_patches/patches/blkdev_tunables-2.6-rhel6.patch&lt;/li&gt;
&lt;/ul&gt;
</comment>
                            <comment id="35844" author="hudson" created="Mon, 30 Apr 2012 01:17:06 +0000"  >&lt;p&gt;Integrated in &lt;span class=&quot;image-wrap&quot; style=&quot;&quot;&gt;&lt;img src=&quot;http://build.whamcloud.com/images/16x16/blue.png&quot; style=&quot;border: 0px solid black&quot; /&gt;&lt;/span&gt; &lt;a href=&quot;http://build.whamcloud.com/job/lustre-master/./arch=x86_64,build_type=client,distro=el6,ib_stack=ofa/498/&quot; class=&quot;external-link&quot; target=&quot;_blank&quot; rel=&quot;nofollow noopener&quot;&gt;lustre-master &#187; x86_64,client,el6,ofa #498&lt;/a&gt;&lt;br/&gt;
     &lt;a href=&quot;https://jira.whamcloud.com/browse/LU-1312&quot; title=&quot;crash at boot time in isci driver with 2.6.18-308.1.1&quot; class=&quot;issue-link&quot; data-issue-key=&quot;LU-1312&quot;&gt;&lt;del&gt;LU-1312&lt;/del&gt;&lt;/a&gt; kernel: crash at boot time in isci driver (Revision 4bd25057c326474f53b47a10690edfd41090e719)&lt;/p&gt;

&lt;p&gt;     Result = SUCCESS&lt;br/&gt;
Oleg Drokin : &lt;a href=&quot;http://git.whamcloud.com/gitweb?p=fs/lustre-release.git;a=shortlog;h=refs/heads/master&amp;amp;a=commit&amp;amp;h=4bd25057c326474f53b47a10690edfd41090e719&quot; class=&quot;external-link&quot; target=&quot;_blank&quot; rel=&quot;nofollow noopener&quot;&gt;4bd25057c326474f53b47a10690edfd41090e719&lt;/a&gt;&lt;br/&gt;
Files : &lt;/p&gt;
&lt;ul&gt;
	&lt;li&gt;lustre/kernel_patches/patches/blkdev_tunables-2.6-rhel6.patch&lt;/li&gt;
&lt;/ul&gt;
</comment>
                            <comment id="35839" author="hudson" created="Mon, 30 Apr 2012 01:00:35 +0000"  >&lt;p&gt;Integrated in &lt;span class=&quot;image-wrap&quot; style=&quot;&quot;&gt;&lt;img src=&quot;http://build.whamcloud.com/images/16x16/blue.png&quot; style=&quot;border: 0px solid black&quot; /&gt;&lt;/span&gt; &lt;a href=&quot;http://build.whamcloud.com/job/lustre-master/./arch=x86_64,build_type=server,distro=el6,ib_stack=inkernel/498/&quot; class=&quot;external-link&quot; target=&quot;_blank&quot; rel=&quot;nofollow noopener&quot;&gt;lustre-master &#187; x86_64,server,el6,inkernel #498&lt;/a&gt;&lt;br/&gt;
     &lt;a href=&quot;https://jira.whamcloud.com/browse/LU-1312&quot; title=&quot;crash at boot time in isci driver with 2.6.18-308.1.1&quot; class=&quot;issue-link&quot; data-issue-key=&quot;LU-1312&quot;&gt;&lt;del&gt;LU-1312&lt;/del&gt;&lt;/a&gt; kernel: crash at boot time in isci driver (Revision 4bd25057c326474f53b47a10690edfd41090e719)&lt;/p&gt;

&lt;p&gt;     Result = SUCCESS&lt;br/&gt;
Oleg Drokin : &lt;a href=&quot;http://git.whamcloud.com/gitweb?p=fs/lustre-release.git;a=shortlog;h=refs/heads/master&amp;amp;a=commit&amp;amp;h=4bd25057c326474f53b47a10690edfd41090e719&quot; class=&quot;external-link&quot; target=&quot;_blank&quot; rel=&quot;nofollow noopener&quot;&gt;4bd25057c326474f53b47a10690edfd41090e719&lt;/a&gt;&lt;br/&gt;
Files : &lt;/p&gt;
&lt;ul&gt;
	&lt;li&gt;lustre/kernel_patches/patches/blkdev_tunables-2.6-rhel6.patch&lt;/li&gt;
&lt;/ul&gt;
</comment>
                            <comment id="35834" author="hudson" created="Mon, 30 Apr 2012 00:52:14 +0000"  >&lt;p&gt;Integrated in &lt;span class=&quot;image-wrap&quot; style=&quot;&quot;&gt;&lt;img src=&quot;http://build.whamcloud.com/images/16x16/blue.png&quot; style=&quot;border: 0px solid black&quot; /&gt;&lt;/span&gt; &lt;a href=&quot;http://build.whamcloud.com/job/lustre-master/./arch=i686,build_type=server,distro=el6,ib_stack=inkernel/498/&quot; class=&quot;external-link&quot; target=&quot;_blank&quot; rel=&quot;nofollow noopener&quot;&gt;lustre-master &#187; i686,server,el6,inkernel #498&lt;/a&gt;&lt;br/&gt;
     &lt;a href=&quot;https://jira.whamcloud.com/browse/LU-1312&quot; title=&quot;crash at boot time in isci driver with 2.6.18-308.1.1&quot; class=&quot;issue-link&quot; data-issue-key=&quot;LU-1312&quot;&gt;&lt;del&gt;LU-1312&lt;/del&gt;&lt;/a&gt; kernel: crash at boot time in isci driver (Revision 4bd25057c326474f53b47a10690edfd41090e719)&lt;/p&gt;

&lt;p&gt;     Result = SUCCESS&lt;br/&gt;
Oleg Drokin : &lt;a href=&quot;http://git.whamcloud.com/gitweb?p=fs/lustre-release.git;a=shortlog;h=refs/heads/master&amp;amp;a=commit&amp;amp;h=4bd25057c326474f53b47a10690edfd41090e719&quot; class=&quot;external-link&quot; target=&quot;_blank&quot; rel=&quot;nofollow noopener&quot;&gt;4bd25057c326474f53b47a10690edfd41090e719&lt;/a&gt;&lt;br/&gt;
Files : &lt;/p&gt;
&lt;ul&gt;
	&lt;li&gt;lustre/kernel_patches/patches/blkdev_tunables-2.6-rhel6.patch&lt;/li&gt;
&lt;/ul&gt;
</comment>
                            <comment id="35829" author="hudson" created="Mon, 30 Apr 2012 00:47:48 +0000"  >&lt;p&gt;Integrated in &lt;span class=&quot;image-wrap&quot; style=&quot;&quot;&gt;&lt;img src=&quot;http://build.whamcloud.com/images/16x16/blue.png&quot; style=&quot;border: 0px solid black&quot; /&gt;&lt;/span&gt; &lt;a href=&quot;http://build.whamcloud.com/job/lustre-master/./arch=i686,build_type=client,distro=el5,ib_stack=ofa/498/&quot; class=&quot;external-link&quot; target=&quot;_blank&quot; rel=&quot;nofollow noopener&quot;&gt;lustre-master &#187; i686,client,el5,ofa #498&lt;/a&gt;&lt;br/&gt;
     &lt;a href=&quot;https://jira.whamcloud.com/browse/LU-1312&quot; title=&quot;crash at boot time in isci driver with 2.6.18-308.1.1&quot; class=&quot;issue-link&quot; data-issue-key=&quot;LU-1312&quot;&gt;&lt;del&gt;LU-1312&lt;/del&gt;&lt;/a&gt; kernel: crash at boot time in isci driver (Revision 4bd25057c326474f53b47a10690edfd41090e719)&lt;/p&gt;

&lt;p&gt;     Result = SUCCESS&lt;br/&gt;
Oleg Drokin : &lt;a href=&quot;http://git.whamcloud.com/gitweb?p=fs/lustre-release.git;a=shortlog;h=refs/heads/master&amp;amp;a=commit&amp;amp;h=4bd25057c326474f53b47a10690edfd41090e719&quot; class=&quot;external-link&quot; target=&quot;_blank&quot; rel=&quot;nofollow noopener&quot;&gt;4bd25057c326474f53b47a10690edfd41090e719&lt;/a&gt;&lt;br/&gt;
Files : &lt;/p&gt;
&lt;ul&gt;
	&lt;li&gt;lustre/kernel_patches/patches/blkdev_tunables-2.6-rhel6.patch&lt;/li&gt;
&lt;/ul&gt;
</comment>
                            <comment id="35824" author="hudson" created="Mon, 30 Apr 2012 00:44:12 +0000"  >&lt;p&gt;Integrated in &lt;span class=&quot;image-wrap&quot; style=&quot;&quot;&gt;&lt;img src=&quot;http://build.whamcloud.com/images/16x16/blue.png&quot; style=&quot;border: 0px solid black&quot; /&gt;&lt;/span&gt; &lt;a href=&quot;http://build.whamcloud.com/job/lustre-master/./arch=x86_64,build_type=client,distro=el5,ib_stack=ofa/498/&quot; class=&quot;external-link&quot; target=&quot;_blank&quot; rel=&quot;nofollow noopener&quot;&gt;lustre-master &#187; x86_64,client,el5,ofa #498&lt;/a&gt;&lt;br/&gt;
     &lt;a href=&quot;https://jira.whamcloud.com/browse/LU-1312&quot; title=&quot;crash at boot time in isci driver with 2.6.18-308.1.1&quot; class=&quot;issue-link&quot; data-issue-key=&quot;LU-1312&quot;&gt;&lt;del&gt;LU-1312&lt;/del&gt;&lt;/a&gt; kernel: crash at boot time in isci driver (Revision 4bd25057c326474f53b47a10690edfd41090e719)&lt;/p&gt;

&lt;p&gt;     Result = SUCCESS&lt;br/&gt;
Oleg Drokin : &lt;a href=&quot;http://git.whamcloud.com/gitweb?p=fs/lustre-release.git;a=shortlog;h=refs/heads/master&amp;amp;a=commit&amp;amp;h=4bd25057c326474f53b47a10690edfd41090e719&quot; class=&quot;external-link&quot; target=&quot;_blank&quot; rel=&quot;nofollow noopener&quot;&gt;4bd25057c326474f53b47a10690edfd41090e719&lt;/a&gt;&lt;br/&gt;
Files : &lt;/p&gt;
&lt;ul&gt;
	&lt;li&gt;lustre/kernel_patches/patches/blkdev_tunables-2.6-rhel6.patch&lt;/li&gt;
&lt;/ul&gt;
</comment>
                            <comment id="35819" author="hudson" created="Mon, 30 Apr 2012 00:37:59 +0000"  >&lt;p&gt;Integrated in &lt;span class=&quot;image-wrap&quot; style=&quot;&quot;&gt;&lt;img src=&quot;http://build.whamcloud.com/images/16x16/blue.png&quot; style=&quot;border: 0px solid black&quot; /&gt;&lt;/span&gt; &lt;a href=&quot;http://build.whamcloud.com/job/lustre-master/./arch=i686,build_type=server,distro=el5,ib_stack=inkernel/498/&quot; class=&quot;external-link&quot; target=&quot;_blank&quot; rel=&quot;nofollow noopener&quot;&gt;lustre-master &#187; i686,server,el5,inkernel #498&lt;/a&gt;&lt;br/&gt;
     &lt;a href=&quot;https://jira.whamcloud.com/browse/LU-1312&quot; title=&quot;crash at boot time in isci driver with 2.6.18-308.1.1&quot; class=&quot;issue-link&quot; data-issue-key=&quot;LU-1312&quot;&gt;&lt;del&gt;LU-1312&lt;/del&gt;&lt;/a&gt; kernel: crash at boot time in isci driver (Revision 4bd25057c326474f53b47a10690edfd41090e719)&lt;/p&gt;

&lt;p&gt;     Result = SUCCESS&lt;br/&gt;
Oleg Drokin : &lt;a href=&quot;http://git.whamcloud.com/gitweb?p=fs/lustre-release.git;a=shortlog;h=refs/heads/master&amp;amp;a=commit&amp;amp;h=4bd25057c326474f53b47a10690edfd41090e719&quot; class=&quot;external-link&quot; target=&quot;_blank&quot; rel=&quot;nofollow noopener&quot;&gt;4bd25057c326474f53b47a10690edfd41090e719&lt;/a&gt;&lt;br/&gt;
Files : &lt;/p&gt;
&lt;ul&gt;
	&lt;li&gt;lustre/kernel_patches/patches/blkdev_tunables-2.6-rhel6.patch&lt;/li&gt;
&lt;/ul&gt;
</comment>
                            <comment id="35814" author="hudson" created="Mon, 30 Apr 2012 00:35:28 +0000"  >&lt;p&gt;Integrated in &lt;span class=&quot;image-wrap&quot; style=&quot;&quot;&gt;&lt;img src=&quot;http://build.whamcloud.com/images/16x16/blue.png&quot; style=&quot;border: 0px solid black&quot; /&gt;&lt;/span&gt; &lt;a href=&quot;http://build.whamcloud.com/job/lustre-master/./arch=x86_64,build_type=client,distro=el5,ib_stack=inkernel/498/&quot; class=&quot;external-link&quot; target=&quot;_blank&quot; rel=&quot;nofollow noopener&quot;&gt;lustre-master &#187; x86_64,client,el5,inkernel #498&lt;/a&gt;&lt;br/&gt;
     &lt;a href=&quot;https://jira.whamcloud.com/browse/LU-1312&quot; title=&quot;crash at boot time in isci driver with 2.6.18-308.1.1&quot; class=&quot;issue-link&quot; data-issue-key=&quot;LU-1312&quot;&gt;&lt;del&gt;LU-1312&lt;/del&gt;&lt;/a&gt; kernel: crash at boot time in isci driver (Revision 4bd25057c326474f53b47a10690edfd41090e719)&lt;/p&gt;

&lt;p&gt;     Result = SUCCESS&lt;br/&gt;
Oleg Drokin : &lt;a href=&quot;http://git.whamcloud.com/gitweb?p=fs/lustre-release.git;a=shortlog;h=refs/heads/master&amp;amp;a=commit&amp;amp;h=4bd25057c326474f53b47a10690edfd41090e719&quot; class=&quot;external-link&quot; target=&quot;_blank&quot; rel=&quot;nofollow noopener&quot;&gt;4bd25057c326474f53b47a10690edfd41090e719&lt;/a&gt;&lt;br/&gt;
Files : &lt;/p&gt;
&lt;ul&gt;
	&lt;li&gt;lustre/kernel_patches/patches/blkdev_tunables-2.6-rhel6.patch&lt;/li&gt;
&lt;/ul&gt;
</comment>
                            <comment id="35809" author="hudson" created="Mon, 30 Apr 2012 00:34:31 +0000"  >&lt;p&gt;Integrated in &lt;span class=&quot;image-wrap&quot; style=&quot;&quot;&gt;&lt;img src=&quot;http://build.whamcloud.com/images/16x16/blue.png&quot; style=&quot;border: 0px solid black&quot; /&gt;&lt;/span&gt; &lt;a href=&quot;http://build.whamcloud.com/job/lustre-master/./arch=x86_64,build_type=server,distro=el6,ib_stack=ofa/498/&quot; class=&quot;external-link&quot; target=&quot;_blank&quot; rel=&quot;nofollow noopener&quot;&gt;lustre-master &#187; x86_64,server,el6,ofa #498&lt;/a&gt;&lt;br/&gt;
     &lt;a href=&quot;https://jira.whamcloud.com/browse/LU-1312&quot; title=&quot;crash at boot time in isci driver with 2.6.18-308.1.1&quot; class=&quot;issue-link&quot; data-issue-key=&quot;LU-1312&quot;&gt;&lt;del&gt;LU-1312&lt;/del&gt;&lt;/a&gt; kernel: crash at boot time in isci driver (Revision 4bd25057c326474f53b47a10690edfd41090e719)&lt;/p&gt;

&lt;p&gt;     Result = SUCCESS&lt;br/&gt;
Oleg Drokin : &lt;a href=&quot;http://git.whamcloud.com/gitweb?p=fs/lustre-release.git;a=shortlog;h=refs/heads/master&amp;amp;a=commit&amp;amp;h=4bd25057c326474f53b47a10690edfd41090e719&quot; class=&quot;external-link&quot; target=&quot;_blank&quot; rel=&quot;nofollow noopener&quot;&gt;4bd25057c326474f53b47a10690edfd41090e719&lt;/a&gt;&lt;br/&gt;
Files : &lt;/p&gt;
&lt;ul&gt;
	&lt;li&gt;lustre/kernel_patches/patches/blkdev_tunables-2.6-rhel6.patch&lt;/li&gt;
&lt;/ul&gt;
</comment>
                            <comment id="35804" author="hudson" created="Mon, 30 Apr 2012 00:28:34 +0000"  >&lt;p&gt;Integrated in &lt;span class=&quot;image-wrap&quot; style=&quot;&quot;&gt;&lt;img src=&quot;http://build.whamcloud.com/images/16x16/blue.png&quot; style=&quot;border: 0px solid black&quot; /&gt;&lt;/span&gt; &lt;a href=&quot;http://build.whamcloud.com/job/lustre-master/./arch=i686,build_type=client,distro=el6,ib_stack=inkernel/498/&quot; class=&quot;external-link&quot; target=&quot;_blank&quot; rel=&quot;nofollow noopener&quot;&gt;lustre-master &#187; i686,client,el6,inkernel #498&lt;/a&gt;&lt;br/&gt;
     &lt;a href=&quot;https://jira.whamcloud.com/browse/LU-1312&quot; title=&quot;crash at boot time in isci driver with 2.6.18-308.1.1&quot; class=&quot;issue-link&quot; data-issue-key=&quot;LU-1312&quot;&gt;&lt;del&gt;LU-1312&lt;/del&gt;&lt;/a&gt; kernel: crash at boot time in isci driver (Revision 4bd25057c326474f53b47a10690edfd41090e719)&lt;/p&gt;

&lt;p&gt;     Result = SUCCESS&lt;br/&gt;
Oleg Drokin : &lt;a href=&quot;http://git.whamcloud.com/gitweb?p=fs/lustre-release.git;a=shortlog;h=refs/heads/master&amp;amp;a=commit&amp;amp;h=4bd25057c326474f53b47a10690edfd41090e719&quot; class=&quot;external-link&quot; target=&quot;_blank&quot; rel=&quot;nofollow noopener&quot;&gt;4bd25057c326474f53b47a10690edfd41090e719&lt;/a&gt;&lt;br/&gt;
Files : &lt;/p&gt;
&lt;ul&gt;
	&lt;li&gt;lustre/kernel_patches/patches/blkdev_tunables-2.6-rhel6.patch&lt;/li&gt;
&lt;/ul&gt;
</comment>
                            <comment id="35799" author="hudson" created="Mon, 30 Apr 2012 00:25:11 +0000"  >&lt;p&gt;Integrated in &lt;span class=&quot;image-wrap&quot; style=&quot;&quot;&gt;&lt;img src=&quot;http://build.whamcloud.com/images/16x16/blue.png&quot; style=&quot;border: 0px solid black&quot; /&gt;&lt;/span&gt; &lt;a href=&quot;http://build.whamcloud.com/job/lustre-master/./arch=i686,build_type=server,distro=el5,ib_stack=ofa/498/&quot; class=&quot;external-link&quot; target=&quot;_blank&quot; rel=&quot;nofollow noopener&quot;&gt;lustre-master &#187; i686,server,el5,ofa #498&lt;/a&gt;&lt;br/&gt;
     &lt;a href=&quot;https://jira.whamcloud.com/browse/LU-1312&quot; title=&quot;crash at boot time in isci driver with 2.6.18-308.1.1&quot; class=&quot;issue-link&quot; data-issue-key=&quot;LU-1312&quot;&gt;&lt;del&gt;LU-1312&lt;/del&gt;&lt;/a&gt; kernel: crash at boot time in isci driver (Revision 4bd25057c326474f53b47a10690edfd41090e719)&lt;/p&gt;

&lt;p&gt;     Result = SUCCESS&lt;br/&gt;
Oleg Drokin : &lt;a href=&quot;http://git.whamcloud.com/gitweb?p=fs/lustre-release.git;a=shortlog;h=refs/heads/master&amp;amp;a=commit&amp;amp;h=4bd25057c326474f53b47a10690edfd41090e719&quot; class=&quot;external-link&quot; target=&quot;_blank&quot; rel=&quot;nofollow noopener&quot;&gt;4bd25057c326474f53b47a10690edfd41090e719&lt;/a&gt;&lt;br/&gt;
Files : &lt;/p&gt;
&lt;ul&gt;
	&lt;li&gt;lustre/kernel_patches/patches/blkdev_tunables-2.6-rhel6.patch&lt;/li&gt;
&lt;/ul&gt;
</comment>
                            <comment id="35794" author="hudson" created="Mon, 30 Apr 2012 00:25:05 +0000"  >&lt;p&gt;Integrated in &lt;span class=&quot;image-wrap&quot; style=&quot;&quot;&gt;&lt;img src=&quot;http://build.whamcloud.com/images/16x16/blue.png&quot; style=&quot;border: 0px solid black&quot; /&gt;&lt;/span&gt; &lt;a href=&quot;http://build.whamcloud.com/job/lustre-master/./arch=x86_64,build_type=server,distro=el5,ib_stack=ofa/498/&quot; class=&quot;external-link&quot; target=&quot;_blank&quot; rel=&quot;nofollow noopener&quot;&gt;lustre-master &#187; x86_64,server,el5,ofa #498&lt;/a&gt;&lt;br/&gt;
     &lt;a href=&quot;https://jira.whamcloud.com/browse/LU-1312&quot; title=&quot;crash at boot time in isci driver with 2.6.18-308.1.1&quot; class=&quot;issue-link&quot; data-issue-key=&quot;LU-1312&quot;&gt;&lt;del&gt;LU-1312&lt;/del&gt;&lt;/a&gt; kernel: crash at boot time in isci driver (Revision 4bd25057c326474f53b47a10690edfd41090e719)&lt;/p&gt;

&lt;p&gt;     Result = SUCCESS&lt;br/&gt;
Oleg Drokin : &lt;a href=&quot;http://git.whamcloud.com/gitweb?p=fs/lustre-release.git;a=shortlog;h=refs/heads/master&amp;amp;a=commit&amp;amp;h=4bd25057c326474f53b47a10690edfd41090e719&quot; class=&quot;external-link&quot; target=&quot;_blank&quot; rel=&quot;nofollow noopener&quot;&gt;4bd25057c326474f53b47a10690edfd41090e719&lt;/a&gt;&lt;br/&gt;
Files : &lt;/p&gt;
&lt;ul&gt;
	&lt;li&gt;lustre/kernel_patches/patches/blkdev_tunables-2.6-rhel6.patch&lt;/li&gt;
&lt;/ul&gt;
</comment>
                            <comment id="35789" author="hudson" created="Mon, 30 Apr 2012 00:15:09 +0000"  >&lt;p&gt;Integrated in &lt;span class=&quot;image-wrap&quot; style=&quot;&quot;&gt;&lt;img src=&quot;http://build.whamcloud.com/images/16x16/blue.png&quot; style=&quot;border: 0px solid black&quot; /&gt;&lt;/span&gt; &lt;a href=&quot;http://build.whamcloud.com/job/lustre-master/./arch=i686,build_type=client,distro=el6,ib_stack=ofa/498/&quot; class=&quot;external-link&quot; target=&quot;_blank&quot; rel=&quot;nofollow noopener&quot;&gt;lustre-master &#187; i686,client,el6,ofa #498&lt;/a&gt;&lt;br/&gt;
     &lt;a href=&quot;https://jira.whamcloud.com/browse/LU-1312&quot; title=&quot;crash at boot time in isci driver with 2.6.18-308.1.1&quot; class=&quot;issue-link&quot; data-issue-key=&quot;LU-1312&quot;&gt;&lt;del&gt;LU-1312&lt;/del&gt;&lt;/a&gt; kernel: crash at boot time in isci driver (Revision 4bd25057c326474f53b47a10690edfd41090e719)&lt;/p&gt;

&lt;p&gt;     Result = SUCCESS&lt;br/&gt;
Oleg Drokin : &lt;a href=&quot;http://git.whamcloud.com/gitweb?p=fs/lustre-release.git;a=shortlog;h=refs/heads/master&amp;amp;a=commit&amp;amp;h=4bd25057c326474f53b47a10690edfd41090e719&quot; class=&quot;external-link&quot; target=&quot;_blank&quot; rel=&quot;nofollow noopener&quot;&gt;4bd25057c326474f53b47a10690edfd41090e719&lt;/a&gt;&lt;br/&gt;
Files : &lt;/p&gt;
&lt;ul&gt;
	&lt;li&gt;lustre/kernel_patches/patches/blkdev_tunables-2.6-rhel6.patch&lt;/li&gt;
&lt;/ul&gt;
</comment>
                            <comment id="35784" author="hudson" created="Mon, 30 Apr 2012 00:12:35 +0000"  >&lt;p&gt;Integrated in &lt;span class=&quot;image-wrap&quot; style=&quot;&quot;&gt;&lt;img src=&quot;http://build.whamcloud.com/images/16x16/blue.png&quot; style=&quot;border: 0px solid black&quot; /&gt;&lt;/span&gt; &lt;a href=&quot;http://build.whamcloud.com/job/lustre-master/./arch=x86_64,build_type=server,distro=el5,ib_stack=inkernel/498/&quot; class=&quot;external-link&quot; target=&quot;_blank&quot; rel=&quot;nofollow noopener&quot;&gt;lustre-master &#187; x86_64,server,el5,inkernel #498&lt;/a&gt;&lt;br/&gt;
     &lt;a href=&quot;https://jira.whamcloud.com/browse/LU-1312&quot; title=&quot;crash at boot time in isci driver with 2.6.18-308.1.1&quot; class=&quot;issue-link&quot; data-issue-key=&quot;LU-1312&quot;&gt;&lt;del&gt;LU-1312&lt;/del&gt;&lt;/a&gt; kernel: crash at boot time in isci driver (Revision 4bd25057c326474f53b47a10690edfd41090e719)&lt;/p&gt;

&lt;p&gt;     Result = SUCCESS&lt;br/&gt;
Oleg Drokin : &lt;a href=&quot;http://git.whamcloud.com/gitweb?p=fs/lustre-release.git;a=shortlog;h=refs/heads/master&amp;amp;a=commit&amp;amp;h=4bd25057c326474f53b47a10690edfd41090e719&quot; class=&quot;external-link&quot; target=&quot;_blank&quot; rel=&quot;nofollow noopener&quot;&gt;4bd25057c326474f53b47a10690edfd41090e719&lt;/a&gt;&lt;br/&gt;
Files : &lt;/p&gt;
&lt;ul&gt;
	&lt;li&gt;lustre/kernel_patches/patches/blkdev_tunables-2.6-rhel6.patch&lt;/li&gt;
&lt;/ul&gt;
</comment>
                            <comment id="35779" author="hudson" created="Mon, 30 Apr 2012 00:11:16 +0000"  >&lt;p&gt;Integrated in &lt;span class=&quot;image-wrap&quot; style=&quot;&quot;&gt;&lt;img src=&quot;http://build.whamcloud.com/images/16x16/blue.png&quot; style=&quot;border: 0px solid black&quot; /&gt;&lt;/span&gt; &lt;a href=&quot;http://build.whamcloud.com/job/lustre-master/./arch=i686,build_type=client,distro=el5,ib_stack=inkernel/498/&quot; class=&quot;external-link&quot; target=&quot;_blank&quot; rel=&quot;nofollow noopener&quot;&gt;lustre-master &#187; i686,client,el5,inkernel #498&lt;/a&gt;&lt;br/&gt;
     &lt;a href=&quot;https://jira.whamcloud.com/browse/LU-1312&quot; title=&quot;crash at boot time in isci driver with 2.6.18-308.1.1&quot; class=&quot;issue-link&quot; data-issue-key=&quot;LU-1312&quot;&gt;&lt;del&gt;LU-1312&lt;/del&gt;&lt;/a&gt; kernel: crash at boot time in isci driver (Revision 4bd25057c326474f53b47a10690edfd41090e719)&lt;/p&gt;

&lt;p&gt;     Result = SUCCESS&lt;br/&gt;
Oleg Drokin : &lt;a href=&quot;http://git.whamcloud.com/gitweb?p=fs/lustre-release.git;a=shortlog;h=refs/heads/master&amp;amp;a=commit&amp;amp;h=4bd25057c326474f53b47a10690edfd41090e719&quot; class=&quot;external-link&quot; target=&quot;_blank&quot; rel=&quot;nofollow noopener&quot;&gt;4bd25057c326474f53b47a10690edfd41090e719&lt;/a&gt;&lt;br/&gt;
Files : &lt;/p&gt;
&lt;ul&gt;
	&lt;li&gt;lustre/kernel_patches/patches/blkdev_tunables-2.6-rhel6.patch&lt;/li&gt;
&lt;/ul&gt;
</comment>
                            <comment id="35774" author="hudson" created="Mon, 30 Apr 2012 00:02:25 +0000"  >&lt;p&gt;Integrated in &lt;span class=&quot;image-wrap&quot; style=&quot;&quot;&gt;&lt;img src=&quot;http://build.whamcloud.com/images/16x16/blue.png&quot; style=&quot;border: 0px solid black&quot; /&gt;&lt;/span&gt; &lt;a href=&quot;http://build.whamcloud.com/job/lustre-master/./arch=x86_64,build_type=client,distro=sles11,ib_stack=inkernel/498/&quot; class=&quot;external-link&quot; target=&quot;_blank&quot; rel=&quot;nofollow noopener&quot;&gt;lustre-master &#187; x86_64,client,sles11,inkernel #498&lt;/a&gt;&lt;br/&gt;
     &lt;a href=&quot;https://jira.whamcloud.com/browse/LU-1312&quot; title=&quot;crash at boot time in isci driver with 2.6.18-308.1.1&quot; class=&quot;issue-link&quot; data-issue-key=&quot;LU-1312&quot;&gt;&lt;del&gt;LU-1312&lt;/del&gt;&lt;/a&gt; kernel: crash at boot time in isci driver (Revision 4bd25057c326474f53b47a10690edfd41090e719)&lt;/p&gt;

&lt;p&gt;     Result = SUCCESS&lt;br/&gt;
Oleg Drokin : &lt;a href=&quot;http://git.whamcloud.com/gitweb?p=fs/lustre-release.git;a=shortlog;h=refs/heads/master&amp;amp;a=commit&amp;amp;h=4bd25057c326474f53b47a10690edfd41090e719&quot; class=&quot;external-link&quot; target=&quot;_blank&quot; rel=&quot;nofollow noopener&quot;&gt;4bd25057c326474f53b47a10690edfd41090e719&lt;/a&gt;&lt;br/&gt;
Files : &lt;/p&gt;
&lt;ul&gt;
	&lt;li&gt;lustre/kernel_patches/patches/blkdev_tunables-2.6-rhel6.patch&lt;/li&gt;
&lt;/ul&gt;
</comment>
                            <comment id="35520" author="aeonjeffj" created="Thu, 26 Apr 2012 13:43:59 +0000"  >&lt;p&gt;The CentOS 6.2/2.6.32.lustre22_9c8f747 test system has survived 24 hours of constant fio testing on local isci attached disk without any errors.&lt;/p&gt;</comment>
                            <comment id="35494" author="hudson" created="Thu, 26 Apr 2012 10:36:31 +0000"  >&lt;p&gt;Integrated in &lt;span class=&quot;image-wrap&quot; style=&quot;&quot;&gt;&lt;img src=&quot;http://build.whamcloud.com/images/16x16/blue.png&quot; style=&quot;border: 0px solid black&quot; /&gt;&lt;/span&gt; &lt;a href=&quot;http://build.whamcloud.com/job/lustre-b1_8/./arch=i686,build_type=client,distro=el5,ib_stack=ofa/190/&quot; class=&quot;external-link&quot; target=&quot;_blank&quot; rel=&quot;nofollow noopener&quot;&gt;lustre-b1_8 &#187; i686,client,el5,ofa #190&lt;/a&gt;&lt;br/&gt;
     &lt;a href=&quot;https://jira.whamcloud.com/browse/LU-1312&quot; title=&quot;crash at boot time in isci driver with 2.6.18-308.1.1&quot; class=&quot;issue-link&quot; data-issue-key=&quot;LU-1312&quot;&gt;&lt;del&gt;LU-1312&lt;/del&gt;&lt;/a&gt; kernel: crash at boot time in isci driver (Revision 8d7f82f1515b314cc92b2463f955c9c3e1280e3e)&lt;/p&gt;

&lt;p&gt;     Result = SUCCESS&lt;br/&gt;
Johann Lombardi : &lt;a href=&quot;http://git.whamcloud.com/gitweb?p=fs/lustre-release.git;a=shortlog;h=refs/heads/b1_8&amp;amp;a=commit&amp;amp;h=8d7f82f1515b314cc92b2463f955c9c3e1280e3e&quot; class=&quot;external-link&quot; target=&quot;_blank&quot; rel=&quot;nofollow noopener&quot;&gt;8d7f82f1515b314cc92b2463f955c9c3e1280e3e&lt;/a&gt;&lt;br/&gt;
Files : &lt;/p&gt;
&lt;ul&gt;
	&lt;li&gt;lustre/kernel_patches/patches/blkdev_tunables-2.6-rhel5.patch&lt;/li&gt;
&lt;/ul&gt;
</comment>
                            <comment id="35493" author="hudson" created="Thu, 26 Apr 2012 10:36:25 +0000"  >&lt;p&gt;Integrated in &lt;span class=&quot;image-wrap&quot; style=&quot;&quot;&gt;&lt;img src=&quot;http://build.whamcloud.com/images/16x16/blue.png&quot; style=&quot;border: 0px solid black&quot; /&gt;&lt;/span&gt; &lt;a href=&quot;http://build.whamcloud.com/job/lustre-b1_8/./arch=i686,build_type=client,distro=el5,ib_stack=inkernel/190/&quot; class=&quot;external-link&quot; target=&quot;_blank&quot; rel=&quot;nofollow noopener&quot;&gt;lustre-b1_8 &#187; i686,client,el5,inkernel #190&lt;/a&gt;&lt;br/&gt;
     &lt;a href=&quot;https://jira.whamcloud.com/browse/LU-1312&quot; title=&quot;crash at boot time in isci driver with 2.6.18-308.1.1&quot; class=&quot;issue-link&quot; data-issue-key=&quot;LU-1312&quot;&gt;&lt;del&gt;LU-1312&lt;/del&gt;&lt;/a&gt; kernel: crash at boot time in isci driver (Revision 8d7f82f1515b314cc92b2463f955c9c3e1280e3e)&lt;/p&gt;

&lt;p&gt;     Result = SUCCESS&lt;br/&gt;
Johann Lombardi : &lt;a href=&quot;http://git.whamcloud.com/gitweb?p=fs/lustre-release.git;a=shortlog;h=refs/heads/b1_8&amp;amp;a=commit&amp;amp;h=8d7f82f1515b314cc92b2463f955c9c3e1280e3e&quot; class=&quot;external-link&quot; target=&quot;_blank&quot; rel=&quot;nofollow noopener&quot;&gt;8d7f82f1515b314cc92b2463f955c9c3e1280e3e&lt;/a&gt;&lt;br/&gt;
Files : &lt;/p&gt;
&lt;ul&gt;
	&lt;li&gt;lustre/kernel_patches/patches/blkdev_tunables-2.6-rhel5.patch&lt;/li&gt;
&lt;/ul&gt;
</comment>
                            <comment id="35492" author="hudson" created="Thu, 26 Apr 2012 10:35:38 +0000"  >&lt;p&gt;Integrated in &lt;span class=&quot;image-wrap&quot; style=&quot;&quot;&gt;&lt;img src=&quot;http://build.whamcloud.com/images/16x16/blue.png&quot; style=&quot;border: 0px solid black&quot; /&gt;&lt;/span&gt; &lt;a href=&quot;http://build.whamcloud.com/job/lustre-b1_8/./arch=x86_64,build_type=server,distro=el5,ib_stack=ofa/190/&quot; class=&quot;external-link&quot; target=&quot;_blank&quot; rel=&quot;nofollow noopener&quot;&gt;lustre-b1_8 &#187; x86_64,server,el5,ofa #190&lt;/a&gt;&lt;br/&gt;
     &lt;a href=&quot;https://jira.whamcloud.com/browse/LU-1312&quot; title=&quot;crash at boot time in isci driver with 2.6.18-308.1.1&quot; class=&quot;issue-link&quot; data-issue-key=&quot;LU-1312&quot;&gt;&lt;del&gt;LU-1312&lt;/del&gt;&lt;/a&gt; kernel: crash at boot time in isci driver (Revision 8d7f82f1515b314cc92b2463f955c9c3e1280e3e)&lt;/p&gt;

&lt;p&gt;     Result = SUCCESS&lt;br/&gt;
Johann Lombardi : &lt;a href=&quot;http://git.whamcloud.com/gitweb?p=fs/lustre-release.git;a=shortlog;h=refs/heads/b1_8&amp;amp;a=commit&amp;amp;h=8d7f82f1515b314cc92b2463f955c9c3e1280e3e&quot; class=&quot;external-link&quot; target=&quot;_blank&quot; rel=&quot;nofollow noopener&quot;&gt;8d7f82f1515b314cc92b2463f955c9c3e1280e3e&lt;/a&gt;&lt;br/&gt;
Files : &lt;/p&gt;
&lt;ul&gt;
	&lt;li&gt;lustre/kernel_patches/patches/blkdev_tunables-2.6-rhel5.patch&lt;/li&gt;
&lt;/ul&gt;
</comment>
                            <comment id="35491" author="hudson" created="Thu, 26 Apr 2012 10:35:34 +0000"  >&lt;p&gt;Integrated in &lt;span class=&quot;image-wrap&quot; style=&quot;&quot;&gt;&lt;img src=&quot;http://build.whamcloud.com/images/16x16/blue.png&quot; style=&quot;border: 0px solid black&quot; /&gt;&lt;/span&gt; &lt;a href=&quot;http://build.whamcloud.com/job/lustre-b1_8/./arch=x86_64,build_type=client,distro=el5,ib_stack=ofa/190/&quot; class=&quot;external-link&quot; target=&quot;_blank&quot; rel=&quot;nofollow noopener&quot;&gt;lustre-b1_8 &#187; x86_64,client,el5,ofa #190&lt;/a&gt;&lt;br/&gt;
     &lt;a href=&quot;https://jira.whamcloud.com/browse/LU-1312&quot; title=&quot;crash at boot time in isci driver with 2.6.18-308.1.1&quot; class=&quot;issue-link&quot; data-issue-key=&quot;LU-1312&quot;&gt;&lt;del&gt;LU-1312&lt;/del&gt;&lt;/a&gt; kernel: crash at boot time in isci driver (Revision 8d7f82f1515b314cc92b2463f955c9c3e1280e3e)&lt;/p&gt;

&lt;p&gt;     Result = SUCCESS&lt;br/&gt;
Johann Lombardi : &lt;a href=&quot;http://git.whamcloud.com/gitweb?p=fs/lustre-release.git;a=shortlog;h=refs/heads/b1_8&amp;amp;a=commit&amp;amp;h=8d7f82f1515b314cc92b2463f955c9c3e1280e3e&quot; class=&quot;external-link&quot; target=&quot;_blank&quot; rel=&quot;nofollow noopener&quot;&gt;8d7f82f1515b314cc92b2463f955c9c3e1280e3e&lt;/a&gt;&lt;br/&gt;
Files : &lt;/p&gt;
&lt;ul&gt;
	&lt;li&gt;lustre/kernel_patches/patches/blkdev_tunables-2.6-rhel5.patch&lt;/li&gt;
&lt;/ul&gt;
</comment>
                            <comment id="35490" author="hudson" created="Thu, 26 Apr 2012 10:35:27 +0000"  >&lt;p&gt;Integrated in &lt;span class=&quot;image-wrap&quot; style=&quot;&quot;&gt;&lt;img src=&quot;http://build.whamcloud.com/images/16x16/blue.png&quot; style=&quot;border: 0px solid black&quot; /&gt;&lt;/span&gt; &lt;a href=&quot;http://build.whamcloud.com/job/lustre-b1_8/./arch=x86_64,build_type=client,distro=el5,ib_stack=inkernel/190/&quot; class=&quot;external-link&quot; target=&quot;_blank&quot; rel=&quot;nofollow noopener&quot;&gt;lustre-b1_8 &#187; x86_64,client,el5,inkernel #190&lt;/a&gt;&lt;br/&gt;
     &lt;a href=&quot;https://jira.whamcloud.com/browse/LU-1312&quot; title=&quot;crash at boot time in isci driver with 2.6.18-308.1.1&quot; class=&quot;issue-link&quot; data-issue-key=&quot;LU-1312&quot;&gt;&lt;del&gt;LU-1312&lt;/del&gt;&lt;/a&gt; kernel: crash at boot time in isci driver (Revision 8d7f82f1515b314cc92b2463f955c9c3e1280e3e)&lt;/p&gt;

&lt;p&gt;     Result = SUCCESS&lt;br/&gt;
Johann Lombardi : &lt;a href=&quot;http://git.whamcloud.com/gitweb?p=fs/lustre-release.git;a=shortlog;h=refs/heads/b1_8&amp;amp;a=commit&amp;amp;h=8d7f82f1515b314cc92b2463f955c9c3e1280e3e&quot; class=&quot;external-link&quot; target=&quot;_blank&quot; rel=&quot;nofollow noopener&quot;&gt;8d7f82f1515b314cc92b2463f955c9c3e1280e3e&lt;/a&gt;&lt;br/&gt;
Files : &lt;/p&gt;
&lt;ul&gt;
	&lt;li&gt;lustre/kernel_patches/patches/blkdev_tunables-2.6-rhel5.patch&lt;/li&gt;
&lt;/ul&gt;
</comment>
                            <comment id="35489" author="hudson" created="Thu, 26 Apr 2012 10:33:49 +0000"  >&lt;p&gt;Integrated in &lt;span class=&quot;image-wrap&quot; style=&quot;&quot;&gt;&lt;img src=&quot;http://build.whamcloud.com/images/16x16/blue.png&quot; style=&quot;border: 0px solid black&quot; /&gt;&lt;/span&gt; &lt;a href=&quot;http://build.whamcloud.com/job/lustre-b1_8/./arch=i686,build_type=client,distro=el6,ib_stack=inkernel/190/&quot; class=&quot;external-link&quot; target=&quot;_blank&quot; rel=&quot;nofollow noopener&quot;&gt;lustre-b1_8 &#187; i686,client,el6,inkernel #190&lt;/a&gt;&lt;br/&gt;
     &lt;a href=&quot;https://jira.whamcloud.com/browse/LU-1312&quot; title=&quot;crash at boot time in isci driver with 2.6.18-308.1.1&quot; class=&quot;issue-link&quot; data-issue-key=&quot;LU-1312&quot;&gt;&lt;del&gt;LU-1312&lt;/del&gt;&lt;/a&gt; kernel: crash at boot time in isci driver (Revision 8d7f82f1515b314cc92b2463f955c9c3e1280e3e)&lt;/p&gt;

&lt;p&gt;     Result = SUCCESS&lt;br/&gt;
Johann Lombardi : &lt;a href=&quot;http://git.whamcloud.com/gitweb?p=fs/lustre-release.git;a=shortlog;h=refs/heads/b1_8&amp;amp;a=commit&amp;amp;h=8d7f82f1515b314cc92b2463f955c9c3e1280e3e&quot; class=&quot;external-link&quot; target=&quot;_blank&quot; rel=&quot;nofollow noopener&quot;&gt;8d7f82f1515b314cc92b2463f955c9c3e1280e3e&lt;/a&gt;&lt;br/&gt;
Files : &lt;/p&gt;
&lt;ul&gt;
	&lt;li&gt;lustre/kernel_patches/patches/blkdev_tunables-2.6-rhel5.patch&lt;/li&gt;
&lt;/ul&gt;
</comment>
                            <comment id="35488" author="hudson" created="Thu, 26 Apr 2012 10:32:55 +0000"  >&lt;p&gt;Integrated in &lt;span class=&quot;image-wrap&quot; style=&quot;&quot;&gt;&lt;img src=&quot;http://build.whamcloud.com/images/16x16/blue.png&quot; style=&quot;border: 0px solid black&quot; /&gt;&lt;/span&gt; &lt;a href=&quot;http://build.whamcloud.com/job/lustre-b1_8/./arch=x86_64,build_type=client,distro=el6,ib_stack=inkernel/190/&quot; class=&quot;external-link&quot; target=&quot;_blank&quot; rel=&quot;nofollow noopener&quot;&gt;lustre-b1_8 &#187; x86_64,client,el6,inkernel #190&lt;/a&gt;&lt;br/&gt;
     &lt;a href=&quot;https://jira.whamcloud.com/browse/LU-1312&quot; title=&quot;crash at boot time in isci driver with 2.6.18-308.1.1&quot; class=&quot;issue-link&quot; data-issue-key=&quot;LU-1312&quot;&gt;&lt;del&gt;LU-1312&lt;/del&gt;&lt;/a&gt; kernel: crash at boot time in isci driver (Revision 8d7f82f1515b314cc92b2463f955c9c3e1280e3e)&lt;/p&gt;

&lt;p&gt;     Result = SUCCESS&lt;br/&gt;
Johann Lombardi : &lt;a href=&quot;http://git.whamcloud.com/gitweb?p=fs/lustre-release.git;a=shortlog;h=refs/heads/b1_8&amp;amp;a=commit&amp;amp;h=8d7f82f1515b314cc92b2463f955c9c3e1280e3e&quot; class=&quot;external-link&quot; target=&quot;_blank&quot; rel=&quot;nofollow noopener&quot;&gt;8d7f82f1515b314cc92b2463f955c9c3e1280e3e&lt;/a&gt;&lt;br/&gt;
Files : &lt;/p&gt;
&lt;ul&gt;
	&lt;li&gt;lustre/kernel_patches/patches/blkdev_tunables-2.6-rhel5.patch&lt;/li&gt;
&lt;/ul&gt;
</comment>
                            <comment id="35487" author="hudson" created="Thu, 26 Apr 2012 10:28:19 +0000"  >&lt;p&gt;Integrated in &lt;span class=&quot;image-wrap&quot; style=&quot;&quot;&gt;&lt;img src=&quot;http://build.whamcloud.com/images/16x16/blue.png&quot; style=&quot;border: 0px solid black&quot; /&gt;&lt;/span&gt; &lt;a href=&quot;http://build.whamcloud.com/job/lustre-b1_8/./arch=i686,build_type=server,distro=el5,ib_stack=ofa/190/&quot; class=&quot;external-link&quot; target=&quot;_blank&quot; rel=&quot;nofollow noopener&quot;&gt;lustre-b1_8 &#187; i686,server,el5,ofa #190&lt;/a&gt;&lt;br/&gt;
     &lt;a href=&quot;https://jira.whamcloud.com/browse/LU-1312&quot; title=&quot;crash at boot time in isci driver with 2.6.18-308.1.1&quot; class=&quot;issue-link&quot; data-issue-key=&quot;LU-1312&quot;&gt;&lt;del&gt;LU-1312&lt;/del&gt;&lt;/a&gt; kernel: crash at boot time in isci driver (Revision 8d7f82f1515b314cc92b2463f955c9c3e1280e3e)&lt;/p&gt;

&lt;p&gt;     Result = SUCCESS&lt;br/&gt;
Johann Lombardi : &lt;a href=&quot;http://git.whamcloud.com/gitweb?p=fs/lustre-release.git;a=shortlog;h=refs/heads/b1_8&amp;amp;a=commit&amp;amp;h=8d7f82f1515b314cc92b2463f955c9c3e1280e3e&quot; class=&quot;external-link&quot; target=&quot;_blank&quot; rel=&quot;nofollow noopener&quot;&gt;8d7f82f1515b314cc92b2463f955c9c3e1280e3e&lt;/a&gt;&lt;br/&gt;
Files : &lt;/p&gt;
&lt;ul&gt;
	&lt;li&gt;lustre/kernel_patches/patches/blkdev_tunables-2.6-rhel5.patch&lt;/li&gt;
&lt;/ul&gt;
</comment>
                            <comment id="35486" author="hudson" created="Thu, 26 Apr 2012 10:28:12 +0000"  >&lt;p&gt;Integrated in &lt;span class=&quot;image-wrap&quot; style=&quot;&quot;&gt;&lt;img src=&quot;http://build.whamcloud.com/images/16x16/blue.png&quot; style=&quot;border: 0px solid black&quot; /&gt;&lt;/span&gt; &lt;a href=&quot;http://build.whamcloud.com/job/lustre-b1_8/./arch=i686,build_type=server,distro=el5,ib_stack=inkernel/190/&quot; class=&quot;external-link&quot; target=&quot;_blank&quot; rel=&quot;nofollow noopener&quot;&gt;lustre-b1_8 &#187; i686,server,el5,inkernel #190&lt;/a&gt;&lt;br/&gt;
     &lt;a href=&quot;https://jira.whamcloud.com/browse/LU-1312&quot; title=&quot;crash at boot time in isci driver with 2.6.18-308.1.1&quot; class=&quot;issue-link&quot; data-issue-key=&quot;LU-1312&quot;&gt;&lt;del&gt;LU-1312&lt;/del&gt;&lt;/a&gt; kernel: crash at boot time in isci driver (Revision 8d7f82f1515b314cc92b2463f955c9c3e1280e3e)&lt;/p&gt;

&lt;p&gt;     Result = SUCCESS&lt;br/&gt;
Johann Lombardi : &lt;a href=&quot;http://git.whamcloud.com/gitweb?p=fs/lustre-release.git;a=shortlog;h=refs/heads/b1_8&amp;amp;a=commit&amp;amp;h=8d7f82f1515b314cc92b2463f955c9c3e1280e3e&quot; class=&quot;external-link&quot; target=&quot;_blank&quot; rel=&quot;nofollow noopener&quot;&gt;8d7f82f1515b314cc92b2463f955c9c3e1280e3e&lt;/a&gt;&lt;br/&gt;
Files : &lt;/p&gt;
&lt;ul&gt;
	&lt;li&gt;lustre/kernel_patches/patches/blkdev_tunables-2.6-rhel5.patch&lt;/li&gt;
&lt;/ul&gt;
</comment>
                            <comment id="35485" author="hudson" created="Thu, 26 Apr 2012 10:27:31 +0000"  >&lt;p&gt;Integrated in &lt;span class=&quot;image-wrap&quot; style=&quot;&quot;&gt;&lt;img src=&quot;http://build.whamcloud.com/images/16x16/blue.png&quot; style=&quot;border: 0px solid black&quot; /&gt;&lt;/span&gt; &lt;a href=&quot;http://build.whamcloud.com/job/lustre-b1_8/./arch=x86_64,build_type=server,distro=el5,ib_stack=inkernel/190/&quot; class=&quot;external-link&quot; target=&quot;_blank&quot; rel=&quot;nofollow noopener&quot;&gt;lustre-b1_8 &#187; x86_64,server,el5,inkernel #190&lt;/a&gt;&lt;br/&gt;
     &lt;a href=&quot;https://jira.whamcloud.com/browse/LU-1312&quot; title=&quot;crash at boot time in isci driver with 2.6.18-308.1.1&quot; class=&quot;issue-link&quot; data-issue-key=&quot;LU-1312&quot;&gt;&lt;del&gt;LU-1312&lt;/del&gt;&lt;/a&gt; kernel: crash at boot time in isci driver (Revision 8d7f82f1515b314cc92b2463f955c9c3e1280e3e)&lt;/p&gt;

&lt;p&gt;     Result = SUCCESS&lt;br/&gt;
Johann Lombardi : &lt;a href=&quot;http://git.whamcloud.com/gitweb?p=fs/lustre-release.git;a=shortlog;h=refs/heads/b1_8&amp;amp;a=commit&amp;amp;h=8d7f82f1515b314cc92b2463f955c9c3e1280e3e&quot; class=&quot;external-link&quot; target=&quot;_blank&quot; rel=&quot;nofollow noopener&quot;&gt;8d7f82f1515b314cc92b2463f955c9c3e1280e3e&lt;/a&gt;&lt;br/&gt;
Files : &lt;/p&gt;
&lt;ul&gt;
	&lt;li&gt;lustre/kernel_patches/patches/blkdev_tunables-2.6-rhel5.patch&lt;/li&gt;
&lt;/ul&gt;
</comment>
                            <comment id="35460" author="johann" created="Wed, 25 Apr 2012 15:46:56 +0000"  >&lt;p&gt;That&apos;s good news! Let&apos;s land the patch now!&lt;br/&gt;
Thanks for testing the patch.&lt;/p&gt;</comment>
                            <comment id="35459" author="ys" created="Wed, 25 Apr 2012 14:35:54 +0000"  >&lt;p&gt;After test via remote access. I conclude that we have to set isci_sht.sg_tablesize = 128 in rhel5. Since we change MAX_PHYS_SEGMENTS,MAX_HW_SEGMENTS,BLK_DEF_MAX_SECTORS. The sci_io_request_get_dma_addr() will receive a sg_index over its upper limit SCI_MAX_SCATTER_GATHER_ELEMENTS. If restore either MAX_PHYS_SEGMENTS or BLK_DEF_MAX_SECTORS to default value. Then the driver works well. But we will lost performance if restore them. So just set isci driver it still can work in default mode then.&lt;/p&gt;
</comment>
                            <comment id="35446" author="aeonjeffj" created="Wed, 25 Apr 2012 12:37:49 +0000"  >&lt;p&gt;Compiled and successfully booted 2.6.32.lustre22_9c8f747 on the CentOS 6.2 system with isci SAS/SATA driver.&lt;/p&gt;

&lt;p&gt;Winner winner, chicken dinner!&lt;/p&gt;

&lt;p&gt;Starting looping fio testing now to stress the boot disk and isci interface. I will report back on fio/stress results.&lt;/p&gt;</comment>
                            <comment id="35430" author="cliffw" created="Tue, 24 Apr 2012 23:55:53 +0000"  >&lt;p&gt;Okay, I see we have a build from the last patch, I am uploading now.&lt;br/&gt;
cliffw&lt;/p&gt;






&lt;p&gt;&amp;#8211; &lt;br/&gt;
cliffw&lt;br/&gt;
Support Guy&lt;br/&gt;
WhamCloud, Inc.&lt;br/&gt;
www.whamcloud.com&lt;/p&gt;</comment>
                            <comment id="35429" author="aeonjeffj" created="Tue, 24 Apr 2012 23:37:47 +0000"  >&lt;p&gt;I have provided Yang Sheng ssh access to the CentOS 5.8/2.6.18-308.1.1 system. Yang, you can try this patch directly or I can. Let me know&lt;/p&gt;</comment>
                            <comment id="35419" author="ys" created="Tue, 24 Apr 2012 16:07:24 +0000"  >&lt;p&gt;master patch commit to: &lt;a href=&quot;http://review.whamcloud.com/2596&quot; class=&quot;external-link&quot; target=&quot;_blank&quot; rel=&quot;nofollow noopener&quot;&gt;http://review.whamcloud.com/2596&lt;/a&gt;&lt;/p&gt;</comment>
                            <comment id="35415" author="ys" created="Tue, 24 Apr 2012 12:58:29 +0000"  >&lt;p&gt;patch upload to: &lt;a href=&quot;http://review.whamcloud.com/2595&quot; class=&quot;external-link&quot; target=&quot;_blank&quot; rel=&quot;nofollow noopener&quot;&gt;http://review.whamcloud.com/2595&lt;/a&gt;&lt;/p&gt;</comment>
                            <comment id="35414" author="ys" created="Tue, 24 Apr 2012 12:51:25 +0000"  >&lt;p&gt;Johann, looks like this really may cause some problem. I&apos;ll produce a patch for test.&lt;/p&gt;</comment>
                            <comment id="35413" author="johann" created="Tue, 24 Apr 2012 12:18:47 +0000"  >&lt;p&gt;The isci driver seems to have its own limit for the SG, SCI_MAX_SCATTER_GATHER_ELEMENTS.&lt;br/&gt;
I think we should just try to set isci_sht::.sg_tablesize to the default value (i.e. 0xff) instead of the the new one.&lt;br/&gt;
Jeff, Yangsheng, any chance to give this a try?&lt;/p&gt;</comment>
                            <comment id="35384" author="aeonjeffj" created="Mon, 23 Apr 2012 17:11:04 +0000"  >&lt;p&gt;Aggressive testing of system boot disks using fio have been run successfully on 1.8 and 2.2 branch kernels (2.6.18-308.1.1 and 2.6.32-220.4.2) with the blkdev_tunables patch removed.&lt;/p&gt;

&lt;p&gt;It appears that the current blkdev_tunables patch negatively impacts stability of the isci SAS/SATA controller kernel driver.&lt;/p&gt;</comment>
                            <comment id="34930" author="aeonjeffj" created="Tue, 17 Apr 2012 11:37:07 +0000"  >&lt;p&gt;I removed the blkdev_tunables-2.6-rhel6.patch and recompiled. The resulting kernel RPM does boot properly. I am running disk stress tests on the boot disk during the day today to make sure it is stable. So far it appears removing the blkdev_tunables-2.6-rhel6.patch resolves the issue. &lt;/p&gt;

&lt;p&gt;My guess is that removing the same patch and building a 1.8 kernel on kernel-2.6.18-308.1.1 and booting it on this Sandy Bridge Xeon platform with the isci onboard SAS/SATA controller would have a similar successful outcome.&lt;/p&gt;</comment>
                            <comment id="34754" author="pjones" created="Sat, 14 Apr 2012 08:02:50 +0000"  >&lt;p&gt;Jeff&lt;/p&gt;

&lt;p&gt;To be clear, did the most recent results you posted include the blkdev_tunables-2.6-rhel5.patch? As part of isolating the problem we would like to know if removing that patch from the equation alters the behaviour...&lt;/p&gt;

&lt;p&gt;Thanks&lt;/p&gt;

&lt;p&gt;Peter&lt;/p&gt;</comment>
                            <comment id="34753" author="aeonjeffj" created="Fri, 13 Apr 2012 20:45:30 +0000"  >&lt;p&gt;This issue also occurs on 1.87-wc1 installs using CentOS 5.8 as well. The issue is the same, standard release CentOS kernels are stable, Whamcloud patched kernels crash. So this impacts 1.8 and 2.2 release trees.&lt;/p&gt;

&lt;p&gt;Based on some of the previous crashes I saw I modified the boot disk configuration; from the standard RHEL/CentOS LVM2 based boot partition/FS scheme using ext4 to a more simple three standard partition &lt;span class=&quot;error&quot;&gt;&amp;#91;boot/root/swap&amp;#93;&lt;/span&gt; format with ext2 for boot and ext3 for root. Removing the LVM2/ext4 from the boot drive configuration did not clear the issue.&lt;/p&gt;

&lt;p&gt;I also tried several types of boot disk hardware (Seagate, Hitachi, WD, Intel SSD, etc) with no positive change. It appears that this issue is caused by the kernel mods made to support Lustre and those changes impact the Intel isci SAS/SATA driver or one of its dependencies.&lt;/p&gt;

&lt;p&gt;I can provide remote access to this platform via ssh if it is useful.&lt;/p&gt;</comment>
                            <comment id="34752" author="aeonjeffj" created="Fri, 13 Apr 2012 20:38:58 +0000"  >&lt;p&gt;The following are two kernel boot sequences from the same system. kernel-2.6.32-220.4.2.el6_lustre.x86_64 &lt;b&gt;(fails)&lt;/b&gt; and kernel-2.6.32-220.4.2.el6.x86_64 &lt;b&gt;(no issue)&lt;/b&gt;. The hardware is Intel S2600JFQ motherboard, 2x Xeon E5-2660 processors, 32GB ram and a SATA boot drive. The SAS/SATA motherboard interface is the Intel RSTe onboard controller which uses the isci kernel driver.&lt;/p&gt;

&lt;p&gt;kernel-2.6.32-220.4.2.el6_lustre.x86_64 &lt;b&gt;(fails)&lt;/b&gt;&lt;/p&gt;
&lt;div class=&quot;preformatted panel&quot; style=&quot;border-width: 1px;&quot;&gt;&lt;div class=&quot;preformattedContent panelContent&quot;&gt;
&lt;pre&gt;Linux version 2.6.32-220.4.2.el6_lustre.x86_64 (jenkins@client-31.lab.whamcloud.com) (gcc version 4.4.6 20110731 (Red Hat 4.4.6-3) (GCC) ) #1 SMP Wed Mar 14 13:03:47 PDT 2012
Command line: ro root=UUID=cea19fd4-a9a0-41e8-8807-d1757780ed65 rd_NO_LUKS rd_NO_LVM LANG=en_US.UTF-8 rd_NO_MD SYSFONT=latarcyrheb-sun16 crashkernel=auto  KEYBOARDTYPE=pc KEYTABLE=us rd_NO_DM console=tty0 console=ttyS0,115200n8 selinux=0
KERNEL supported cpus:
  Intel GenuineIntel
  AMD AuthenticAMD
  Centaur CentaurHauls
BIOS-provided physical RAM map:
 BIOS-e820: 0000000000000000 - 0000000000090800 (usable)
 BIOS-e820: 0000000000090800 - 00000000000a0000 (reserved)
 BIOS-e820: 00000000000e0000 - 0000000000100000 (reserved)
 BIOS-e820: 0000000000100000 - 00000000bae9d000 (usable)
 BIOS-e820: 00000000bae9d000 - 00000000baeae000 (reserved)
 BIOS-e820: 00000000baeae000 - 00000000baefa000 (usable)
 BIOS-e820: 00000000baefa000 - 00000000baf03000 (reserved)
 BIOS-e820: 00000000baf03000 - 00000000baf09000 (usable)
 BIOS-e820: 00000000baf09000 - 00000000baf0c000 (reserved)
 BIOS-e820: 00000000baf0c000 - 00000000baf3d000 (usable)
 BIOS-e820: 00000000baf3d000 - 00000000baf40000 (reserved)
 BIOS-e820: 00000000baf40000 - 00000000baf46000 (usable)
 BIOS-e820: 00000000baf46000 - 00000000baf48000 (reserved)
 BIOS-e820: 00000000baf48000 - 00000000baf88000 (usable)
 BIOS-e820: 00000000baf88000 - 00000000baf91000 (reserved)
 BIOS-e820: 00000000baf91000 - 00000000bafa6000 (usable)
 BIOS-e820: 00000000bafa6000 - 00000000bafaa000 (reserved)
 BIOS-e820: 00000000bafaa000 - 00000000bafc6000 (usable)
 BIOS-e820: 00000000bafc6000 - 00000000bafca000 (reserved)
 BIOS-e820: 00000000bafca000 - 00000000bb044000 (usable)
 BIOS-e820: 00000000bb044000 - 00000000bb04b000 (reserved)
 BIOS-e820: 00000000bb04b000 - 00000000bb0cd000 (usable)
 BIOS-e820: 00000000bb0cd000 - 00000000bb0cf000 (reserved)
 BIOS-e820: 00000000bb0cf000 - 00000000bb0d7000 (usable)
 BIOS-e820: 00000000bb0d7000 - 00000000bb0da000 (reserved)
 BIOS-e820: 00000000bb0da000 - 00000000bb0e9000 (usable)
 BIOS-e820: 00000000bb0e9000 - 00000000bb0f8000 (reserved)
 BIOS-e820: 00000000bb0f8000 - 00000000bb141000 (usable)
 BIOS-e820: 00000000bb141000 - 00000000bb144000 (reserved)
 BIOS-e820: 00000000bb144000 - 00000000bb16a000 (usable)
 BIOS-e820: 00000000bb16a000 - 00000000bb46b000 (reserved)
 BIOS-e820: 00000000bb46b000 - 00000000bb47c000 (usable)
 BIOS-e820: 00000000bb47c000 - 00000000bb4a4000 (reserved)
 BIOS-e820: 00000000bb4a4000 - 00000000bb60e000 (usable)
 BIOS-e820: 00000000bb60e000 - 00000000bb61d000 (reserved)
 BIOS-e820: 00000000bb61d000 - 00000000bd9fb000 (usable)
 BIOS-e820: 00000000bd9fb000 - 00000000bdbfb000 (reserved)
 BIOS-e820: 00000000bdbfb000 - 00000000bdcdd000 (usable)
 BIOS-e820: 00000000bdcdd000 - 00000000bdde7000 (reserved)
 BIOS-e820: 00000000bdde7000 - 00000000bde8d000 (ACPI NVS)
 BIOS-e820: 00000000bde8d000 - 00000000bdf08000 (ACPI data)
 BIOS-e820: 00000000bdf08000 - 00000000bdf09000 (ACPI NVS)
 BIOS-e820: 00000000bdf09000 - 00000000bdf24000 (ACPI data)
 BIOS-e820: 00000000bdf24000 - 00000000bdfb1000 (ACPI NVS)
 BIOS-e820: 00000000bdfb1000 - 00000000be000000 (usable)
 BIOS-e820: 00000000be000000 - 00000000d0000000 (reserved)
 BIOS-e820: 00000000fec00000 - 00000000fec01000 (reserved)
 BIOS-e820: 00000000fed19000 - 00000000fed1a000 (reserved)
 BIOS-e820: 00000000fed1c000 - 00000000fed20000 (reserved)
 BIOS-e820: 00000000fee00000 - 00000000fee01000 (reserved)
 BIOS-e820: 00000000ffa20000 - 0000000100000000 (reserved)
 BIOS-e820: 0000000100000000 - 0000000840000000 (usable)
DMI 2.6 present.
SMBIOS version 2.6 @ 0xF0440
last_pfn = 0x840000 max_arch_pfn = 0x400000000
x86 PAT enabled: cpu 0, old 0x7040600070406, new 0x7010600070106
last_pfn = 0xbe000 max_arch_pfn = 0x400000000
Using GB pages for direct mapping
init_memory_mapping: 0000000000000000-00000000be000000
init_memory_mapping: 0000000100000000-0000000840000000
RAMDISK: 370e0000 - 37fef0a3
ACPI: RSDP 00000000000f0410 00024 (v02 INTEL )
ACPI: XSDT 00000000bdf21d98 000A4 (v01 INTEL   S2600JF 06222004 INTL 20090903)
ACPI: FACP 00000000bdf21918 000F4 (v04 INTEL   S2600JF 06222004 INTL 20090903)
ACPI Warning: Invalid length for Pm1aControlBlock: 32, using default 16 (20090903/tbfadt-607)
ACPI: DSDT 00000000bdf09018 163F5 (v02 INTEL   S2600JF 00000002 INTL 20100331)
ACPI: FACS 00000000bdf21f40 00040
ACPI: APIC 00000000bdf20718 0066A (v03 INTEL   S2600JF 06222004 INTL 20090903)
ACPI: SPMI 00000000bdf23b98 00040 (v05 INTEL   S2600JF 06222004 INTL 20090903)
ACPI: MCFG 00000000bdf23b18 0003C (v01 INTEL   S2600JF 06222004 INTL 20090903)
ACPI: WDDT 00000000bdf23f18 00040 (v01 INTEL   S2600JF 06222004 INTL 20090903)
ACPI: SRAT 00000000bdf20e18 001A8 (v03 INTEL   S2600JF 06222004 INTL 20090903)
ACPI: SLIT 00000000bdf23e98 00030 (v01 INTEL   S2600JF 06222004 INTL 20090903)
ACPI: MSCT 00000000bdf22d18 00090 (v01 INTEL   S2600JF 06222004 INTL 20090903)
ACPI: HPET 00000000bdf23e18 00038 (v01 INTEL   S2600JF 06222004 INTL 20090903)
ACPI: SSDT 00000000bdf23d18 0002B (v02 INTEL   S2600JF 00001000 INTL 20100331)
ACPI: SSDT 00000000bde8e018 795C4 (v02 INTEL   S2600JF 00004000 INTL 20100331)
ACPI: SPCR 00000000bdf23d98 00050 (v01 INTEL   S2600JF 06222004 INTL 20090903)
ACPI: HEST 00000000bde8df18 000A8 (v01 INTEL   S2600JF 00000001 INTL 00000001)
ACPI: BERT 00000000bdf23c98 00030 (v01 INTEL   S2600JF 00000001 INTL 00000001)
ACPI: ERST 00000000bde8dc98 00230 (v01 INTEL   S2600JF 00000001 INTL 00000001)
ACPI: EINJ 00000000bdf21798 00130 (v01 INTEL   S2600JF 00000001 INTL 00000001)
SRAT: PXM 0 -&amp;gt; APIC 0 -&amp;gt; Node 0
SRAT: PXM 0 -&amp;gt; APIC 2 -&amp;gt; Node 0
SRAT: PXM 0 -&amp;gt; APIC 4 -&amp;gt; Node 0
SRAT: PXM 0 -&amp;gt; APIC 6 -&amp;gt; Node 0
SRAT: PXM 0 -&amp;gt; APIC 8 -&amp;gt; Node 0
SRAT: PXM 0 -&amp;gt; APIC 10 -&amp;gt; Node 0
SRAT: PXM 0 -&amp;gt; APIC 12 -&amp;gt; Node 0
SRAT: PXM 0 -&amp;gt; APIC 14 -&amp;gt; Node 0
SRAT: PXM 1 -&amp;gt; APIC 32 -&amp;gt; Node 1
SRAT: PXM 1 -&amp;gt; APIC 34 -&amp;gt; Node 1
SRAT: PXM 1 -&amp;gt; APIC 36 -&amp;gt; Node 1
SRAT: PXM 1 -&amp;gt; APIC 38 -&amp;gt; Node 1
SRAT: PXM 1 -&amp;gt; APIC 40 -&amp;gt; Node 1
SRAT: PXM 1 -&amp;gt; APIC 42 -&amp;gt; Node 1
SRAT: PXM 1 -&amp;gt; APIC 44 -&amp;gt; Node 1
SRAT: PXM 1 -&amp;gt; APIC 46 -&amp;gt; Node 1
SRAT: Node 0 PXM 0 0-c0000000
SRAT: Node 0 PXM 0 100000000-440000000
SRAT: Node 1 PXM 1 440000000-840000000
Bootmem setup node 0 0000000000000000-0000000440000000
  NODE_DATA [0000000000009000 - 000000000003cfff]
  bootmap [0000000000100000 -  0000000000187fff] pages 88
(8 early reservations) ==&amp;gt; bootmem [0000000000 - 0440000000]
  #0 [0000000000 - 0000001000]   BIOS data page ==&amp;gt; [0000000000 - 0000001000]
  #1 [0000006000 - 0000008000]       TRAMPOLINE ==&amp;gt; [0000006000 - 0000008000]
  #2 [0001000000 - 000200c7e4]    TEXT DATA BSS ==&amp;gt; [0001000000 - 000200c7e4]
  #3 [00370e0000 - 0037fef0a3]          RAMDISK ==&amp;gt; [00370e0000 - 0037fef0a3]
  #4 [0000090800 - 0000100000]    BIOS reserved ==&amp;gt; [0000090800 - 0000100000]
  #5 [000200d000 - 000200d47c]              BRK ==&amp;gt; [000200d000 - 000200d47c]
  #6 [0000008000 - 0000009000]          PGTABLE ==&amp;gt; [0000008000 - 0000009000]
  #7 [0000001000 - 0000001030]        ACPI SLIT ==&amp;gt; [0000001000 - 0000001030]
Bootmem setup node 1 0000000440000000-0000000840000000
  NODE_DATA [0000000440000040 - 000000044003403f]
  bootmap [0000000440035000 -  00000004400b4fff] pages 80
(8 early reservations) ==&amp;gt; bootmem [0440000000 - 0840000000]
  #0 [0000000000 - 0000001000]   BIOS data page
  #1 [0000006000 - 0000008000]       TRAMPOLINE
  #2 [0001000000 - 000200c7e4]    TEXT DATA BSS
  #3 [00370e0000 - 0037fef0a3]          RAMDISK
  #4 [0000090800 - 0000100000]    BIOS reserved
  #5 [000200d000 - 000200d47c]              BRK
  #6 [0000008000 - 0000009000]          PGTABLE
  #7 [0000001000 - 0000001030]        ACPI SLIT
found SMP MP-table at [ffff8800000fccc0] fccc0
Reserving 131MB of memory at 48MB for crashkernel (System RAM: 33792MB)
Zone PFN ranges:
  DMA      0x00000001 -&amp;gt; 0x00001000
  DMA32    0x00001000 -&amp;gt; 0x00100000
  Normal   0x00100000 -&amp;gt; 0x00840000
Movable zone start PFN for each node
early_node_map[22] active PFN ranges
    0: 0x00000001 -&amp;gt; 0x00000090
    0: 0x00000100 -&amp;gt; 0x000bae9d
    0: 0x000baeae -&amp;gt; 0x000baefa
    0: 0x000baf03 -&amp;gt; 0x000baf09
    0: 0x000baf0c -&amp;gt; 0x000baf3d
    0: 0x000baf40 -&amp;gt; 0x000baf46
    0: 0x000baf48 -&amp;gt; 0x000baf88
    0: 0x000baf91 -&amp;gt; 0x000bafa6
    0: 0x000bafaa -&amp;gt; 0x000bafc6
    0: 0x000bafca -&amp;gt; 0x000bb044
    0: 0x000bb04b -&amp;gt; 0x000bb0cd
    0: 0x000bb0cf -&amp;gt; 0x000bb0d7
    0: 0x000bb0da -&amp;gt; 0x000bb0e9
    0: 0x000bb0f8 -&amp;gt; 0x000bb141
    0: 0x000bb144 -&amp;gt; 0x000bb16a
    0: 0x000bb46b -&amp;gt; 0x000bb47c
    0: 0x000bb4a4 -&amp;gt; 0x000bb60e
    0: 0x000bb61d -&amp;gt; 0x000bd9fb
    0: 0x000bdbfb -&amp;gt; 0x000bdcdd
    0: 0x000bdfb1 -&amp;gt; 0x000be000
    0: 0x00100000 -&amp;gt; 0x00440000
    1: 0x00440000 -&amp;gt; 0x00840000
ACPI: PM-Timer IO Port: 0x408
ACPI: X2APIC (apic_id[0x00] uid[0x00] disabled)
ACPI: X2APIC (apic_id[0x01] uid[0x01] disabled)
ACPI: X2APIC (apic_id[0x02] uid[0x02] disabled)
ACPI: X2APIC (apic_id[0x03] uid[0x03] disabled)
ACPI: X2APIC (apic_id[0x04] uid[0x04] disabled)
ACPI: X2APIC (apic_id[0x05] uid[0x05] disabled)
ACPI: X2APIC (apic_id[0x06] uid[0x06] disabled)
ACPI: X2APIC (apic_id[0x07] uid[0x07] disabled)
ACPI: X2APIC (apic_id[0x08] uid[0x08] disabled)
ACPI: X2APIC (apic_id[0x09] uid[0x09] disabled)
ACPI: X2APIC (apic_id[0x0a] uid[0x0a] disabled)
ACPI: X2APIC (apic_id[0x0b] uid[0x0b] disabled)
ACPI: X2APIC (apic_id[0x0c] uid[0x0c] disabled)
ACPI: X2APIC (apic_id[0x0d] uid[0x0d] disabled)
ACPI: X2APIC (apic_id[0x0e] uid[0x0e] disabled)
ACPI: X2APIC (apic_id[0x0f] uid[0x0f] disabled)
ACPI: X2APIC (apic_id[0x10] uid[0x10] disabled)
ACPI: X2APIC (apic_id[0x11] uid[0x11] disabled)
ACPI: X2APIC (apic_id[0x12] uid[0x12] disabled)
ACPI: X2APIC (apic_id[0x13] uid[0x13] disabled)
ACPI: X2APIC (apic_id[0x14] uid[0x14] disabled)
ACPI: X2APIC (apic_id[0x15] uid[0x15] disabled)
ACPI: X2APIC (apic_id[0x16] uid[0x16] disabled)
ACPI: X2APIC (apic_id[0x17] uid[0x17] disabled)
ACPI: X2APIC (apic_id[0x18] uid[0x18] disabled)
ACPI: X2APIC (apic_id[0x19] uid[0x19] disabled)
ACPI: X2APIC (apic_id[0x1a] uid[0x1a] disabled)
ACPI: X2APIC (apic_id[0x1b] uid[0x1b] disabled)
ACPI: X2APIC (apic_id[0x1c] uid[0x1c] disabled)
ACPI: X2APIC (apic_id[0x1d] uid[0x1d] disabled)
ACPI: X2APIC (apic_id[0x1e] uid[0x1e] disabled)
ACPI: X2APIC (apic_id[0x1f] uid[0x1f] disabled)
ACPI: X2APIC (apic_id[0x20] uid[0x20] disabled)
ACPI: X2APIC (apic_id[0x21] uid[0x21] disabled)
ACPI: X2APIC (apic_id[0x22] uid[0x22] disabled)
ACPI: X2APIC (apic_id[0x23] uid[0x23] disabled)
ACPI: X2APIC (apic_id[0x24] uid[0x24] disabled)
ACPI: X2APIC (apic_id[0x25] uid[0x25] disabled)
ACPI: X2APIC (apic_id[0x26] uid[0x26] disabled)
ACPI: X2APIC (apic_id[0x27] uid[0x27] disabled)
ACPI: X2APIC (apic_id[0x28] uid[0x28] disabled)
ACPI: X2APIC (apic_id[0x29] uid[0x29] disabled)
ACPI: X2APIC (apic_id[0x2a] uid[0x2a] disabled)
ACPI: X2APIC (apic_id[0x2b] uid[0x2b] disabled)
ACPI: X2APIC (apic_id[0x2c] uid[0x2c] disabled)
ACPI: X2APIC (apic_id[0x2d] uid[0x2d] disabled)
ACPI: X2APIC (apic_id[0x2e] uid[0x2e] disabled)
ACPI: X2APIC (apic_id[0x2f] uid[0x2f] disabled)
ACPI: X2APIC (apic_id[0x30] uid[0x30] disabled)
ACPI: X2APIC (apic_id[0x31] uid[0x31] disabled)
ACPI: X2APIC (apic_id[0x32] uid[0x32] disabled)
ACPI: X2APIC (apic_id[0x33] uid[0x33] disabled)
ACPI: X2APIC (apic_id[0x34] uid[0x34] disabled)
ACPI: X2APIC (apic_id[0x35] uid[0x35] disabled)
ACPI: X2APIC (apic_id[0x36] uid[0x36] disabled)
ACPI: X2APIC (apic_id[0x37] uid[0x37] disabled)
ACPI: X2APIC (apic_id[0x38] uid[0x38] disabled)
ACPI: X2APIC (apic_id[0x39] uid[0x39] disabled)
ACPI: X2APIC (apic_id[0x3a] uid[0x3a] disabled)
ACPI: X2APIC (apic_id[0x3b] uid[0x3b] disabled)
ACPI: X2APIC (apic_id[0x3c] uid[0x3c] disabled)
ACPI: X2APIC (apic_id[0x3d] uid[0x3d] disabled)
ACPI: X2APIC (apic_id[0x3e] uid[0x3e] disabled)
ACPI: X2APIC (apic_id[0x3f] uid[0x3f] disabled)
ACPI: LAPIC (acpi_id[0x00] lapic_id[0x00] enabled)
ACPI: LAPIC (acpi_id[0x01] lapic_id[0x02] enabled)
ACPI: LAPIC (acpi_id[0x02] lapic_id[0x04] enabled)
ACPI: LAPIC (acpi_id[0x03] lapic_id[0x06] enabled)
ACPI: LAPIC (acpi_id[0x04] lapic_id[0x08] enabled)
ACPI: LAPIC (acpi_id[0x05] lapic_id[0x0a] enabled)
ACPI: LAPIC (acpi_id[0x06] lapic_id[0x0c] enabled)
ACPI: LAPIC (acpi_id[0x07] lapic_id[0x0e] enabled)
ACPI: LAPIC (acpi_id[0x08] lapic_id[0x20] enabled)
ACPI: LAPIC (acpi_id[0x09] lapic_id[0x22] enabled)
ACPI: LAPIC (acpi_id[0x0a] lapic_id[0x24] enabled)
ACPI: LAPIC (acpi_id[0x0b] lapic_id[0x26] enabled)
ACPI: LAPIC (acpi_id[0x0c] lapic_id[0x28] enabled)
ACPI: LAPIC (acpi_id[0x0d] lapic_id[0x2a] enabled)
ACPI: LAPIC (acpi_id[0x0e] lapic_id[0x2c] enabled)
ACPI: LAPIC (acpi_id[0x0f] lapic_id[0x2e] enabled)
ACPI: LAPIC (acpi_id[0x10] lapic_id[0xff] disabled)
ACPI: LAPIC (acpi_id[0x11] lapic_id[0xff] disabled)
ACPI: LAPIC (acpi_id[0x12] lapic_id[0xff] disabled)
ACPI: LAPIC (acpi_id[0x13] lapic_id[0xff] disabled)
ACPI: LAPIC (acpi_id[0x14] lapic_id[0xff] disabled)
ACPI: LAPIC (acpi_id[0x15] lapic_id[0xff] disabled)
ACPI: LAPIC (acpi_id[0x16] lapic_id[0xff] disabled)
ACPI: LAPIC (acpi_id[0x17] lapic_id[0xff] disabled)
ACPI: LAPIC (acpi_id[0x18] lapic_id[0xff] disabled)
ACPI: LAPIC (acpi_id[0x19] lapic_id[0xff] disabled)
ACPI: LAPIC (acpi_id[0x1a] lapic_id[0xff] disabled)
ACPI: LAPIC (acpi_id[0x1b] lapic_id[0xff] disabled)
ACPI: LAPIC (acpi_id[0x1c] lapic_id[0xff] disabled)
ACPI: LAPIC (acpi_id[0x1d] lapic_id[0xff] disabled)
ACPI: LAPIC (acpi_id[0x1e] lapic_id[0xff] disabled)
ACPI: LAPIC (acpi_id[0x1f] lapic_id[0xff] disabled)
ACPI: LAPIC (acpi_id[0x20] lapic_id[0xff] disabled)
ACPI: LAPIC (acpi_id[0x21] lapic_id[0xff] disabled)
ACPI: LAPIC (acpi_id[0x22] lapic_id[0xff] disabled)
ACPI: LAPIC (acpi_id[0x23] lapic_id[0xff] disabled)
ACPI: LAPIC (acpi_id[0x24] lapic_id[0xff] disabled)
ACPI: LAPIC (acpi_id[0x25] lapic_id[0xff] disabled)
ACPI: LAPIC (acpi_id[0x26] lapic_id[0xff] disabled)
ACPI: LAPIC (acpi_id[0x27] lapic_id[0xff] disabled)
ACPI: LAPIC (acpi_id[0x28] lapic_id[0xff] disabled)
ACPI: LAPIC (acpi_id[0x29] lapic_id[0xff] disabled)
ACPI: LAPIC (acpi_id[0x2a] lapic_id[0xff] disabled)
ACPI: LAPIC (acpi_id[0x2b] lapic_id[0xff] disabled)
ACPI: LAPIC (acpi_id[0x2c] lapic_id[0xff] disabled)
ACPI: LAPIC (acpi_id[0x2d] lapic_id[0xff] disabled)
ACPI: LAPIC (acpi_id[0x2e] lapic_id[0xff] disabled)
ACPI: LAPIC (acpi_id[0x2f] lapic_id[0xff] disabled)
ACPI: LAPIC (acpi_id[0x30] lapic_id[0xff] disabled)
ACPI: LAPIC (acpi_id[0x31] lapic_id[0xff] disabled)
ACPI: LAPIC (acpi_id[0x32] lapic_id[0xff] disabled)
ACPI: LAPIC (acpi_id[0x33] lapic_id[0xff] disabled)
ACPI: LAPIC (acpi_id[0x34] lapic_id[0xff] disabled)
ACPI: LAPIC (acpi_id[0x35] lapic_id[0xff] disabled)
ACPI: LAPIC (acpi_id[0x36] lapic_id[0xff] disabled)
ACPI: LAPIC (acpi_id[0x37] lapic_id[0xff] disabled)
ACPI: LAPIC (acpi_id[0x38] lapic_id[0xff] disabled)
ACPI: LAPIC (acpi_id[0x39] lapic_id[0xff] disabled)
ACPI: LAPIC (acpi_id[0x3a] lapic_id[0xff] disabled)
ACPI: LAPIC (acpi_id[0x3b] lapic_id[0xff] disabled)
ACPI: LAPIC (acpi_id[0x3c] lapic_id[0xff] disabled)
ACPI: LAPIC (acpi_id[0x3d] lapic_id[0xff] disabled)
ACPI: LAPIC (acpi_id[0x3e] lapic_id[0xff] disabled)
ACPI: LAPIC (acpi_id[0x3f] lapic_id[0xff] disabled)
ACPI: LAPIC_NMI (acpi_id[0xff] dfl dfl lint[0x1])
ACPI: IOAPIC (id[0x00] address[0xfec00000] gsi_base[0])
IOAPIC[0]: apic_id 0, version 32, address 0xfec00000, GSI 0-23
ACPI: IOAPIC (id[0x01] address[0xfec3f000] gsi_base[24])
IOAPIC[1]: apic_id 1, version 32, address 0xfec3f000, GSI 24-47
ACPI: IOAPIC (id[0x02] address[0xfec7f000] gsi_base[48])
IOAPIC[2]: apic_id 2, version 32, address 0xfec7f000, GSI 48-71
ACPI: INT_SRC_OVR (bus 0 bus_irq 0 global_irq 2 dfl dfl)
ACPI: INT_SRC_OVR (bus 0 bus_irq 9 global_irq 9 high level)
Using ACPI (MADT) for SMP configuration information
ACPI: HPET id: 0x8086a701 base: 0xfed00000
SMP: Allowing 128 CPUs, 112 hotplug CPUs
PM: Registered nosave memory: 0000000000090000 - 0000000000091000
PM: Registered nosave memory: 0000000000091000 - 00000000000a0000
PM: Registered nosave memory: 00000000000a0000 - 00000000000e0000
PM: Registered nosave memory: 00000000000e0000 - 0000000000100000
PM: Registered nosave memory: 00000000bae9d000 - 00000000baeae000
PM: Registered nosave memory: 00000000baefa000 - 00000000baf03000
PM: Registered nosave memory: 00000000baf09000 - 00000000baf0c000
PM: Registered nosave memory: 00000000baf3d000 - 00000000baf40000
PM: Registered nosave memory: 00000000baf46000 - 00000000baf48000
PM: Registered nosave memory: 00000000baf88000 - 00000000baf91000
PM: Registered nosave memory: 00000000bafa6000 - 00000000bafaa000
PM: Registered nosave memory: 00000000bafc6000 - 00000000bafca000
PM: Registered nosave memory: 00000000bb044000 - 00000000bb04b000
PM: Registered nosave memory: 00000000bb0cd000 - 00000000bb0cf000
PM: Registered nosave memory: 00000000bb0d7000 - 00000000bb0da000
PM: Registered nosave memory: 00000000bb0e9000 - 00000000bb0f8000
PM: Registered nosave memory: 00000000bb141000 - 00000000bb144000
PM: Registered nosave memory: 00000000bb16a000 - 00000000bb46b000
PM: Registered nosave memory: 00000000bb47c000 - 00000000bb4a4000
PM: Registered nosave memory: 00000000bb60e000 - 00000000bb61d000
PM: Registered nosave memory: 00000000bd9fb000 - 00000000bdbfb000
PM: Registered nosave memory: 00000000bdcdd000 - 00000000bdde7000
PM: Registered nosave memory: 00000000bdde7000 - 00000000bde8d000
PM: Registered nosave memory: 00000000bde8d000 - 00000000bdf08000
PM: Registered nosave memory: 00000000bdf08000 - 00000000bdf09000
PM: Registered nosave memory: 00000000bdf09000 - 00000000bdf24000
PM: Registered nosave memory: 00000000bdf24000 - 00000000bdfb1000
PM: Registered nosave memory: 00000000be000000 - 00000000d0000000
PM: Registered nosave memory: 00000000d0000000 - 00000000fec00000
PM: Registered nosave memory: 00000000fec00000 - 00000000fec01000
PM: Registered nosave memory: 00000000fec01000 - 00000000fed19000
PM: Registered nosave memory: 00000000fed19000 - 00000000fed1a000
PM: Registered nosave memory: 00000000fed1a000 - 00000000fed1c000
PM: Registered nosave memory: 00000000fed1c000 - 00000000fed20000
PM: Registered nosave memory: 00000000fed20000 - 00000000fee00000
PM: Registered nosave memory: 00000000fee00000 - 00000000fee01000
PM: Registered nosave memory: 00000000fee01000 - 00000000ffa20000
PM: Registered nosave memory: 00000000ffa20000 - 0000000100000000
Allocating PCI resources starting at d0000000 (gap: d0000000:2ec00000)
Booting paravirtualized kernel on bare hardware
NR_CPUS:4096 nr_cpumask_bits:128 nr_cpu_ids:128 nr_node_ids:2
PERCPU: Embedded 30 pages/cpu @ffff880036600000 s92696 r8192 d21992 u131072
pcpu-alloc: s92696 r8192 d21992 u131072 alloc=1*2097152
pcpu-alloc: [0] 000 001 002 003 004 005 006 007 016 018 020 022 024 026 028 030 
pcpu-alloc: [0] 032 034 036 038 040 042 044 046 048 050 052 054 056 058 060 062 
pcpu-alloc: [0] 064 066 068 070 072 074 076 078 080 082 084 086 088 090 092 094 
pcpu-alloc: [0] 096 098 100 102 104 106 108 110 112 114 116 118 120 122 124 126 
pcpu-alloc: [1] 008 009 010 011 012 013 014 015 017 019 021 023 025 027 029 031 
pcpu-alloc: [1] 033 035 037 039 041 043 045 047 049 051 053 055 057 059 061 063 
pcpu-alloc: [1] 065 067 069 071 073 075 077 079 081 083 085 087 089 091 093 095 
pcpu-alloc: [1] 097 099 101 103 105 107 109 111 113 115 117 119 121 123 125 127 
Built 2 zonelists in Zone order, mobility grouping on.  Total pages: 8259775
Policy zone: Normal
Kernel command line: ro root=UUID=cea19fd4-a9a0-41e8-8807-d1757780ed65 rd_NO_LUKS rd_NO_LVM LANG=en_US.UTF-8 rd_NO_MD SYSFONT=latarcyrheb-sun16 crashkernel=131M@0M  KEYBOARDTYPE=pc KEYTABLE=us rd_NO_DM console=tty0 console=ttyS0,115200n8 selinux=0
PID hash table entries: 4096 (order: 3, 32768 bytes)
xsave/xrstor: enabled xstate_bv 0x7, cntxt size 0x340
Checking aperture...
No AGP bridge found
PCI-DMA: Using software bounce buffering for IO (SWIOTLB)
Placing 64MB software IO TLB between ffff880020000000 - ffff880024000000
software IO TLB at phys 0x20000000 - 0x24000000
Memory: 32805640k/34603008k available (5085k kernel code, 1090360k absent, 707008k reserved, 7228k data, 1244k init)
Hierarchical RCU implementation.
NR_IRQS:33024 nr_irqs:2248
Extended CMOS year: 2000
Console: colour VGA+ 80x25
console [tty0] enabled
console [ttyS0] enabled
allocated 268435456 bytes of page_cgroup
please try &apos;cgroup_disable=memory&apos; option if you don&apos;t want memory cgroups
HPET: 8 timers in total, 5 timers will be used for per-cpu timer
Fast TSC calibration using PIT
Detected 2194.610 MHz processor.
Calibrating delay loop (skipped), value calculated using timer frequency.. 4389.22 BogoMIPS (lpj=2194610)
pid_max: default: 131072 minimum: 1024
Security Framework initialized
SELinux:  Disabled at boot.
Dentry cache hash table entries: 4194304 (order: 13, 33554432 bytes)
Inode-cache hash table entries: 2097152 (order: 12, 16777216 bytes)
Mount-cache hash table entries: 256
Initializing cgroup subsys ns
Initializing cgroup subsys cpuacct
Initializing cgroup subsys memory
Initializing cgroup subsys devices
Initializing cgroup subsys freezer
Initializing cgroup subsys net_cls
Initializing cgroup subsys blkio
Initializing cgroup subsys perf_event
CPU: Physical Processor ID: 0
CPU: Processor Core ID: 0
mce: CPU supports 20 MCE banks
CPU0: Thermal monitoring enabled (TM1)
using mwait in idle threads.
ACPI: Core revision 20090903
ftrace: converting mcount calls to 0f 1f 44 00 00
ftrace: allocating 20781 entries in 82 pages
x2apic not enabled, IRQ remapping init failed
Setting APIC routing to physical flat
..TIMER: vector=0x30 apic1=0 pin1=2 apic2=-1 pin2=-1
CPU0: Intel(R) Xeon(R) CPU E5-2660 0 @ 2.20GHz stepping 07
Performance Events: PEBS fmt1+, SandyBridge events, Intel PMU driver.
... version:                3
... bit width:              48
... generic registers:      8
... value mask:             0000ffffffffffff
... max period:             000000007fffffff
... fixed-purpose events:   3
... event mask:             00000007000000ff
NMI watchdog enabled, takes one hw-pmu counter.
Booting Node   0, Processors  #1 #2 #3 #4 #5 #6 #7 Ok.
Booting Node   1, Processors  #8 #9 #10 #11 #12 #13 #14 #15
Brought up 16 CPUs
Total of 16 processors activated (70221.43 BogoMIPS).
devtmpfs: initialized
regulator: core version 0.5
NET: Registered protocol family 16
ACPI FADT declares the system doesn&apos;t support PCIe ASPM, so disable it
ACPI: bus type pci registered
PCI: MCFG configuration 0: base c0000000 segment 0 buses 0 - 255
PCI: MCFG area at c0000000 reserved in E820
PCI: Using MMCONFIG at c0000000 - cfffffff
PCI: Using configuration type 1 for base access
bio: create slab &amp;lt;bio-0&amp;gt; at 0
ACPI: Executed 1 blocks of module-level executable AML code
ACPI: Interpreter enabled
ACPI: (supports S0 S1 S5)
ACPI: Using IOAPIC for interrupt routing
ACPI: No dock devices found.
HEST: Table parsing has been initialized.
ACPI: PCI Root Bridge [PCI0] (0000:00)
pci 0000:00:00.0: PME# supported from D0 D3hot D3cold
pci 0000:00:00.0: PME# disabled
pci 0000:00:01.0: PME# supported from D0 D3hot D3cold
pci 0000:00:01.0: PME# disabled
pci 0000:00:02.0: PME# supported from D0 D3hot D3cold
pci 0000:00:02.0: PME# disabled
pci 0000:00:03.0: PME# supported from D0 D3hot D3cold
pci 0000:00:03.0: PME# disabled
pci 0000:00:03.2: PME# supported from D0 D3hot D3cold
pci 0000:00:03.2: PME# disabled
pci 0000:00:11.0: PME# supported from D0 D3hot D3cold
pci 0000:00:11.0: PME# disabled
pci 0000:00:1a.0: PME# supported from D0 D3hot D3cold
pci 0000:00:1a.0: PME# disabled
pci 0000:00:1c.0: PME# supported from D0 D3hot D3cold
pci 0000:00:1c.0: PME# disabled
pci 0000:00:1c.7: PME# supported from D0 D3hot D3cold
pci 0000:00:1c.7: PME# disabled
pci 0000:00:1d.0: PME# supported from D0 D3hot D3cold
pci 0000:00:1d.0: PME# disabled
pci 0000:00:1f.2: PME# supported from D3hot
pci 0000:00:1f.2: PME# disabled
pci 0000:05:00.3: PME# supported from D0 D3hot D3cold
pci 0000:05:00.3: PME# disabled
pci 0000:06:00.0: PME# supported from D0 D3hot D3cold
pci 0000:06:00.0: PME# disabled
pci 0000:06:00.1: PME# supported from D0 D3hot D3cold
pci 0000:06:00.1: PME# disabled
pci 0000:00:1e.0: transparent bridge
 pci0000:00: Requesting ACPI _OSC control (0x1d)
 pci0000:00: ACPI _OSC control (0x15) granted
ACPI: PCI Root Bridge [PCI1] (0000:80)
pci 0000:80:03.0: PME# supported from D0 D3hot D3cold
pci 0000:80:03.0: PME# disabled
 pci0000:80: Requesting ACPI _OSC control (0x1d)
 pci0000:80: ACPI _OSC control (0x15) granted
ACPI: PCI Root Bridge [UCR0] (0000:7f)
 pci0000:7f: Requesting ACPI _OSC control (0x1d)
ACPI: PCI Root Bridge [UCR1] (0000:ff)
 pci0000:ff: Requesting ACPI _OSC control (0x1d)
ACPI: PCI Interrupt Link [LNKA] (IRQs 3 4 5 6 10 *11 12 14 15)
ACPI: PCI Interrupt Link [LNKB] (IRQs 3 4 5 6 *10 11 12 14 15)
ACPI: PCI Interrupt Link [LNKC] (IRQs 3 4 *5 6 10 11 12 14 15)
ACPI: PCI Interrupt Link [LNKD] (IRQs 3 4 5 6 10 *11 12 14 15)
ACPI: PCI Interrupt Link [LNKE] (IRQs 3 4 *5 6 10 11 12 14 15)
ACPI: PCI Interrupt Link [LNKF] (IRQs 3 4 5 6 10 *11 12 14 15)
ACPI: PCI Interrupt Link [LNKG] (IRQs 3 4 5 6 *10 11 12 14 15)
ACPI: PCI Interrupt Link [LNKH] (IRQs 3 4 5 6 *10 11 12 14 15)
vgaarb: device added: PCI:0000:08:00.0,decodes=io+mem,owns=io+mem,locks=none
vgaarb: loaded
vgaarb: bridge control possible 0000:08:00.0
SCSI subsystem initialized
usbcore: registered new interface driver usbfs
usbcore: registered new interface driver hub
usbcore: registered new device driver usb
PCI: Using ACPI for IRQ routing
NetLabel: Initializing
NetLabel:  domain hash size = 128
NetLabel:  protocols = UNLABELED CIPSOv4
NetLabel:  unlabeled traffic allowed by default
hpet0: at MMIO 0xfed00000, IRQs 2, 8, 72, 73, 74, 75, 76, 0
hpet0: 8 comparators, 64-bit 14.318180 MHz counter
Switching to clocksource tsc
pnp: PnP ACPI init
ACPI: bus type pnp registered
pnp: PnP ACPI: found 15 devices
ACPI: ACPI bus type pnp unregistered
system 00:05: ioport range 0x680-0x69f has been reserved
system 00:05: ioport range 0xffff-0xffff has been reserved
system 00:05: ioport range 0xffff-0xffff has been reserved
system 00:05: ioport range 0xffff-0xffff has been reserved
system 00:05: ioport range 0x400-0x453 has been reserved
system 00:05: ioport range 0x458-0x47f has been reserved
system 00:05: ioport range 0x500-0x57f has been reserved
system 00:05: ioport range 0x600-0x61f has been reserved
system 00:05: ioport range 0xca2-0xca5 has been reserved
system 00:05: ioport range 0xcf9-0xcf9 could not be reserved
system 00:07: ioport range 0x454-0x457 has been reserved
system 00:0a: iomem range 0xfed1c000-0xfed1ffff has been reserved
system 00:0a: iomem range 0xebfff000-0xebffffff has been reserved
system 00:0a: iomem range 0xc0000000-0xcfffffff has been reserved
system 00:0a: iomem range 0xfed20000-0xfed3ffff has been reserved
system 00:0a: iomem range 0xfed45000-0xfed8ffff has been reserved
system 00:0a: iomem range 0xff000000-0xffffffff could not be reserved
system 00:0a: iomem range 0xfee00000-0xfeefffff could not be reserved
system 00:0a: iomem range 0xfec00000-0xfecfffff could not be reserved
system 00:0a: iomem range 0xd0c70000-0xd0c70fff has been reserved
system 00:0c: iomem range 0x0-0x9cfff could not be reserved
pci 0000:00:01.0: PCI bridge to [bus 01-01]
pci 0000:00:01.0: PCI bridge, secondary bus 0000:01
pci 0000:00:01.0:   bridge window [io  disabled]
pci 0000:00:01.0:   bridge window [0xd0b00000-0xd0bfffff]
pci 0000:00:01.0:   bridge window [0xeb000000-0xeb7fffff]
pci 0000:00:02.0: PCI bridge to [bus 02-02]
pci 0000:00:02.0: PCI bridge, secondary bus 0000:02
pci 0000:00:02.0:   bridge window [io  disabled]
pci 0000:00:02.0:   bridge window [mem disabled]
pci 0000:00:02.0:   bridge window [mem pref disabled]
pci 0000:00:03.0: PCI bridge to [bus 03-03]
pci 0000:00:03.0: PCI bridge, secondary bus 0000:03
pci 0000:00:03.0:   bridge window [io  disabled]
pci 0000:00:03.0:   bridge window [mem disabled]
pci 0000:00:03.0:   bridge window [mem pref disabled]
pci 0000:00:03.2: PCI bridge to [bus 04-04]
pci 0000:00:03.2: PCI bridge, secondary bus 0000:04
pci 0000:00:03.2:   bridge window [io  disabled]
pci 0000:00:03.2:   bridge window [mem disabled]
pci 0000:00:03.2:   bridge window [mem pref disabled]
pci 0000:00:11.0: PCI bridge to [bus 05-05]
pci 0000:00:11.0: PCI bridge, secondary bus 0000:05
pci 0000:00:11.0:   bridge window [0x2000-0x2fff]
pci 0000:00:11.0:   bridge window [0xd0a00000-0xd0afffff]
pci 0000:00:11.0:   bridge window [0xeb800000-0xebcfffff]
pci 0000:00:1c.0: PCI bridge to [bus 06-07]
pci 0000:00:1c.0: PCI bridge, secondary bus 0000:06
pci 0000:00:1c.0:   bridge window [0x1000-0x1fff]
pci 0000:00:1c.0:   bridge window [0xd0900000-0xd09fffff]
pci 0000:00:1c.0:   bridge window [mem pref disabled]
pci 0000:00:1c.7: PCI bridge to [bus 08-08]
pci 0000:00:1c.7: PCI bridge, secondary bus 0000:08
pci 0000:00:1c.7:   bridge window [io  disabled]
pci 0000:00:1c.7:   bridge window [0xd0000000-0xd08fffff]
pci 0000:00:1c.7:   bridge window [0xea000000-0xeaffffff]
pci 0000:00:1e.0: PCI bridge to [bus 09-09]
pci 0000:00:1e.0: PCI bridge, secondary bus 0000:09
pci 0000:00:1e.0:   bridge window [io  disabled]
pci 0000:00:1e.0:   bridge window [mem disabled]
pci 0000:00:1e.0:   bridge window [mem pref disabled]
pci 0000:00:01.0: PCI INT A -&amp;gt; GSI 47 (level, low) -&amp;gt; IRQ 47
pci 0000:00:02.0: PCI INT A -&amp;gt; GSI 47 (level, low) -&amp;gt; IRQ 47
pci 0000:00:03.0: PCI INT A -&amp;gt; GSI 16 (level, low) -&amp;gt; IRQ 16
pci 0000:00:03.2: PCI INT A -&amp;gt; GSI 16 (level, low) -&amp;gt; IRQ 16
pci 0000:00:11.0: PCI INT A -&amp;gt; GSI 16 (level, low) -&amp;gt; IRQ 16
pci 0000:00:1c.0: PCI INT A -&amp;gt; GSI 16 (level, low) -&amp;gt; IRQ 16
pci 0000:00:1c.7: PCI INT D -&amp;gt; GSI 19 (level, low) -&amp;gt; IRQ 19
pci 0000:80:03.0: PCI bridge to [bus 81-81]
pci 0000:80:03.0: PCI bridge, secondary bus 0000:81
pci 0000:80:03.0:   bridge window [io  disabled]
pci 0000:80:03.0:   bridge window [mem disabled]
pci 0000:80:03.0:   bridge window [mem pref disabled]
pci 0000:80:03.0: PCI INT A -&amp;gt; GSI 71 (level, low) -&amp;gt; IRQ 71
NET: Registered protocol family 2
IP route cache hash table entries: 524288 (order: 10, 4194304 bytes)
TCP established hash table entries: 524288 (order: 11, 8388608 bytes)
TCP bind hash table entries: 65536 (order: 8, 1048576 bytes)
TCP: Hash tables configured (established 524288 bind 65536)
TCP reno registered
NET: Registered protocol family 1
Trying to unpack rootfs image as initramfs...
Freeing initrd memory: 15420k freed
audit: initializing netlink socket (disabled)
type=2000 audit(1104712617.814:1): initialized
HugeTLB registered 2 MB page size, pre-allocated 0 pages
VFS: Disk quotas dquot_6.5.2
Dquot-cache hash table entries: 512 (order 0, 4096 bytes)
msgmni has been set to 32768
alg: No test for stdrng (krng)
ksign: Installing public key data
Loading keyring
- Added public key 63CD349E569B6B85
  - key was been created 227042662 seconds in future
- User ID: Red Hat, Inc. (Kernel Module GPG key)
- Added public key D4A26C9CCD09BEDA
  - key was been created 164023475 seconds in future
- User ID: Red Hat Enterprise Linux Driver Update Program &amp;lt;secalert@redhat.com&amp;gt;
Block layer SCSI generic (bsg) driver version 0.4 loaded (major 252)
io scheduler noop registered
io scheduler anticipatory registered
io scheduler deadline registered (default)
io scheduler cfq registered
pci_hotplug: PCI Hot Plug PCI Core version: 0.5
pciehp: PCI Express Hot Plug Controller Driver version: 0.4
acpiphp: ACPI Hot Plug PCI Controller Driver version: 0.5
acpiphp: Slot [2] registered
acpiphp: Slot [2-1] registered
acpiphp: Slot [2-2] registered
input: Power Button as /devices/LNXSYSTM:00/LNXPWRBN:00/input/input0
ACPI: Power Button [PWRF]
Exceed the limit of T-state 
processor LNXCPU:00: registered as cooling_device0
Exceed the limit of T-state 
processor LNXCPU:01: registered as cooling_device1
Exceed the limit of T-state 
processor LNXCPU:02: registered as cooling_device2
Exceed the limit of T-state 
processor LNXCPU:03: registered as cooling_device3
Exceed the limit of T-state 
processor LNXCPU:04: registered as cooling_device4
Exceed the limit of T-state 
processor LNXCPU:05: registered as cooling_device5
Exceed the limit of T-state 
processor LNXCPU:06: registered as cooling_device6
Exceed the limit of T-state 
processor LNXCPU:07: registered as cooling_device7
Exceed the limit of T-state 
processor LNXCPU:08: registered as cooling_device8
Exceed the limit of T-state 
processor LNXCPU:09: registered as cooling_device9
Exceed the limit of T-state 
processor LNXCPU:0a: registered as cooling_device10
Exceed the limit of T-state 
processor LNXCPU:0b: registered as cooling_device11
Exceed the limit of T-state 
processor LNXCPU:0c: registered as cooling_device12
Exceed the limit of T-state 
processor LNXCPU:0d: registered as cooling_device13
Exceed the limit of T-state 
processor LNXCPU:0e: registered as cooling_device14
Exceed the limit of T-state 
processor LNXCPU:0f: registered as cooling_device15
ERST: Could not register with persistent store
ERST: Error Record Serialization Table (ERST) support is initialized.
GHES: APEI firmware first mode is enabled by APEI bit and WHEA _OSC.
Non-volatile memory driver v1.3
Linux agpgart interface v0.103
crash memory driver: version 1.1
Serial: 8250/16550 driver, 4 ports, IRQ sharing enabled
?serial8250: ttyS0 at I/O 0x3f8 (irq = 4) is a 16550A
serial8250: ttyS1 at I/O 0x2f8 (irq = 3) is a 16550A
00:08: ttyS0 at I/O 0x3f8 (irq = 4) is a 16550A
00:09: ttyS1 at I/O 0x2f8 (irq = 3) is a 16550A
brd: module loaded
loop: module loaded
input: Macintosh mouse button emulation as /devices/virtual/input/input1
Fixed MDIO Bus: probed
ehci_hcd: USB 2.0 &apos;Enhanced&apos; Host Controller (EHCI) Driver
ehci_hcd 0000:00:1a.0: PCI INT B -&amp;gt; GSI 22 (level, low) -&amp;gt; IRQ 22
ehci_hcd 0000:00:1a.0: EHCI Host Controller
ehci_hcd 0000:00:1a.0: new USB bus registered, assigned bus number 1
ehci_hcd 0000:00:1a.0: debug port 2
ehci_hcd 0000:00:1a.0: irq 22, io mem 0xd0c20000
ehci_hcd 0000:00:1a.0: USB 2.0 started, EHCI 1.00
usb usb1: New USB device found, idVendor=1d6b, idProduct=0002
usb usb1: New USB device strings: Mfr=3, Product=2, SerialNumber=1
usb usb1: Product: EHCI Host Controller
usb usb1: Manufacturer: Linux 2.6.32-220.4.2.el6_lustre.x86_64 ehci_hcd
usb usb1: SerialNumber: 0000:00:1a.0
usb usb1: configuration #1 chosen from 1 choice
hub 1-0:1.0: USB hub found
hub 1-0:1.0: 2 ports detected
ehci_hcd 0000:00:1d.0: PCI INT A -&amp;gt; GSI 20 (level, low) -&amp;gt; IRQ 20
ehci_hcd 0000:00:1d.0: EHCI Host Controller
ehci_hcd 0000:00:1d.0: new USB bus registered, assigned bus number 2
ehci_hcd 0000:00:1d.0: debug port 2
ehci_hcd 0000:00:1d.0: irq 20, io mem 0xd0c10000
ehci_hcd 0000:00:1d.0: USB 2.0 started, EHCI 1.00
usb usb2: New USB device found, idVendor=1d6b, idProduct=0002
usb usb2: New USB device strings: Mfr=3, Product=2, SerialNumber=1
usb usb2: Product: EHCI Host Controller
usb usb2: Manufacturer: Linux 2.6.32-220.4.2.el6_lustre.x86_64 ehci_hcd
usb usb2: SerialNumber: 0000:00:1d.0
usb usb2: configuration #1 chosen from 1 choice
hub 2-0:1.0: USB hub found
hub 2-0:1.0: 2 ports detected
ohci_hcd: USB 1.1 &apos;Open&apos; Host Controller (OHCI) Driver
uhci_hcd: USB Universal Host Controller Interface driver
PNP: No PS/2 controller found. Probing ports directly.
usb 1-1: new high speed USB device using ehci_hcd and address 2
usb 1-1: New USB device found, idVendor=8087, idProduct=0024
usb 1-1: New USB device strings: Mfr=0, Product=0, SerialNumber=0
usb 1-1: configuration #1 chosen from 1 choice
hub 1-1:1.0: USB hub found
hub 1-1:1.0: 6 ports detected
usb 2-1: new high speed USB device using ehci_hcd and address 2
i8042.c: Can&apos;t read CTR while initializing i8042.
i8042: probe of i8042 failed with error -5
mice: PS/2 mouse device common for all mice
rtc_cmos 00:06: RTC can wake from S4
rtc_cmos 00:06: rtc core: registered rtc_cmos as rtc0
rtc0: alarms up to one month, y3k, 242 bytes nvram, hpet irqs
cpuidle: using governor ladder
cpuidle: using governor menu
usbcore: registered new interface driver hiddev
usbcore: registered new interface driver usbhid
usbhid: v2.6:USB HID core driver
usb 2-1: New USB device found, idVendor=8087, idProduct=0024
usb 2-1: New USB device strings: Mfr=0, Product=0, SerialNumber=0
usb 2-1: configuration #1 chosen from 1 choice
hub 2-1:1.0: USB hub found
hub 2-1:1.0: 8 ports detected
TCP cubic registered
Initializing XFRM netlink socket
NET: Registered protocol family 17
registered taskstats version 1
rtc_cmos 00:06: setting system clock to 2005-01-03 00:37:02 UTC (1104712622)
Initalizing network drop monitor service
Freeing unused kernel memory: 1244k freed
Write protecting the kernel read-only data: 10240k
Freeing unused kernel memory: 1040k freed
Freeing unused kernel memory: 1756k freed
dracut: dracut-004-256.el6
dracut: rd_NO_LUKS: removing cryptoluks activation
dracut: rd_NO_LVM: removing LVM activation
device-mapper: uevent: version 1.0.3
device-mapper: ioctl: 4.22.6-ioctl (2011-10-19) initialised: dm-devel@redhat.com
udev: starting version 147
dracut: Starting plymouth daemon
usb 2-1.4: new full speed USB device using ehci_hcd and address 3
Gdracut: rd_NO_DM: removing DM RAID activation
dracut: rd_NO_MD: removing MD RAID activation
ACPI: WMI: Mapper loaded
Gusb 2-1.4: New USB device found, idVendor=046b, idProduct=ff10
usb 2-1.4: New USB device strings: Mfr=1, Product=2, SerialNumber=3
usb 2-1.4: Product: Virtual Keyboard and Mouse
usb 2-1.4: Manufacturer: American Megatrends Inc.
usb 2-1.4: SerialNumber: serial
usb 2-1.4: configuration #1 chosen from 1 choice
input: American Megatrends Inc. Virtual Keyboard and Mouse as /devices/pci0000:00/0000:00:1d.0/usb2/2-1/2-1.4/2-1.4:1.0/input/input2
generic-usb 0003:046B:FF10.0001: input,hidraw0: USB HID v1.10 Keyboard [American Megatrends Inc. Virtual Keyboard and Mouse] on usb-0000:00:1d.0-1.4/input0
input: American Megatrends Inc. Virtual Keyboard and Mouse as /devices/pci0000:00/0000:00:1d.0/usb2/2-1/2-1.4/2-1.4:1.1/input/input3
isci: Intel(R) C600 SAS Controller Driver - version 1.0.0-rh
isci 0000:05:00.0: driver configured for rev: 5 silicon
generic-usb 0003:046B:FF10.0002: input,hidraw1: USB HID v1.10 Mouse [American Megatrends Inc. Virtual Keyboard and Mouse] on usb-0000:00:1d.0-1.4/input1
isci 0000:05:00.0: OEM parameter table found in OROM
isci 0000:05:00.0: OEM SAS parameters (version: 1.0) loaded (platform)
isci 0000:05:00.0: PCI INT A -&amp;gt; GSI 16 (level, low) -&amp;gt; IRQ 16
scsi0 : isci
ahci 0000:00:1f.2: PCI INT B -&amp;gt; GSI 21 (level, low) -&amp;gt; IRQ 21
ahci 0000:00:1f.2: AHCI 0001.0300 32 slots 6 ports 6 Gbps 0x3f impl SATA mode
usb 2-1.7: new low speed USB device using ehci_hcd and address 4
ahci 0000:00:1f.2: flags: 64bit ncq sntf pm led clo pio slum part ems apst 
scsi1 : ahci
scsi2 : ahci
scsi3 : ahci
scsi4 : ahci
scsi5 : ahci
scsi6 : ahci
ata1: SATA max UDMA/133 abar m2048@0xd0c00000 port 0xd0c00100 irq 87
ata2: SATA max UDMA/133 abar m2048@0xd0c00000 port 0xd0c00180 irq 87
ata3: SATA max UDMA/133 abar m2048@0xd0c00000 port 0xd0c00200 irq 87
ata4: SATA max UDMA/133 abar m2048@0xd0c00000 port 0xd0c00280 irq 87
ata5: SATA max UDMA/133 abar m2048@0xd0c00000 port 0xd0c00300 irq 87
ata6: SATA max UDMA/133 abar m2048@0xd0c00000 port 0xd0c00380 irq 87
usb 2-1.7: New USB device found, idVendor=0a81, idProduct=0101
usb 2-1.7: New USB device strings: Mfr=1, Product=2, SerialNumber=0
usb 2-1.7: Product: USB Keyboard
usb 2-1.7: Manufacturer: CHESEN
usb 2-1.7: configuration #1 chosen from 1 choice
input: CHESEN USB Keyboard as /devices/pci0000:00/0000:00:1d.0/usb2/2-1/2-1.7/2-1.7:1.0/input/input4
generic-usb 0003:0A81:0101.0003: input,hidraw2: USB HID v1.10 Keyboard [CHESEN USB Keyboard] on usb-0000:00:1d.0-1.7/input0
input: CHESEN USB Keyboard as /devices/pci0000:00/0000:00:1d.0/usb2/2-1/2-1.7/2-1.7:1.1/input/input5
generic-usb 0003:0A81:0101.0004: input,hidraw3: USB HID v1.10 Device [CHESEN USB Keyboard] on usb-0000:00:1d.0-1.7/input1
ata7.00: ATA-8: WDC WD3000BLFS-01YBU0, 04.04V01, max UDMA/133
ata7.00: 586072368 sectors, multi 0: LBA48 NCQ (depth 31/32)
ata7.00: configured for UDMA/133
scsi 0:0:0:0: Direct-Access     ATA      WDC WD3000BLFS-0 04.0 PQ: 0 ANSI: 5
ata5: SATA link down (SStatus 0 SControl 300)
ata2: SATA link down (SStatus 0 SControl 300)
ata1: SATA link down (SStatus 0 SControl 300)
ata3: SATA link down (SStatus 0 SControl 300)
ata4: SATA link down (SStatus 0 SControl 300)
ata6: SATA link down (SStatus 0 SControl 300)
sd 0:0:0:0: [sda] 586072368 512-byte logical blocks: (300 GB/279 GiB)
sd 0:0:0:0: [sda] Write Protect is off
sd 0:0:0:0: [sda] Write cache: enabled, read cache: enabled, doesn&apos;t support DPO or FUA
 sda: sda1 sda2 sda3
sd 0:0:0:0: [sda] Attached SCSI disk
EXT3-fs (sda3): recovery required on readonly filesystem
EXT3-fs (sda3): write access will be enabled during recovery
kjournald starting.  Commit interval 5 seconds
EXT3-fs (sda3): recovery complete
EXT3-fs (sda3): mounted filesystem with ordered data mode
dracut: Mounted root filesystem /dev/sda3
dracut: Switching root
		Welcome to CentOS 
Starting udev: udev: starting version 147
Gmlx4_core: Mellanox ConnectX core driver v0.01 (May 1, 2007)
mlx4_core: Initializing 0000:01:00.0
mlx4_core 0000:01:00.0: PCI INT A -&amp;gt; GSI 26 (level, low) -&amp;gt; IRQ 26
mlx4_en: Mellanox ConnectX HCA Ethernet driver v1.5.4.1 (March 2011)
mlx4_ib: Mellanox ConnectX InfiniBand driver v1.0 (April 4, 2008)
dca service started, version 1.12.1
ioatdma: Intel(R) QuickData Technology Driver 4.00
ioatdma 0000:00:04.0: PCI INT A -&amp;gt; GSI 31 (level, low) -&amp;gt; IRQ 31
