<!-- 
RSS generated by JIRA (9.4.29#940029-sha1:4daa0635650e368c1b281e719d2298e7d3994659) at Wed Mar 04 20:07:41 UTC 2026

It is possible to restrict the fields that are returned in this document by specifying the 'field' parameter in your request.
For example, to request only the issue key and summary append 'field=key&field=summary' to the URL of your request.
-->
<rss version="0.92" >
<channel>
    <title>Whamcloud Community JIRA</title>
    <link>https://jira.whamcloud.com</link>
    <description>This file is an XML representation of an issue</description>
    <language>en-us</language>    <build-info>
        <version>9.4.29</version>
        <build-number>940029</build-number>
        <build-date>03-12-2024</build-date>
    </build-info>


<item>
            <title>[LU-10903] SLES validation: sanity test_180c: Cannot allocate memory on write</title>
                <link>https://jira.whamcloud.com/browse/LU-10903</link>
                <project id="10000" key="LU">Lustre</project>
                    <description>&lt;p&gt;This issue was created by maloo for sarah_lw &amp;lt;wei3.liu@intel.com&amp;gt;&lt;/p&gt;

&lt;p&gt;This issue relates to the following test suite run: &lt;a href=&quot;https://testing.hpdd.intel.com/test_sets/18098872-3d58-11e8-95c0-52540065bddc&quot; class=&quot;external-link&quot; target=&quot;_blank&quot; rel=&quot;nofollow noopener&quot;&gt;https://testing.hpdd.intel.com/test_sets/18098872-3d58-11e8-95c0-52540065bddc&lt;/a&gt;&lt;/p&gt;

&lt;p&gt;server: 2.10.3 EL7&lt;/p&gt;

&lt;p&gt;client: 2.10.3 SLES12 SP3, installed from rpms in iso&lt;/p&gt;

&lt;p&gt;test_180c failed with the following error:&lt;/p&gt;
&lt;div class=&quot;preformatted panel&quot; style=&quot;border-width: 1px;&quot;&gt;&lt;div class=&quot;preformattedContent panelContent&quot;&gt;
&lt;pre&gt;test_180c returned 1
&lt;/pre&gt;
&lt;/div&gt;&lt;/div&gt;
&lt;div class=&quot;preformatted panel&quot; style=&quot;border-width: 1px;&quot;&gt;&lt;div class=&quot;preformattedContent panelContent&quot;&gt;
&lt;pre&gt;[15695.554859] Lustre: lustre-OST0000: Connection restored to 39665ad4-ef75-8040-dd31-41fb0deef85c (at 10.2.4.39@tcp)
[15695.555982] Lustre: Skipped 3 previous similar messages
[15697.206168] Lustre: DEBUG MARKER: == sanity test 180b: test obdecho directly on obdfilter ============================================== 23:22:37 (1523427757)
[15697.636441] Lustre: DEBUG MARKER: onyx-24vm2.onyx.hpdd.intel.com: executing load_module obdecho/obdecho
[15697.729480] Lustre: Echo OBD driver; http://www.lustre.org/
[15700.522532] Lustre: DEBUG MARKER: == sanity test 180c: test huge bulk I/O size on obdfilter, don&apos;t LASSERT ============================= 23:22:40 (1523427760)
[15700.982161] Lustre: DEBUG MARKER: onyx-24vm2.onyx.hpdd.intel.com: executing load_module obdecho/obdecho
[15700.991821] Lustre: Echo OBD driver; http://www.lustre.org/
[15702.553521] lctl: page allocation failure: order:6, mode:0x10c050
[15702.554345] CPU: 1 PID: 15065 Comm: lctl Tainted: G OE ------------ 3.10.0-693.11.6.el7_lustre.x86_64 #1
[15702.555414] Hardware name: Red Hat KVM, BIOS 0.5.1 01/01/2011
[15702.556063] Call Trace:
[15702.556343] [&amp;lt;ffffffff816a5e7d&amp;gt;] dump_stack+0x19/0x1b
[15702.556909] [&amp;lt;ffffffff8118a510&amp;gt;] warn_alloc_failed+0x110/0x180
[15702.557523] [&amp;lt;ffffffff816a1e7a&amp;gt;] __alloc_pages_slowpath+0x6b6/0x724
[15702.558224] [&amp;lt;ffffffff8118eaa5&amp;gt;] __alloc_pages_nodemask+0x405/0x420
[15702.558888] [&amp;lt;ffffffff811d3038&amp;gt;] alloc_pages_current+0x98/0x110
[15702.559510] [&amp;lt;ffffffff8118930e&amp;gt;] __get_free_pages+0xe/0x40
[15702.560135] [&amp;lt;ffffffff811de9fe&amp;gt;] kmalloc_order_trace+0x2e/0xa0
[15702.560733] [&amp;lt;ffffffff811e2591&amp;gt;] __kmalloc+0x211/0x230
[15702.561301] [&amp;lt;ffffffffc101cb95&amp;gt;] echo_client_prep_commit.isra.49+0xa5/0xc30 [obdecho]
[15702.562223] [&amp;lt;ffffffffc07bb78f&amp;gt;] ? lu_object_find_slice+0x1f/0x90 [obdclass]
[15702.562981] [&amp;lt;ffffffffc07bfdd0&amp;gt;] ? cl_env_put+0x140/0x1d0 [obdclass]
[15702.563653] [&amp;lt;ffffffffc102039f&amp;gt;] echo_client_iocontrol+0x95f/0x1bd0 [obdecho]
[15702.564450] [&amp;lt;ffffffffc067fbc7&amp;gt;] ? libcfs_debug_msg+0x57/0x80 [libcfs]
[15702.565171] [&amp;lt;ffffffffc079be69&amp;gt;] ? lprocfs_counter_add+0xf9/0x160 [obdclass]
[15702.565926] [&amp;lt;ffffffffc0787033&amp;gt;] class_handle_ioctl+0x1923/0x1db0 [obdclass]
[15702.566672] [&amp;lt;ffffffff812b3b78&amp;gt;] ? security_capable+0x18/0x20
[15702.567341] [&amp;lt;ffffffffc076c5d2&amp;gt;] obd_class_ioctl+0xd2/0x170 [obdclass]
[15702.568037] [&amp;lt;ffffffff8121710d&amp;gt;] do_vfs_ioctl+0x33d/0x540
[15702.568615] [&amp;lt;ffffffff81202b90&amp;gt;] ? vfs_write+0x160/0x1e0
[15702.569233] [&amp;lt;ffffffff812173b1&amp;gt;] SyS_ioctl+0xa1/0xc0
[15702.569771] [&amp;lt;ffffffff816b8930&amp;gt;] ? system_call_after_swapgs+0x15d/0x214
[15702.570461] [&amp;lt;ffffffff816b89fd&amp;gt;] system_call_fastpath+0x16/0x1b
[15702.571128] [&amp;lt;ffffffff816b889d&amp;gt;] ? system_call_after_swapgs+0xca/0x214
[15702.571794] Mem-Info:
[15702.572037] active_anon:1549 inactive_anon:25514 isolated_anon:0
 active_file:78914 inactive_file:184569 isolated_file:0
 unevictable:0 dirty:451 writeback:0 unstable:0
 slab_reclaimable:8606 slab_unreclaimable:6456
 mapped:3311 shmem:13129 pagetables:1722 bounce:0
 free:44518 free_pcp:9 free_cma:0
[15702.575313] Node 0 DMA free:7448kB min:416kB low:520kB high:624kB active_anon:148kB inactive_anon:656kB active_file:560kB inactive_file:2060kB unevictable:0kB isolated(anon):0kB isolated(file):0kB present:15992kB managed:15908kB mlocked:0kB dirty:16kB writeback:0kB mapped:20kB shmem:240kB slab_reclaimable:168kB slab_unreclaimable:180kB kernel_stack:0kB pagetables:84kB unstable:0kB bounce:0kB free_pcp:0kB local_pcp:0kB free_cma:0kB writeback_tmp:0kB pages_scanned:0 all_unreclaimable? no
[15702.579654] lowmem_reserve[]: 0 1662 1662 1662
[15702.580260] Node 0 DMA32 free:170624kB min:44636kB low:55792kB high:66952kB active_anon:6048kB inactive_anon:101400kB active_file:315096kB inactive_file:736216kB unevictable:0kB isolated(anon):0kB isolated(file):0kB present:2080744kB managed:1704692kB mlocked:0kB dirty:1788kB writeback:0kB mapped:13224kB shmem:52276kB slab_reclaimable:34256kB slab_unreclaimable:25644kB kernel_stack:3648kB pagetables:6804kB unstable:0kB bounce:0kB free_pcp:32kB local_pcp:0kB free_cma:0kB writeback_tmp:0kB pages_scanned:0 all_unreclaimable? no
[15702.584827] lowmem_reserve[]: 0 0 0 0
[15702.585321] Node 0 DMA: 14*4kB (EM) 10*8kB (UEM) 12*16kB (UM) 13*32kB (UM) 15*64kB (EM) 11*128kB (UEM) 7*256kB (UEM) 5*512kB (UEM) 0*1024kB 0*2048kB 0*4096kB = 7464kB
[15702.587332] Node 0 DMA32: 187*4kB (UEM) 70*8kB (UEM) 465*16kB (EM) 1889*32kB (UEM) 925*64kB (UEM) 324*128kB (UM) 1*256kB (U) 0*512kB 0*1024kB 0*2048kB 0*4096kB = 170124kB
[15702.589313] Node 0 hugepages_total=0 hugepages_free=0 hugepages_surp=0 hugepages_size=1048576kB
[15702.590188] Node 0 hugepages_total=0 hugepages_free=0 hugepages_surp=0 hugepages_size=2048kB
[15702.591129] 279596 total pagecache pages
[15702.591567] 2965 pages in swap cache
[15702.591932] Swap cache stats: add 6110, delete 3145, find 2021/2031
[15702.592579] Free swap = 3647156kB
[15702.592997] Total swap = 3671036kB
[15702.593367] 524184 pages RAM
[15702.593709] 0 pages HighMem/MovableOnly
[15702.594111] 94034 pages reserved
[15703.239047] Lustre: DEBUG MARKER: sanity test_180c: @@@@@@ FAIL: test_180c failed with 4

&lt;/pre&gt;
&lt;/div&gt;&lt;/div&gt;
&lt;p&gt;VVVVVVV DO NOT REMOVE LINES BELOW, Added by Maloo for auto-association VVVVVVV&lt;br/&gt;
 sanity test_180c - test_180c returned 1&lt;/p&gt;</description>
                <environment></environment>
        <key id="51776">LU-10903</key>
            <summary>SLES validation: sanity test_180c: Cannot allocate memory on write</summary>
                <type id="1" iconUrl="https://jira.whamcloud.com/secure/viewavatar?size=xsmall&amp;avatarId=11303&amp;avatarType=issuetype">Bug</type>
                                            <priority id="4" iconUrl="https://jira.whamcloud.com/images/icons/priorities/minor.svg">Minor</priority>
                        <status id="5" iconUrl="https://jira.whamcloud.com/images/icons/statuses/resolved.png" description="A resolution has been taken, and it is awaiting verification by reporter. From here issues are either reopened, or are closed.">Resolved</status>
                    <statusCategory id="3" key="done" colorName="success"/>
                                    <resolution id="1">Fixed</resolution>
                                        <assignee username="adilger">Andreas Dilger</assignee>
                                    <reporter username="maloo">Maloo</reporter>
                        <labels>
                    </labels>
                <created>Wed, 11 Apr 2018 17:14:16 +0000</created>
                <updated>Wed, 13 Oct 2021 02:40:45 +0000</updated>
                            <resolved>Wed, 2 May 2018 04:09:16 +0000</resolved>
                                                    <fixVersion>Lustre 2.12.0</fixVersion>
                                        <due></due>
                            <votes>0</votes>
                                    <watches>3</watches>
                                                                            <comments>
                            <comment id="227066" author="pjones" created="Wed, 2 May 2018 04:09:16 +0000"  >&lt;p&gt;Landed for 2.12&lt;/p&gt;</comment>
                            <comment id="227047" author="gerrit" created="Wed, 2 May 2018 02:24:13 +0000"  >&lt;p&gt;Oleg Drokin (oleg.drokin@intel.com) merged in patch &lt;a href=&quot;https://review.whamcloud.com/31964/&quot; class=&quot;external-link&quot; target=&quot;_blank&quot; rel=&quot;nofollow noopener&quot;&gt;https://review.whamcloud.com/31964/&lt;/a&gt;&lt;br/&gt;
Subject: &lt;a href=&quot;https://jira.whamcloud.com/browse/LU-10903&quot; title=&quot;SLES validation: sanity test_180c: Cannot allocate memory on write&quot; class=&quot;issue-link&quot; data-issue-key=&quot;LU-10903&quot;&gt;&lt;del&gt;LU-10903&lt;/del&gt;&lt;/a&gt; obdecho: use OBD_ALLOC_LARGE for lnb&lt;br/&gt;
Project: fs/lustre-release&lt;br/&gt;
Branch: master&lt;br/&gt;
Current Patch Set: &lt;br/&gt;
Commit: 8878bab7ae5f9f03b61f7a869e79bba273695131&lt;/p&gt;</comment>
                            <comment id="225799" author="gerrit" created="Wed, 11 Apr 2018 20:28:33 +0000"  >&lt;p&gt;Andreas Dilger (andreas.dilger@intel.com) uploaded a new patch: &lt;a href=&quot;https://review.whamcloud.com/31964&quot; class=&quot;external-link&quot; target=&quot;_blank&quot; rel=&quot;nofollow noopener&quot;&gt;https://review.whamcloud.com/31964&lt;/a&gt;&lt;br/&gt;
Subject: &lt;a href=&quot;https://jira.whamcloud.com/browse/LU-10903&quot; title=&quot;SLES validation: sanity test_180c: Cannot allocate memory on write&quot; class=&quot;issue-link&quot; data-issue-key=&quot;LU-10903&quot;&gt;&lt;del&gt;LU-10903&lt;/del&gt;&lt;/a&gt; obdecho: use OBD_ALLOC_LARGE for lnb&lt;br/&gt;
Project: fs/lustre-release&lt;br/&gt;
Branch: master&lt;br/&gt;
Current Patch Set: 1&lt;br/&gt;
Commit: 10439c1176d5607c3145e5489b7ca3b209d520ca&lt;/p&gt;</comment>
                    </comments>
                <issuelinks>
                            <issuelinktype id="10011">
                    <name>Related</name>
                                                                <inwardlinks description="is related to">
                                        <issuelink>
            <issuekey id="19566">LU-3512</issuekey>
        </issuelink>
                            </inwardlinks>
                                    </issuelinktype>
                    </issuelinks>
                <attachments>
                    </attachments>
                <subtasks>
                    </subtasks>
                <customfields>
                                                                                                                                                                                            <customfield id="customfield_10890" key="com.atlassian.jira.plugins.jira-development-integration-plugin:devsummary">
                        <customfieldname>Development</customfieldname>
                        <customfieldvalues>
                            
                        </customfieldvalues>
                    </customfield>
                                                                                                                                                                                                                                                                                                                                                        <customfield id="customfield_10390" key="com.pyxis.greenhopper.jira:gh-lexo-rank">
                        <customfieldname>Rank</customfieldname>
                        <customfieldvalues>
                            <customfieldvalue>1|hzzvo7:</customfieldvalue>

                        </customfieldvalues>
                    </customfield>
                                                                <customfield id="customfield_10090" key="com.pyxis.greenhopper.jira:gh-global-rank">
                        <customfieldname>Rank (Obsolete)</customfieldname>
                        <customfieldvalues>
                            <customfieldvalue>9223372036854775807</customfieldvalue>
                        </customfieldvalues>
                    </customfield>
                                                                                            <customfield id="customfield_10060" key="com.atlassian.jira.plugin.system.customfieldtypes:select">
                        <customfieldname>Severity</customfieldname>
                        <customfieldvalues>
                                <customfieldvalue key="10022"><![CDATA[3]]></customfieldvalue>

                        </customfieldvalues>
                    </customfield>
                                                                                                                                                                                                                                                                                                                                                        </customfields>
    </item>
</channel>
</rss>