<!-- 
RSS generated by JIRA (9.4.29#940029-sha1:4daa0635650e368c1b281e719d2298e7d3994659) at Wed Mar 04 20:00:27 UTC 2026

It is possible to restrict the fields that are returned in this document by specifying the 'field' parameter in your request.
For example, to request only the issue key and summary append 'field=key&field=summary' to the URL of your request.
-->
<rss version="0.92" >
<channel>
    <title>Whamcloud Community JIRA</title>
    <link>https://jira.whamcloud.com</link>
    <description>This file is an XML representation of an issue</description>
    <language>en-us</language>    <build-info>
        <version>9.4.29</version>
        <build-number>940029</build-number>
        <build-date>03-12-2024</build-date>
    </build-info>


<item>
            <title>[LU-6472] OI scrub causes MDS reboot</title>
                <link>https://jira.whamcloud.com/browse/LU-6472</link>
                <project id="10000" key="LU">Lustre</project>
                    <description>&lt;p&gt;After an RPC triggered OI scrub, the MDS reboots right after a page allocation failure.  I noticed this happening a few times now and can fully replicate this from the MDS while running a LFSCK.  Each time it reboots, I&apos;ve been running e2fsck to fix the mdt and it returns fine with no badblocks.  I was able to run a LFSCK in dryrun without it failing.  I&apos;m posting a couple of sequences of this and the call trace that happens just before it reboots.  The only bug that I found that was similar was &lt;a href=&quot;https://jira.whamcloud.com/browse/LU-2818&quot; title=&quot;Failure on test suite parallel-scale-nfsv4 test_compilebench: (mdt_lvb.c:126:mdt_lvbo_fill()) ASSERTION( rc == 0 ) failed&quot; class=&quot;issue-link&quot; data-issue-key=&quot;LU-2818&quot;&gt;&lt;del&gt;LU-2818&lt;/del&gt;&lt;/a&gt; when the ASSERTION( rc == 0 ) failed happens.  Sometimes the I get this though and it continues without a reboot, so I&apos;m not sure if it was the same issue: LustreError: 7542:0:(mdt_lvb.c:157:mdt_lvbo_fill()) panlfs3-MDT0000: expected 56 actual 0.&lt;/p&gt;


&lt;p&gt;Currently I have disabled the oi_scrub and haven&apos;t had this happen all week.  But I don&apos;t want to leave it like that since obviously the client has been triggering such an event.&lt;/p&gt;

&lt;p&gt;Apr 13 13:48:40 pan3mds kernel: LustreError: 0-0: panlfs3-MDT0000: trigger OI scrub by RPC for &lt;span class=&quot;error&quot;&gt;&amp;#91;0x200006ec6:0x2212:0x0&amp;#93;&lt;/span&gt;, rc = 0 &lt;span class=&quot;error&quot;&gt;&amp;#91;1&amp;#93;&lt;/span&gt;&lt;br/&gt;
Apr 13 13:54:15 pan3mds kernel: mdt03_026: page allocation failure. order:1, mode:0x40&lt;br/&gt;
Apr 13 13:54:15 pan3mds kernel: Pid: 53466, comm: mdt03_026 Not tainted 2.6.32-358.18.1.el6_lustre.x86_64 #1&lt;br/&gt;
Apr 13 13:54:15 pan3mds kernel: Call Trace:&lt;br/&gt;
Apr 13 13:54:15 pan3mds kernel: &lt;span class=&quot;error&quot;&gt;&amp;#91;&amp;lt;ffffffff8112c257&amp;gt;&amp;#93;&lt;/span&gt; ? __alloc_pages_nodemask+0x757/0x8d0&lt;br/&gt;
Apr 13 13:54:15 pan3mds kernel: &lt;span class=&quot;error&quot;&gt;&amp;#91;&amp;lt;ffffffffa0ce202c&amp;gt;&amp;#93;&lt;/span&gt; ? osd_object_init+0xb0c/0x11b0 &lt;span class=&quot;error&quot;&gt;&amp;#91;osd_ldiskfs&amp;#93;&lt;/span&gt;&lt;br/&gt;
Apr 13 13:54:15 pan3mds kernel: &lt;span class=&quot;error&quot;&gt;&amp;#91;&amp;lt;ffffffff81166d92&amp;gt;&amp;#93;&lt;/span&gt; ? kmem_getpages+0x62/0x170&lt;br/&gt;
Apr 13 13:54:15 pan3mds kernel: &lt;span class=&quot;error&quot;&gt;&amp;#91;&amp;lt;ffffffff811679aa&amp;gt;&amp;#93;&lt;/span&gt; ? fallback_alloc+0x1ba/0x270&lt;br/&gt;
Apr 13 13:54:15 pan3mds kernel: &lt;span class=&quot;error&quot;&gt;&amp;#91;&amp;lt;ffffffff811673ff&amp;gt;&amp;#93;&lt;/span&gt; ? cache_grow+0x2cf/0x320&lt;br/&gt;
Apr 13 13:54:15 pan3mds kernel: &lt;span class=&quot;error&quot;&gt;&amp;#91;&amp;lt;ffffffff81167729&amp;gt;&amp;#93;&lt;/span&gt; ? ____cache_alloc_node+0x99/0x160&lt;br/&gt;
Apr 13 13:54:15 pan3mds kernel: &lt;span class=&quot;error&quot;&gt;&amp;#91;&amp;lt;ffffffff81167f97&amp;gt;&amp;#93;&lt;/span&gt; ? kmem_cache_alloc_trace+0x127/0x1b0&lt;br/&gt;
Apr 13 13:54:15 pan3mds kernel: &lt;span class=&quot;error&quot;&gt;&amp;#91;&amp;lt;ffffffffa0cd8e35&amp;gt;&amp;#93;&lt;/span&gt; ? osd_key_init+0x25/0x5a0 &lt;span class=&quot;error&quot;&gt;&amp;#91;osd_ldiskfs&amp;#93;&lt;/span&gt;&lt;br/&gt;
Apr 13 13:54:15 pan3mds kernel: &lt;span class=&quot;error&quot;&gt;&amp;#91;&amp;lt;ffffffffa059246f&amp;gt;&amp;#93;&lt;/span&gt; ? keys_fill+0x6f/0x190 &lt;span class=&quot;error&quot;&gt;&amp;#91;obdclass&amp;#93;&lt;/span&gt;&lt;br/&gt;
Apr 13 13:54:15 pan3mds kernel: &lt;span class=&quot;error&quot;&gt;&amp;#91;&amp;lt;ffffffffa0596723&amp;gt;&amp;#93;&lt;/span&gt; ? lu_context_init+0xa3/0x240 &lt;span class=&quot;error&quot;&gt;&amp;#91;obdclass&amp;#93;&lt;/span&gt;&lt;br/&gt;
Apr 13 13:54:15 pan3mds kernel: &lt;span class=&quot;error&quot;&gt;&amp;#91;&amp;lt;ffffffffa05968de&amp;gt;&amp;#93;&lt;/span&gt; ? lu_env_init+0x1e/0x30 &lt;span class=&quot;error&quot;&gt;&amp;#91;obdclass&amp;#93;&lt;/span&gt;&lt;br/&gt;
Apr 13 13:54:15 pan3mds kernel: &lt;span class=&quot;error&quot;&gt;&amp;#91;&amp;lt;ffffffffa0e1894b&amp;gt;&amp;#93;&lt;/span&gt; ? mdt_lvbo_fill+0x1ab/0x840 &lt;span class=&quot;error&quot;&gt;&amp;#91;mdt&amp;#93;&lt;/span&gt;&lt;br/&gt;
Apr 13 13:54:15 pan3mds kernel: &lt;span class=&quot;error&quot;&gt;&amp;#91;&amp;lt;ffffffffa0e187a0&amp;gt;&amp;#93;&lt;/span&gt; ? mdt_lvbo_fill+0x0/0x840 &lt;span class=&quot;error&quot;&gt;&amp;#91;mdt&amp;#93;&lt;/span&gt;&lt;br/&gt;
Apr 13 13:54:15 pan3mds kernel: &lt;span class=&quot;error&quot;&gt;&amp;#91;&amp;lt;ffffffffa06fa2b1&amp;gt;&amp;#93;&lt;/span&gt; ? ldlm_handle_enqueue0+0x621/0x10a0 &lt;span class=&quot;error&quot;&gt;&amp;#91;ptlrpc&amp;#93;&lt;/span&gt;&lt;br/&gt;
Apr 13 13:54:15 pan3mds kernel: &lt;span class=&quot;error&quot;&gt;&amp;#91;&amp;lt;ffffffffa0ddbd96&amp;gt;&amp;#93;&lt;/span&gt; ? mdt_enqueue+0x46/0xe0 &lt;span class=&quot;error&quot;&gt;&amp;#91;mdt&amp;#93;&lt;/span&gt;&lt;br/&gt;
Apr 13 13:54:15 pan3mds kernel: &lt;span class=&quot;error&quot;&gt;&amp;#91;&amp;lt;ffffffffa0de2a8a&amp;gt;&amp;#93;&lt;/span&gt; ? mdt_handle_common+0x52a/0x1470 &lt;span class=&quot;error&quot;&gt;&amp;#91;mdt&amp;#93;&lt;/span&gt;&lt;br/&gt;
Apr 13 13:54:15 pan3mds kernel: &lt;span class=&quot;error&quot;&gt;&amp;#91;&amp;lt;ffffffffa0e1cc55&amp;gt;&amp;#93;&lt;/span&gt; ? mds_regular_handle+0x15/0x20 &lt;span class=&quot;error&quot;&gt;&amp;#91;mdt&amp;#93;&lt;/span&gt;&lt;br/&gt;
Apr 13 13:54:15 pan3mds kernel: &lt;span class=&quot;error&quot;&gt;&amp;#91;&amp;lt;ffffffffa0729e25&amp;gt;&amp;#93;&lt;/span&gt; ? ptlrpc_server_handle_request+0x385/0xc00 &lt;span class=&quot;error&quot;&gt;&amp;#91;ptlrpc&amp;#93;&lt;/span&gt;&lt;br/&gt;
Apr 13 13:54:15 pan3mds kernel: &lt;span class=&quot;error&quot;&gt;&amp;#91;&amp;lt;ffffffffa04444ce&amp;gt;&amp;#93;&lt;/span&gt; ? cfs_timer_arm+0xe/0x10 &lt;span class=&quot;error&quot;&gt;&amp;#91;libcfs&amp;#93;&lt;/span&gt;&lt;br/&gt;
Apr 13 13:54:15 pan3mds kernel: &lt;span class=&quot;error&quot;&gt;&amp;#91;&amp;lt;ffffffffa045527f&amp;gt;&amp;#93;&lt;/span&gt; ? lc_watchdog_touch+0x6f/0x170 &lt;span class=&quot;error&quot;&gt;&amp;#91;libcfs&amp;#93;&lt;/span&gt;&lt;br/&gt;
Apr 13 13:54:15 pan3mds kernel: &lt;span class=&quot;error&quot;&gt;&amp;#91;&amp;lt;ffffffffa07214c9&amp;gt;&amp;#93;&lt;/span&gt; ? ptlrpc_wait_event+0xa9/0x2d0 &lt;span class=&quot;error&quot;&gt;&amp;#91;ptlrpc&amp;#93;&lt;/span&gt;&lt;br/&gt;
Apr 13 13:54:15 pan3mds kernel: &lt;span class=&quot;error&quot;&gt;&amp;#91;&amp;lt;ffffffff81051439&amp;gt;&amp;#93;&lt;/span&gt; ? __wake_up_common+0x59/0x90&lt;br/&gt;
Apr 13 13:54:15 pan3mds kernel: &lt;span class=&quot;error&quot;&gt;&amp;#91;&amp;lt;ffffffffa072b18d&amp;gt;&amp;#93;&lt;/span&gt; ? ptlrpc_main+0xaed/0x1740 &lt;span class=&quot;error&quot;&gt;&amp;#91;ptlrpc&amp;#93;&lt;/span&gt;&lt;br/&gt;
Apr 13 13:54:15 pan3mds kernel: &lt;span class=&quot;error&quot;&gt;&amp;#91;&amp;lt;ffffffffa072a6a0&amp;gt;&amp;#93;&lt;/span&gt; ? ptlrpc_main+0x0/0x1740 &lt;span class=&quot;error&quot;&gt;&amp;#91;ptlrpc&amp;#93;&lt;/span&gt;&lt;br/&gt;
Apr 13 13:54:15 pan3mds kernel: &lt;span class=&quot;error&quot;&gt;&amp;#91;&amp;lt;ffffffff81096a36&amp;gt;&amp;#93;&lt;/span&gt; ? kthread+0x96/0xa0&lt;br/&gt;
Apr 13 13:54:15 pan3mds kernel: &lt;span class=&quot;error&quot;&gt;&amp;#91;&amp;lt;ffffffff8100c0ca&amp;gt;&amp;#93;&lt;/span&gt; ? child_rip+0xa/0x20&lt;br/&gt;
Apr 13 13:54:15 pan3mds kernel: &lt;span class=&quot;error&quot;&gt;&amp;#91;&amp;lt;ffffffff810969a0&amp;gt;&amp;#93;&lt;/span&gt; ? kthread+0x0/0xa0&lt;br/&gt;
Apr 13 13:54:15 pan3mds kernel: &lt;span class=&quot;error&quot;&gt;&amp;#91;&amp;lt;ffffffff8100c0c0&amp;gt;&amp;#93;&lt;/span&gt; ? child_rip+0x0/0x20&lt;br/&gt;
Apr 13 13:54:15 pan3mds kernel: Mem-Info:&lt;/p&gt;

&lt;p&gt;This time right after I fire up LFSCK this happened:&lt;br/&gt;
Apr 13 15:19:32 pan3mds kernel: Lustre: panlfs3-MDT0000: Recovery over after 0:59, of 1033 clients 1033 recovered and 0 were evicted.&lt;br/&gt;
Apr 13 17:19:38 pan3mds kernel: mdt00_000: page allocation failure. order:1, mode:0x40&lt;br/&gt;
Apr 13 17:19:38 pan3mds kernel: Pid: 7636, comm: mdt00_000 Not tainted 2.6.32-358.18.1.el6_lustre.x86_64 #1&lt;br/&gt;
Apr 13 17:19:38 pan3mds kernel: Call Trace:&lt;br/&gt;
Apr 13 17:19:38 pan3mds kernel: &lt;span class=&quot;error&quot;&gt;&amp;#91;&amp;lt;ffffffff8112c257&amp;gt;&amp;#93;&lt;/span&gt; ? __alloc_pages_nodemask+0x757/0x8d0&lt;br/&gt;
Apr 13 17:19:38 pan3mds kernel: &lt;span class=&quot;error&quot;&gt;&amp;#91;&amp;lt;ffffffffa0ce202c&amp;gt;&amp;#93;&lt;/span&gt; ? osd_object_init+0xb0c/0x11b0 &lt;span class=&quot;error&quot;&gt;&amp;#91;osd_ldiskfs&amp;#93;&lt;/span&gt;&lt;br/&gt;
Apr 13 17:19:38 pan3mds kernel: &lt;span class=&quot;error&quot;&gt;&amp;#91;&amp;lt;ffffffff81166d92&amp;gt;&amp;#93;&lt;/span&gt; ? kmem_getpages+0x62/0x170&lt;br/&gt;
Apr 13 17:19:38 pan3mds kernel: &lt;span class=&quot;error&quot;&gt;&amp;#91;&amp;lt;ffffffff811679aa&amp;gt;&amp;#93;&lt;/span&gt; ? fallback_alloc+0x1ba/0x270&lt;br/&gt;
Apr 13 17:19:38 pan3mds kernel: &lt;span class=&quot;error&quot;&gt;&amp;#91;&amp;lt;ffffffff811673ff&amp;gt;&amp;#93;&lt;/span&gt; ? cache_grow+0x2cf/0x320&lt;br/&gt;
Apr 13 17:19:38 pan3mds kernel: &lt;span class=&quot;error&quot;&gt;&amp;#91;&amp;lt;ffffffff81167729&amp;gt;&amp;#93;&lt;/span&gt; ? ____cache_alloc_node+0x99/0x160&lt;br/&gt;
Apr 13 17:19:38 pan3mds kernel: &lt;span class=&quot;error&quot;&gt;&amp;#91;&amp;lt;ffffffff81167f97&amp;gt;&amp;#93;&lt;/span&gt; ? kmem_cache_alloc_trace+0x127/0x1b0&lt;br/&gt;
Apr 13 17:19:38 pan3mds kernel: &lt;span class=&quot;error&quot;&gt;&amp;#91;&amp;lt;ffffffffa0cd8e35&amp;gt;&amp;#93;&lt;/span&gt; ? osd_key_init+0x25/0x5a0 &lt;span class=&quot;error&quot;&gt;&amp;#91;osd_ldiskfs&amp;#93;&lt;/span&gt;&lt;br/&gt;
Apr 13 17:19:38 pan3mds kernel: &lt;span class=&quot;error&quot;&gt;&amp;#91;&amp;lt;ffffffffa059246f&amp;gt;&amp;#93;&lt;/span&gt; ? keys_fill+0x6f/0x190 &lt;span class=&quot;error&quot;&gt;&amp;#91;obdclass&amp;#93;&lt;/span&gt;&lt;br/&gt;
Apr 13 17:19:38 pan3mds kernel: &lt;span class=&quot;error&quot;&gt;&amp;#91;&amp;lt;ffffffffa0596723&amp;gt;&amp;#93;&lt;/span&gt; ? lu_context_init+0xa3/0x240 &lt;span class=&quot;error&quot;&gt;&amp;#91;obdclass&amp;#93;&lt;/span&gt;&lt;br/&gt;
Apr 13 17:19:38 pan3mds kernel: &lt;span class=&quot;error&quot;&gt;&amp;#91;&amp;lt;ffffffffa05968de&amp;gt;&amp;#93;&lt;/span&gt; ? lu_env_init+0x1e/0x30 &lt;span class=&quot;error&quot;&gt;&amp;#91;obdclass&amp;#93;&lt;/span&gt;&lt;br/&gt;
Apr 13 17:19:38 pan3mds kernel: &lt;span class=&quot;error&quot;&gt;&amp;#91;&amp;lt;ffffffffa0e1894b&amp;gt;&amp;#93;&lt;/span&gt; ? mdt_lvbo_fill+0x1ab/0x840 &lt;span class=&quot;error&quot;&gt;&amp;#91;mdt&amp;#93;&lt;/span&gt;&lt;br/&gt;
Apr 13 17:19:38 pan3mds kernel: &lt;span class=&quot;error&quot;&gt;&amp;#91;&amp;lt;ffffffffa0e187a0&amp;gt;&amp;#93;&lt;/span&gt; ? mdt_lvbo_fill+0x0/0x840 &lt;span class=&quot;error&quot;&gt;&amp;#91;mdt&amp;#93;&lt;/span&gt;&lt;br/&gt;
Apr 13 17:19:38 pan3mds kernel: &lt;span class=&quot;error&quot;&gt;&amp;#91;&amp;lt;ffffffffa06fa2b1&amp;gt;&amp;#93;&lt;/span&gt; ? ldlm_handle_enqueue0+0x621/0x10a0 &lt;span class=&quot;error&quot;&gt;&amp;#91;ptlrpc&amp;#93;&lt;/span&gt;&lt;br/&gt;
Apr 13 17:19:38 pan3mds kernel: &lt;span class=&quot;error&quot;&gt;&amp;#91;&amp;lt;ffffffffa0ddbd96&amp;gt;&amp;#93;&lt;/span&gt; ? mdt_enqueue+0x46/0xe0 &lt;span class=&quot;error&quot;&gt;&amp;#91;mdt&amp;#93;&lt;/span&gt;&lt;br/&gt;
Apr 13 17:19:38 pan3mds kernel: &lt;span class=&quot;error&quot;&gt;&amp;#91;&amp;lt;ffffffffa0de2a8a&amp;gt;&amp;#93;&lt;/span&gt; ? mdt_handle_common+0x52a/0x1470 &lt;span class=&quot;error&quot;&gt;&amp;#91;mdt&amp;#93;&lt;/span&gt;&lt;br/&gt;
Apr 13 17:19:38 pan3mds kernel: &lt;span class=&quot;error&quot;&gt;&amp;#91;&amp;lt;ffffffffa0e1cc55&amp;gt;&amp;#93;&lt;/span&gt; ? mds_regular_handle+0x15/0x20 &lt;span class=&quot;error&quot;&gt;&amp;#91;mdt&amp;#93;&lt;/span&gt;&lt;br/&gt;
Apr 13 17:19:38 pan3mds kernel: &lt;span class=&quot;error&quot;&gt;&amp;#91;&amp;lt;ffffffffa0729e25&amp;gt;&amp;#93;&lt;/span&gt; ? ptlrpc_server_handle_request+0x385/0xc00 &lt;span class=&quot;error&quot;&gt;&amp;#91;ptlrpc&amp;#93;&lt;/span&gt;&lt;br/&gt;
Apr 13 17:19:38 pan3mds kernel: &lt;span class=&quot;error&quot;&gt;&amp;#91;&amp;lt;ffffffffa04444ce&amp;gt;&amp;#93;&lt;/span&gt; ? cfs_timer_arm+0xe/0x10 &lt;span class=&quot;error&quot;&gt;&amp;#91;libcfs&amp;#93;&lt;/span&gt;&lt;br/&gt;
Apr 13 17:19:38 pan3mds kernel: &lt;span class=&quot;error&quot;&gt;&amp;#91;&amp;lt;ffffffffa045527f&amp;gt;&amp;#93;&lt;/span&gt; ? lc_watchdog_touch+0x6f/0x170 &lt;span class=&quot;error&quot;&gt;&amp;#91;libcfs&amp;#93;&lt;/span&gt;&lt;br/&gt;
Apr 13 17:19:38 pan3mds kernel: &lt;span class=&quot;error&quot;&gt;&amp;#91;&amp;lt;ffffffffa07214c9&amp;gt;&amp;#93;&lt;/span&gt; ? ptlrpc_wait_event+0xa9/0x2d0 &lt;span class=&quot;error&quot;&gt;&amp;#91;ptlrpc&amp;#93;&lt;/span&gt;&lt;br/&gt;
Apr 13 17:19:38 pan3mds kernel: &lt;span class=&quot;error&quot;&gt;&amp;#91;&amp;lt;ffffffff81051439&amp;gt;&amp;#93;&lt;/span&gt; ? __wake_up_common+0x59/0x90&lt;br/&gt;
Apr 13 17:19:38 pan3mds kernel: &lt;span class=&quot;error&quot;&gt;&amp;#91;&amp;lt;ffffffffa072b18d&amp;gt;&amp;#93;&lt;/span&gt; ? ptlrpc_main+0xaed/0x1740 &lt;span class=&quot;error&quot;&gt;&amp;#91;ptlrpc&amp;#93;&lt;/span&gt;&lt;br/&gt;
Apr 13 17:19:38 pan3mds kernel: &lt;span class=&quot;error&quot;&gt;&amp;#91;&amp;lt;ffffffffa072a6a0&amp;gt;&amp;#93;&lt;/span&gt; ? ptlrpc_main+0x0/0x1740 &lt;span class=&quot;error&quot;&gt;&amp;#91;ptlrpc&amp;#93;&lt;/span&gt;&lt;br/&gt;
Apr 13 17:19:38 pan3mds kernel: &lt;span class=&quot;error&quot;&gt;&amp;#91;&amp;lt;ffffffff81096a36&amp;gt;&amp;#93;&lt;/span&gt; ? kthread+0x96/0xa0&lt;br/&gt;
Apr 13 17:19:38 pan3mds kernel: &lt;span class=&quot;error&quot;&gt;&amp;#91;&amp;lt;ffffffff8100c0ca&amp;gt;&amp;#93;&lt;/span&gt; ? child_rip+0xa/0x20&lt;br/&gt;
Apr 13 17:19:38 pan3mds kernel: &lt;span class=&quot;error&quot;&gt;&amp;#91;&amp;lt;ffffffff810969a0&amp;gt;&amp;#93;&lt;/span&gt; ? kthread+0x0/0xa0&lt;br/&gt;
Apr 13 17:19:38 pan3mds kernel: &lt;span class=&quot;error&quot;&gt;&amp;#91;&amp;lt;ffffffff8100c0c0&amp;gt;&amp;#93;&lt;/span&gt; ? child_rip+0x0/0x20&lt;br/&gt;
Apr 13 17:19:38 pan3mds kernel: Mem-Info:&lt;br/&gt;
Apr 13 17:19:38 pan3mds kernel: active_anon:15433 inactive_anon:91815 isolated_anon:0&lt;br/&gt;
Apr 13 17:19:38 pan3mds kernel: active_&lt;a href=&quot;file:2189974&quot; class=&quot;external-link&quot; target=&quot;_blank&quot; rel=&quot;nofollow noopener&quot;&gt;file:2189974&lt;/a&gt; inactive_&lt;a href=&quot;file:2215127&quot; class=&quot;external-link&quot; target=&quot;_blank&quot; rel=&quot;nofollow noopener&quot;&gt;file:2215127&lt;/a&gt; isolated_&lt;a href=&quot;file:0&quot; class=&quot;external-link&quot; target=&quot;_blank&quot; rel=&quot;nofollow noopener&quot;&gt;file:0&lt;/a&gt;&lt;br/&gt;
Apr 13 17:19:38 pan3mds kernel: unevictable:0 dirty:313 writeback:0 unstable:0&lt;br/&gt;
Apr 13 17:19:38 pan3mds kernel: free:50741 slab_reclaimable:2534646 slab_unreclaimable:849962&lt;br/&gt;
Apr 13 17:19:38 pan3mds kernel: mapped:11340 shmem:11 pagetables:2424 bounce:0&lt;br/&gt;
Apr 13 17:19:38 pan3mds kernel: Node 0 DMA free:15668kB min:40kB low:48kB high:60kB active_anon:0kB inactive_anon:0kB active_&lt;a href=&quot;file:0kB&quot; class=&quot;external-link&quot; target=&quot;_blank&quot; rel=&quot;nofollow noopener&quot;&gt;file:0kB&lt;/a&gt; inactive_&lt;a href=&quot;file:0kB&quot; class=&quot;external-link&quot; target=&quot;_blank&quot; rel=&quot;nofollow noopener&quot;&gt;file:0kB&lt;/a&gt; unevictable:0kB isolated(anon):0kB isolated(file):0kB present:15280kB mlocked:0kB dirty:0kB writeback:0kB mapped:0kB shmem:0kB slab_reclaimable:0kB slab_unreclaimable:0kB kernel_stack:0kB pagetables:0kB unstable:0kB bounce:0kB writeback_tmp:0kB pages_scanned:0 all_unreclaimable? yes&lt;br/&gt;
Apr 13 17:19:38 pan3mds kernel: lowmem_reserve[]: 0 2990 16120 16120&lt;br/&gt;
Apr 13 17:19:38 pan3mds kernel: Node 0 DMA32 free:64320kB min:8348kB low:10432kB high:12520kB active_anon:2052kB inactive_anon:2944kB active_&lt;a href=&quot;file:176424kB&quot; class=&quot;external-link&quot; target=&quot;_blank&quot; rel=&quot;nofollow noopener&quot;&gt;file:176424kB&lt;/a&gt; inactive_&lt;a href=&quot;file:231988kB&quot; class=&quot;external-link&quot; target=&quot;_blank&quot; rel=&quot;nofollow noopener&quot;&gt;file:231988kB&lt;/a&gt; unevictable:0kB isolated(anon):0kB isolated(file):0kB present:3062596kB mlocked:0kB dirty:220kB writeback:0kB mapped:80kB shmem:0kB slab_reclaimable:1671828kB slab_unreclaimable:515616kB kernel_stack:32kB pagetables:8kB unstable:0kB bounce:0kB writeback_tmp:0kB pages_scanned:0 all_unreclaimable? no&lt;br/&gt;
Apr 13 17:19:38 pan3mds kernel: lowmem_reserve[]: 0 0 13130 13130&lt;br/&gt;
Apr 13 17:19:38 pan3mds kernel: Node 0 Normal free:57464kB min:36652kB low:45812kB high:54976kB active_anon:47808kB inactive_anon:196472kB active_&lt;a href=&quot;file:4026680kB&quot; class=&quot;external-link&quot; target=&quot;_blank&quot; rel=&quot;nofollow noopener&quot;&gt;file:4026680kB&lt;/a&gt; inactive_&lt;a href=&quot;file:4071040kB&quot; class=&quot;external-link&quot; target=&quot;_blank&quot; rel=&quot;nofollow noopener&quot;&gt;file:4071040kB&lt;/a&gt; unevictable:0kB isolated(anon):0kB isolated(file):0kB present:13445120kB mlocked:0kB dirty:252kB writeback:0kB mapped:37744kB shmem:16kB slab_reclaimable:3539496kB slab_unreclaimable:1180808kB kernel_stack:1920kB pagetables:4892kB unstable:0kB bounce:0kB writeback_tmp:0kB pages_scanned:0 all_unreclaimable? no&lt;br/&gt;
Apr 13 17:19:38 pan3mds kernel: lowmem_reserve[]: 0 0 0 0&lt;br/&gt;
Apr 13 17:19:38 pan3mds kernel: Node 1 Normal free:64892kB min:45064kB low:56328kB high:67596kB active_anon:11872kB inactive_anon:167844kB active_&lt;a href=&quot;file:4557296kB&quot; class=&quot;external-link&quot; target=&quot;_blank&quot; rel=&quot;nofollow noopener&quot;&gt;file:4557296kB&lt;/a&gt; inactive_&lt;a href=&quot;file:4557480kB&quot; class=&quot;external-link&quot; target=&quot;_blank&quot; rel=&quot;nofollow noopener&quot;&gt;file:4557480kB&lt;/a&gt; unevictable:0kB isolated(anon):0kB isolated(file):0kB present:16531680kB mlocked:0kB dirty:780kB writeback:0kB mapped:7536kB shmem:28kB slab_reclaimable:4927260kB slab_unreclaimable:1703424kB kernel_stack:4024kB pagetables:4796kB unstable:0kB bounce:0kB writeback_tmp:0kB pages_scanned:28 all_unreclaimable? no&lt;br/&gt;
Apr 13 17:19:38 pan3mds kernel: lowmem_reserve[]: 0 0 0 0&lt;br/&gt;
Apr 13 17:19:38 pan3mds kernel: Node 0 DMA: 1*4kB 0*8kB 1*16kB 1*32kB 2*64kB 1*128kB 0*256kB 0*512kB 1*1024kB 1*2048kB 3*4096kB = 15668kB&lt;br/&gt;
Apr 13 17:19:38 pan3mds kernel: Node 0 DMA32: 15585*4kB 7*8kB 0*16kB 0*32kB 0*64kB 0*128kB 0*256kB 0*512kB 0*1024kB 1*2048kB 0*4096kB = 64444kB&lt;br/&gt;
Apr 13 17:19:38 pan3mds kernel: Node 0 Normal: 13768*4kB 43*8kB 0*16kB 0*32kB 0*64kB 0*128kB 0*256kB 0*512kB 0*1024kB 1*2048kB 0*4096kB = 57464kB&lt;br/&gt;
Apr 13 17:19:38 pan3mds kernel: Node 1 Normal: 14132*4kB 810*8kB 2*16kB 0*32kB 0*64kB 0*128kB 0*256kB 0*512kB 0*1024kB 1*2048kB 0*4096kB = 65088kB&lt;br/&gt;
Apr 13 17:19:38 pan3mds kernel: 4415403 total pagecache pages&lt;br/&gt;
Apr 13 17:19:38 pan3mds kernel: 10318 pages in swap cache&lt;br/&gt;
Apr 13 17:19:38 pan3mds kernel: Swap cache stats: add 102491, delete 92173, find 46023/51168&lt;br/&gt;
Apr 13 17:19:38 pan3mds kernel: Free swap  = 16376952kB&lt;br/&gt;
Apr 13 17:19:38 pan3mds kernel: Total swap = 16498680kB&lt;br/&gt;
Apr 13 17:19:38 pan3mds kernel: 8384511 pages RAM&lt;br/&gt;
Apr 13 17:19:38 pan3mds kernel: 172523 pages reserved&lt;br/&gt;
Apr 13 17:19:38 pan3mds kernel: 4102992 pages shared&lt;br/&gt;
Apr 13 17:19:38 pan3mds kernel: 4039786 pages non-shared&lt;br/&gt;
Apr 13 17:19:38 pan3mds kernel: LustreError: 7636:0:(mdt_lvb.c:125:mdt_lvbo_fill()) ASSERTION( rc == 0 ) failed: &lt;br/&gt;
Apr 13 17:19:38 pan3mds kernel: LustreError: 7636:0:(mdt_lvb.c:125:mdt_lvbo_fill()) LBUG&lt;br/&gt;
Apr 13 17:19:38 pan3mds kernel: Pid: 7636, comm: mdt00_000&lt;br/&gt;
Apr 13 17:19:38 pan3mds kernel: &lt;br/&gt;
Apr 13 17:19:38 pan3mds kernel: Call Trace:&lt;br/&gt;
Apr 13 17:19:38 pan3mds kernel: &lt;span class=&quot;error&quot;&gt;&amp;#91;&amp;lt;ffffffffa0443895&amp;gt;&amp;#93;&lt;/span&gt; libcfs_debug_dumpstack+0x55/0x80 &lt;span class=&quot;error&quot;&gt;&amp;#91;libcfs&amp;#93;&lt;/span&gt;&lt;br/&gt;
Apr 13 17:19:38 pan3mds kernel: &lt;span class=&quot;error&quot;&gt;&amp;#91;&amp;lt;ffffffffa0443e97&amp;gt;&amp;#93;&lt;/span&gt; lbug_with_loc+0x47/0xb0 &lt;span class=&quot;error&quot;&gt;&amp;#91;libcfs&amp;#93;&lt;/span&gt;&lt;br/&gt;
Apr 13 17:19:38 pan3mds kernel: &lt;span class=&quot;error&quot;&gt;&amp;#91;&amp;lt;ffffffffa0e18f04&amp;gt;&amp;#93;&lt;/span&gt; mdt_lvbo_fill+0x764/0x840 &lt;span class=&quot;error&quot;&gt;&amp;#91;mdt&amp;#93;&lt;/span&gt;&lt;br/&gt;
Apr 13 17:19:38 pan3mds kernel: &lt;span class=&quot;error&quot;&gt;&amp;#91;&amp;lt;ffffffffa0e187a0&amp;gt;&amp;#93;&lt;/span&gt; ? mdt_lvbo_fill+0x0/0x840 &lt;span class=&quot;error&quot;&gt;&amp;#91;mdt&amp;#93;&lt;/span&gt;&lt;br/&gt;
Apr 13 17:19:38 pan3mds kernel: &lt;span class=&quot;error&quot;&gt;&amp;#91;&amp;lt;ffffffffa06fa2b1&amp;gt;&amp;#93;&lt;/span&gt; ldlm_handle_enqueue0+0x621/0x10a0 &lt;span class=&quot;error&quot;&gt;&amp;#91;ptlrpc&amp;#93;&lt;/span&gt;&lt;br/&gt;
Apr 13 17:19:38 pan3mds kernel: &lt;span class=&quot;error&quot;&gt;&amp;#91;&amp;lt;ffffffffa0ddbd96&amp;gt;&amp;#93;&lt;/span&gt; mdt_enqueue+0x46/0xe0 &lt;span class=&quot;error&quot;&gt;&amp;#91;mdt&amp;#93;&lt;/span&gt;&lt;br/&gt;
Apr 13 17:19:38 pan3mds kernel: &lt;span class=&quot;error&quot;&gt;&amp;#91;&amp;lt;ffffffffa0de2a8a&amp;gt;&amp;#93;&lt;/span&gt; mdt_handle_common+0x52a/0x1470 &lt;span class=&quot;error&quot;&gt;&amp;#91;mdt&amp;#93;&lt;/span&gt;&lt;br/&gt;
Apr 13 17:19:38 pan3mds kernel: &lt;span class=&quot;error&quot;&gt;&amp;#91;&amp;lt;ffffffffa0e1cc55&amp;gt;&amp;#93;&lt;/span&gt; mds_regular_handle+0x15/0x20 &lt;span class=&quot;error&quot;&gt;&amp;#91;mdt&amp;#93;&lt;/span&gt;&lt;br/&gt;
Apr 13 17:19:38 pan3mds kernel: &lt;span class=&quot;error&quot;&gt;&amp;#91;&amp;lt;ffffffffa0729e25&amp;gt;&amp;#93;&lt;/span&gt; ptlrpc_server_handle_request+0x385/0xc00 &lt;span class=&quot;error&quot;&gt;&amp;#91;ptlrpc&amp;#93;&lt;/span&gt;&lt;br/&gt;
Apr 13 17:19:38 pan3mds kernel: &lt;span class=&quot;error&quot;&gt;&amp;#91;&amp;lt;ffffffffa04444ce&amp;gt;&amp;#93;&lt;/span&gt; ? cfs_timer_arm+0xe/0x10 &lt;span class=&quot;error&quot;&gt;&amp;#91;libcfs&amp;#93;&lt;/span&gt;&lt;br/&gt;
Apr 13 17:19:38 pan3mds kernel: &lt;span class=&quot;error&quot;&gt;&amp;#91;&amp;lt;ffffffffa045527f&amp;gt;&amp;#93;&lt;/span&gt; ? lc_watchdog_touch+0x6f/0x170 &lt;span class=&quot;error&quot;&gt;&amp;#91;libcfs&amp;#93;&lt;/span&gt;&lt;br/&gt;
Apr 13 17:19:38 pan3mds kernel: &lt;span class=&quot;error&quot;&gt;&amp;#91;&amp;lt;ffffffffa07214c9&amp;gt;&amp;#93;&lt;/span&gt; ? ptlrpc_wait_event+0xa9/0x2d0 &lt;span class=&quot;error&quot;&gt;&amp;#91;ptlrpc&amp;#93;&lt;/span&gt;&lt;br/&gt;
Apr 13 17:19:38 pan3mds kernel: &lt;span class=&quot;error&quot;&gt;&amp;#91;&amp;lt;ffffffff81051439&amp;gt;&amp;#93;&lt;/span&gt; ? __wake_up_common+0x59/0x90&lt;br/&gt;
Apr 13 17:19:38 pan3mds kernel: &lt;span class=&quot;error&quot;&gt;&amp;#91;&amp;lt;ffffffffa072b18d&amp;gt;&amp;#93;&lt;/span&gt; ptlrpc_main+0xaed/0x1740 &lt;span class=&quot;error&quot;&gt;&amp;#91;ptlrpc&amp;#93;&lt;/span&gt;&lt;br/&gt;
Apr 13 17:19:38 pan3mds kernel: &lt;span class=&quot;error&quot;&gt;&amp;#91;&amp;lt;ffffffffa072a6a0&amp;gt;&amp;#93;&lt;/span&gt; ? ptlrpc_main+0x0/0x1740 &lt;span class=&quot;error&quot;&gt;&amp;#91;ptlrpc&amp;#93;&lt;/span&gt;&lt;br/&gt;
Apr 13 17:19:38 pan3mds kernel: &lt;span class=&quot;error&quot;&gt;&amp;#91;&amp;lt;ffffffff81096a36&amp;gt;&amp;#93;&lt;/span&gt; kthread+0x96/0xa0&lt;br/&gt;
Apr 13 17:19:38 pan3mds kernel: &lt;span class=&quot;error&quot;&gt;&amp;#91;&amp;lt;ffffffff8100c0ca&amp;gt;&amp;#93;&lt;/span&gt; child_rip+0xa/0x20&lt;br/&gt;
Apr 13 17:19:38 pan3mds kernel: &lt;span class=&quot;error&quot;&gt;&amp;#91;&amp;lt;ffffffff810969a0&amp;gt;&amp;#93;&lt;/span&gt; ? kthread+0x0/0xa0&lt;br/&gt;
Apr 13 17:19:38 pan3mds kernel: &lt;span class=&quot;error&quot;&gt;&amp;#91;&amp;lt;ffffffff8100c0c0&amp;gt;&amp;#93;&lt;/span&gt; ? child_rip+0x0/0x20&lt;br/&gt;
Apr 13 17:19:38 pan3mds kernel: &lt;/p&gt;

&lt;p&gt;Then another attempt with LFSCK --&amp;gt; &lt;br/&gt;
Apr 13 22:10:12 pan3mds kernel: mdt03_003: page allocation failure. order:1, mode:0x40&lt;br/&gt;
Apr 13 22:10:12 pan3mds kernel: Pid: 7544, comm: mdt03_003 Not tainted 2.6.32-358.18.1.el6_lustre.x86_64 #1&lt;br/&gt;
Apr 13 22:10:12 pan3mds kernel: Call Trace:&lt;br/&gt;
Apr 13 22:10:12 pan3mds kernel: &lt;span class=&quot;error&quot;&gt;&amp;#91;&amp;lt;ffffffff8112c257&amp;gt;&amp;#93;&lt;/span&gt; ? __alloc_pages_nodemask+0x757/0x8d0&lt;br/&gt;
Apr 13 22:10:12 pan3mds kernel: &lt;span class=&quot;error&quot;&gt;&amp;#91;&amp;lt;ffffffffa0ce202c&amp;gt;&amp;#93;&lt;/span&gt; ? osd_object_init+0xb0c/0x11b0 &lt;span class=&quot;error&quot;&gt;&amp;#91;osd_ldiskfs&amp;#93;&lt;/span&gt;&lt;br/&gt;
Apr 13 22:10:12 pan3mds kernel: &lt;span class=&quot;error&quot;&gt;&amp;#91;&amp;lt;ffffffff81166d92&amp;gt;&amp;#93;&lt;/span&gt; ? kmem_getpages+0x62/0x170&lt;br/&gt;
Apr 13 22:10:12 pan3mds kernel: &lt;span class=&quot;error&quot;&gt;&amp;#91;&amp;lt;ffffffff811679aa&amp;gt;&amp;#93;&lt;/span&gt; ? fallback_alloc+0x1ba/0x270&lt;br/&gt;
Apr 13 22:10:12 pan3mds kernel: &lt;span class=&quot;error&quot;&gt;&amp;#91;&amp;lt;ffffffff811673ff&amp;gt;&amp;#93;&lt;/span&gt; ? cache_grow+0x2cf/0x320&lt;br/&gt;
Apr 13 22:10:12 pan3mds kernel: &lt;span class=&quot;error&quot;&gt;&amp;#91;&amp;lt;ffffffff81167729&amp;gt;&amp;#93;&lt;/span&gt; ? ____cache_alloc_node+0x99/0x160&lt;br/&gt;
Apr 13 22:10:12 pan3mds kernel: &lt;span class=&quot;error&quot;&gt;&amp;#91;&amp;lt;ffffffff81167f97&amp;gt;&amp;#93;&lt;/span&gt; ? kmem_cache_alloc_trace+0x127/0x1b0&lt;br/&gt;
Apr 13 22:10:12 pan3mds kernel: &lt;span class=&quot;error&quot;&gt;&amp;#91;&amp;lt;ffffffffa0cd8e35&amp;gt;&amp;#93;&lt;/span&gt; ? osd_key_init+0x25/0x5a0 &lt;span class=&quot;error&quot;&gt;&amp;#91;osd_ldiskfs&amp;#93;&lt;/span&gt;&lt;br/&gt;
Apr 13 22:10:12 pan3mds kernel: &lt;span class=&quot;error&quot;&gt;&amp;#91;&amp;lt;ffffffffa059246f&amp;gt;&amp;#93;&lt;/span&gt; ? keys_fill+0x6f/0x190 &lt;span class=&quot;error&quot;&gt;&amp;#91;obdclass&amp;#93;&lt;/span&gt;&lt;br/&gt;
Apr 13 22:10:12 pan3mds kernel: &lt;span class=&quot;error&quot;&gt;&amp;#91;&amp;lt;ffffffffa0596723&amp;gt;&amp;#93;&lt;/span&gt; ? lu_context_init+0xa3/0x240 &lt;span class=&quot;error&quot;&gt;&amp;#91;obdclass&amp;#93;&lt;/span&gt;&lt;br/&gt;
Apr 13 22:10:12 pan3mds kernel: &lt;span class=&quot;error&quot;&gt;&amp;#91;&amp;lt;ffffffffa05968de&amp;gt;&amp;#93;&lt;/span&gt; ? lu_env_init+0x1e/0x30 &lt;span class=&quot;error&quot;&gt;&amp;#91;obdclass&amp;#93;&lt;/span&gt;&lt;br/&gt;
Apr 13 22:10:12 pan3mds kernel: &lt;span class=&quot;error&quot;&gt;&amp;#91;&amp;lt;ffffffffa0e1894b&amp;gt;&amp;#93;&lt;/span&gt; ? mdt_lvbo_fill+0x1ab/0x840 &lt;span class=&quot;error&quot;&gt;&amp;#91;mdt&amp;#93;&lt;/span&gt;&lt;br/&gt;
Apr 13 22:10:12 pan3mds kernel: &lt;span class=&quot;error&quot;&gt;&amp;#91;&amp;lt;ffffffffa0e187a0&amp;gt;&amp;#93;&lt;/span&gt; ? mdt_lvbo_fill+0x0/0x840 &lt;span class=&quot;error&quot;&gt;&amp;#91;mdt&amp;#93;&lt;/span&gt;&lt;br/&gt;
Apr 13 22:10:12 pan3mds kernel: &lt;span class=&quot;error&quot;&gt;&amp;#91;&amp;lt;ffffffffa06fa2b1&amp;gt;&amp;#93;&lt;/span&gt; ? ldlm_handle_enqueue0+0x621/0x10a0 &lt;span class=&quot;error&quot;&gt;&amp;#91;ptlrpc&amp;#93;&lt;/span&gt;&lt;br/&gt;
Apr 13 22:10:12 pan3mds kernel: &lt;span class=&quot;error&quot;&gt;&amp;#91;&amp;lt;ffffffffa0ddbd96&amp;gt;&amp;#93;&lt;/span&gt; ? mdt_enqueue+0x46/0xe0 &lt;span class=&quot;error&quot;&gt;&amp;#91;mdt&amp;#93;&lt;/span&gt;&lt;br/&gt;
Apr 13 22:10:12 pan3mds kernel: &lt;span class=&quot;error&quot;&gt;&amp;#91;&amp;lt;ffffffffa0de2a8a&amp;gt;&amp;#93;&lt;/span&gt; ? mdt_handle_common+0x52a/0x1470 &lt;span class=&quot;error&quot;&gt;&amp;#91;mdt&amp;#93;&lt;/span&gt;&lt;br/&gt;
Apr 13 22:10:12 pan3mds kernel: &lt;span class=&quot;error&quot;&gt;&amp;#91;&amp;lt;ffffffffa0e1cc55&amp;gt;&amp;#93;&lt;/span&gt; ? mds_regular_handle+0x15/0x20 &lt;span class=&quot;error&quot;&gt;&amp;#91;mdt&amp;#93;&lt;/span&gt;&lt;br/&gt;
Apr 13 22:10:12 pan3mds kernel: &lt;span class=&quot;error&quot;&gt;&amp;#91;&amp;lt;ffffffffa0729e25&amp;gt;&amp;#93;&lt;/span&gt; ? ptlrpc_server_handle_request+0x385/0xc00 &lt;span class=&quot;error&quot;&gt;&amp;#91;ptlrpc&amp;#93;&lt;/span&gt;&lt;br/&gt;
Apr 13 22:10:12 pan3mds kernel: &lt;span class=&quot;error&quot;&gt;&amp;#91;&amp;lt;ffffffffa04444ce&amp;gt;&amp;#93;&lt;/span&gt; ? cfs_timer_arm+0xe/0x10 &lt;span class=&quot;error&quot;&gt;&amp;#91;libcfs&amp;#93;&lt;/span&gt;&lt;br/&gt;
Apr 13 22:10:12 pan3mds kernel: &lt;span class=&quot;error&quot;&gt;&amp;#91;&amp;lt;ffffffffa045527f&amp;gt;&amp;#93;&lt;/span&gt; ? lc_watchdog_touch+0x6f/0x170 &lt;span class=&quot;error&quot;&gt;&amp;#91;libcfs&amp;#93;&lt;/span&gt;&lt;br/&gt;
Apr 13 22:10:12 pan3mds kernel: &lt;span class=&quot;error&quot;&gt;&amp;#91;&amp;lt;ffffffffa07214c9&amp;gt;&amp;#93;&lt;/span&gt; ? ptlrpc_wait_event+0xa9/0x2d0 &lt;span class=&quot;error&quot;&gt;&amp;#91;ptlrpc&amp;#93;&lt;/span&gt;&lt;br/&gt;
Apr 13 22:10:12 pan3mds kernel: &lt;span class=&quot;error&quot;&gt;&amp;#91;&amp;lt;ffffffff81051439&amp;gt;&amp;#93;&lt;/span&gt; ? __wake_up_common+0x59/0x90&lt;br/&gt;
Apr 13 22:10:12 pan3mds kernel: &lt;span class=&quot;error&quot;&gt;&amp;#91;&amp;lt;ffffffffa072b18d&amp;gt;&amp;#93;&lt;/span&gt; ? ptlrpc_main+0xaed/0x1740 &lt;span class=&quot;error&quot;&gt;&amp;#91;ptlrpc&amp;#93;&lt;/span&gt;&lt;br/&gt;
Apr 13 22:10:12 pan3mds kernel: &lt;span class=&quot;error&quot;&gt;&amp;#91;&amp;lt;ffffffffa072a6a0&amp;gt;&amp;#93;&lt;/span&gt; ? ptlrpc_main+0x0/0x1740 &lt;span class=&quot;error&quot;&gt;&amp;#91;ptlrpc&amp;#93;&lt;/span&gt;&lt;br/&gt;
Apr 13 22:10:12 pan3mds kernel: &lt;span class=&quot;error&quot;&gt;&amp;#91;&amp;lt;ffffffff81096a36&amp;gt;&amp;#93;&lt;/span&gt; ? kthread+0x96/0xa0&lt;br/&gt;
Apr 13 22:10:12 pan3mds kernel: &lt;span class=&quot;error&quot;&gt;&amp;#91;&amp;lt;ffffffff8100c0ca&amp;gt;&amp;#93;&lt;/span&gt; ? child_rip+0xa/0x20&lt;br/&gt;
Apr 13 22:10:12 pan3mds kernel: &lt;span class=&quot;error&quot;&gt;&amp;#91;&amp;lt;ffffffff810969a0&amp;gt;&amp;#93;&lt;/span&gt; ? kthread+0x0/0xa0&lt;br/&gt;
Apr 13 22:10:12 pan3mds kernel: &lt;span class=&quot;error&quot;&gt;&amp;#91;&amp;lt;ffffffff8100c0c0&amp;gt;&amp;#93;&lt;/span&gt; ? child_rip+0x0/0x20&lt;br/&gt;
Apr 13 22:10:12 pan3mds kernel: active_anon:23201 inactive_anon:88738 isolated_anon:0&lt;br/&gt;
Apr 13 22:10:12 pan3mds kernel: active_&lt;a href=&quot;file:1738980&quot; class=&quot;external-link&quot; target=&quot;_blank&quot; rel=&quot;nofollow noopener&quot;&gt;file:1738980&lt;/a&gt; inactive_&lt;a href=&quot;file:1296912&quot; class=&quot;external-link&quot; target=&quot;_blank&quot; rel=&quot;nofollow noopener&quot;&gt;file:1296912&lt;/a&gt; isolated_&lt;a href=&quot;file:0&quot; class=&quot;external-link&quot; target=&quot;_blank&quot; rel=&quot;nofollow noopener&quot;&gt;file:0&lt;/a&gt;&lt;br/&gt;
Apr 13 22:10:12 pan3mds kernel: unevictable:0 dirty:565 writeback:0 unstable:0&lt;br/&gt;
Apr 13 22:10:12 pan3mds kernel: free:64942 slab_reclaimable:3442925 slab_unreclaimable:1290832&lt;br/&gt;
Apr 13 22:10:12 pan3mds kernel: mapped:19115 shmem:10 pagetables:2491 bounce:0&lt;br/&gt;
Apr 13 22:10:12 pan3mds kernel: Node 0 DMA free:15668kB min:40kB low:48kB high:60kB active_anon:0kB inactive_anon:0kB active_&lt;a href=&quot;file:0kB&quot; class=&quot;external-link&quot; target=&quot;_blank&quot; rel=&quot;nofollow noopener&quot;&gt;file:0kB&lt;/a&gt; inactive_&lt;a href=&quot;file:0kB&quot; class=&quot;external-link&quot; target=&quot;_blank&quot; rel=&quot;nofollow noopener&quot;&gt;file:0kB&lt;/a&gt; unevictable:0kB isolated(anon):0kB isolated(file):0kB present:15280kB mlocked:0kB dirty:0kB writeback:0kB mapped:0kB shmem:0kB slab_reclaimable:0kB slab_unreclaimable:0kB kernel_stack:0kB pagetables:0kB unstable:0kB bounce:0kB writeback_tmp:0kB pages_scanned:0 all_unreclaimable? yes&lt;br/&gt;
Apr 13 22:10:12 pan3mds kernel: lowmem_reserve[]: 0 2990 16120 16120&lt;br/&gt;
Apr 13 22:10:12 pan3mds kernel: Node 0 DMA32 free:142368kB min:8348kB low:10432kB high:12520kB active_anon:0kB inactive_anon:4712kB active_&lt;a href=&quot;file:184032kB&quot; class=&quot;external-link&quot; target=&quot;_blank&quot; rel=&quot;nofollow noopener&quot;&gt;file:184032kB&lt;/a&gt; inactive_&lt;a href=&quot;file:148804kB&quot; class=&quot;external-link&quot; target=&quot;_blank&quot; rel=&quot;nofollow noopener&quot;&gt;file:148804kB&lt;/a&gt; unevictable:0kB isolated(anon):0kB isolated(file):0kB present:3062596kB mlocked:0kB dirty:24kB writeback:0kB mapped:1364kB shmem:0kB slab_reclaimable:1832404kB slab_unreclaimable:351212kB kernel_stack:16kB pagetables:0kB unstable:0kB bounce:0kB writeback_tmp:0kB pages_scanned:36 all_unreclaimable? no&lt;br/&gt;
Apr 13 22:10:12 pan3mds kernel: lowmem_reserve[]: 0 0 13130 13130&lt;br/&gt;
Apr 13 22:10:12 pan3mds kernel: Node 0 Normal free:45540kB min:36652kB low:45812kB high:54976kB active_anon:77112kB inactive_anon:214792kB active_&lt;a href=&quot;file:3930824kB&quot; class=&quot;external-link&quot; target=&quot;_blank&quot; rel=&quot;nofollow noopener&quot;&gt;file:3930824kB&lt;/a&gt; inactive_&lt;a href=&quot;file:2217444kB&quot; class=&quot;external-link&quot; target=&quot;_blank&quot; rel=&quot;nofollow noopener&quot;&gt;file:2217444kB&lt;/a&gt; unevictable:0kB isolated(anon):0kB isolated(file):0kB present:13445120kB mlocked:0kB dirty:1656kB writeback:0kB mapped:63768kB shmem:8kB slab_reclaimable:4680096kB slab_unreclaimable:2090816kB kernel_stack:4856kB pagetables:5012kB unstable:0kB bounce:0kB writeback_tmp:0kB pages_scanned:99 all_unreclaimable? no&lt;br/&gt;
Apr 13 22:10:12 pan3mds kernel: lowmem_reserve[]: 0 0 0 0&lt;br/&gt;
Apr 13 22:10:12 pan3mds kernel: Node 1 Normal free:56192kB min:45064kB low:56328kB high:67596kB active_anon:15692kB inactive_anon:135448kB active_&lt;a href=&quot;file:2841064kB&quot; class=&quot;external-link&quot; target=&quot;_blank&quot; rel=&quot;nofollow noopener&quot;&gt;file:2841064kB&lt;/a&gt; inactive_&lt;a href=&quot;file:2821400kB&quot; class=&quot;external-link&quot; target=&quot;_blank&quot; rel=&quot;nofollow noopener&quot;&gt;file:2821400kB&lt;/a&gt; unevictable:0kB isolated(anon):0kB isolated(file):0kB present:16531680kB mlocked:0kB dirty:580kB writeback:0kB mapped:11328kB shmem:32kB slab_reclaimable:7259200kB slab_unreclaimable:2721300kB kernel_stack:1152kB pagetables:4952kB unstable:0kB bounce:0kB writeback_tmp:0kB pages_scanned:9 all_unreclaimable? no&lt;br/&gt;
Apr 13 22:10:12 pan3mds kernel: lowmem_reserve[]: 0 0 0 0&lt;br/&gt;
Apr 13 22:10:12 pan3mds kernel: Node 0 DMA: 1*4kB 0*8kB 1*16kB 1*32kB 2*64kB 1*128kB 0*256kB 0*512kB 1*1024kB 1*2048kB 3*4096kB = 15668kB&lt;br/&gt;
Apr 13 22:10:12 pan3mds kernel: Node 0 DMA32: 34956*4kB 0*8kB 0*16kB 0*32kB 0*64kB 0*128kB 0*256kB 0*512kB 0*1024kB 1*2048kB 0*4096kB = 141872kB&lt;br/&gt;
Apr 13 22:10:12 pan3mds kernel: Node 0 Normal: 11190*4kB 3*8kB 1*16kB 1*32kB 1*64kB 0*128kB 1*256kB 1*512kB 0*1024kB 0*2048kB 0*4096kB = 45664kB&lt;br/&gt;
Apr 13 22:10:12 pan3mds kernel: Node 1 Normal: 14173*4kB 15*8kB 0*16kB 0*32kB 0*64kB 0*128kB 0*256kB 0*512kB 0*1024kB 0*2048kB 0*4096kB = 56812kB&lt;br/&gt;
Apr 13 22:10:12 pan3mds kernel: 3038613 total pagecache pages&lt;br/&gt;
Apr 13 22:10:12 pan3mds kernel: 2731 pages in swap cache&lt;br/&gt;
Apr 13 22:10:12 pan3mds kernel: Swap cache stats: add 114253, delete 111522, find 58808/64778&lt;br/&gt;
Apr 13 22:10:12 pan3mds kernel: Free swap  = 16415432kB&lt;br/&gt;
Apr 13 22:10:12 pan3mds kernel: Total swap = 16498680kB&lt;br/&gt;
Apr 13 22:10:12 pan3mds kernel: 8384511 pages RAM&lt;br/&gt;
Apr 13 22:10:12 pan3mds kernel: 172523 pages reserved&lt;br/&gt;
Apr 13 22:10:12 pan3mds kernel: 2926474 pages shared&lt;br/&gt;
Apr 13 22:10:12 pan3mds kernel: 5212158 pages non-shared&lt;br/&gt;
Apr 13 22:10:12 pan3mds kernel: LustreError: 7544:0:(mdt_lvb.c:125:mdt_lvbo_fill()) ASSERTION( rc == 0 ) failed: &lt;br/&gt;
Apr 13 22:10:12 pan3mds kernel: LustreError: 7544:0:(mdt_lvb.c:125:mdt_lvbo_fill()) LBUG&lt;br/&gt;
Apr 13 22:10:12 pan3mds kernel: Pid: 7544, comm: mdt03_003&lt;br/&gt;
Apr 13 22:10:12 pan3mds kernel: Call Trace:&lt;br/&gt;
Apr 13 22:10:12 pan3mds kernel: &lt;span class=&quot;error&quot;&gt;&amp;#91;&amp;lt;ffffffffa0443895&amp;gt;&amp;#93;&lt;/span&gt; libcfs_debug_dumpstack+0x55/0x80 &lt;span class=&quot;error&quot;&gt;&amp;#91;libcfs&amp;#93;&lt;/span&gt;&lt;br/&gt;
Apr 13 22:10:12 pan3mds kernel: &lt;span class=&quot;error&quot;&gt;&amp;#91;&amp;lt;ffffffffa0443e97&amp;gt;&amp;#93;&lt;/span&gt; lbug_with_loc+0x47/0xb0 &lt;span class=&quot;error&quot;&gt;&amp;#91;libcfs&amp;#93;&lt;/span&gt;&lt;br/&gt;
Apr 13 22:10:12 pan3mds kernel: &lt;span class=&quot;error&quot;&gt;&amp;#91;&amp;lt;ffffffffa0e18f04&amp;gt;&amp;#93;&lt;/span&gt; mdt_lvbo_fill+0x764/0x840 &lt;span class=&quot;error&quot;&gt;&amp;#91;mdt&amp;#93;&lt;/span&gt;&lt;br/&gt;
Apr 13 22:10:12 pan3mds kernel: &lt;span class=&quot;error&quot;&gt;&amp;#91;&amp;lt;ffffffffa0e187a0&amp;gt;&amp;#93;&lt;/span&gt; ? mdt_lvbo_fill+0x0/0x840 &lt;span class=&quot;error&quot;&gt;&amp;#91;mdt&amp;#93;&lt;/span&gt;&lt;br/&gt;
Apr 13 22:10:12 pan3mds kernel: &lt;span class=&quot;error&quot;&gt;&amp;#91;&amp;lt;ffffffffa06fa2b1&amp;gt;&amp;#93;&lt;/span&gt; ldlm_handle_enqueue0+0x621/0x10a0 &lt;span class=&quot;error&quot;&gt;&amp;#91;ptlrpc&amp;#93;&lt;/span&gt;&lt;br/&gt;
Apr 13 22:10:12 pan3mds kernel: &lt;span class=&quot;error&quot;&gt;&amp;#91;&amp;lt;ffffffffa0ddbd96&amp;gt;&amp;#93;&lt;/span&gt; mdt_enqueue+0x46/0xe0 &lt;span class=&quot;error&quot;&gt;&amp;#91;mdt&amp;#93;&lt;/span&gt;&lt;br/&gt;
Apr 13 22:10:12 pan3mds kernel: &lt;span class=&quot;error&quot;&gt;&amp;#91;&amp;lt;ffffffffa0de2a8a&amp;gt;&amp;#93;&lt;/span&gt; mdt_handle_common+0x52a/0x1470 &lt;span class=&quot;error&quot;&gt;&amp;#91;mdt&amp;#93;&lt;/span&gt;&lt;br/&gt;
Apr 13 22:10:12 pan3mds kernel: &lt;span class=&quot;error&quot;&gt;&amp;#91;&amp;lt;ffffffffa0e1cc55&amp;gt;&amp;#93;&lt;/span&gt; mds_regular_handle+0x15/0x20 &lt;span class=&quot;error&quot;&gt;&amp;#91;mdt&amp;#93;&lt;/span&gt;&lt;br/&gt;
Apr 13 22:10:12 pan3mds kernel: &lt;span class=&quot;error&quot;&gt;&amp;#91;&amp;lt;ffffffffa0729e25&amp;gt;&amp;#93;&lt;/span&gt; ptlrpc_server_handle_request+0x385/0xc00 &lt;span class=&quot;error&quot;&gt;&amp;#91;ptlrpc&amp;#93;&lt;/span&gt;&lt;br/&gt;
Apr 13 22:10:12 pan3mds kernel: &lt;span class=&quot;error&quot;&gt;&amp;#91;&amp;lt;ffffffffa04444ce&amp;gt;&amp;#93;&lt;/span&gt; ? cfs_timer_arm+0xe/0x10 &lt;span class=&quot;error&quot;&gt;&amp;#91;libcfs&amp;#93;&lt;/span&gt;&lt;br/&gt;
Apr 13 22:10:12 pan3mds kernel: &lt;span class=&quot;error&quot;&gt;&amp;#91;&amp;lt;ffffffffa045527f&amp;gt;&amp;#93;&lt;/span&gt; ? lc_watchdog_touch+0x6f/0x170 &lt;span class=&quot;error&quot;&gt;&amp;#91;libcfs&amp;#93;&lt;/span&gt;&lt;br/&gt;
Apr 13 22:10:12 pan3mds kernel: &lt;span class=&quot;error&quot;&gt;&amp;#91;&amp;lt;ffffffffa07214c9&amp;gt;&amp;#93;&lt;/span&gt; ? ptlrpc_wait_event+0xa9/0x2d0 &lt;span class=&quot;error&quot;&gt;&amp;#91;ptlrpc&amp;#93;&lt;/span&gt;&lt;br/&gt;
Apr 13 22:10:12 pan3mds kernel: &lt;span class=&quot;error&quot;&gt;&amp;#91;&amp;lt;ffffffff81051439&amp;gt;&amp;#93;&lt;/span&gt; ? __wake_up_common+0x59/0x90&lt;br/&gt;
Apr 13 22:10:12 pan3mds kernel: &lt;span class=&quot;error&quot;&gt;&amp;#91;&amp;lt;ffffffffa072b18d&amp;gt;&amp;#93;&lt;/span&gt; ptlrpc_main+0xaed/0x1740 &lt;span class=&quot;error&quot;&gt;&amp;#91;ptlrpc&amp;#93;&lt;/span&gt;&lt;br/&gt;
Apr 13 22:10:12 pan3mds kernel: &lt;span class=&quot;error&quot;&gt;&amp;#91;&amp;lt;ffffffffa072a6a0&amp;gt;&amp;#93;&lt;/span&gt; ? ptlrpc_main+0x0/0x1740 &lt;span class=&quot;error&quot;&gt;&amp;#91;ptlrpc&amp;#93;&lt;/span&gt;&lt;br/&gt;
Apr 13 22:10:12 pan3mds kernel: &lt;span class=&quot;error&quot;&gt;&amp;#91;&amp;lt;ffffffff81096a36&amp;gt;&amp;#93;&lt;/span&gt; kthread+0x96/0xa0&lt;br/&gt;
Apr 13 22:10:12 pan3mds kernel: &lt;span class=&quot;error&quot;&gt;&amp;#91;&amp;lt;ffffffff8100c0ca&amp;gt;&amp;#93;&lt;/span&gt; child_rip+0xa/0x20&lt;br/&gt;
Apr 13 22:10:12 pan3mds kernel: &lt;span class=&quot;error&quot;&gt;&amp;#91;&amp;lt;ffffffff810969a0&amp;gt;&amp;#93;&lt;/span&gt; ? kthread+0x0/0xa0&lt;br/&gt;
Apr 13 22:10:12 pan3mds kernel: &lt;span class=&quot;error&quot;&gt;&amp;#91;&amp;lt;ffffffff8100c0c0&amp;gt;&amp;#93;&lt;/span&gt; ? child_rip+0x0/0x20&lt;br/&gt;
Apr 13 22:10:12 pan3mds kernel:&lt;/p&gt;</description>
                <environment>OS: CentOS 6.6&lt;br/&gt;
Kernel: 2.6.32-358.18.1.el6_lustre.x86_64&lt;br/&gt;
Proc: 2 x AMD Opteron(tm) Processor 4334&lt;br/&gt;
Mem: 32GB&lt;br/&gt;
IB: Mellanox FDR(10) Firmware version: 2.31.5050&lt;br/&gt;
lustre: 2.5.0 patchless_client&lt;br/&gt;
&lt;br/&gt;
&lt;br/&gt;
</environment>
        <key id="29542">LU-6472</key>
            <summary>OI scrub causes MDS reboot</summary>
                <type id="1" iconUrl="https://jira.whamcloud.com/secure/viewavatar?size=xsmall&amp;avatarId=11303&amp;avatarType=issuetype">Bug</type>
                                            <priority id="3" iconUrl="https://jira.whamcloud.com/images/icons/priorities/major.svg">Major</priority>
                        <status id="5" iconUrl="https://jira.whamcloud.com/images/icons/statuses/resolved.png" description="A resolution has been taken, and it is awaiting verification by reporter. From here issues are either reopened, or are closed.">Resolved</status>
                    <statusCategory id="3" key="done" colorName="success"/>
                                    <resolution id="3">Duplicate</resolution>
                                        <assignee username="yong.fan">nasf</assignee>
                                    <reporter username="syockel">Scott Yockel</reporter>
                        <labels>
                            <label>oi_scrub</label>
                    </labels>
                <created>Fri, 17 Apr 2015 14:57:24 +0000</created>
                <updated>Wed, 10 Jun 2015 17:39:11 +0000</updated>
                            <resolved>Mon, 20 Apr 2015 17:42:30 +0000</resolved>
                                    <version>Lustre 2.5.0</version>
                                    <fixVersion>Lustre 2.5.1</fixVersion>
                                        <due></due>
                            <votes>0</votes>
                                    <watches>4</watches>
                                                                            <comments>
                            <comment id="112419" author="adilger" created="Mon, 20 Apr 2015 17:42:30 +0000"  >&lt;p&gt;This was fixed in 2.5.1.&lt;/p&gt;</comment>
                            <comment id="112418" author="adilger" created="Mon, 20 Apr 2015 17:41:46 +0000"  >&lt;p&gt;It looks like there is also a different fix for this crash in Lustre 2.5.1 and later via &lt;a href=&quot;https://jira.whamcloud.com/browse/LU-2818&quot; title=&quot;Failure on test suite parallel-scale-nfsv4 test_compilebench: (mdt_lvb.c:126:mdt_lvbo_fill()) ASSERTION( rc == 0 ) failed&quot; class=&quot;issue-link&quot; data-issue-key=&quot;LU-2818&quot;&gt;&lt;del&gt;LU-2818&lt;/del&gt;&lt;/a&gt;, so this should be resolved by a simple upgrade.  I&apos;d recommend upgrading at least the MDS to the latest release.&lt;/p&gt;</comment>
                            <comment id="112417" author="adilger" created="Mon, 20 Apr 2015 17:32:05 +0000"  >&lt;p&gt;It looks like this allocation failure in &lt;tt&gt;osd_key_init()&lt;/tt&gt; for &lt;tt&gt;struct osd_thread_info&lt;/tt&gt; has already been fixed in &lt;a href=&quot;https://jira.whamcloud.com/browse/LU-3680&quot; title=&quot;OOM crash: null_alloc_rs()) ASSERTION( rs-&amp;gt;rs_size &amp;gt;= rs_size ) failed&quot; class=&quot;issue-link&quot; data-issue-key=&quot;LU-3680&quot;&gt;&lt;del&gt;LU-3680&lt;/del&gt;&lt;/a&gt; with the patch &lt;a href=&quot;http://review.whamcloud.com/9726&quot; class=&quot;external-link&quot; target=&quot;_blank&quot; rel=&quot;nofollow noopener&quot;&gt;http://review.whamcloud.com/9726&lt;/a&gt; so this patch needs to be landed for 2.5.x as well.&lt;/p&gt;</comment>
                            <comment id="112321" author="jfc" created="Fri, 17 Apr 2015 20:06:42 +0000"  >&lt;p&gt;Fan Yong,&lt;/p&gt;

&lt;p&gt;Can you help with this ticket please.&lt;/p&gt;

&lt;p&gt;Many thanks,&lt;br/&gt;
~ jfc.&lt;/p&gt;</comment>
                    </comments>
                <issuelinks>
                            <issuelinktype id="10010">
                    <name>Duplicate</name>
                                            <outwardlinks description="duplicates">
                                        <issuelink>
            <issuekey id="17584">LU-2818</issuekey>
        </issuelink>
            <issuelink>
            <issuekey id="20139">LU-3680</issuekey>
        </issuelink>
                            </outwardlinks>
                                                        </issuelinktype>
                    </issuelinks>
                <attachments>
                    </attachments>
                <subtasks>
                    </subtasks>
                <customfields>
                                                                                                                                                                                            <customfield id="customfield_10890" key="com.atlassian.jira.plugins.jira-development-integration-plugin:devsummary">
                        <customfieldname>Development</customfieldname>
                        <customfieldvalues>
                            
                        </customfieldvalues>
                    </customfield>
                                                                                                                                                    <customfield id="customfield_10030" key="com.atlassian.jira.plugin.system.customfieldtypes:labels">
                        <customfieldname>Epic/Theme</customfieldname>
                        <customfieldvalues>
                                        <label>OI_Scrub</label>
    
                        </customfieldvalues>
                    </customfield>
                                                                                                                                                                                                                                        <customfield id="customfield_10390" key="com.pyxis.greenhopper.jira:gh-lexo-rank">
                        <customfieldname>Rank</customfieldname>
                        <customfieldvalues>
                            <customfieldvalue>1|hzxazb:</customfieldvalue>

                        </customfieldvalues>
                    </customfield>
                                                                <customfield id="customfield_10090" key="com.pyxis.greenhopper.jira:gh-global-rank">
                        <customfieldname>Rank (Obsolete)</customfieldname>
                        <customfieldvalues>
                            <customfieldvalue>9223372036854775807</customfieldvalue>
                        </customfieldvalues>
                    </customfield>
                                                                                            <customfield id="customfield_10060" key="com.atlassian.jira.plugin.system.customfieldtypes:select">
                        <customfieldname>Severity</customfieldname>
                        <customfieldvalues>
                                <customfieldvalue key="10022"><![CDATA[3]]></customfieldvalue>

                        </customfieldvalues>
                    </customfield>
                                                                                                                                                                                                                                                                                                                                                        </customfields>
    </item>
</channel>
</rss>