<!-- 
RSS generated by JIRA (9.4.29#940029-sha1:4daa0635650e368c1b281e719d2298e7d3994659) at Wed Mar 04 20:01:51 UTC 2026

It is possible to restrict the fields that are returned in this document by specifying the 'field' parameter in your request.
For example, to request only the issue key and summary append 'field=key&field=summary' to the URL of your request.
-->
<rss version="0.92" >
<channel>
    <title>Whamcloud Community JIRA</title>
    <link>https://jira.whamcloud.com</link>
    <description>This file is an XML representation of an issue</description>
    <language>en-us</language>    <build-info>
        <version>9.4.29</version>
        <build-number>940029</build-number>
        <build-date>03-12-2024</build-date>
    </build-info>


<item>
            <title>[LU-7333] nfs modprobe failure on sles11sp3</title>
                <link>https://jira.whamcloud.com/browse/LU-7333</link>
                <project id="10000" key="LU">Lustre</project>
                    <description>&lt;p&gt;derived from &lt;a href=&quot;https://jira.whamcloud.com/browse/LU-7200&quot; title=&quot;kernel update [SLES11 SP3 3.0.101-0.47.67]&quot; class=&quot;issue-link&quot; data-issue-key=&quot;LU-7200&quot;&gt;&lt;del&gt;LU-7200&lt;/del&gt;&lt;/a&gt;&lt;/p&gt;

&lt;p&gt;seeing failure like this on every boot of MDS:&lt;/p&gt;
&lt;div class=&quot;preformatted panel&quot; style=&quot;border-width: 1px;&quot;&gt;&lt;div class=&quot;preformattedContent panelContent&quot;&gt;
&lt;pre&gt;02:33:55:[    1.798369] modprobe: page allocation failure: order:4, mode:0xd0
02:33:55:[    1.799381] Pid: 409, comm: modprobe Tainted: G           E   3.0.101-0.47.67_lustre.g71918e8-default #1
02:33:55:[    1.801128] Call Trace:
02:33:55:[    1.801750]  [&amp;lt;ffffffff81004b95&amp;gt;] dump_trace+0x75/0x300
02:33:55:[    1.802653]  [&amp;lt;ffffffff81465033&amp;gt;] dump_stack+0x69/0x6f
02:33:55:[    1.803551]  [&amp;lt;ffffffff811028d6&amp;gt;] warn_alloc_failed+0xc6/0x170
02:33:55:[    1.804574]  [&amp;lt;ffffffff811044e1&amp;gt;] __alloc_pages_slowpath+0x561/0x7f0
02:33:55:[    1.805603]  [&amp;lt;ffffffff81104959&amp;gt;] __alloc_pages_nodemask+0x1e9/0x200
02:33:55:[    1.806622]  [&amp;lt;ffffffff81146e43&amp;gt;] kmem_getpages+0x53/0x180
02:33:55:[    1.807563]  [&amp;lt;ffffffff81147c56&amp;gt;] fallback_alloc+0x196/0x270
02:33:55:[    1.808524]  [&amp;lt;ffffffff81148847&amp;gt;] kmem_cache_alloc+0x207/0x2a0
02:33:55:[    1.809491]  [&amp;lt;ffffffff8114acb7&amp;gt;] kmem_cache_create+0x297/0x540
02:33:55:[    1.810472]  [&amp;lt;ffffffffa033a316&amp;gt;] nfs_init_writepagecache+0x1f/0xd09 [nfs]
02:33:55:[    1.811563]  [&amp;lt;ffffffffa033a185&amp;gt;] init_nfs_fs+0xe5/0x138 [nfs]
02:33:55:[    1.812545]  [&amp;lt;ffffffff810001cb&amp;gt;] do_one_initcall+0x3b/0x180
02:33:55:[    1.813496]  [&amp;lt;ffffffff810a2e2f&amp;gt;] sys_init_module+0xcf/0x240
02:33:55:[    1.814458]  [&amp;lt;ffffffff8146fe72&amp;gt;] system_call_fastpath+0x16/0x1b
02:33:55:[    1.815442]  [&amp;lt;00007f17535abd5a&amp;gt;] 0x7f17535abd59
02:33:55:[    1.816299] Mem-Info:
02:33:55:[    1.816916] Node 0 DMA per-cpu:
02:33:55:[    1.817655] CPU    0: hi:    0, btch:   1 usd:   0
02:33:55:[    1.818518] Node 0 DMA32 per-cpu:
02:33:55:[    1.819303] CPU    0: hi:   42, btch:   7 usd:   0
02:33:55:[    1.820178] active_anon:1395 inactive_anon:6 isolated_anon:0
02:33:55:[    1.820179]  active_file:3865 inactive_file:3893 isolated_file:0
02:33:55:[    1.820179]  unevictable:9609 dirty:0 writeback:0 unstable:0
02:33:55:[    1.820180]  free:893 slab_reclaimable:893 slab_unreclaimable:4198
02:33:55:[    1.820181]  mapped:1160 shmem:8 pagetables:356 bounce:0
02:34:16:[    1.824950] Node 0 DMA free:460kB min:0kB low:0kB high:0kB active_anon:0kB inactive_anon:0kB active_file:72kB inactive_file:0kB unevictable:0kB isolated(anon):0kB isolated(file):0kB present:308kB mlocked:0kB dirty:0kB writeback:0kB mapped:0kB shmem:0kB slab_reclaimable:0kB slab_unreclaimable:0kB kernel_stack:0kB pagetables:0kB unstable:0kB bounce:0kB writeback_tmp:0kB pages_scanned:0 all_unreclaimable? no
02:34:16:[    1.830684] lowmem_reserve[]: 0 115 115 115
02:34:17:[    1.831764] Node 0 DMA32 free:3112kB min:1372kB low:1712kB high:2056kB active_anon:5580kB inactive_anon:24kB active_file:15388kB inactive_file:15572kB unevictable:38436kB isolated(anon):0kB isolated(file):0kB present:118392kB mlocked:8208kB dirty:0kB writeback:0kB mapped:4640kB shmem:32kB slab_reclaimable:3572kB slab_unreclaimable:16792kB kernel_stack:568kB pagetables:1424kB unstable:0kB bounce:0kB writeback_tmp:0kB pages_scanned:0 all_unreclaimable? no
02:34:17:[    1.837891] lowmem_reserve[]: 0 0 0 0
02:34:17:[    1.838916] Node 0 DMA: 3*4kB 0*8kB 0*16kB 0*32kB 3*64kB 2*128kB 0*256kB 0*512kB 0*1024kB 0*2048kB 0*4096kB = 460kB
02:34:17:[    1.841450] Node 0 DMA32: 142*4kB 126*8kB 54*16kB 17*32kB 2*64kB 0*128kB 0*256kB 0*512kB 0*1024kB 0*2048kB 0*4096kB = 3112kB
02:34:17:[    1.844017] 15327 total pagecache pages
02:34:17:[    1.844773] 0 pages in swap cache
02:34:17:[    1.845496] Swap cache stats: add 0, delete 0, find 0/0
02:34:17:[    1.846396] Free swap  = 0kB
02:34:17:[    1.847064] Total swap = 0kB
02:34:17:[    1.847719] 29675 pages RAM
02:34:17:[    1.848471] FS-Cache: Netfs &apos;nfs&apos; unregistered from caching
02:34:17:modprobe: FATAL: Error inserting nfs (/lib/modules/3.0.101-0.47.67_lustre.g71918e8-default/kernel/fs/nfs/nfs.ko): Cannot allocate memory
&lt;/pre&gt;
&lt;/div&gt;&lt;/div&gt;
&lt;p&gt;It doesn&apos;t appear fatal.  Execution proceeds after these events.  Sure to block use of nfs.  I believe it&apos;s common in many sites and test environments to mount nfs volumes to all servers for common logging or sharing low data rate info.&lt;/p&gt;</description>
                <environment></environment>
        <key id="32793">LU-7333</key>
            <summary>nfs modprobe failure on sles11sp3</summary>
                <type id="1" iconUrl="https://jira.whamcloud.com/secure/viewavatar?size=xsmall&amp;avatarId=11303&amp;avatarType=issuetype">Bug</type>
                                            <priority id="4" iconUrl="https://jira.whamcloud.com/images/icons/priorities/minor.svg">Minor</priority>
                        <status id="5" iconUrl="https://jira.whamcloud.com/images/icons/statuses/resolved.png" description="A resolution has been taken, and it is awaiting verification by reporter. From here issues are either reopened, or are closed.">Resolved</status>
                    <statusCategory id="3" key="done" colorName="success"/>
                                    <resolution id="6">Not a Bug</resolution>
                                        <assignee username="wc-triage">WC Triage</assignee>
                                    <reporter username="bogl">Bob Glossman</reporter>
                        <labels>
                    </labels>
                <created>Fri, 23 Oct 2015 17:13:42 +0000</created>
                <updated>Fri, 23 Oct 2015 18:54:16 +0000</updated>
                            <resolved>Fri, 23 Oct 2015 17:25:25 +0000</resolved>
                                                                        <due></due>
                            <votes>0</votes>
                                    <watches>2</watches>
                                                                            <comments>
                            <comment id="131426" author="bogl" created="Fri, 23 Oct 2015 18:54:16 +0000"  >&lt;p&gt;fwiw I haven&apos;t been able to reproduce this modprobe failure locally.  Can&apos;t make it happen with a pure untouched and unpatched sles11sp3 kernel or a lustre patched sles11sp3 kernel of this version.&lt;/p&gt;</comment>
                            <comment id="131400" author="adilger" created="Fri, 23 Oct 2015 17:25:25 +0000"  >&lt;p&gt;This appears to be a problem in the NFS code and not Lustre. It is failing a 64KB allocation and not using GFP_QUIET during allocation. Not sure what we could do about this. &lt;/p&gt;

&lt;p&gt;If there are actual failures, or if you think this is caused by Lustre, please reopen. &lt;/p&gt;</comment>
                            <comment id="131399" author="bogl" created="Fri, 23 Oct 2015 17:24:56 +0000"  >&lt;p&gt;seen not just on MDS.  also seen on OSS.&lt;/p&gt;</comment>
                    </comments>
                <issuelinks>
                            <issuelinktype id="10011">
                    <name>Related</name>
                                            <outwardlinks description="is related to ">
                                        <issuelink>
            <issuekey id="32288">LU-7200</issuekey>
        </issuelink>
                            </outwardlinks>
                                                        </issuelinktype>
                    </issuelinks>
                <attachments>
                    </attachments>
                <subtasks>
                    </subtasks>
                <customfields>
                                                                                                                                                                                            <customfield id="customfield_10890" key="com.atlassian.jira.plugins.jira-development-integration-plugin:devsummary">
                        <customfieldname>Development</customfieldname>
                        <customfieldvalues>
                            
                        </customfieldvalues>
                    </customfield>
                                                                                                                                                                                                                                                                                                                                                        <customfield id="customfield_10390" key="com.pyxis.greenhopper.jira:gh-lexo-rank">
                        <customfieldname>Rank</customfieldname>
                        <customfieldvalues>
                            <customfieldvalue>1|hzxr9b:</customfieldvalue>

                        </customfieldvalues>
                    </customfield>
                                                                <customfield id="customfield_10090" key="com.pyxis.greenhopper.jira:gh-global-rank">
                        <customfieldname>Rank (Obsolete)</customfieldname>
                        <customfieldvalues>
                            <customfieldvalue>9223372036854775807</customfieldvalue>
                        </customfieldvalues>
                    </customfield>
                                                                                            <customfield id="customfield_10060" key="com.atlassian.jira.plugin.system.customfieldtypes:select">
                        <customfieldname>Severity</customfieldname>
                        <customfieldvalues>
                                <customfieldvalue key="10022"><![CDATA[3]]></customfieldvalue>

                        </customfieldvalues>
                    </customfield>
                                                                                                                                                                                                                                                                                                                                                        </customfields>
    </item>
</channel>
</rss>