<!-- 
RSS generated by JIRA (9.4.29#940029-sha1:4daa0635650e368c1b281e719d2298e7d3994659) at Wed Mar 04 20:04:32 UTC 2026

It is possible to restrict the fields that are returned in this document by specifying the 'field' parameter in your request.
For example, to request only the issue key and summary append 'field=key&field=summary' to the URL of your request.
-->
<rss version="0.92" >
<channel>
    <title>Whamcloud Community JIRA</title>
    <link>https://jira.whamcloud.com</link>
    <description>This file is an XML representation of an issue</description>
    <language>en-us</language>    <build-info>
        <version>9.4.29</version>
        <build-number>940029</build-number>
        <build-date>03-12-2024</build-date>
    </build-info>


<item>
            <title>[LU-9002] obdfilter-survey test_3a:Kernel panic - not syncing: softlockup: hung tasks</title>
                <link>https://jira.whamcloud.com/browse/LU-9002</link>
                <project id="10000" key="LU">Lustre</project>
                    <description>&lt;p&gt;This issue was created by maloo for Saurabh Tandan &amp;lt;saurabh.tandan@intel.com&amp;gt;&lt;/p&gt;

&lt;p&gt;This issue relates to the following test suite run: &lt;a href=&quot;https://testing.hpdd.intel.com/test_sets/207d436c-d4d2-11e6-8b52-5254006e85c2&quot; class=&quot;external-link&quot; target=&quot;_blank&quot; rel=&quot;nofollow noopener&quot;&gt;https://testing.hpdd.intel.com/test_sets/207d436c-d4d2-11e6-8b52-5254006e85c2&lt;/a&gt;.&lt;/p&gt;

&lt;p&gt;The sub-test test_3a failed with the following error:&lt;/p&gt;
&lt;div class=&quot;preformatted panel&quot; style=&quot;border-width: 1px;&quot;&gt;&lt;div class=&quot;preformattedContent panelContent&quot;&gt;
&lt;pre&gt;test failed to respond and timed out
&lt;/pre&gt;
&lt;/div&gt;&lt;/div&gt;

&lt;p&gt;MDS Console:&lt;/p&gt;
&lt;div class=&quot;preformatted panel&quot; style=&quot;border-width: 1px;&quot;&gt;&lt;div class=&quot;preformattedContent panelContent&quot;&gt;
&lt;pre&gt;00:54:49:[47828.073657] Code: 45 c0 c7 45 c8 00 00 00 00 8b 40 0c 89 45 a4 66 0f 1f 44 00 00 49 8b 47 18 48 8d 75 c0 4c 89 ff ff 10 48 85 c0 0f 84 8a 01 00 00 &amp;lt;48&amp;gt; 8b 18 48 85 db 0f 84 66 01 00 00 49 8b 47 08 48 89 de 4c 89 
00:54:49:[47828.073657] Kernel panic - not syncing: softlockup: hung tasks
00:54:49:[47828.073657] CPU: 1 PID: 5449 Comm: umount Tainted: G           OEL ------------   3.10.0-514.2.2.el7_lustre.x86_64 #1
00:54:49:[47828.073657] Hardware name: Red Hat KVM, BIOS 0.5.1 01/01/2007
00:54:49:[47828.073657]  ffffffff818d9745 0000000087194aeb ffff88007fd03e18 ffffffff81686318
00:54:49:[47828.073657]  ffff88007fd03e98 ffffffff8167f743 0000000000000008 ffff88007fd03ea8
00:54:49:[47828.073657]  ffff88007fd03e48 0000000087194aeb ffff88007fd03e67 0000000000000000
00:54:49:[47828.073657] Call Trace:
00:54:49:[47828.073657]  &amp;lt;IRQ&amp;gt;  [&amp;lt;ffffffff81686318&amp;gt;] dump_stack+0x19/0x1b
00:54:49:[47828.073657]  [&amp;lt;ffffffff8167f743&amp;gt;] panic+0xe3/0x1f2
00:54:49:[47828.073657]  [&amp;lt;ffffffff8112eedc&amp;gt;] watchdog_timer_fn+0x20c/0x220
00:54:49:[47828.073657]  [&amp;lt;ffffffff8112ecd0&amp;gt;] ? watchdog+0x50/0x50
00:54:49:[47828.073657]  [&amp;lt;ffffffff810b4982&amp;gt;] __hrtimer_run_queues+0xd2/0x260
00:54:49:[47828.073657]  [&amp;lt;ffffffff810b4f20&amp;gt;] hrtimer_interrupt+0xb0/0x1e0
00:54:49:[47828.073657]  [&amp;lt;ffffffff816983dc&amp;gt;] ? call_softirq+0x1c/0x30
00:54:49:[47828.073657]  [&amp;lt;ffffffffa0a3cd50&amp;gt;] ? cleanup_resource+0x370/0x370 [ptlrpc]
00:54:49:[47828.073657]  [&amp;lt;ffffffff81051087&amp;gt;] local_apic_timer_interrupt+0x37/0x60
00:54:49:[47828.073657]  [&amp;lt;ffffffff8169904f&amp;gt;] smp_apic_timer_interrupt+0x3f/0x60
00:54:49:[47828.073657]  [&amp;lt;ffffffff8169759d&amp;gt;] apic_timer_interrupt+0x6d/0x80
00:54:49:[47828.073657]  &amp;lt;EOI&amp;gt;  [&amp;lt;ffffffffa073440e&amp;gt;] ? cfs_hash_for_each_relax+0x16e/0x400 [libcfs]
00:54:49:[47828.073657]  [&amp;lt;ffffffffa0734405&amp;gt;] ? cfs_hash_for_each_relax+0x165/0x400 [libcfs]
00:54:49:[47828.073657]  [&amp;lt;ffffffffa0a3cd50&amp;gt;] ? cleanup_resource+0x370/0x370 [ptlrpc]
00:54:49:[47828.073657]  [&amp;lt;ffffffffa0a3cd50&amp;gt;] ? cleanup_resource+0x370/0x370 [ptlrpc]
00:54:49:[47828.073657]  [&amp;lt;ffffffffa0737645&amp;gt;] cfs_hash_for_each_nolock+0x75/0x1c0 [libcfs]
00:54:49:[47828.073657]  [&amp;lt;ffffffffa0a3ae70&amp;gt;] ldlm_namespace_cleanup+0x30/0xc0 [ptlrpc]
00:54:49:[47828.073657]  [&amp;lt;ffffffffa0a3bd1f&amp;gt;] __ldlm_namespace_free+0x5f/0x5c0 [ptlrpc]
00:54:49:[47828.073657]  [&amp;lt;ffffffff811dcc63&amp;gt;] ? kfree+0x103/0x140
00:54:49:[47828.073657]  [&amp;lt;ffffffffa085f971&amp;gt;] ? keys_fini+0xb1/0x1d0 [obdclass]
00:54:49:[47828.073657]  [&amp;lt;ffffffff811dcc63&amp;gt;] ? kfree+0x103/0x140
00:54:49:[47828.073657]  [&amp;lt;ffffffffa085f971&amp;gt;] ? keys_fini+0xb1/0x1d0 [obdclass]
00:54:49:[47828.073657]  [&amp;lt;ffffffffa0a3c2da&amp;gt;] ldlm_namespace_free_prior+0x5a/0x210 [ptlrpc]
00:54:49:[47828.073657]  [&amp;lt;ffffffffa0e44920&amp;gt;] mdt_device_fini+0x300/0x10f0 [mdt]
00:54:49:[47828.073657]  [&amp;lt;ffffffffa084c5fc&amp;gt;] class_cleanup+0x8ec/0xd80 [obdclass]
00:54:49:[47828.073657]  [&amp;lt;ffffffffa084eff4&amp;gt;] class_process_config+0x1e44/0x2f80 [obdclass]
00:54:49:[47828.073657]  [&amp;lt;ffffffffa083e5a9&amp;gt;] ? lprocfs_counter_add+0xf9/0x160 [obdclass]
00:54:49:[47828.073657]  [&amp;lt;ffffffffa085021f&amp;gt;] class_manual_cleanup+0xef/0x810 [obdclass]
00:54:49:[47828.073657]  [&amp;lt;ffffffffa087e6de&amp;gt;] server_put_super+0x8de/0xcd0 [obdclass]
00:54:49:[47828.073657]  [&amp;lt;ffffffff81200802&amp;gt;] generic_shutdown_super+0x72/0xf0
00:54:49:[47828.073657]  [&amp;lt;ffffffff81200bd2&amp;gt;] kill_anon_super+0x12/0x20
00:54:49:[47828.073657]  [&amp;lt;ffffffffa0853982&amp;gt;] lustre_kill_super+0x32/0x50 [obdclass]
00:54:49:[47828.073657]  [&amp;lt;ffffffff81200f89&amp;gt;] deactivate_locked_super+0x49/0x60
00:54:49:[47828.073657]  [&amp;lt;ffffffff81201586&amp;gt;] deactivate_super+0x46/0x60
00:54:49:[47828.073657]  [&amp;lt;ffffffff8121e9c5&amp;gt;] mntput_no_expire+0xc5/0x120
00:54:49:[47828.073657]  [&amp;lt;ffffffff8121fb00&amp;gt;] SyS_umount+0xa0/0x3b0
00:54:49:[47828.073657]  [&amp;lt;ffffffff81696949&amp;gt;] system_call_fastpath+0x16/0x1b
00:54:49:[    0.000000] Initializing cgroup subsys cpuset
00:54:49:[    0.000000] Initializing cgroup subsys cpu
00:54:49:[    0.000000] Initializing cgroup subsys cpuacct
00:54:49:[    0.000000] Linux version 3.10.0-514.2.2.el7_lustre.x86_64 (jenkins@onyx-14-sdg1-el7-x8664.onyx.hpdd.intel.com) (gcc version 4.8.5 20150623 (Red Hat 4.8.5-4) (GCC) ) #1 SMP Tue Dec 27 15:41:56 PST 2016
00:54:49:[    0.000000] Command line: BOOT_IMAGE=/boot/vmlinuz-3.10.0-514.2.2.el7_lustre.x86_64 root=UUID=4fbb23c5-e2f5-4e65-bc16-0d004c982271 ro console=tty0 LANG=en_US.UTF-8 console=ttyS0,115200 net.ifnames=0 irqpoll nr_cpus=1 reset_devices cgroup_disable=memory mce=off numa=off udev.children-max=2 panic=10 rootflags=nofail acpi_no_memhotplug transparent_hugepage=never disable_cpu_apicid=0 elfcorehdr=851324K
00:54:49:[    0.000000] Disabled fast string operations
00:54:49:[    0.000000] e820: BIOS-provided physical RAM map:
00:54:49:[    0.000000] BIOS-e820: [mem 0x0000000000000000-0x0000000000000fff] reserved
00:54:49:[    0.000000] BIOS-e820: [mem 0x0000000000001000-0x000000000009dbff] usable
00:54:49:[    0.000000] BIOS-e820: [mem 0x000000000009dc00-0x000000000009ffff] reserved
00:54:49:[    0.000000] BIOS-e820: [mem 0x00000000000f0000-0x00000000000fffff] reserved
00:54:49:[    0.000000] BIOS-e820: [mem 0x0000000020000000-0x0000000033f5efff] usable
00:54:49:[    0.000000] BIOS-e820: [mem 0x0000000033fffc00-0x0000000033ffffff] usable
00:54:49:[    0.000000] BIOS-e820: [mem 0x000000007fffd000-0x000000007fffffff] reserved
00:54:49:[    0.000000] BIOS-e820: [mem 0x00000000fffbc000-0x00000000ffffffff] reserved
00:54:49:[    0.000000] NX (Execute Disable) protection: active
00:54:49:[    0.000000] SMBIOS 2.4 present.
00:54:49:[    0.000000] Hypervisor detected: KVM
00:54:49:[    0.000000] e820: last_pfn = 0x34000 max_arch_pfn = 0x400000000
00:54:49:[    0.000000] x86 PAT enabled: cpu 0, old 0x70106, new 0x7010600070106
00:54:49:[    0.000000] x2apic enabled by BIOS, switching to x2apic ops
00:54:49:[    0.000000] found SMP MP-table at [mem 0x000fda30-0x000fda3f] mapped at [ffff8800000fda30]
00:54:49:[    0.000000] iBFT found at 0x9aff0.
00:54:49:[    0.000000] Using GB pages for direct mapping
00:54:49:[    0.000000] RAMDISK: [mem 0x30a32000-0x31ffffff]
00:54:49:[    0.000000] ACPI: RSDP 00000000000fd9e0 00014 (v00 BOCHS )
00:54:49:[    0.000000] ACPI: RSDT 000000007fffd5d0 00034 (v01 BOCHS  BXPCRSDT 00000001 BXPC 00000001)
00:54:49:[    0.000000] ACPI: FACP 000000007ffffe20 00074 (v01 BOCHS  BXPCFACP 00000001 BXPC 00000001)
00:54:49:[    0.000000] ACPI: DSDT 000000007fffd910 024A2 (v01   BXPC   BXDSDT 00000001 INTL 20090123)
00:54:49:[    0.000000] ACPI: FACS 000000007ffffdc0 00040
00:54:49:[    0.000000] ACPI: SSDT 000000007fffd810 000FF (v01 BOCHS  BXPCSSDT 00000001 BXPC 00000001)
00:54:49:[    0.000000] ACPI: APIC 000000007fffd720 00080 (v01 BOCHS  BXPCAPIC 00000001 BXPC 00000001)
00:54:49:[    0.000000] ACPI: SSDT 000000007fffd610 0010F (v01   BXPC BXSSDTPC 00000001 INTL 20090123)
00:54:49:[    0.000000] Setting APIC routing to cluster x2apic.
&lt;/pre&gt;
&lt;/div&gt;&lt;/div&gt;</description>
                <environment>Full - RHEL7.3 Server/Client DNE&lt;br/&gt;
Master, build# 3486</environment>
        <key id="42930">LU-9002</key>
            <summary>obdfilter-survey test_3a:Kernel panic - not syncing: softlockup: hung tasks</summary>
                <type id="1" iconUrl="https://jira.whamcloud.com/secure/viewavatar?size=xsmall&amp;avatarId=11303&amp;avatarType=issuetype">Bug</type>
                                            <priority id="4" iconUrl="https://jira.whamcloud.com/images/icons/priorities/minor.svg">Minor</priority>
                        <status id="1" iconUrl="https://jira.whamcloud.com/images/icons/statuses/open.png" description="The issue is open and ready for the assignee to start work on it.">Open</status>
                    <statusCategory id="2" key="new" colorName="default"/>
                                    <resolution id="-1">Unresolved</resolution>
                                        <assignee username="wc-triage">WC Triage</assignee>
                                    <reporter username="maloo">Maloo</reporter>
                        <labels>
                    </labels>
                <created>Tue, 10 Jan 2017 23:27:16 +0000</created>
                <updated>Wed, 24 May 2017 16:55:45 +0000</updated>
                                            <version>Lustre 2.10.0</version>
                                                        <due></due>
                            <votes>0</votes>
                                    <watches>1</watches>
                                                                                    <attachments>
                    </attachments>
                <subtasks>
                    </subtasks>
                <customfields>
                                                                                                                                                                                            <customfield id="customfield_10890" key="com.atlassian.jira.plugins.jira-development-integration-plugin:devsummary">
                        <customfieldname>Development</customfieldname>
                        <customfieldvalues>
                            
                        </customfieldvalues>
                    </customfield>
                                                                                                                                                                                                                                                                                                                                                        <customfield id="customfield_10390" key="com.pyxis.greenhopper.jira:gh-lexo-rank">
                        <customfieldname>Rank</customfieldname>
                        <customfieldvalues>
                            <customfieldvalue>1|hzz0br:</customfieldvalue>

                        </customfieldvalues>
                    </customfield>
                                                                <customfield id="customfield_10090" key="com.pyxis.greenhopper.jira:gh-global-rank">
                        <customfieldname>Rank (Obsolete)</customfieldname>
                        <customfieldvalues>
                            <customfieldvalue>9223372036854775807</customfieldvalue>
                        </customfieldvalues>
                    </customfield>
                                                                                            <customfield id="customfield_10060" key="com.atlassian.jira.plugin.system.customfieldtypes:select">
                        <customfieldname>Severity</customfieldname>
                        <customfieldvalues>
                                <customfieldvalue key="10022"><![CDATA[3]]></customfieldvalue>

                        </customfieldvalues>
                    </customfield>
                                                                                                                                                                                                                                                                                                                                                        </customfields>
    </item>
</channel>
</rss>